###############################################################################
#                                                                             #
# IAR ELF Linker V6.40.1.53790/W32 for ARM              14/Jan/2014  18:43:46 #
# Copyright 2007-2012 IAR Systems AB.                                         #
#                                                                             #
#    Output file  =  C:\dev\docs\scottdesign\motor\Release\Exe\motorTiva.out  #
#    Map file     =  C:\dev\docs\scottdesign\motor\Release\List\motorTiva.map #
#    Command line =  C:\dev\docs\scottdesign\motor\Release\Obj\accel.o        #
#                    C:\dev\docs\scottdesign\motor\Release\Obj\flashio.o      #
#                    C:\dev\docs\scottdesign\motor\Release\Obj\heap_2.o       #
#                    C:\dev\docs\scottdesign\motor\Release\Obj\interpret.o    #
#                    C:\dev\docs\scottdesign\motor\Release\Obj\io.o           #
#                    C:\dev\docs\scottdesign\motor\Release\Obj\list.o         #
#                    C:\dev\docs\scottdesign\motor\Release\Obj\main.o         #
#                    C:\dev\docs\scottdesign\motor\Release\Obj\parseTreeEntry #
#                    .o C:\dev\docs\scottdesign\motor\Release\Obj\port.o      #
#                    C:\dev\docs\scottdesign\motor\Release\Obj\portasm.o      #
#                    C:\dev\docs\scottdesign\motor\Release\Obj\queue.o        #
#                    C:\dev\docs\scottdesign\motor\Release\Obj\startup_ewarm. #
#                    o C:\dev\docs\scottdesign\motor\Release\Obj\stepper.o    #
#                    C:\dev\docs\scottdesign\motor\Release\Obj\symbolTableEnt #
#                    ry.o C:\dev\docs\scottdesign\motor\Release\Obj\tasks.o   #
#                    C:\dev\docs\scottdesign\motor\Release\Obj\uartstdio.o    #
#                    C:\dev\docs\scottdesign\motor\Release\Obj\usb_dev_serial #
#                    .o C:\dev\docs\scottdesign\motor\Release\Obj\usb_serial_ #
#                    structs.o C:\dev\docs\scottdesign\motor\Release\Obj\ustd #
#                    lib.o C:\ti\TivaWare_C_Series-1.0\driverlib\ewarm\Exe\dr #
#                    iverlib.a C:\ti\TivaWare_C_Series-1.0\usblib\ewarm\Exe\u #
#                    sblib.a --redirect _Printf=_PrintfTiny --redirect        #
#                    _Scanf=_ScanfSmall -o C:\dev\docs\scottdesign\motor\Rele #
#                    ase\Exe\motorTiva.out --strip --map                      #
#                    C:\dev\docs\scottdesign\motor\Release\List\motorTiva.map #
#                     --config C:\dev\docs\scottdesign\motor\motorTiva.icf    #
#                    --semihosting --entry __iar_program_start --inline       #
#                    --vfe --enable_stack_usage --call_graph                  #
#                    C:\dev\docs\scottdesign\motor\Release\List\motorTivaCall #
#                    Graph.xml                                                #
#                                                                             #
#                                                                             #
###############################################################################

*******************************************************************************
*** MESSAGES
***

Warning[Lo011]: [stack usage analysis] the function "__iar_program_start" is a
          call graph root, but there are calls to it
Warning[Lo007]: [stack usage analysis] at least one function does not have
          stack usage information. Example: "xPortPendSVHandler". A complete
          list of such functions is in the map file.
Warning[Lo009]: [stack usage analysis] the program contains at least one
          indirect call. Example: from "main". A complete list of such
          functions is in the map file.


*******************************************************************************
*** RUNTIME MODEL ATTRIBUTES
***

CppFlavor                     = *
__CPP_Language                = EC++
__Heap_Handler                = Basic
__SystemLibrary               = DLib
__dlib_dynamic_initialization = normal


*******************************************************************************
*** PLACEMENT SUMMARY
***

"A1":  place at start of [0x00000000-0x0000ffff] { ro section .intvec };
"P1":  place in [from 0x00000000 to 0x0000ffff] { ro };
"P2":  place in [from 0x20000000 to 0x20005fff] { rw, block HEAP };

  Section             Kind        Address    Size  Object
  -------             ----        -------    ----  ------
"A1":                                       0x26c
  .intvec             const    0x00000000   0x26c  startup_ewarm.o [1]
                             - 0x0000026c   0x26c

"P1":                                      0x729c
  .text               ro code  0x0000026c  0x1890  interpret.o [1]
  .text               ro code  0x00001afc    0x50  cxxabi.o [4]
  .text               ro code  0x00001b4c   0x402  stepper.o [1]
  .text               ro code  0x00001f4e    0x22  zero_init3.o [7]
  .text               ro code  0x00001f70     0xc  gpio.o [5]
  .text               ro code  0x00001f7c   0x4ac  accel.o [1]
  .text               ro code  0x00002428   0x604  tasks.o [1]
  .text               ro code  0x00002a2c    0x42  strcmp.o [7]
  .text               ro code  0x00002a6e    0x2c  strstr.o [3]
  .text               ro code  0x00002a9a    0x1e  xsscin.o [3]
  .text               ro code  0x00002ab8    0x36  strlen.o [7]
  .text               ro code  0x00002aee     0xa  xsprout.o [3]
  .text               ro code  0x00002af8    0x24  sscanf.o [3]
  .text               ro code  0x00002b1c    0x24  parseTreeEntry.o [1]
  .text               ro code  0x00002b40    0x28  symbolTableEntry.o [1]
  .text               ro code  0x00002b68   0x188  main.o [1]
  .text               ro code  0x00002cf0   0x234  io.o [1]
  .text               ro code  0x00002f24    0x34  sprintf.o [3]
  .text               ro code  0x00002f58    0x84  sysctl.o [5]
  .text               ro code  0x00002fdc    0x98  cppinit.o [3]
  .text               ro code  0x00003074    0x66  timer.o [5]
  .text               ro code  0x000030da     0x2  interpret.o [1]
  .text               ro code  0x000030dc    0xd4  stepper.o [1]
  .text               ro code  0x000031b0   0x110  stepper.o [1]
  .text               ro code  0x000032c0    0x50  expf.o [6]
  .text               ro code  0x00003310   0x160  heap_2.o [1]
  .text               ro code  0x00003470    0x3a  ABImemset48.o [7]
  .text               ro code  0x000034aa    0xb4  list.o [1]
  .text               ro code  0x0000355e     0x2  interpret.o [1]
  .text               ro code  0x00003560    0xdc  port.o [1]
  CODE                ro code  0x0000363c    0xa0  portasm.o [1]
  .text               ro code  0x000036dc    0x62  memcmp.o [7]
  .text               ro code  0x0000373e     0x2  interpret.o [1]
  .text               ro code  0x00003740    0x16  strchr.o [7]
  .text               ro code  0x00003758   0x504  xscanfsmall.o [3]
  .text               ro code  0x00003c5c   0x24c  usbbuffer.o [9]
  .text               ro code  0x00003ea8   0x214  interrupt.o [5]
  .text               ro code  0x000040bc    0x1c  I32ToDbl.o [6]
  .text               ro code  0x000040d8   0x1a2  DblMul.o [6]
  .text               ro code  0x0000427c   0x180  DblSub.o [6]
  .text               ro code  0x000043fc    0x4c  DblToI32.o [6]
  .text               ro code  0x00004448   0x11a  xprintftiny.o [3]
  .text               ro code  0x00004564   0x21c  xfexp.o [6]
  .text               ro code  0x00004780    0x86  xstol.o [3]
  .text               ro code  0x00004808   0x174  xstoul.o [3]
  .text               ro code  0x0000497c   0x152  usbringbuf.o [9]
  .text               ro code  0x00004ad0    0x10  cpu.o [5]
  .text               ro code  0x00004ae0    0xd4  DblAdd.o [6]
  .text               ro code  0x00004bb4     0xc  errno.o [3]
  .text               ro code  0x00004bc0    0xc8  xfdscale.o [6]
  .text               ro code  0x00004c88    0x58  memchr.o [7]
  .text               ro code  0x00004ce0     0x2  xtls.o [3]
  .text               ro code  0x00004ce2    0x26  xfdnorm.o [6]
  .text               ro code  0x00004d08   0x96c  usbdenum.o [9]
  .text               ro code  0x00005674   0x3f2  usb.o [5]
  .text               ro code  0x00005a68   0x478  usbdma.o [9]
  .text               ro code  0x00005ee0    0x6c  usbtick.o [9]
  .text               ro code  0x00005f4c   0x150  usbdcdesc.o [9]
  .text               ro code  0x0000609c   0x228  usbdconfig.o [9]
  .text               ro code  0x000062c4    0x76  ABImemcpy.o [7]
  .text               ro code  0x0000633c   0x11c  udma.o [5]
  .text               ro code  0x00006458    0x54  usbdesc.o [9]
  .text               ro code  0x000064ac   0x750  usbdcdc.o [9]
  .text               ro code  0x00006bfc   0x41c  usb_dev_serial.o [1]
  .text               ro code  0x00007018    0x1c  usbmode.o [9]
  .rodata             const    0x00007034   0x124  usb_serial_structs.o [1]
  .text               ro code  0x00007158    0xa6  packbits_init3.o [7]
  .rodata             const    0x00007200    0x6c  usbdcdc.o [9]
  .text               ro code  0x0000726c    0x44  interpret.o [1]
  .text               ro code  0x000072b0    0x28  data_init3.o [7]
  .iar.init_table     const    0x000072d8    0x30  - Linker created -
  .text               ro code  0x00007308    0x20  cmain_call_ctors.o [7]
  .text               ro code  0x00007328    0x1a  startup_ewarm.o [1]
  .text               ro code  0x00007342     0xc  cstartup_M.o [7]
  .text               ro code  0x00007350    0x1a  fpinit_M.o [6]
  .text               ro code  0x0000736c    0x16  cmain.o [7]
  .text               ro code  0x00007382     0x4  exit.o [3]
  .text               ro code  0x00007388     0xe  cexit.o [7]
  .text               ro code  0x00007398    0x14  exit.o [8]
  .text               ro code  0x000073ac    0x18  usbdhandler.o [9]
  SHT$$PREINIT_ARRAY           0x000073c4     0x0  <Block>
  SHT$$INIT_ARRAY              0x000073c4     0x4  <Block>
    .init_array       const    0x000073c4     0x4  interpret.o [1]
  .text               ro code  0x000073c8     0x0  cstart_call_dtors.o [7]
  .rodata             const    0x000073c8     0x0  zero_init3.o [7]
  .rodata             const    0x000073c8     0x0  packbits_init3.o [7]
  Initializer bytes   ro data  0x000073c8   0x13d  <for P2 s0>
                             - 0x00007505  0x7299

"P2", part 1 of 3:                         0x30b0
  P2 s0                        0x20000000  0x30b0  <Init block>
    .data             inited   0x20000000  0x2ef8  heap_2.o [1]
    .data             inited   0x20002ef8   0x100  tasks.o [1]
    .data             inited   0x20002ff8    0x60  usb_serial_structs.o [1]
    .data             inited   0x20003058    0x20  usbdcdc.o [9]
    .data             inited   0x20003078    0x10  usbdcdc.o [9]
    .data             inited   0x20003088    0x10  usbmode.o [9]
    .data             inited   0x20003098     0xc  usbdcdc.o [9]
    .data             inited   0x200030a4     0x8  usbdcdc.o [9]
    .data             inited   0x200030ac     0x4  port.o [1]
                             - 0x200030b0  0x30b0

"P2", part 2 of 3:                         0x18f0
  .bss                zero     0x200030b0  0x1338  interpret.o [1]
  .bss                zero     0x200043e8   0x188  interpret.o [1]
  .bss                zero     0x20004570   0x110  usbdma.o [9]
  .bss                zero     0x20004680   0x100  usb_serial_structs.o [1]
  .bss                zero     0x20004780   0x100  usb_serial_structs.o [1]
  .bss                zero     0x20004880    0x50  usbdenum.o [9]
  .bss                zero     0x200048d0    0x40  usbdenum.o [9]
  .bss                zero     0x20004910    0x38  usbtick.o [9]
  .bss                zero     0x20004948    0x18  usb_serial_structs.o [1]
  .bss                zero     0x20004960    0x18  usb_serial_structs.o [1]
  .bss                zero     0x20004978    0x14  usb_dev_serial.o [1]
  .bss                zero     0x2000498c     0x4  stepper.o [1]
  .bss                zero     0x20004990     0x4  usbtick.o [9]
  .bss                zero     0x20004994     0x4  cppinit.o [3]
  .bss                zero     0x20004998     0x4  cppinit.o [3]
  __DLIB_PERTHREAD    zero     0x2000499c     0x4  errno.o [3]
                             - 0x200049a0  0x18f0

"P2", part 3 of 3:                          0x5b0
  .noinit             uninit   0x200049a0   0x400  startup_ewarm.o [1]
  .iar.dynexit                 0x20004da0   0x1b0  <Block>
    .iar.dynexit      uninit   0x20004da0     0xc  cppinit.o [3]
    .iar.dynexit      uninit   0x20004dac   0x1a4  <Block tail>
                             - 0x20004f50   0x5b0


*******************************************************************************
*** INIT TABLE
***

          Address     Size
          -------     ----
Zero (__iar_zero_init3)
    1 destination range, total size 0x18f0:
          0x200030b0  0x18f0

Copy/packbits (__iar_packbits_init3)
    1 source range, total size 0x13d (2% of destination):
          0x000073c8   0x13d
    1 destination range, total size 0x30b0:
          0x20000000  0x30b0

Extra (__iar_cstart_call_ctors)


*******************************************************************************
*** STACK USAGE
***

  Call Graph Root Category  Max Use  Total Use
  ------------------------  -------  ---------
  Program entry                 160        160
  Uncalled function             304      2 344


Program entry
  "__iar_program_start": 0x00007343

  Maximum call chain                            *?* 160 bytes
    (** call graph contains indirect calls (example: "main")
                            functions with no stack usage info (example: "ulPortSetInterruptMask") **)

    "__iar_program_start"                             0
    "__cmain"                                         0
    "main"                                           16
    "mainA"                                          16
    "vTaskStartScheduler"                            24
    "xTaskGenericCreate"                             32
    "pvPortMalloc"                                   24
    "xTaskResumeAll"                                 24
    "xTaskIncrementTick"                             24
    "uxListRemove"                                    0

Uncalled function
  "vIdleTask" in main.o [1]: 0x00002bed

  Maximum call chain                            *?* 64 bytes
    (** call graph contains functions with no stack usage info (example: "ulPortSetInterruptMask") **)

    "vIdleTask" in main.o [1]                        0
    "vTaskDelay"                                    16
    "xTaskResumeAll"                                24
    "xTaskIncrementTick"                            24
    "uxListRemove"                                   0

Uncalled function
  "vInterpretTask" in main.o [1]: 0x00002c15

  Maximum call chain                            *?* 184 bytes
    (** call graph contains indirect calls (example: "ScheduleNextTransmission" in usbbuffer.o [9])
                            functions with no stack usage info (example: "ulPortSetInterruptMask") **)

    "vInterpretTask" in main.o [1]                    8
    "interpretRun"                                    0
    "interpret::run()"                               80
    "stepper::moveAbsolute(int)"                     16
    "accel::frequency(unsigned int, unsigned int)"
                                                     32
    "expf"                                           16
    "__iar_FExp"                                     16
    "__iar_FDscale"                                  16
    "__iar_FDnorm"                                    0

Uncalled function
  "xPortSysTickHandler": 0x000035f9

  Maximum call chain                            *?* 32 bytes
    (** call graph contains functions with no stack usage info (example: "ulPortSetInterruptMask") **)

    "xPortSysTickHandler"                            8
    "xTaskIncrementTick"                            24
    "uxListRemove"                                   0

Uncalled function
  "FaultISR" in startup_ewarm.o [1]: 0x0000733f

  Maximum call chain                                 0 bytes

    "FaultISR" in startup_ewarm.o [1]                0

Uncalled function
  "IntDefaultHandler" in startup_ewarm.o [1]: 0x00007341

  Maximum call chain                                 0 bytes

    "IntDefaultHandler" in startup_ewarm.o [1]       0

Uncalled function
  "NmiSR" in startup_ewarm.o [1]: 0x0000733d

  Maximum call chain                                 0 bytes

    "NmiSR" in startup_ewarm.o [1]                   0

Uncalled function
  "ResetISR": 0x00007329

  Maximum call chain                            *?* 160 bytes
    (** call graph contains indirect calls (example: "main")
                            functions with no stack usage info (example: "ulPortSetInterruptMask") **)

    "ResetISR"                                        0
    "__iar_program_start"                             0
    "__cmain"                                         0
    "main"                                           16
    "mainA"                                          16
    "vTaskStartScheduler"                            24
    "xTaskGenericCreate"                             32
    "pvPortMalloc"                                   24
    "xTaskResumeAll"                                 24
    "xTaskIncrementTick"                             24
    "uxListRemove"                                    0

Uncalled function
  "stepperISR": 0x00001b4d

  Maximum call chain                            *?* 44 bytes
    (** call graph contains indirect calls (example: "stepperISR") **)

    "stepperISR"                                     0
    "stepper::isr()"                                16
    "accel::operator =(const accel&)"               28

Uncalled function
  "prvIdleTask" in tasks.o [1]: 0x000029b1

  Maximum call chain                            *?* 48 bytes
    (** call graph contains functions with no stack usage info (example: "ulPortSetInterruptMask") **)

    "prvIdleTask" in tasks.o [1]                     0
    "xTaskResumeAll"                                24
    "xTaskIncrementTick"                            24
    "uxListRemove"                                   0

Uncalled function
  "vTaskSwitchContext": 0x000028c5

  Maximum call chain                                 8 bytes

    "vTaskSwitchContext"                             8
    "memcmp"                                         0

Uncalled function
  "ControlHandler": 0x00006ce1

  Maximum call chain                            *?* 40 bytes
    (** call graph contains indirect calls (example: "ControlHandler") **)

    "ControlHandler"                                24
    "USBBufferFlush"                                 0
    "USBRingBufFlush"                                8
    "IntMasterDisable"                               8
    "CPUcpsid"                                       0

Uncalled function
  "RxHandler": 0x00006e87

  Maximum call chain                            *?* 104 bytes
    (** call graph contains indirect calls (example: "RxHandler") **)

    "RxHandler"                                      24
    "USBBufferRead"                                  24
    "USBRingBufRead"                                 24
    "USBRingBufReadOne"                               8
    "UpdateIndexAtomic" in usbringbuf.o [9]          16
    "IntMasterDisable"                                8
    "CPUcpsid"                                        0

Uncalled function
  "TxHandler": 0x00006e83

  Maximum call chain                                 0 bytes

    "TxHandler"                                      0

Uncalled function
  "USBUARTIntHandler": 0x00006bfd

  Maximum call chain                            *?* 304 bytes
    (** call graph contains indirect calls (example: "USBUARTIntHandler") **)

    "USBUARTIntHandler"                              32
    "bufferInput"                                    32
    "sscanf"                                         24
    "_ScanfSmall"                                    64
    "_GetintSmall" in xscanfsmall.o [3]              64
    "__iar_Stolx"                                    32
    "__iar_Stoulx"                                   56
    "__aeabi_errno_addr"                              0
    "__iar_dlib_perthread_access"                     0

Uncalled function
  "USBBufferEventCallback": 0x00003e1d

  Maximum call chain                            *?* 72 bytes
    (** call graph contains indirect calls (example: "USBBufferEventCallback") **)

    "USBBufferEventCallback"                         0
    "HandleRxAvailable" in usbbuffer.o [9]          24
    "USBRingBufWrite"                               24
    "USBRingBufWriteOne"                             0
    "UpdateIndexAtomic" in usbringbuf.o [9]         16
    "IntMasterDisable"                               8
    "CPUcpsid"                                       0

Uncalled function
  "USB0DeviceIntHandler": 0x000073ad

  Maximum call chain                            *?* 108 bytes
    (** call graph contains indirect calls (example: "USBDeviceIntHandlerInternal") **)

    "USB0DeviceIntHandler"                            0
    "USBDeviceIntHandlerInternal"                    24
    "USBDeviceEnumHandler"                           24
    "USBDEP0StateTxConfig" in usbdenum.o [9]         48
    "USBEndpointDataPut"                             12

Uncalled function
  "CDCTickHandler" in usbdcdc.o [9]: 0x00006911

  Maximum call chain                            *?* 32 bytes
    (** call graph contains indirect calls (example: "DeviceConsumedAllData" in usbdcdc.o [9]) **)

    "CDCTickHandler" in usbdcdc.o [9]               16
    "SendBreak" in usbdcdc.o [9]                    16

Uncalled function
  "HandleConfigChange" in usbdcdc.o [9]: 0x00006725

  Maximum call chain                            *?* 16 bytes
    (** call graph contains indirect calls (example: "HandleConfigChange" in usbdcdc.o [9]) **)

    "HandleConfigChange" in usbdcdc.o [9]           16

Uncalled function
  "HandleDevice" in usbdcdc.o [9]: 0x0000679f

  Maximum call chain                                 8 bytes

    "HandleDevice" in usbdcdc.o [9]                  8

Uncalled function
  "HandleDisconnect" in usbdcdc.o [9]: 0x000068cb

  Maximum call chain                            *?* 16 bytes
    (** call graph contains indirect calls (example: "HandleDisconnect" in usbdcdc.o [9]) **)

    "HandleDisconnect" in usbdcdc.o [9]             16

Uncalled function
  "HandleEP0Data" in usbdcdc.o [9]: 0x00006751

  Maximum call chain                            *?* 32 bytes
    (** call graph contains indirect calls (example: "DeviceConsumedAllData" in usbdcdc.o [9]) **)

    "HandleEP0Data" in usbdcdc.o [9]                16
    "SendLineCodingChange" in usbdcdc.o [9]         16

Uncalled function
  "HandleEndpoints" in usbdcdc.o [9]: 0x000066d3

  Maximum call chain                            *?* 76 bytes
    (** call graph contains indirect calls (example: "ProcessDataFromHost") **)

    "HandleEndpoints" in usbdcdc.o [9]              24
    "ProcessNotificationToHost"                     16
    "SendSerialState" in usbdcdc.o [9]              24
    "USBEndpointDataPut"                            12

Uncalled function
  "HandleRequests" in usbdcdc.o [9]: 0x00006801

  Maximum call chain                            *?* 52 bytes
    (** call graph contains indirect calls (example: "HandleRequests" in usbdcdc.o [9]) **)

    "HandleRequests" in usbdcdc.o [9]               24
    "USBDCDSendDataEP0"                              0
    "USBDEP0StateTx" in usbdenum.o [9]              16
    "USBEndpointDataPut"                            12

Uncalled function
  "HandleResume" in usbdcdc.o [9]: 0x000068f9

  Maximum call chain                             *?* 8 bytes
    (** call graph contains indirect calls (example: "HandleResume" in usbdcdc.o [9]) **)

    "HandleResume" in usbdcdc.o [9]                  8

Uncalled function
  "HandleSuspend" in usbdcdc.o [9]: 0x000068ed

  Maximum call chain                             *?* 8 bytes
    (** call graph contains indirect calls (example: "HandleSuspend" in usbdcdc.o [9]) **)

    "HandleSuspend" in usbdcdc.o [9]                 8

Uncalled function
  "USBDCDCPacketRead": 0x00006acd

  Maximum call chain                                44 bytes

    "USBDCDCPacketRead"                             32
    "USBEndpointDataGet"                            12

Uncalled function
  "USBDCDCPacketWrite": 0x00006a81

  Maximum call chain                                28 bytes

    "USBDCDCPacketWrite"                            16
    "USBEndpointDataPut"                            12

Uncalled function
  "USBDCDCRxPacketAvailable": 0x00006b5b

  Maximum call chain                                 8 bytes

    "USBDCDCRxPacketAvailable"                       8
    "USBEndpointStatus"                              0

Uncalled function
  "USBDCDCTxPacketAvailable": 0x00006b4b

  Maximum call chain                                 0 bytes

    "USBDCDCTxPacketAvailable"                       0

Uncalled function
  "USBDClearFeature" in usbdenum.o [9]: 0x0000500b

  Maximum call chain                                16 bytes

    "USBDClearFeature" in usbdenum.o [9]            16

Uncalled function
  "USBDGetConfiguration" in usbdenum.o [9]: 0x0000522f

  Maximum call chain                            *?* 44 bytes
    (** call graph contains indirect calls (example: "USBDEP0StateTx" in usbdenum.o [9]) **)

    "USBDGetConfiguration" in usbdenum.o [9]        16
    "USBDEP0StateTx" in usbdenum.o [9]              16
    "USBEndpointDataPut"                            12

Uncalled function
  "USBDGetDescriptor" in usbdenum.o [9]: 0x00005101

  Maximum call chain                            *?* 60 bytes
    (** call graph contains indirect calls (example: "USBDEP0StateTx" in usbdenum.o [9]) **)

    "USBDGetDescriptor" in usbdenum.o [9]            0
    "USBDEP0StateTxConfig" in usbdenum.o [9]        48
    "USBEndpointDataPut"                            12

Uncalled function
  "USBDGetInterface" in usbdenum.o [9]: 0x000052e7

  Maximum call chain                            *?* 44 bytes
    (** call graph contains indirect calls (example: "USBDEP0StateTx" in usbdenum.o [9]) **)

    "USBDGetInterface" in usbdenum.o [9]            16
    "USBDEP0StateTx" in usbdenum.o [9]              16
    "USBEndpointDataPut"                            12

Uncalled function
  "USBDGetStatus" in usbdenum.o [9]: 0x00004fbb

  Maximum call chain                            *?* 44 bytes
    (** call graph contains indirect calls (example: "USBDEP0StateTx" in usbdenum.o [9]) **)

    "USBDGetStatus" in usbdenum.o [9]               16
    "USBDEP0StateTx" in usbdenum.o [9]              16
    "USBEndpointDataPut"                            12

Uncalled function
  "USBDSetAddress" in usbdenum.o [9]: 0x000050e7

  Maximum call chain                                16 bytes

    "USBDSetAddress" in usbdenum.o [9]              16

Uncalled function
  "USBDSetConfiguration" in usbdenum.o [9]: 0x00005261

  Maximum call chain                            *?* 240 bytes
    (** call graph contains indirect calls (example: "USBDSetConfiguration" in usbdenum.o [9]) **)

    "USBDSetConfiguration" in usbdenum.o [9]         24
    "USBDeviceConfig"                               112
    "USBDCDConfigGetInterfaceEndpoint"               24
    "USBDCDConfigGetInterface"                       32
    "USBDCDConfigDescGet"                            32
    "USBDescGetNum"                                  16

Uncalled function
  "USBDSetDescriptor" in usbdenum.o [9]: 0x00005229

  Maximum call chain                                 8 bytes

    "USBDSetDescriptor" in usbdenum.o [9]            8

Uncalled function
  "USBDSetFeature" in usbdenum.o [9]: 0x00005087

  Maximum call chain                                16 bytes

    "USBDSetFeature" in usbdenum.o [9]              16

Uncalled function
  "USBDSetInterface" in usbdenum.o [9]: 0x00005323

  Maximum call chain                            *?* 192 bytes
    (** call graph contains indirect calls (example: "USBDSetInterface" in usbdenum.o [9]) **)

    "USBDSetInterface" in usbdenum.o [9]             40
    "USBDeviceConfigAlternate"                       48
    "USBDCDConfigGetInterfaceEndpoint"               24
    "USBDCDConfigGetInterface"                       32
    "USBDCDConfigDescGet"                            32
    "USBDescGetNum"                                  16

Uncalled function
  "USBDSyncFrame" in usbdenum.o [9]: 0x000053ab

  Maximum call chain                                 8 bytes

    "USBDSyncFrame" in usbdenum.o [9]                8
    "USBDevEndpointDataAck"                          0

Uncalled function
  "DMAUSBIntHandler" in usbdma.o [9]: 0x00005ac5

  Maximum call chain                                12 bytes

    "DMAUSBIntHandler" in usbdma.o [9]              12

Uncalled function
  "DMAUSBIntStatusClear" in usbdma.o [9]: 0x00005ab7

  Maximum call chain                                 0 bytes

    "DMAUSBIntStatusClear" in usbdma.o [9]           0

Uncalled function
  "DMAUSBStatus" in usbdma.o [9]: 0x00005e11

  Maximum call chain                                 0 bytes

    "DMAUSBStatus" in usbdma.o [9]                   0

Uncalled function
  "uDMAUSBArbSizeSet" in usbdma.o [9]: 0x00005da9

  Maximum call chain                                 0 bytes

    "uDMAUSBArbSizeSet" in usbdma.o [9]              0

Uncalled function
  "uDMAUSBChannelAllocate" in usbdma.o [9]: 0x00005c5f

  Maximum call chain                                32 bytes

    "uDMAUSBChannelAllocate" in usbdma.o [9]        24
    "USBEndpointDMAChannel"                          8

Uncalled function
  "uDMAUSBChannelDisable" in usbdma.o [9]: 0x00005b47

  Maximum call chain                                16 bytes

    "uDMAUSBChannelDisable" in usbdma.o [9]         16
    "USBEndpointDMADisable"                          0

Uncalled function
  "uDMAUSBChannelIntDisable" in usbdma.o [9]: 0x00005b9b

  Maximum call chain                                 0 bytes

    "uDMAUSBChannelIntDisable" in usbdma.o [9]       0

Uncalled function
  "uDMAUSBChannelIntEnable" in usbdma.o [9]: 0x00005b99

  Maximum call chain                                 0 bytes

    "uDMAUSBChannelIntEnable" in usbdma.o [9]        0

Uncalled function
  "uDMAUSBChannelRelease" in usbdma.o [9]: 0x00005d05

  Maximum call chain                                24 bytes

    "uDMAUSBChannelRelease" in usbdma.o [9]         24
    "USBEndpointDMADisable"                          0

Uncalled function
  "uDMAUSBChannelStatus" in usbdma.o [9]: 0x00005a69

  Maximum call chain                                 0 bytes

    "uDMAUSBChannelStatus" in usbdma.o [9]           0

Uncalled function
  "uDMAUSBIntStatus" in usbdma.o [9]: 0x00005a8d

  Maximum call chain                                16 bytes

    "uDMAUSBIntStatus" in usbdma.o [9]              16
    "uDMAChannelModeGet"                             0

Uncalled function
  "uDMAUSBTransfer" in usbdma.o [9]: 0x00005b9d

  Maximum call chain                                60 bytes

    "uDMAUSBTransfer" in usbdma.o [9]               40
    "uDMAChannelTransferSet"                        20

Uncalled function
  "uDMAUSBUnitSizeSet" in usbdma.o [9]: 0x00005d5f

  Maximum call chain                                 0 bytes

    "uDMAUSBUnitSizeSet" in usbdma.o [9]             0

The following functions appear not to be called and have no stack
usage information:

  "vPortSVCHandler": 0x0000369b
  "xPortPendSVHandler": 0x0000363d

The following functions appear to be called, but have no stack
usage information:

  "ulPortSetInterruptMask": 0x00003687
  "vPortClearInterruptMask": 0x00003695
  "vPortEnableVFP": 0x000036c1
  "vPortStartFirstTask": 0x000036b3

The following functions perform unknown indirect calls:

  "CDCTickHandler" in usbdcdc.o [9]: 0x00006911
  "ControlHandler": 0x00006ce1
  "DeviceConsumedAllData" in usbdcdc.o [9]: 0x000064c5
  "HandleConfigChange" in usbdcdc.o [9]: 0x00006725
  "HandleDisconnect" in usbdcdc.o [9]: 0x000068cb
  "HandleRequests" in usbdcdc.o [9]: 0x00006801
  "HandleResume" in usbdcdc.o [9]: 0x000068f9
  "HandleRxAvailable" in usbbuffer.o [9]: 0x00003ceb
  "HandleSuspend" in usbdcdc.o [9]: 0x000068ed
  "InternalUSBStartOfFrameTick": 0x00005f21
  "ProcessDataFromHost": 0x000065d7
  "ProcessDataToHost": 0x00006679
  "RxHandler": 0x00006e87
  "ScheduleNextTransmission" in usbbuffer.o [9]: 0x00003c5d
  "SendBreak" in usbdcdc.o [9]: 0x000064dd
  "SendLineCodingChange" in usbdcdc.o [9]: 0x00006517
  "SendLineStateChange" in usbdcdc.o [9]: 0x00006535
  "USBBufferEventCallback": 0x00003e1d
  "USBDEP0StateTx" in usbdenum.o [9]: 0x000053bb
  "USBDEP0StateTxConfig" in usbdenum.o [9]: 0x00005421
  "USBDGetDescriptor" in usbdenum.o [9]: 0x00005101
  "USBDReadAndDispatchRequest" in usbdenum.o [9]: 0x00004e5b
  "USBDSetConfiguration" in usbdenum.o [9]: 0x00005261
  "USBDSetInterface" in usbdenum.o [9]: 0x00005323
  "USBDeviceEnumHandler": 0x00004eb5
  "USBDeviceEnumResetHandler": 0x00004f7f
  "USBDeviceIntHandlerInternal": 0x0000555f
  "USBDeviceResumeTickHandler": 0x00004e11
  "USBStackModeSet": 0x00007019
  "USBUARTIntHandler": 0x00006bfd
  "io::getADC(unsigned int)": 0x00002e47
  "io::getTemperature()": 0x00002e91
  "io::init()": 0x00002cf1
  "main": 0x00006ee9
  "stepperISR": 0x00001b4d
  "stepper_init": 0x00001ba1


*******************************************************************************
*** MODULE SUMMARY
***

    Module                ro code  ro data  rw data
    ------                -------  -------  -------
C:\dev\docs\scottdesign\motor\Release\Obj: [1]
    accel.o                 1 196
    heap_2.o                  352      305   12 024
    interpret.o             6 362        4    5 312
    io.o                      564
    list.o                    180
    main.o                    392
    parseTreeEntry.o           36
    port.o                    220        1        4
    portasm.o                 160
    startup_ewarm.o            26      620    1 024
    stepper.o               1 510                 4
    symbolTableEntry.o         40
    tasks.o                 1 540        7      256
    usb_dev_serial.o        1 052                20
    usb_serial_structs.o               294      656
    -----------------------------------------------
    Total:                 13 630    1 231   19 300

command line: [2]
    -----------------------------------------------
    Total:

dl7M_tln.a: [3]
    cppinit.o                 152                20
    errno.o                    12                 4
    exit.o                      4
    sprintf.o                  52
    sscanf.o                   36
    strstr.o                   44
    xprintftiny.o             282
    xscanfsmall.o           1 284
    xsprout.o                  10
    xsscin.o                   30
    xstol.o                   134
    xstoul.o                  372
    xtls.o                      2
    -----------------------------------------------
    Total:                  2 414                24

dlpp7M_tl_ne.a: [4]
    cxxabi.o                   80
    -----------------------------------------------
    Total:                     80

driverlib.a: [5]
    cpu.o                      16
    gpio.o                     12
    interrupt.o               532
    sysctl.o                  132
    timer.o                   102
    udma.o                    284
    usb.o                   1 010
    -----------------------------------------------
    Total:                  2 088

m7M_tlv.a: [6]
    DblAdd.o                  212
    DblMul.o                  418
    DblSub.o                  384
    DblToI32.o                 76
    I32ToDbl.o                 28
    expf.o                     80
    fpinit_M.o                 26
    xfdnorm.o                  38
    xfdscale.o                200
    xfexp.o                   540
    -----------------------------------------------
    Total:                  2 002

rt7M_tl.a: [7]
    ABImemcpy.o               118
    ABImemset48.o              58
    cexit.o                    14
    cmain.o                    22
    cmain_call_ctors.o         32
    cstart_call_dtors.o
    cstartup_M.o               12
    data_init3.o               40
    memchr.o                   88
    memcmp.o                   98
    packbits_init3.o          166
    strchr.o                   22
    strcmp.o                   66
    strlen.o                   54
    zero_init3.o               34
    -----------------------------------------------
    Total:                    824

shb_l.a: [8]
    exit.o                     20
    -----------------------------------------------
    Total:                     20

usblib.a: [9]
    usbbuffer.o               588
    usbdcdc.o               1 872      109       68
    usbdcdesc.o               336
    usbdconfig.o              552
    usbdenum.o              2 412               144
    usbdesc.o                  84
    usbdhandler.o              24
    usbdma.o                1 144               272
    usbmode.o                  28        1       16
    usbringbuf.o              338
    usbtick.o                 108                60
    -----------------------------------------------
    Total:                  7 486      110      560

    Gaps                       22        2
    Linker created                      48      420
---------------------------------------------------
    Grand Total:           28 566    1 391   20 304


*******************************************************************************
*** ENTRY LIST
***

Entry                      Address    Size  Type      Object
-----                      -------    ----  ----      ------
.iar.dynexit$$Base      0x20004da0           --   Gb  - Linker created -
.iar.dynexit$$Limit     0x20004f50           --   Gb  - Linker created -
?main                   0x0000736d          Code  Gb  cmain.o [7]
CDCTickHandler          0x00006911    0x7a  Code  Lc  usbdcdc.o [9]
CPUcpsid                0x00004ad1     0x8  Code  Gb  cpu.o [5]
CPUcpsie                0x00004ad9     0x8  Code  Gb  cpu.o [5]
ControlHandler          0x00006ce1   0x1a2  Code  Gb  usb_dev_serial.o [1]
DMAUSBIntHandler        0x00005ac5    0x30  Code  Lc  usbdma.o [9]
DMAUSBIntStatusClear    0x00005ab7     0xe  Code  Lc  usbdma.o [9]
DMAUSBStatus            0x00005e11     0x4  Code  Lc  usbdma.o [9]
DeviceConsumedAllData   0x000064c5    0x18  Code  Lc  usbdcdc.o [9]
DtorRecArray            0x20004da0     0xc  Data  Lc  cppinit.o [3]
FaultISR                0x0000733f     0x2  Code  Lc  startup_ewarm.o [1]
GPIOPinRead             0x00001f71     0x6  Code  Gb  gpio.o [5]
GPIOPinWrite            0x00001f77     0x6  Code  Gb  gpio.o [5]
GetEPDescriptorType     0x000060b9    0x46  Code  Lc  usbdconfig.o [9]
GetEndpointFIFOSize     0x0000609d    0x1c  Code  Lc  usbdconfig.o [9]
HandleConfigChange      0x00006725    0x2c  Code  Lc  usbdcdc.o [9]
HandleDevice            0x0000679f    0x62  Code  Lc  usbdcdc.o [9]
HandleDisconnect        0x000068cb    0x22  Code  Lc  usbdcdc.o [9]
HandleEP0Data           0x00006751    0x46  Code  Lc  usbdcdc.o [9]
HandleEndpoints         0x000066d3    0x52  Code  Lc  usbdcdc.o [9]
HandleRequests          0x00006801    0xb8  Code  Lc  usbdcdc.o [9]
HandleResume            0x000068f9     0xc  Code  Lc  usbdcdc.o [9]
HandleRxAvailable       0x00003ceb    0xb2  Code  Lc  usbbuffer.o [9]
HandleSuspend           0x000068ed     0xc  Code  Lc  usbdcdc.o [9]
IntDefaultHandler       0x00007341     0x2  Code  Lc  startup_ewarm.o [1]
IntDisable              0x00003f3b    0x58  Code  Gb  interrupt.o [5]
IntEnable               0x00003ee3    0x58  Code  Gb  interrupt.o [5]
IntIsEnabled            0x00003f93    0x5c  Code  Gb  interrupt.o [5]
IntMasterDisable        0x00003eb1     0x6  Code  Gb  interrupt.o [5]
IntMasterEnable         0x00003ea9     0x8  Code  Gb  interrupt.o [5]
IntPrioritySet          0x00003ebf    0x24  Code  Gb  interrupt.o [5]
InternalUSBRegisterTickHandler
                        0x00005efd    0x24  Code  Gb  usbtick.o [9]
InternalUSBStartOfFrameTick
                        0x00005f21    0x26  Code  Gb  usbtick.o [9]
InternalUSBTickInit     0x00005ee1    0x1c  Code  Gb  usbtick.o [9]
NextConfigDescGet       0x00005f4d    0x2e  Code  Lc  usbdcdesc.o [9]
NmiSR                   0x0000733d     0x2  Code  Lc  startup_ewarm.o [1]
ProcessDataFromHost     0x000065d7    0x5e  Code  Gb  usbdcdc.o [9]
ProcessDataToHost       0x00006679    0x52  Code  Gb  usbdcdc.o [9]
ProcessNotificationToHost
                        0x00006643    0x36  Code  Gb  usbdcdc.o [9]
Region$$Table$$Base     0x000072d8           --   Gb  - Linker created -
Region$$Table$$Limit    0x00007308           --   Gb  - Linker created -
ResetISR                0x00007329     0xe  Code  Gb  startup_ewarm.o [1]
RxHandler               0x00006e87    0x62  Code  Gb  usb_dev_serial.o [1]
SHT$$INIT_ARRAY$$Base   0x000073c4           --   Gb  - Linker created -
SHT$$INIT_ARRAY$$Limit  0x000073c8           --   Gb  - Linker created -
SHT$$PREINIT_ARRAY$$Base
                        0x000073c4           --   Gb  - Linker created -
SHT$$PREINIT_ARRAY$$Limit
                        0x000073c4           --   Gb  - Linker created -
ScheduleNextTransmission
                        0x00003c5d    0x8e  Code  Lc  usbbuffer.o [9]
SendBreak               0x000064dd    0x3a  Code  Lc  usbdcdc.o [9]
SendLineCodingChange    0x00006517    0x1e  Code  Lc  usbdcdc.o [9]
SendLineStateChange     0x00006535    0x1e  Code  Lc  usbdcdc.o [9]
SendSerialState         0x00006553    0x84  Code  Lc  usbdcdc.o [9]
SetDeferredOpFlag       0x000064ad    0x18  Code  Lc  usbdcdc.o [9]
SysCtlPeripheralEnable  0x00002f99     0x8  Code  Gb  sysctl.o [5]
SysCtlPeripheralReset   0x00002f59    0x40  Code  Gb  sysctl.o [5]
SysCtlReset             0x00002fb5     0x8  Code  Gb  sysctl.o [5]
SysCtlUSBPLLEnable      0x00002fbd     0xc  Code  Gb  sysctl.o [5]
TimerConfigure          0x0000308d    0x26  Code  Gb  timer.o [5]
TimerDisable            0x00003081     0xc  Code  Gb  timer.o [5]
TimerEnable             0x00003075     0xc  Code  Gb  timer.o [5]
TimerIntEnable          0x000030c9     0x4  Code  Gb  timer.o [5]
TimerLoadSet            0x000030b9    0x10  Code  Gb  timer.o [5]
TxHandler               0x00006e83     0x4  Code  Gb  usb_dev_serial.o [1]
UARTSend                0x00002b69     0xa  Code  Gb  main.o [1]
USB0DeviceIntHandler    0x000073ad    0x18  Code  Gb  usbdhandler.o [9]
USBBufferDataAvailable  0x00003e11     0x6  Code  Gb  usbbuffer.o [9]
USBBufferEventCallback  0x00003e1d    0x8c  Code  Gb  usbbuffer.o [9]
USBBufferFlush          0x00003de5     0x6  Code  Gb  usbbuffer.o [9]
USBBufferInit           0x00003d9d    0x16  Code  Gb  usbbuffer.o [9]
USBBufferRead           0x00003deb    0x26  Code  Gb  usbbuffer.o [9]
USBBufferSpaceAvailable
                        0x00003e17     0x6  Code  Gb  usbbuffer.o [9]
USBBufferWrite          0x00003db3    0x32  Code  Gb  usbbuffer.o [9]
USBDCDCCompositeInit    0x000069a1    0x8e  Code  Gb  usbdcdc.o [9]
USBDCDCInit             0x00006a2f    0x42  Code  Gb  usbdcdc.o [9]
USBDCDCPacketRead       0x00006acd    0x7e  Code  Gb  usbdcdc.o [9]
USBDCDCPacketWrite      0x00006a81    0x4c  Code  Gb  usbdcdc.o [9]
USBDCDCRxPacketAvailable
                        0x00006b5b    0x32  Code  Gb  usbdcdc.o [9]
USBDCDCSerialStateChange
                        0x00006b95    0x2e  Code  Gb  usbdcdc.o [9]
USBDCDCTxPacketAvailable
                        0x00006b4b    0x10  Code  Gb  usbdcdc.o [9]
USBDCDConfigDescGet     0x00005fc3    0x54  Code  Gb  usbdcdesc.o [9]
USBDCDConfigDescGetNum  0x00005f99    0x2a  Code  Gb  usbdcdesc.o [9]
USBDCDConfigDescGetSize
                        0x00005f7b    0x1e  Code  Gb  usbdcdesc.o [9]
USBDCDConfigGetInterface
                        0x00006017    0x4c  Code  Gb  usbdcdesc.o [9]
USBDCDConfigGetInterfaceEndpoint
                        0x0000606b    0x32  Code  Gb  usbdcdesc.o [9]
USBDCDDeviceInfoInit    0x00004d09    0x1a  Code  Gb  usbdenum.o [9]
USBDCDInit              0x00004d23    0xb8  Code  Gb  usbdenum.o [9]
USBDCDRequestDataEP0    0x00004ddb    0x10  Code  Gb  usbdenum.o [9]
USBDCDSendDataEP0       0x00004deb     0xa  Code  Gb  usbdenum.o [9]
USBDCDStallEP0          0x00004df9    0x18  Code  Gb  usbdenum.o [9]
USBDClearFeature        0x0000500b    0x72  Code  Lc  usbdenum.o [9]
USBDEP0StateTx          0x000053bb    0x66  Code  Lc  usbdenum.o [9]
USBDEP0StateTxConfig    0x00005421   0x13e  Code  Lc  usbdenum.o [9]
USBDGetConfiguration    0x0000522f    0x22  Code  Lc  usbdenum.o [9]
USBDGetDescriptor       0x00005101   0x128  Code  Lc  usbdenum.o [9]
USBDGetInterface        0x000052e7    0x24  Code  Lc  usbdenum.o [9]
USBDGetStatus           0x00004fbb    0x50  Code  Lc  usbdenum.o [9]
USBDReadAndDispatchRequest
                        0x00004e5b    0x56  Code  Lc  usbdenum.o [9]
USBDSetAddress          0x000050e7    0x1a  Code  Lc  usbdenum.o [9]
USBDSetConfiguration    0x00005261    0x7e  Code  Lc  usbdenum.o [9]
USBDSetDescriptor       0x00005229     0x6  Code  Lc  usbdenum.o [9]
USBDSetFeature          0x00005087    0x60  Code  Lc  usbdenum.o [9]
USBDSetInterface        0x00005323    0x88  Code  Lc  usbdenum.o [9]
USBDSyncFrame           0x000053ab     0x4  Code  Lc  usbdenum.o [9]
USBDescGet              0x0000647f    0x2e  Code  Gb  usbdesc.o [9]
USBDescGetNum           0x00006459    0x26  Code  Gb  usbdesc.o [9]
USBDevConnect           0x000057f3     0xc  Code  Gb  usb.o [5]
USBDevDisconnect        0x000057ff     0xc  Code  Gb  usb.o [5]
USBDevEndpointConfigSet
                        0x0000580b    0x74  Code  Gb  usb.o [5]
USBDevEndpointDataAck   0x000059ad    0x20  Code  Gb  usb.o [5]
USBDevEndpointStall     0x00005783    0x30  Code  Gb  usb.o [5]
USBDevEndpointStallClear
                        0x000057b3    0x40  Code  Gb  usb.o [5]
USBDevEndpointStatusClear
                        0x00005735    0x4e  Code  Gb  usb.o [5]
USBDevMode              0x00005a51     0x2  Code  Gb  usb.o [5]
USBDeviceConfig         0x000060ff   0x136  Code  Gb  usbdconfig.o [9]
USBDeviceConfigAlternate
                        0x00006241    0x7e  Code  Gb  usbdconfig.o [9]
USBDeviceEnumHandler    0x00004eb5    0xca  Code  Gb  usbdenum.o [9]
USBDeviceEnumResetHandler
                        0x00004f7f    0x3c  Code  Gb  usbdenum.o [9]
USBDeviceIntHandlerInternal
                        0x0000555f    0xc8  Code  Gb  usbdenum.o [9]
USBDeviceResumeTickHandler
                        0x00004e11    0x4a  Code  Gb  usbdenum.o [9]
USBEndpointDMAChannel   0x00005a37    0x1a  Code  Gb  usb.o [5]
USBEndpointDMAConfigSet
                        0x000058c1    0x48  Code  Gb  usb.o [5]
USBEndpointDMADisable   0x00005929    0x20  Code  Gb  usb.o [5]
USBEndpointDMAEnable    0x00005909    0x20  Code  Gb  usb.o [5]
USBEndpointDataAvail    0x00005949    0x20  Code  Gb  usb.o [5]
USBEndpointDataGet      0x00005969    0x44  Code  Gb  usb.o [5]
USBEndpointDataPut      0x000059cd    0x30  Code  Gb  usb.o [5]
USBEndpointDataSend     0x00005a03    0x2c  Code  Gb  usb.o [5]
USBEndpointPacketCountSet
                        0x00005a59     0xe  Code  Gb  usb.o [5]
USBEndpointStatus       0x00005721     0xe  Code  Gb  usb.o [5]
USBFIFOAddrGet          0x00005a2f     0x8  Code  Gb  usb.o [5]
USBFIFOConfigSet        0x0000587f    0x3c  Code  Gb  usb.o [5]
USBHostResume           0x0000568f    0x14  Code  Gb  usb.o [5]
USBIndexWrite           0x00005675    0x1a  Code  Lc  usb.o [5]
USBIntEnableControl     0x000056a3    0x26  Code  Gb  usb.o [5]
USBIntEnableEndpoint    0x000056f9    0x1a  Code  Gb  usb.o [5]
USBIntStatusControl     0x000056c9    0x30  Code  Gb  usb.o [5]
USBIntStatusEndpoint    0x00005713     0x6  Code  Gb  usb.o [5]
USBLibDMAInit           0x00005e15    0x84  Code  Gb  usbdma.o [9]
USBRingBufAdvanceRead   0x00004a45    0x1e  Code  Gb  usbringbuf.o [9]
USBRingBufAdvanceWrite  0x00004a63    0x36  Code  Gb  usbringbuf.o [9]
USBRingBufContigFree    0x000049f7    0x1c  Code  Gb  usbringbuf.o [9]
USBRingBufContigUsed    0x000049e5    0x12  Code  Gb  usbringbuf.o [9]
USBRingBufFlush         0x000049a9    0x1a  Code  Gb  usbringbuf.o [9]
USBRingBufFree          0x000049d7     0xe  Code  Gb  usbringbuf.o [9]
USBRingBufInit          0x00004ac3     0xc  Code  Gb  usbringbuf.o [9]
USBRingBufRead          0x00004a29    0x1c  Code  Gb  usbringbuf.o [9]
USBRingBufReadOne       0x00004a13    0x16  Code  Gb  usbringbuf.o [9]
USBRingBufUsed          0x000049c3    0x14  Code  Gb  usbringbuf.o [9]
USBRingBufWrite         0x00004aa7    0x1c  Code  Gb  usbringbuf.o [9]
USBRingBufWriteOne      0x00004a99     0xe  Code  Gb  usbringbuf.o [9]
USBStackModeSet         0x00007019    0x18  Code  Gb  usbmode.o [9]
USBUARTIntHandler       0x00006bfd    0xe4  Code  Gb  usb_dev_serial.o [1]
UpdateIndexAtomic       0x0000497d    0x2c  Code  Lc  usbringbuf.o [9]
_GetintSmall            0x00003a15   0x230  Code  Lc  xscanfsmall.o [3]
_GetstrSmall            0x00003955    0xc0  Code  Lc  xscanfsmall.o [3]
_PrintfTiny             0x00004449   0x11a  Code  Gb  xprintftiny.o [3]
_SProut                 0x00002aef     0xa  Code  Gb  xsprout.o [3]
_SScin                  0x00002a9b    0x1e  Code  Gb  xsscin.o [3]
_ScanfSmall             0x00003759   0x1f6  Code  Gb  xscanfsmall.o [3]
__aeabi_atexit          0x00001b3d     0xa  Code  Gb  cxxabi.o [4]
__aeabi_d2iz            0x000043fd          Code  Gb  DblToI32.o [6]
__aeabi_dmul            0x000040d9          Code  Gb  DblMul.o [6]
__aeabi_dsub            0x0000427d          Code  Gb  DblSub.o [6]
__aeabi_errno_addr      0x00004bb5     0x6  Code  Gb  errno.o [3]
__aeabi_memcpy          0x000062c5          Code  Gb  ABImemcpy.o [7]
__aeabi_memcpy4         0x000062e5          Code  Gb  ABImemcpy.o [7]
__aeabi_memcpy8         0x000062e5          Code  Gb  ABImemcpy.o [7]
__aeabi_memset4         0x00003471          Code  Gb  ABImemset48.o [7]
__aeabi_memset8         0x00003471          Code  Gb  ABImemset48.o [7]
__aeabi_ui2d            0x000040bd          Code  Gb  I32ToDbl.o [6]
__aeabi_vec_ctor_nocookie_nodtor
                        0x00001afd    0x22  Code  Gb  cxxabi.o [4]
__aeabi_vec_dtor        0x00001b1f    0x1e  Code  Gb  cxxabi.o [4]
__call_ctors            0x00002fdd    0x18  Code  Gb  cppinit.o [3]
__call_dtors            0x0000302f     0x2  Code  Gb  cppinit.o [3]
__cexit_call_dtors      0x0000738b          Code  Gb  cexit.o [7]
__cmain                 0x0000736d          Code  Gb  cmain.o [7]
__cstart_call_dtors     0x000073c8          Data  Gb  cstart_call_dtors.o [7]
__cxa_atexit            0x00002ff5    0x3a  Code  Gb  cppinit.o [3]
__cxa_finalize          0x00003031    0x38  Code  Gb  cppinit.o [3]
__dso_handle            0x20004998     0x4  Data  Gb  cppinit.o [3]
__exit                  0x00007399    0x14  Code  Gb  exit.o [8]
__iar_Errno             0x2000499c     0x4  Data  Gb  errno.o [3]
__iar_FDnorm            0x00004ce3    0x26  Code  Gb  xfdnorm.o [6]
__iar_FDscale           0x00004bc1    0xc8  Code  Gb  xfdscale.o [6]
__iar_FExp              0x00004565   0x1ea  Code  Gb  xfexp.o [6]
__iar_Memchr            0x00004c89          Code  Gb  memchr.o [7]
__iar_Memset4_word      0x00003479          Code  Gb  ABImemset48.o [7]
__iar_Memset8_word      0x00003479          Code  Gb  ABImemset48.o [7]
__iar_Stolx             0x00004781    0x86  Code  Gb  xstol.o [3]
__iar_Stoul             0x00004927     0x4  Code  Gb  xstoul.o [3]
__iar_Stoulx            0x00004809   0x118  Code  Gb  xstoul.o [3]
__iar_Strchr            0x00003741          Code  Gb  strchr.o [7]
__iar_Strstr            0x00002a6f    0x2c  Code  Gb  strstr.o [3]
__iar_cstart_call_ctors
                        0x00007309    0x20  Code  Gb  cmain_call_ctors.o [7]
__iar_d2uiz             0x00004429          Code  Gb  DblToI32.o [6]
__iar_dadd              0x00004ae1          Code  Gb  DblAdd.o [6]
__iar_data_init3        0x000072b1    0x28  Code  Gb  data_init3.o [7]
__iar_dlib_perthread_access
                        0x00004ce1     0x2  Code  Gb  xtls.o [3]
__iar_dsub              0x00004291          Code  Gb  DblSub.o [6]
__iar_dsubStart         0x000042a3          Code  Gb  DblSub.o [6]
__iar_init_vfp          0x00007351          Code  Gb  fpinit_M.o [6]
__iar_packbits_init3    0x00007159    0xa6  Code  Gb  packbits_init3.o [7]
__iar_program_start     0x00007343          Code  Gb  cstartup_M.o [7]
__iar_strcmp            0x00002a2d          Code  Gb  strcmp.o [7]
__iar_ui2d              0x000040c1          Code  Gb  I32ToDbl.o [6]
__iar_zero_init3        0x00001f4f    0x22  Code  Gb  zero_init3.o [7]
__sti__routine          0x0000026d    0x8c  Code  Lc  interpret.o [1]
__vector_table          0x00000000   0x26c  Data  Gb  startup_ewarm.o [1]
_call_main              0x00007379          Code  Gb  cmain.o [7]
_exit                   0x00007389          Code  Gb  cexit.o [7]
_main                   0x0000737f          Code  Gb  cmain.o [7]
accel::_scaleYAxisToFrequency()
                        0x0000226d    0xde  Code  Gb  accel.o [1]
accel::accel()          0x00001f7d    0xd8  Code  Gb  accel.o [1]
accel::frequency(unsigned int, unsigned int)
                        0x00002351    0xba  Code  Gb  accel.o [1]
accel::microSecToSteps(unsigned int)
                        0x000020d9   0x12c  Code  Gb  accel.o [1]
accel::operator =(const accel&)
                        0x00002055    0x7a  Code  Gb  accel.o [1]
accel::stepsToMicroSec(unsigned int)
                        0x00002205    0x66  Code  Gb  accel.o [1]
accel::updateClockPeriod()
                        0x000030dd    0xd4  Code  Gb  stepper.o [1]
accel::updateClockPeriodDecelerate()
                        0x000031b1   0x110  Code  Gb  stepper.o [1]
bufferInput             0x000004e9   0x2a0  Code  Gb  interpret.o [1]
digits                  0x0000492c    0x28  Data  Lc  xstoul.o [3]
exit                    0x00007383     0x4  Code  Gb  exit.o [3]
expf                    0x000032c1    0x4c  Code  Gb  expf.o [6]
g_bSendingBreak         0x20004978     0x1  Data  Lc  usb_dev_serial.o [1]
g_bUSBConfigured        0x20004979     0x1  Data  Lc  usb_dev_serial.o [1]
g_bUSBTimerInitialized  0x20004910     0x1  Data  Gb  usbtick.o [9]
g_eOTGModeState         0x20003089     0x1  Data  Gb  usbmode.o [9]
g_iDualMode             0x2000308a     0x1  Data  Lc  usbmode.o [9]
g_iUSBMode              0x20003088     0x1  Data  Gb  usbmode.o [9]
g_pCDCCompSerConfigDescriptors
                        0x00006bc8     0x4  Data  Gb  usbdcdc.o [9]
g_pcStatus              0x20004988     0x4  Data  Gb  usb_dev_serial.o [1]
g_pfnTickHandlers       0x20004914    0x18  Data  Gb  usbtick.o [9]
g_pfnUSBModeCallback    0x20003094     0x4  Data  Lc  usbmode.o [9]
g_ppCDCSerConfigDescriptors
                        0x00006bc4     0x4  Data  Gb  usbdcdc.o [9]
g_ppsDevInfo            0x200048c8     0x4  Data  Gb  usbdenum.o [9]
g_ppui8StringDescriptors
                        0x000070f8    0x18  Data  Gb  usb_serial_structs.o [1]
g_psCDCCompSerSections  0x20003078    0x10  Data  Gb  usbdcdc.o [9]
g_psCDCSerSections      0x20003098     0xc  Data  Gb  usbdcdc.o [9]
g_psDCDInst             0x20004880    0x48  Data  Gb  usbdenum.o [9]
g_psUSBDMAInst          0x20004570   0x110  Data  Lc  usbdma.o [9]
g_psUSBDStdRequests     0x00005640    0x34  Data  Lc  usbdenum.o [9]
g_pui32Dii16Regs        0x000040a8    0x14  Data  Lc  interrupt.o [5]
g_pui32EnRegs           0x00004094    0x14  Data  Lc  interrupt.o [5]
g_pui32Regs             0x00003ff8    0x9c  Data  Lc  interrupt.o [5]
g_pui8CDCSerCommInterface
                        0x00007210    0x24  Data  Gb  usbdcdc.o [9]
g_pui8CDCSerDataInterface
                        0x0000723c    0x18  Data  Gb  usbdcdc.o [9]
g_pui8CDCSerDescriptor  0x20003058     0xc  Data  Gb  usbdcdc.o [9]
g_pui8CDCSerDeviceDescriptor
                        0x20003064    0x14  Data  Gb  usbdcdc.o [9]
g_pui8ConfigString      0x000070c0    0x38  Data  Gb  usb_serial_structs.o [1]
g_pui8ControlInterfaceString
                        0x00007094    0x2c  Data  Gb  usb_serial_structs.o [1]
g_pui8DataBufferIn      0x200048d0    0x40  Data  Lc  usbdenum.o [9]
g_pui8IADSerDescriptor  0x200030a4     0x8  Data  Gb  usbdcdc.o [9]
g_pui8LangDescriptor    0x00007034     0x4  Data  Gb  usb_serial_structs.o [1]
g_pui8ManufacturerString
                        0x00007038    0x24  Data  Gb  usb_serial_structs.o [1]
g_pui8ProductString     0x0000705c    0x24  Data  Gb  usb_serial_structs.o [1]
g_pui8RxBufferWorkspace
                        0x20004948    0x18  Data  Gb  usb_serial_structs.o [1]
g_pui8SerialNumberString
                        0x00007080    0x14  Data  Gb  usb_serial_structs.o [1]
g_pui8TxBufferWorkspace
                        0x20004960    0x18  Data  Gb  usb_serial_structs.o [1]
g_pui8USBRxBuffer       0x20004680   0x100  Data  Gb  usb_serial_structs.o [1]
g_pui8USBTxBuffer       0x20004780   0x100  Data  Gb  usb_serial_structs.o [1]
g_pvTickInstance        0x2000492c    0x18  Data  Gb  usbtick.o [9]
g_sCDCCompSerConfigHeader
                        0x00007264     0x8  Data  Gb  usbdcdc.o [9]
g_sCDCDevice            0x20002ff8    0x60  Data  Gb  usb_serial_structs.o [1]
g_sCDCHandlers          0x00006bcc    0x30  Data  Gb  usbdcdc.o [9]
g_sCDCSerCommInterfaceSection
                        0x00007234     0x8  Data  Gb  usbdcdc.o [9]
g_sCDCSerConfigHeader   0x0000725c     0x8  Data  Gb  usbdcdc.o [9]
g_sCDCSerConfigSection  0x00007200     0x8  Data  Gb  usbdcdc.o [9]
g_sCDCSerDataInterfaceSection
                        0x00007254     0x8  Data  Gb  usbdcdc.o [9]
g_sIADSerConfigSection  0x00007208     0x8  Data  Gb  usbdcdc.o [9]
g_sRxBuffer             0x00007110    0x24  Data  Gb  usb_serial_structs.o [1]
g_sTxBuffer             0x00007134    0x24  Data  Gb  usb_serial_structs.o [1]
g_ui32CurrentUSBTick    0x20004944     0x4  Data  Gb  usbtick.o [9]
g_ui32Flags             0x20004984     0x4  Data  Gb  usb_dev_serial.o [1]
g_ui32PollRate          0x2000308c     0x4  Data  Gb  usbmode.o [9]
g_ui32UARTRxCount       0x20004980     0x4  Data  Gb  usb_dev_serial.o [1]
g_ui32UARTTxCount       0x2000497c     0x4  Data  Gb  usb_dev_serial.o [1]
g_ui32USBSOFCount       0x20004990     0x4  Data  Gb  usbtick.o [9]
g_ui32WaitTicks         0x20003090     0x4  Data  Gb  usbmode.o [9]
interpret::_cleanUpEvaluationStack(unsigned int)
                        0x00000e79    0x76  Code  Gb  interpret.o [1]
interpret::_pushTemporarySymbolOnEvaluationStack(unsigned int)
                        0x000019f9   0x102  Code  Gb  interpret.o [1]
interpret::evaluateOperator(unsigned int)
                        0x00000ef1   0xb08  Code  Gb  interpret.o [1]
interpret::run()        0x000007f1   0x64e  Code  Gb  interpret.o [1]
interpret::~interpret()
                        0x0000726d    0x44  Code  Gb  interpret.o [1]
interpretRun            0x000002f9    0x60  Code  Gb  interpret.o [1]
interpreter             0x200030b0  0x1338  Data  Gb  interpret.o [1]
interpreterRunBool      0x200044f1     0x1  Data  Lc  interpret.o [1]
io::getADC(unsigned int)
                        0x00002e47    0x4a  Code  Gb  io.o [1]
io::getInput() const    0x00002e0f    0x38  Code  Gb  io.o [1]
io::getTemperature()    0x00002e91    0x64  Code  Gb  io.o [1]
io::init()              0x00002cf1    0xee  Code  Gb  io.o [1]
io::setOutput(unsigned int)
                        0x00002ddf    0x30  Code  Gb  io.o [1]
led::_enable            0x200044f0     0x1  Data  Gb  interpret.o [1]
main                    0x00006ee9    0xe0  Code  Gb  usb_dev_serial.o [1]
mainA                   0x00002b73    0x7a  Code  Gb  main.o [1]
memchr                  0x00004c89          Code  Gb  memchr.o [7]
memcmp                  0x000036dd          Code  Gb  memcmp.o [7]
ndigs                   0x00004954    0x28  Data  Lc  xstoul.o [3]
next_abi_dtor_rec       0x20004994     0x4  Data  Lc  cppinit.o [3]
parseTreeEntry::operator =(const parseTreeEntry&)
                        0x00002b2b    0x16  Code  Gb  parseTreeEntry.o [1]
parseTreeEntry::parseTreeEntry()
                        0x00002b1d     0x6  Code  Gb  parseTreeEntry.o [1]
parseTreeEntry::parseTreeEntry(nodeType, int, unsigned int)
                        0x00002b23     0x8  Code  Gb  parseTreeEntry.o [1]
parseTreeEntry::~parseTreeEntry()
                        0x000030db     0x2  Code  Gb  interpret.o [1]
prvIdleTask             0x000029b1    0x5a  Code  Lc  tasks.o [1]
pui32Stack              0x200049a0   0x400  Data  Lc  startup_ewarm.o [1]
pvPortMalloc            0x00003311   0x102  Code  Gb  heap_2.o [1]
pxCurrentTCB            0x20002f20     0x4  Data  Gb  tasks.o [1]
pxDelayedTaskList       0x20002f88     0x4  Data  Lc  tasks.o [1]
pxOverflowDelayedTaskList
                        0x20002f8c     0x4  Data  Lc  tasks.o [1]
pxPortInitialiseStack   0x00003561    0x22  Code  Gb  port.o [1]
pxReadyTasksLists       0x20002f24    0x64  Data  Lc  tasks.o [1]
sp                      0x2000498c     0x4  Data  Gb  stepper.o [1]
sprintf                 0x00002f25    0x34  Code  Gb  sprintf.o [3]
sscanf                  0x00002af9    0x24  Code  Gb  sscanf.o [3]
stepper::isr()          0x00001d69   0x188  Code  Gb  stepper.o [1]
stepper::microstepSet(microsteps)
                        0x00001f1d    0x32  Code  Gb  stepper.o [1]
stepper::moveAbsolute(int)
                        0x00001bd7   0x192  Code  Gb  stepper.o [1]
stepper::stepper()      0x00001b75    0x2c  Code  Gb  stepper.o [1]
stepperISR              0x00001b4d    0x28  Code  Gb  stepper.o [1]
stepper_init            0x00001ba1    0x36  Code  Gb  stepper.o [1]
stmtNestingLevel        0x200044fc     0x4  Data  Lc  interpret.o [1]
stmtPosition            0x20004510    0x20  Data  Lc  interpret.o [1]
stmtType                0x20004530    0x20  Data  Lc  interpret.o [1]
stmtValue               0x20004500     0x4  Data  Lc  interpret.o [1]
strchr                  0x00003741          Code  Gb  strchr.o [7]
strcmp                  0x00002a2d          Code  Gb  strcmp.o [7]
stringToNodeType(char const *)
                        0x00000359    0xf2  Code  Gb  interpret.o [1]
strlen                  0x00002ab9          Code  Gb  strlen.o [7]
symbFcnLink             0x2000450c     0x4  Data  Lc  interpret.o [1]
symbType                0x20004504     0x4  Data  Lc  interpret.o [1]
symbValue               0x20004508     0x4  Data  Lc  interpret.o [1]
symbolTableEntry::operator =(const symbolTableEntry&)
                        0x00002b57    0x12  Code  Gb  symbolTableEntry.o [1]
symbolTableEntry::symbolTableEntry()
                        0x00002b41     0xc  Code  Gb  symbolTableEntry.o [1]
symbolTableEntry::symbolTableEntry(nodeType, int)
                        0x00002b4d     0xa  Code  Gb  symbolTableEntry.o [1]
symbolTableEntry::~symbolTableEntry()
                        0x0000355f     0x2  Code  Gb  interpret.o [1]
tempBuf                 0x20004550    0x20  Data  Lc  interpret.o [1]
tinyQueue<unsigned char>::~tinyQueue()
                        0x0000373f     0x2  Code  Gb  interpret.o [1]
uDMAChannelAttributeDisable
                        0x0000635d    0x26  Code  Gb  udma.o [5]
uDMAChannelControlSet   0x00006383    0x18  Code  Gb  udma.o [5]
uDMAChannelDisable      0x0000634d    0x10  Code  Gb  udma.o [5]
uDMAChannelEnable       0x0000633d    0x10  Code  Gb  udma.o [5]
uDMAChannelModeGet      0x00006419    0x28  Code  Gb  udma.o [5]
uDMAChannelTransferSet  0x0000639b    0x7e  Code  Gb  udma.o [5]
uDMAUSBArbSizeSet       0x00005da9    0x60  Code  Lc  usbdma.o [9]
uDMAUSBChannelAllocate  0x00005c5f    0xa6  Code  Lc  usbdma.o [9]
uDMAUSBChannelDisable   0x00005b47    0x46  Code  Lc  usbdma.o [9]
uDMAUSBChannelEnable    0x00005af5    0x52  Code  Lc  usbdma.o [9]
uDMAUSBChannelIntDisable
                        0x00005b9b     0x2  Code  Lc  usbdma.o [9]
uDMAUSBChannelIntEnable
                        0x00005b99     0x2  Code  Lc  usbdma.o [9]
uDMAUSBChannelRelease   0x00005d05    0x5a  Code  Lc  usbdma.o [9]
uDMAUSBChannelStatus    0x00005a69    0x24  Code  Lc  usbdma.o [9]
uDMAUSBIntStatus        0x00005a8d    0x2a  Code  Lc  usbdma.o [9]
uDMAUSBTransfer         0x00005b9d    0xa6  Code  Lc  usbdma.o [9]
uDMAUSBUnitSizeSet      0x00005d5f    0x4a  Code  Lc  usbdma.o [9]
ucHeap                  0x20000018  0x2ee0  Data  Lc  heap_2.o [1]
ulPortSetInterruptMask  0x00003687          Code  Gb  portasm.o [1]
uxCriticalNesting       0x200030ac     0x4  Data  Lc  port.o [1]
uxCurrentNumberOfTasks  0x20002fa8     0x4  Data  Lc  tasks.o [1]
uxListRemove            0x0000353b    0x24  Code  Gb  list.o [1]
uxPendedTicks           0x20002fbc     0x4  Data  Lc  tasks.o [1]
uxSchedulerSuspended    0x20002fb8     0x4  Data  Lc  tasks.o [1]
uxTaskNumber            0x20002fc8     0x4  Data  Lc  tasks.o [1]
uxTasksDeleted          0x20002f90     0x4  Data  Lc  tasks.o [1]
uxTopReadyPriority      0x20002fb0     0x4  Data  Lc  tasks.o [1]
vApplicationStackOverflowHook
                        0x00002cd9     0x2  Code  Gb  main.o [1]
vIdleTask               0x00002bed    0x28  Code  Lc  main.o [1]
vInterpretTask          0x00002c15    0xa6  Code  Lc  main.o [1]
vListInitialise         0x000034ab    0x1a  Code  Gb  list.o [1]
vListInitialiseItem     0x000034c5     0x6  Code  Gb  list.o [1]
vListInsert             0x000034e3    0x58  Code  Gb  list.o [1]
vListInsertEnd          0x000034cb    0x18  Code  Gb  list.o [1]
vPortClearInterruptMask
                        0x00003695          Code  Gb  portasm.o [1]
vPortEnableVFP          0x000036c1          Code  Gb  portasm.o [1]
vPortEnterCritical      0x000035cb    0x1c  Code  Gb  port.o [1]
vPortExitCritical       0x000035e7    0x12  Code  Gb  port.o [1]
vPortFree               0x00003413    0x58  Code  Gb  heap_2.o [1]
vPortSVCHandler         0x0000369b          Code  Gb  portasm.o [1]
vPortSetupTimerInterrupt
                        0x0000361b     0xe  Code  Wk  port.o [1]
vPortStartFirstTask     0x000036b3          Code  Gb  portasm.o [1]
vPortYield              0x000035b9    0x12  Code  Gb  port.o [1]
vTaskDelay              0x00002645    0x62  Code  Gb  tasks.o [1]
vTaskDelayUntil         0x000025c9    0x7c  Code  Gb  tasks.o [1]
vTaskStartScheduler     0x000026a7    0x44  Code  Gb  tasks.o [1]
vTaskSuspendAll         0x000026eb    0x10  Code  Gb  tasks.o [1]
vTaskSwitchContext      0x000028c5    0xea  Code  Gb  tasks.o [1]
xDelayedTaskList1       0x20002fd0    0x14  Data  Lc  tasks.o [1]
xDelayedTaskList2       0x20002fe4    0x14  Data  Lc  tasks.o [1]
xEnd                    0x20000008     0x8  Data  Lc  heap_2.o [1]
xFreeBytesRemaining     0x20000010     0x4  Data  Lc  heap_2.o [1]
xNextTaskUnblockTime    0x20002fcc     0x4  Data  Lc  tasks.o [1]
xNumOfOverflows         0x20002fc4     0x4  Data  Lc  tasks.o [1]
xPendingReadyList       0x20002ef8    0x14  Data  Lc  tasks.o [1]
xPortPendSVHandler      0x0000363d          Code  Gb  portasm.o [1]
xPortStartScheduler     0x00003583    0x36  Code  Gb  port.o [1]
xPortSysTickHandler     0x000035f9    0x22  Code  Gb  port.o [1]
xSchedulerRunning       0x20002fb4     0x4  Data  Lc  tasks.o [1]
xStart                  0x20000000     0x8  Data  Lc  heap_2.o [1]
xSuspendedTaskList      0x20002f94    0x14  Data  Lc  tasks.o [1]
xTaskGenericCreate      0x00002429   0x1a0  Code  Gb  tasks.o [1]
xTaskGetTickCount       0x000027b7    0x16  Code  Gb  tasks.o [1]
xTaskIdleWaitStartTime  0x200044f8     0x4  Data  Lc  interpret.o [1]
xTaskIncrementTick      0x000027cd    0xf4  Code  Gb  tasks.o [1]
xTaskResumeAll          0x000026fd    0xba  Code  Gb  tasks.o [1]
xTaskWakeTime           0x200044f4     0x4  Data  Lc  interpret.o [1]
xTasksWaitingTermination
                        0x20002f0c    0x14  Data  Lc  tasks.o [1]
xTickCount              0x20002fac     0x4  Data  Lc  tasks.o [1]
xYieldPending           0x20002fc0     0x4  Data  Lc  tasks.o [1]


[1] = C:\dev\docs\scottdesign\motor\Release\Obj
[2] = command line
[3] = dl7M_tln.a
[4] = dlpp7M_tl_ne.a
[5] = driverlib.a
[6] = m7M_tlv.a
[7] = rt7M_tl.a
[8] = shb_l.a
[9] = usblib.a

  28 566 bytes of readonly  code memory
   1 391 bytes of readonly  data memory
  20 304 bytes of readwrite data memory

Errors: none
Warnings: 3
