###############################################################################
#                                                                             #
# IAR ELF Linker V6.40.1.53790/W32 for ARM              15/Oct/2013  07:56:34 #
# Copyright 2007-2012 IAR Systems AB.                                         #
#                                                                             #
#    Output file  =  C:\dev\docs\scottdesign\motor\Debug\Exe\motorTiva.out    #
#    Map file     =  C:\dev\docs\scottdesign\motor\Debug\List\motorTiva.map   #
#    Command line =  C:\dev\docs\scottdesign\motor\Debug\Obj\accel.o          #
#                    C:\dev\docs\scottdesign\motor\Debug\Obj\flashio.o        #
#                    C:\dev\docs\scottdesign\motor\Debug\Obj\heap_2.o         #
#                    C:\dev\docs\scottdesign\motor\Debug\Obj\interpret.o      #
#                    C:\dev\docs\scottdesign\motor\Debug\Obj\list.o           #
#                    C:\dev\docs\scottdesign\motor\Debug\Obj\main.o           #
#                    C:\dev\docs\scottdesign\motor\Debug\Obj\parseTreeEntry.o #
#                     C:\dev\docs\scottdesign\motor\Debug\Obj\port.o          #
#                    C:\dev\docs\scottdesign\motor\Debug\Obj\portasm.o        #
#                    C:\dev\docs\scottdesign\motor\Debug\Obj\queue.o          #
#                    C:\dev\docs\scottdesign\motor\Debug\Obj\startup_ewarm.o  #
#                    C:\dev\docs\scottdesign\motor\Debug\Obj\stepper.o        #
#                    C:\dev\docs\scottdesign\motor\Debug\Obj\symbolTableEntry #
#                    .o C:\dev\docs\scottdesign\motor\Debug\Obj\tasks.o       #
#                    C:\dev\docs\scottdesign\motor\Debug\Obj\uartstdio.o      #
#                    C:\dev\docs\scottdesign\motor\Debug\Obj\usb_dev_serial.o #
#                     C:\dev\docs\scottdesign\motor\Debug\Obj\usb_serial_stru #
#                    cts.o C:\dev\docs\scottdesign\motor\Debug\Obj\ustdlib.o  #
#                    C:\ti\TivaWare_C_Series-1.0\driverlib\ewarm\Exe\driverli #
#                    b.a C:\ti\TivaWare_C_Series-1.0\usblib\ewarm\Exe\usblib. #
#                    a --redirect _Printf=_PrintfTiny --redirect              #
#                    _Scanf=_ScanfSmall -o C:\dev\docs\scottdesign\motor\Debu #
#                    g\Exe\motorTiva.out --map C:\dev\docs\scottdesign\motor\ #
#                    Debug\List\motorTiva.map --config                        #
#                    C:\dev\docs\scottdesign\motor\motorTiva.icf              #
#                    --semihosting --entry __iar_program_start --vfe          #
#                                                                             #
#                                                                             #
###############################################################################

*******************************************************************************
*** RUNTIME MODEL ATTRIBUTES
***

CppFlavor                     = *
__CPP_Language                = EC++
__Heap_Handler                = Basic
__SystemLibrary               = DLib
__dlib_dynamic_initialization = normal


*******************************************************************************
*** PLACEMENT SUMMARY
***

"A1":  place at start of [0x00000000-0x0000ffff] { ro section .intvec };
"P1":  place in [from 0x00000000 to 0x0000ffff] { ro };
"P2":  place in [from 0x20000000 to 0x20005fff] { rw, block HEAP };

  Section             Kind        Address    Size  Object
  -------             ----        -------    ----  ------
"A1":                                       0x26c
  .intvec             const    0x00000000   0x26c  startup_ewarm.o [1]
                             - 0x0000026c   0x26c

"P1":                                      0x7178
  .text               ro code  0x0000026c   0xfa8  interpret.o [1]
  .text               ro code  0x00001214    0x50  cxxabi.o [4]
  .text               ro code  0x00001264     0x6  interpret.o [1]
  .text               ro code  0x0000126a    0x2e  copy_init3.o [7]
  .text               ro code  0x00001298   0x4bc  stepper.o [1]
  .text               ro code  0x00001754    0x10  interpret.o [1]
  .text               ro code  0x00001764    0x20  interpret.o [1]
  .text               ro code  0x00001784     0xc  interpret.o [1]
  .text               ro code  0x00001790   0x7c8  tasks.o [1]
  .text               ro code  0x00001f58    0x36  strlen.o [7]
  .text               ro code  0x00001f8e    0x22  zero_init3.o [7]
  .text               ro code  0x00001fb0   0x18e  main.o [1]
  .text               ro code  0x0000213e    0x1e  xsscin.o [3]
  .text               ro code  0x0000215c    0x42  strcmp.o [7]
  .text               ro code  0x0000219e     0xa  interpret.o [1]
  .text               ro code  0x000021a8    0x30  interpret.o [1]
  .text               ro code  0x000021d8    0x2a  interpret.o [1]
  .text               ro code  0x00002202     0xc  interpret.o [1]
  .text               ro code  0x0000220e     0x2  interpret.o [1]
  .text               ro code  0x00002210    0x10  interpret.o [1]
  .text               ro code  0x00002220    0x24  sscanf.o [3]
  .text               ro code  0x00002244    0x58  parseTreeEntry.o [1]
  .text               ro code  0x0000229c     0x4  parseTreeEntry.o [1]
  .text               ro code  0x000022a0     0x4  parseTreeEntry.o [1]
  .text               ro code  0x000022a4     0x4  parseTreeEntry.o [1]
  .text               ro code  0x000022a8     0x4  parseTreeEntry.o [1]
  .text               ro code  0x000022ac     0x2  interpret.o [1]
  .text               ro code  0x000022ae    0x54  symbolTableEntry.o [1]
  .text               ro code  0x00002302     0x4  symbolTableEntry.o [1]
  .text               ro code  0x00002306     0x4  symbolTableEntry.o [1]
  .text               ro code  0x0000230a     0x4  symbolTableEntry.o [1]
  .text               ro code  0x0000230e     0x2  interpret.o [1]
  .text               ro code  0x00002310     0xc  interpret.o [1]
  .text               ro code  0x0000231c     0x2  flashio.o [1]
  .text               ro code  0x0000231e     0xe  interpret.o [1]
  .text               ro code  0x0000232c    0x1e  interpret.o [1]
  .text               ro code  0x0000234a    0x16  interpret.o [1]
  .text               ro code  0x00002360    0x4c  xassert.o [3]
  .text               ro code  0x000023ac     0x4  parseTreeEntry.o [1]
  .text               ro code  0x000023b0    0x16  interpret.o [1]
  .text               ro code  0x000023c6    0x16  interpret.o [1]
  .text               ro code  0x000023dc    0x34  interpret.o [1]
  .text               ro code  0x00002410     0x6  interpret.o [1]
  .text               ro code  0x00002416     0x4  symbolTableEntry.o [1]
  .text               ro code  0x0000241a     0x6  interpret.o [1]
  .text               ro code  0x00002420     0xa  interpret.o [1]
  .rodata             const    0x0000242a     0x2  heap_2.o [1]
  .text               ro code  0x0000242c    0x3c  interpret.o [1]
  .text               ro code  0x00002468    0x26  interpret.o [1]
  .text               ro code  0x0000248e     0x6  interpret.o [1]
  .text               ro code  0x00002494     0x4  symbolTableEntry.o [1]
  .text               ro code  0x00002498    0x14  interpret.o [1]
  .text               ro code  0x000024ac    0x1a  interpret.o [1]
  .text               ro code  0x000024c6     0xa  interpret.o [1]
  .text               ro code  0x000024d0    0x16  interpret.o [1]
  .text               ro code  0x000024e6     0xe  interpret.o [1]
  .text               ro code  0x000024f4    0x28  interpret.o [1]
  .text               ro code  0x0000251c    0x16  interpret.o [1]
  .text               ro code  0x00002532     0x4  symbolTableEntry.o [1]
  .text               ro code  0x00002536    0x14  interpret.o [1]
  .text               ro code  0x0000254a     0x4  parseTreeEntry.o [1]
  .text               ro code  0x0000254e     0x4  parseTreeEntry.o [1]
  .text               ro code  0x00002552    0x1c  interpret.o [1]
  .text               ro code  0x0000256e     0x6  interpret.o [1]
  .text               ro code  0x00002574    0x76  ABImemcpy.o [7]
  .text               ro code  0x000025ea     0x2  interpret.o [1]
  .text               ro code  0x000025ec    0x98  cppinit.o [3]
  .text               ro code  0x00002684   0x258  accel.o [1]
  .text               ro code  0x000028dc    0x30  stepper.o [1]
  .text               ro code  0x0000290c     0x6  stepper.o [1]
  .text               ro code  0x00002912    0x22  stepper.o [1]
  .text               ro code  0x00002934    0x26  stepper.o [1]
  .text               ro code  0x0000295c    0x28  stepper.o [1]
  .text               ro code  0x00002984    0x26  stepper.o [1]
  .text               ro code  0x000029aa     0x6  stepper.o [1]
  .text               ro code  0x000029b0     0x6  stepper.o [1]
  .text               ro code  0x000029b8    0x18  stepper.o [1]
  .text               ro code  0x000029d0    0x3c  stepper.o [1]
  .text               ro code  0x00002a0c    0x30  stepper.o [1]
  .text               ro code  0x00002a3c    0x1c  stepper.o [1]
  .text               ro code  0x00002a58    0x30  stepper.o [1]
  .text               ro code  0x00002a88     0x6  stepper.o [1]
  .text               ro code  0x00002a8e    0x18  stepper.o [1]
  .text               ro code  0x00002aa6    0x12  stepper.o [1]
  .text               ro code  0x00002ab8    0x14  stepper.o [1]
  .text               ro code  0x00002acc    0x66  timer.o [5]
  .text               ro code  0x00002b32    0x10  stepper.o [1]
  .text               ro code  0x00002b44    0x28  stepper.o [1]
  .text               ro code  0x00002b6c    0x14  interpret.o [1]
  .text               ro code  0x00002b80   0x158  port.o [1]
  .text               ro code  0x00002cd8    0xa4  list.o [1]
  CODE                ro code  0x00002d7c    0xa0  portasm.o [1]
  .text               ro code  0x00002e1c    0x62  memcmp.o [7]
  .text               ro code  0x00002e80   0x14c  heap_2.o [1]
  .text               ro code  0x00002fcc    0x16  tasks.o [1]
  .text               ro code  0x00002fe2   0x24c  usbbuffer.o [9]
  .text               ro code  0x00003230     0x6  gpio.o [5]
  .text               ro code  0x00003238    0x74  sysctl.o [5]
  .text               ro code  0x000032ac   0x214  interrupt.o [5]
  .text               ro code  0x000034c0    0x2c  strstr.o [3]
  .text               ro code  0x000034ec   0x504  xscanfsmall.o [3]
  .text               ro code  0x000039f0     0x4  parseTreeEntry.o [1]
  .text               ro code  0x000039f4    0x1c  interpret.o [1]
  .text               ro code  0x00003a10    0x1c  interpret.o [1]
  .text               ro code  0x00003a2c    0x10  interpret.o [1]
  .text               ro code  0x00003a3c    0xa0  xreportassert.o [3]
  .text               ro code  0x00003adc     0x6  abort.o [3]
  .text               ro code  0x00003ae2    0x2a  interpret.o [1]
  .text               ro code  0x00003b0c     0x6  accel.o [1]
  .text               ro code  0x00003b12    0x18  stepper.o [1]
  .text               ro code  0x00003b2c    0x2c  I32ToDbl.o [6]
  .text               ro code  0x00003b58   0x1a2  DblMul.o [6]
  .text               ro code  0x00003cfc   0x246  DblDiv.o [6]
  .text               ro code  0x00003f44    0x90  DblToFlt.o [6]
  .text               ro code  0x00003fd4    0x50  expf.o [6]
  .text               ro code  0x00004024    0x18  stepper.o [1]
  .text               ro code  0x0000403c     0x6  stepper.o [1]
  .text               ro code  0x00004042    0x26  interpret.o [1]
  .text               ro code  0x00004068    0x66  ABImemset.o [7]
  .text               ro code  0x000040ce   0x152  usbringbuf.o [9]
  .text               ro code  0x00004220    0x10  cpu.o [5]
  .text               ro code  0x00004230    0x16  strchr.o [7]
  .text               ro code  0x00004246    0x86  xstol.o [3]
  .text               ro code  0x000042cc   0x174  xstoul.o [3]
  .text               ro code  0x00004440     0xc  interpret.o [1]
  .text               ro code  0x0000444c    0x28  putchar.o [3]
  .text               ro code  0x00004474    0x14  exit.o [8]
  .text               ro code  0x00004488   0x21c  xfexp.o [6]
  .text               ro code  0x000046a4    0x2a  stepper.o [1]
  .text               ro code  0x000046ce     0xe  interpret.o [1]
  .text               ro code  0x000046dc     0xc  errno.o [3]
  .text               ro code  0x000046e8    0x58  memchr.o [7]
  .text               ro code  0x00004740    0x10  write.o [8]
  .text               ro code  0x00004750    0x6c  iarttio.o [8]
  .text               ro code  0x000047bc    0xc8  xfdscale.o [6]
  .text               ro code  0x00004884     0x2  xtls.o [3]
  .text               ro code  0x00004886    0x1e  dwrite.o [8]
  .text               ro code  0x000048a4     0x8  XShttio.o [3]
  .text               ro code  0x000048ac    0x26  xfdnorm.o [6]
  .text               ro code  0x000048d2    0x20  iarwstd.o [8]
  .text               ro code  0x000048f2    0x22  iarwrite.o [8]
  .text               ro code  0x00004914   0x96c  usbdenum.o [9]
  .text               ro code  0x00005280   0x3f6  usb.o [5]
  .text               ro code  0x00005678   0x478  usbdma.o [9]
  .text               ro code  0x00005af0    0x6c  usbtick.o [9]
  .text               ro code  0x00005b5c   0x150  usbdcdesc.o [9]
  .text               ro code  0x00005cac   0x228  usbdconfig.o [9]
  .text               ro code  0x00005ed4   0x11c  udma.o [5]
  .text               ro code  0x00005ff0    0x54  usbdesc.o [9]
  .text               ro code  0x00006044   0x750  usbdcdc.o [9]
  .text               ro code  0x00006794   0x56c  usb_dev_serial.o [1]
  .text               ro code  0x00006d00    0x1c  usbmode.o [9]
  .rodata             const    0x00006d1c    0x6c  usbdcdc.o [9]
  .text               ro code  0x00006d88    0x4c  interpret.o [1]
  .text               ro code  0x00006dd4     0xe  interpret.o [1]
  .text               ro code  0x00006de2     0xe  interpret.o [1]
  .text               ro code  0x00006df0     0x2  interpret.o [1]
  .text               ro code  0x00006df2     0x2  interpret.o [1]
  .text               ro code  0x00006df4     0x2  interpret.o [1]
  .rodata             const    0x00006df8    0x48  interpret.o [1]
  .rodata             const    0x00006e40    0x38  usb_serial_structs.o [1]
  .rodata             const    0x00006e78    0x30  interpret.o [1]
  .rodata             const    0x00006ea8    0x2c  interpret.o [1]
  .rodata             const    0x00006ed4    0x2c  interpret.o [1]
  .rodata             const    0x00006f00    0x2c  usb_serial_structs.o [1]
  .rodata             const    0x00006f2c    0x28  main.o [1]
  .rodata             const    0x00006f54    0x28  stepper.o [1]
  .text               ro code  0x00006f7c    0x28  data_init3.o [7]
  .rodata             const    0x00006fa4    0x24  usb_serial_structs.o [1]
  .rodata             const    0x00006fc8    0x24  usb_serial_structs.o [1]
  .rodata             const    0x00006fec    0x24  usb_serial_structs.o [1]
  .rodata             const    0x00007010    0x24  usb_serial_structs.o [1]
  .iar.init_table     const    0x00007034    0x28  - Linker created -
  .rodata             const    0x0000705c    0x20  interpret.o [1]
  .rodata             const    0x0000707c    0x20  interpret.o [1]
  .text               ro code  0x0000709c    0x20  cmain_call_ctors.o [7]
  .text               ro code  0x000070bc    0x1e  startup_ewarm.o [1]
  .text               ro code  0x000070da     0xc  cstartup_M.o [7]
  .text               ro code  0x000070e8    0x1a  fpinit_M.o [6]
  .text               ro code  0x00007104    0x16  cmain.o [7]
  .text               ro code  0x0000711a     0x4  low_level_init.o [3]
  .text               ro code  0x0000711e     0x4  exit.o [3]
  .text               ro code  0x00007124     0xe  cexit.o [7]
  .rodata             const    0x00007134    0x1c  interpret.o [1]
  .rodata             const    0x00007150    0x18  stepper.o [1]
  .rodata             const    0x00007168    0x18  usb_serial_structs.o [1]
  .text               ro code  0x00007180    0x18  usbdhandler.o [9]
  .rodata             const    0x00007198    0x14  tasks.o [1]
  .rodata             const    0x000071ac    0x14  usb_serial_structs.o [1]
  .rodata             const    0x000071c0    0x10  interpret.o [1]
  .rodata             const    0x000071d0    0x10  interpret.o [1]
  .rodata             const    0x000071e0    0x10  usb_dev_serial.o [1]
  .rodata             const    0x000071f0     0xc  interpret.o [1]
  .rodata             const    0x000071fc     0xc  interpret.o [1]
  .rodata             const    0x00007208     0xc  interpret.o [1]
  .rodata             const    0x00007214     0xc  interpret.o [1]
  .rodata             const    0x00007220     0xc  interpret.o [1]
  .rodata             const    0x0000722c     0xc  interpret.o [1]
  .rodata             const    0x00007238     0xc  interpret.o [1]
  .rodata             const    0x00007244     0xc  interpret.o [1]
  .rodata             const    0x00007250     0xc  interpret.o [1]
  .rodata             const    0x0000725c     0xc  main.o [1]
  .rodata             const    0x00007268     0xc  usb_dev_serial.o [1]
  .rodata             const    0x00007274     0x8  interpret.o [1]
  .rodata             const    0x0000727c     0x8  interpret.o [1]
  .rodata             const    0x00007284     0x8  interpret.o [1]
  .rodata             const    0x0000728c     0x8  interpret.o [1]
  .rodata             const    0x00007294     0x8  interpret.o [1]
  .rodata             const    0x0000729c     0x8  interpret.o [1]
  .rodata             const    0x000072a4     0x8  interpret.o [1]
  .rodata             const    0x000072ac     0x8  interpret.o [1]
  .rodata             const    0x000072b4     0x8  interpret.o [1]
  .rodata             const    0x000072bc     0x8  interpret.o [1]
  .rodata             const    0x000072c4     0x8  interpret.o [1]
  .rodata             const    0x000072cc     0x8  interpret.o [1]
  .rodata             const    0x000072d4     0x8  interpret.o [1]
  .rodata             const    0x000072dc     0x8  interpret.o [1]
  .rodata             const    0x000072e4     0x8  interpret.o [1]
  .rodata             const    0x000072ec     0x8  interpret.o [1]
  .rodata             const    0x000072f4     0x8  main.o [1]
  .rodata             const    0x000072fc     0x8  main.o [1]
  .rodata             const    0x00007304     0x8  tasks.o [1]
  .rodata             const    0x0000730c     0x4  usb_serial_structs.o [1]
  SHT$$PREINIT_ARRAY           0x00007310     0x0  <Block>
  SHT$$INIT_ARRAY              0x00007310     0x4  <Block>
    .init_array       const    0x00007310     0x4  interpret.o [1]
  .text               ro code  0x00007314     0x0  cstart_call_dtors.o [7]
  .rodata             const    0x00007314     0x0  zero_init3.o [7]
  .rodata             const    0x00007314     0x0  copy_init3.o [7]
  Initializer bytes   ro data  0x00007314    0xd0  <for P2 s0>
                             - 0x000073e4  0x7178

"P2", part 1 of 3:                           0xd0
  P2 s0                        0x20000000    0xd0  <Init block>
    .data             inited   0x20000000    0x60  usb_serial_structs.o [1]
    .data             inited   0x20000060    0x20  usbdcdc.o [9]
    .data             inited   0x20000080    0x10  usbdcdc.o [9]
    .data             inited   0x20000090    0x10  usbmode.o [9]
    .data             inited   0x200000a0     0xc  usbdcdc.o [9]
    .data             inited   0x200000ac     0x8  usbdcdc.o [9]
    .data             inited   0x200000b4     0x8  XShttio.o [3]
    .data             inited   0x200000bc     0x4  heap_2.o [1]
    .data             inited   0x200000c0     0x4  interpret.o [1]
    .data             inited   0x200000c4     0x4  interpret.o [1]
    .data             inited   0x200000c8     0x4  port.o [1]
    .data             inited   0x200000cc     0x4  tasks.o [1]
                             - 0x200000d0    0xd0

"P2", part 2 of 3:                         0x4798
  .bss                zero     0x200000d0  0x2ee0  heap_2.o [1]
  .bss                zero     0x20002fb0  0x120c  interpret.o [1]
  .bss                zero     0x200041bc   0x110  usbdma.o [9]
  .bss                zero     0x200042cc   0x108  interpret.o [1]
  .bss                zero     0x200043d4   0x100  usb_serial_structs.o [1]
  .bss                zero     0x200044d4   0x100  usb_serial_structs.o [1]
  .bss                zero     0x200045d4    0x64  tasks.o [1]
  .bss                zero     0x20004638    0x50  usbdenum.o [9]
  .bss                zero     0x20004688    0x40  usbdenum.o [9]
  .bss                zero     0x200046c8    0x38  usbtick.o [9]
  .bss                zero     0x20004700    0x20  interpret.o [1]
  .bss                zero     0x20004720    0x20  interpret.o [1]
  .bss                zero     0x20004740    0x18  usb_serial_structs.o [1]
  .bss                zero     0x20004758    0x18  usb_serial_structs.o [1]
  .bss                zero     0x20004770    0x14  tasks.o [1]
  .bss                zero     0x20004784    0x14  tasks.o [1]
  .bss                zero     0x20004798    0x14  tasks.o [1]
  .bss                zero     0x200047ac    0x14  tasks.o [1]
  .bss                zero     0x200047c0    0x14  tasks.o [1]
  .bss                zero     0x200047d4     0x8  heap_2.o [1]
  .bss                zero     0x200047dc     0x8  heap_2.o [1]
  .bss                zero     0x200047e4     0x4  heap_2.o [1]
  .bss                zero     0x200047e8     0x4  interpret.o [1]
  .bss                zero     0x200047ec     0x4  interpret.o [1]
  .bss                zero     0x200047f0     0x4  interpret.o [1]
  .bss                zero     0x200047f4     0x4  interpret.o [1]
  .bss                zero     0x200047f8     0x4  interpret.o [1]
  .bss                zero     0x200047fc     0x4  interpret.o [1]
  .bss                zero     0x20004800     0x4  interpret.o [1]
  .bss                zero     0x20004804     0x4  port.o [1]
  .bss                zero     0x20004808     0x4  stepper.o [1]
  .bss                zero     0x2000480c     0x4  tasks.o [1]
  .bss                zero     0x20004810     0x4  tasks.o [1]
  .bss                zero     0x20004814     0x4  tasks.o [1]
  .bss                zero     0x20004818     0x4  tasks.o [1]
  .bss                zero     0x2000481c     0x4  tasks.o [1]
  .bss                zero     0x20004820     0x4  tasks.o [1]
  .bss                zero     0x20004824     0x4  tasks.o [1]
  .bss                zero     0x20004828     0x4  tasks.o [1]
  .bss                zero     0x2000482c     0x4  tasks.o [1]
  .bss                zero     0x20004830     0x4  tasks.o [1]
  .bss                zero     0x20004834     0x4  tasks.o [1]
  .bss                zero     0x20004838     0x4  tasks.o [1]
  .bss                zero     0x2000483c     0x4  tasks.o [1]
  .bss                zero     0x20004840     0x4  usb_dev_serial.o [1]
  .bss                zero     0x20004844     0x4  usb_dev_serial.o [1]
  .bss                zero     0x20004848     0x4  usb_dev_serial.o [1]
  .bss                zero     0x2000484c     0x4  usb_dev_serial.o [1]
  .bss                zero     0x20004850     0x4  usbtick.o [9]
  .bss                zero     0x20004854     0x4  cppinit.o [3]
  .bss                zero     0x20004858     0x4  cppinit.o [3]
  __DLIB_PERTHREAD    zero     0x2000485c     0x4  errno.o [3]
  .bss                zero     0x20004860     0x1  interpret.o [1]
  .bss                zero     0x20004861     0x1  interpret.o [1]
  .bss                zero     0x20004862     0x1  interpret.o [1]
  .bss                zero     0x20004863     0x1  port.o [1]
  .bss                zero     0x20004864     0x1  usb_dev_serial.o [1]
  .bss                zero     0x20004865     0x1  usb_dev_serial.o [1]
                             - 0x20004866  0x4796

"P2", part 3 of 3:                          0x5b0
  .noinit             uninit   0x20004868   0x400  startup_ewarm.o [1]
  .iar.dynexit                 0x20004c68   0x1b0  <Block>
    .iar.dynexit      uninit   0x20004c68     0xc  cppinit.o [3]
    .iar.dynexit      uninit   0x20004c74   0x1a4  <Block tail>
                             - 0x20004e18   0x5b0


*******************************************************************************
*** INIT TABLE
***

          Address     Size
          -------     ----
Zero (__iar_zero_init3)
    1 destination range, total size 0x4796:
          0x200000d0  0x4796

Copy (__iar_copy_init3)
    1 source range, total size 0xd0:
          0x00007314    0xd0
    1 destination range, total size 0xd0:
          0x20000000    0xd0

Extra (__iar_cstart_call_ctors)



*******************************************************************************
*** MODULE SUMMARY
***

    Module                ro code  ro data  rw data
    ------                -------  -------  -------
C:\dev\docs\scottdesign\motor\Debug\Obj: [1]
    accel.o                   606
    flashio.o                   2
    heap_2.o                  332        6   12 024
    interpret.o             5 026      580    4 987
    list.o                    164
    main.o                    398       68
    parseTreeEntry.o          120
    port.o                    344        4        9
    portasm.o                 160
    startup_ewarm.o            30      620    1 024
    stepper.o               1 856       64        4
    symbolTableEntry.o        108
    tasks.o                 2 014       32      256
    usb_dev_serial.o        1 388       28       18
    usb_serial_structs.o               388      656
    -----------------------------------------------
    Total:                 12 548    1 790   18 978

command line: [2]
    -----------------------------------------------
    Total:

dl7M_tln.a: [3]
    XShttio.o                   8        8        8
    abort.o                     6
    cppinit.o                 152                20
    errno.o                    12                 4
    exit.o                      4
    low_level_init.o            4
    putchar.o                  40
    sscanf.o                   36
    strstr.o                   44
    xassert.o                  76
    xreportassert.o           160
    xscanfsmall.o           1 284
    xsscin.o                   30
    xstol.o                   134
    xstoul.o                  372
    xtls.o                      2
    -----------------------------------------------
    Total:                  2 364        8       32

dlpp7M_tl_ne.a: [4]
    cxxabi.o                   80
    -----------------------------------------------
    Total:                     80

driverlib.a: [5]
    cpu.o                      16
    gpio.o                      6
    interrupt.o               532
    sysctl.o                  116
    timer.o                   102
    udma.o                    284
    usb.o                   1 014
    -----------------------------------------------
    Total:                  2 070

m7M_tlv.a: [6]
    DblDiv.o                  582
    DblMul.o                  418
    DblToFlt.o                144
    I32ToDbl.o                 44
    expf.o                     80
    fpinit_M.o                 26
    xfdnorm.o                  38
    xfdscale.o                200
    xfexp.o                   540
    -----------------------------------------------
    Total:                  2 072

rt7M_tl.a: [7]
    ABImemcpy.o               118
    ABImemset.o               102
    cexit.o                    14
    cmain.o                    22
    cmain_call_ctors.o         32
    copy_init3.o               46
    cstart_call_dtors.o
    cstartup_M.o               12
    data_init3.o               40
    memchr.o                   88
    memcmp.o                   98
    strchr.o                   22
    strcmp.o                   66
    strlen.o                   54
    zero_init3.o               34
    -----------------------------------------------
    Total:                    748

shb_l.a: [8]
    dwrite.o                   30
    exit.o                     20
    iarttio.o                 108
    iarwrite.o                 34
    iarwstd.o                  32
    write.o                    16
    -----------------------------------------------
    Total:                    240

usblib.a: [9]
    usbbuffer.o               588
    usbdcdc.o               1 872      176       68
    usbdcdesc.o               336
    usbdconfig.o              552
    usbdenum.o              2 412               144
    usbdesc.o                  84
    usbdhandler.o              24
    usbdma.o                1 144               272
    usbmode.o                  28       16       16
    usbringbuf.o              338
    usbtick.o                 108                60
    -----------------------------------------------
    Total:                  7 486      192      560

    Gaps                       26        4
    Linker created                      40      420
---------------------------------------------------
    Grand Total:           27 634    2 034   19 990


*******************************************************************************
*** ENTRY LIST
***

Entry                      Address    Size  Type      Object
-----                      -------    ----  ----      ------
.iar.dynexit$$Base      0x20004c68           --   Gb  - Linker created -
.iar.dynexit$$Limit     0x20004e18           --   Gb  - Linker created -
?main                   0x00007105          Code  Gb  cmain.o [7]
CDCTickHandler          0x000064a9    0x7a  Code  Lc  usbdcdc.o [9]
CPUcpsid                0x00004221     0x8  Code  Gb  cpu.o [5]
CPUcpsie                0x00004229     0x8  Code  Gb  cpu.o [5]
CheckForSerialStateChange
                        0x00006795    0x3a  Code  Lc  usb_dev_serial.o [1]
ControlHandler          0x00006a6d    0xd8  Code  Gb  usb_dev_serial.o [1]
DMAUSBIntHandler        0x000056d5    0x30  Code  Lc  usbdma.o [9]
DMAUSBIntStatusClear    0x000056c7     0xe  Code  Lc  usbdma.o [9]
DMAUSBStatus            0x00005a21     0x4  Code  Lc  usbdma.o [9]
DeviceConsumedAllData   0x0000605d    0x18  Code  Lc  usbdcdc.o [9]
DtorRecArray            0x20004c68     0xc  Data  Lc  cppinit.o [3]
FaultISR                0x000070d7     0x2  Code  Lc  startup_ewarm.o [1]
GPIOPinWrite            0x00003231     0x6  Code  Gb  gpio.o [5]
GetEPDescriptorType     0x00005cc9    0x46  Code  Lc  usbdconfig.o [9]
GetEndpointFIFOSize     0x00005cad    0x1c  Code  Lc  usbdconfig.o [9]
GetLineCoding           0x00006997    0xa4  Code  Lc  usb_dev_serial.o [1]
HandleConfigChange      0x000062bd    0x2c  Code  Lc  usbdcdc.o [9]
HandleDevice            0x00006337    0x62  Code  Lc  usbdcdc.o [9]
HandleDisconnect        0x00006463    0x22  Code  Lc  usbdcdc.o [9]
HandleEP0Data           0x000062e9    0x46  Code  Lc  usbdcdc.o [9]
HandleEndpoints         0x0000626b    0x52  Code  Lc  usbdcdc.o [9]
HandleRequests          0x00006399    0xb8  Code  Lc  usbdcdc.o [9]
HandleResume            0x00006491     0xc  Code  Lc  usbdcdc.o [9]
HandleRxAvailable       0x00003071    0xb2  Code  Lc  usbbuffer.o [9]
HandleSuspend           0x00006485     0xc  Code  Lc  usbdcdc.o [9]
IntDefaultHandler       0x000070d9     0x2  Code  Lc  startup_ewarm.o [1]
IntDisable              0x0000333f    0x58  Code  Gb  interrupt.o [5]
IntEnable               0x000032e7    0x58  Code  Gb  interrupt.o [5]
IntIsEnabled            0x00003397    0x5c  Code  Gb  interrupt.o [5]
IntMasterDisable        0x000032b5     0x6  Code  Gb  interrupt.o [5]
IntMasterEnable         0x000032ad     0x8  Code  Gb  interrupt.o [5]
IntPrioritySet          0x000032c3    0x24  Code  Gb  interrupt.o [5]
InternalUSBRegisterTickHandler
                        0x00005b0d    0x24  Code  Gb  usbtick.o [9]
InternalUSBStartOfFrameTick
                        0x00005b31    0x26  Code  Gb  usbtick.o [9]
InternalUSBTickInit     0x00005af1    0x1c  Code  Gb  usbtick.o [9]
NextConfigDescGet       0x00005b5d    0x2e  Code  Lc  usbdcdesc.o [9]
NmiSR                   0x000070d5     0x2  Code  Lc  startup_ewarm.o [1]
ProcessDataFromHost     0x0000616f    0x5e  Code  Gb  usbdcdc.o [9]
ProcessDataToHost       0x00006211    0x52  Code  Gb  usbdcdc.o [9]
ProcessNotificationToHost
                        0x000061db    0x36  Code  Gb  usbdcdc.o [9]
ReadUARTData            0x000067cf    0x64  Code  Lc  usb_dev_serial.o [1]
Region$$Table$$Base     0x00007034           --   Gb  - Linker created -
Region$$Table$$Limit    0x0000705c           --   Gb  - Linker created -
ResetISR                0x000070bd    0x14  Code  Gb  startup_ewarm.o [1]
RxHandler               0x00006b53    0x48  Code  Gb  usb_dev_serial.o [1]
SHT$$INIT_ARRAY$$Base   0x00007310           --   Gb  - Linker created -
SHT$$INIT_ARRAY$$Limit  0x00007314           --   Gb  - Linker created -
SHT$$PREINIT_ARRAY$$Base
                        0x00007310           --   Gb  - Linker created -
SHT$$PREINIT_ARRAY$$Limit
                        0x00007310           --   Gb  - Linker created -
ScheduleNextTransmission
                        0x00002fe3    0x8e  Code  Lc  usbbuffer.o [9]
SendBreak               0x00006a3b    0x32  Code  Lc  usb_dev_serial.o [1]
SendBreak               0x00006075    0x3a  Code  Lc  usbdcdc.o [9]
SendLineCodingChange    0x000060af    0x1e  Code  Lc  usbdcdc.o [9]
SendLineStateChange     0x000060cd    0x1e  Code  Lc  usbdcdc.o [9]
SendSerialState         0x000060eb    0x84  Code  Lc  usbdcdc.o [9]
SetControlLineState     0x000068eb     0x2  Code  Lc  usb_dev_serial.o [1]
SetDeferredOpFlag       0x00006045    0x18  Code  Lc  usbdcdc.o [9]
SetLineCoding           0x000068ed    0xaa  Code  Lc  usb_dev_serial.o [1]
SysCtlPeripheralEnable  0x00003279     0x8  Code  Gb  sysctl.o [5]
SysCtlPeripheralReset   0x00003239    0x40  Code  Gb  sysctl.o [5]
SysCtlUSBPLLEnable      0x00003295     0xc  Code  Gb  sysctl.o [5]
TimerConfigure          0x00002ae5    0x26  Code  Gb  timer.o [5]
TimerDisable            0x00002ad9     0xc  Code  Gb  timer.o [5]
TimerEnable             0x00002acd     0xc  Code  Gb  timer.o [5]
TimerIntEnable          0x00002b21     0x4  Code  Gb  timer.o [5]
TimerLoadSet            0x00002b11    0x10  Code  Gb  timer.o [5]
TxHandler               0x00006b45     0xe  Code  Gb  usb_dev_serial.o [1]
UARTSend                0x00001fc3    0x12  Code  Gb  main.o [1]
USB0DeviceIntHandler    0x00007181    0x18  Code  Gb  usbdhandler.o [9]
USBBufferDataAvailable  0x00003197     0x6  Code  Gb  usbbuffer.o [9]
USBBufferEventCallback  0x000031a3    0x8c  Code  Gb  usbbuffer.o [9]
USBBufferFlush          0x0000316b     0x6  Code  Gb  usbbuffer.o [9]
USBBufferInit           0x00003123    0x16  Code  Gb  usbbuffer.o [9]
USBBufferRead           0x00003171    0x26  Code  Gb  usbbuffer.o [9]
USBBufferSpaceAvailable
                        0x0000319d     0x6  Code  Gb  usbbuffer.o [9]
USBBufferWrite          0x00003139    0x32  Code  Gb  usbbuffer.o [9]
USBDCDCCompositeInit    0x00006539    0x8e  Code  Gb  usbdcdc.o [9]
USBDCDCInit             0x000065c7    0x42  Code  Gb  usbdcdc.o [9]
USBDCDCPacketRead       0x00006665    0x7e  Code  Gb  usbdcdc.o [9]
USBDCDCPacketWrite      0x00006619    0x4c  Code  Gb  usbdcdc.o [9]
USBDCDCRxPacketAvailable
                        0x000066f3    0x32  Code  Gb  usbdcdc.o [9]
USBDCDCSerialStateChange
                        0x0000672d    0x2e  Code  Gb  usbdcdc.o [9]
USBDCDCTxPacketAvailable
                        0x000066e3    0x10  Code  Gb  usbdcdc.o [9]
USBDCDConfigDescGet     0x00005bd3    0x54  Code  Gb  usbdcdesc.o [9]
USBDCDConfigDescGetNum  0x00005ba9    0x2a  Code  Gb  usbdcdesc.o [9]
USBDCDConfigDescGetSize
                        0x00005b8b    0x1e  Code  Gb  usbdcdesc.o [9]
USBDCDConfigGetInterface
                        0x00005c27    0x4c  Code  Gb  usbdcdesc.o [9]
USBDCDConfigGetInterfaceEndpoint
                        0x00005c7b    0x32  Code  Gb  usbdcdesc.o [9]
USBDCDDeviceInfoInit    0x00004915    0x1a  Code  Gb  usbdenum.o [9]
USBDCDInit              0x0000492f    0xb8  Code  Gb  usbdenum.o [9]
USBDCDRequestDataEP0    0x000049e7    0x10  Code  Gb  usbdenum.o [9]
USBDCDSendDataEP0       0x000049f7     0xa  Code  Gb  usbdenum.o [9]
USBDCDStallEP0          0x00004a05    0x18  Code  Gb  usbdenum.o [9]
USBDClearFeature        0x00004c17    0x72  Code  Lc  usbdenum.o [9]
USBDEP0StateTx          0x00004fc7    0x66  Code  Lc  usbdenum.o [9]
USBDEP0StateTxConfig    0x0000502d   0x13e  Code  Lc  usbdenum.o [9]
USBDGetConfiguration    0x00004e3b    0x22  Code  Lc  usbdenum.o [9]
USBDGetDescriptor       0x00004d0d   0x128  Code  Lc  usbdenum.o [9]
USBDGetInterface        0x00004ef3    0x24  Code  Lc  usbdenum.o [9]
USBDGetStatus           0x00004bc7    0x50  Code  Lc  usbdenum.o [9]
USBDReadAndDispatchRequest
                        0x00004a67    0x56  Code  Lc  usbdenum.o [9]
USBDSetAddress          0x00004cf3    0x1a  Code  Lc  usbdenum.o [9]
USBDSetConfiguration    0x00004e6d    0x7e  Code  Lc  usbdenum.o [9]
USBDSetDescriptor       0x00004e35     0x6  Code  Lc  usbdenum.o [9]
USBDSetFeature          0x00004c93    0x60  Code  Lc  usbdenum.o [9]
USBDSetInterface        0x00004f2f    0x88  Code  Lc  usbdenum.o [9]
USBDSyncFrame           0x00004fb7     0x4  Code  Lc  usbdenum.o [9]
USBDescGet              0x00006017    0x2e  Code  Gb  usbdesc.o [9]
USBDescGetNum           0x00005ff1    0x26  Code  Gb  usbdesc.o [9]
USBDevAddrSet           0x00005417     0x4  Code  Gb  usb.o [5]
USBDevConnect           0x000053ff     0xc  Code  Gb  usb.o [5]
USBDevDisconnect        0x0000540b     0xc  Code  Gb  usb.o [5]
USBDevEndpointConfigSet
                        0x0000541b    0x74  Code  Gb  usb.o [5]
USBDevEndpointDataAck   0x000055bd    0x20  Code  Gb  usb.o [5]
USBDevEndpointStall     0x0000538f    0x30  Code  Gb  usb.o [5]
USBDevEndpointStallClear
                        0x000053bf    0x40  Code  Gb  usb.o [5]
USBDevEndpointStatusClear
                        0x00005341    0x4e  Code  Gb  usb.o [5]
USBDevMode              0x00005661     0x2  Code  Gb  usb.o [5]
USBDeviceConfig         0x00005d0f   0x136  Code  Gb  usbdconfig.o [9]
USBDeviceConfigAlternate
                        0x00005e51    0x7e  Code  Gb  usbdconfig.o [9]
USBDeviceEnumHandler    0x00004ac1    0xca  Code  Gb  usbdenum.o [9]
USBDeviceEnumResetHandler
                        0x00004b8b    0x3c  Code  Gb  usbdenum.o [9]
USBDeviceIntHandlerInternal
                        0x0000516b    0xc8  Code  Gb  usbdenum.o [9]
USBDeviceResumeTickHandler
                        0x00004a1d    0x4a  Code  Gb  usbdenum.o [9]
USBEndpointDMAChannel   0x00005647    0x1a  Code  Gb  usb.o [5]
USBEndpointDMAConfigSet
                        0x000054d1    0x48  Code  Gb  usb.o [5]
USBEndpointDMADisable   0x00005539    0x20  Code  Gb  usb.o [5]
USBEndpointDMAEnable    0x00005519    0x20  Code  Gb  usb.o [5]
USBEndpointDataAvail    0x00005559    0x20  Code  Gb  usb.o [5]
USBEndpointDataGet      0x00005579    0x44  Code  Gb  usb.o [5]
USBEndpointDataPut      0x000055dd    0x30  Code  Gb  usb.o [5]
USBEndpointDataSend     0x00005613    0x2c  Code  Gb  usb.o [5]
USBEndpointPacketCountSet
                        0x00005669     0xe  Code  Gb  usb.o [5]
USBEndpointStatus       0x0000532d     0xe  Code  Gb  usb.o [5]
USBFIFOAddrGet          0x0000563f     0x8  Code  Gb  usb.o [5]
USBFIFOConfigSet        0x0000548f    0x3c  Code  Gb  usb.o [5]
USBHostResume           0x0000529b    0x14  Code  Gb  usb.o [5]
USBIndexWrite           0x00005281    0x1a  Code  Lc  usb.o [5]
USBIntEnableControl     0x000052af    0x26  Code  Gb  usb.o [5]
USBIntEnableEndpoint    0x00005305    0x1a  Code  Gb  usb.o [5]
USBIntStatusControl     0x000052d5    0x30  Code  Gb  usb.o [5]
USBIntStatusEndpoint    0x0000531f     0x6  Code  Gb  usb.o [5]
USBLibDMAInit           0x00005a25    0x84  Code  Gb  usbdma.o [9]
USBRingBufAdvanceRead   0x00004197    0x1e  Code  Gb  usbringbuf.o [9]
USBRingBufAdvanceWrite  0x000041b5    0x36  Code  Gb  usbringbuf.o [9]
USBRingBufContigFree    0x00004149    0x1c  Code  Gb  usbringbuf.o [9]
USBRingBufContigUsed    0x00004137    0x12  Code  Gb  usbringbuf.o [9]
USBRingBufFlush         0x000040fb    0x1a  Code  Gb  usbringbuf.o [9]
USBRingBufFree          0x00004129     0xe  Code  Gb  usbringbuf.o [9]
USBRingBufInit          0x00004215     0xc  Code  Gb  usbringbuf.o [9]
USBRingBufRead          0x0000417b    0x1c  Code  Gb  usbringbuf.o [9]
USBRingBufReadOne       0x00004165    0x16  Code  Gb  usbringbuf.o [9]
USBRingBufUsed          0x00004115    0x14  Code  Gb  usbringbuf.o [9]
USBRingBufWrite         0x000041f9    0x1c  Code  Gb  usbringbuf.o [9]
USBRingBufWriteOne      0x000041eb     0xe  Code  Gb  usbringbuf.o [9]
USBStackModeSet         0x00006d01    0x18  Code  Gb  usbmode.o [9]
USBUARTIntHandler       0x00006887    0x64  Code  Gb  usb_dev_serial.o [1]
USBUARTPrimeTransmit    0x00006833    0x54  Code  Lc  usb_dev_serial.o [1]
UpdateIndexAtomic       0x000040cf    0x2c  Code  Lc  usbringbuf.o [9]
_GetintSmall            0x000037a9   0x230  Code  Lc  xscanfsmall.o [3]
_GetstrSmall            0x000036e9    0xc0  Code  Lc  xscanfsmall.o [3]
_SScin                  0x0000213f    0x1e  Code  Gb  xsscin.o [3]
_ScanfSmall             0x000034ed   0x1f6  Code  Gb  xscanfsmall.o [3]
__aeabi_assert          0x00002363    0x4a  Code  Gb  xassert.o [3]
__aeabi_atexit          0x00001255     0xa  Code  Gb  cxxabi.o [4]
__aeabi_d2f             0x00003f45          Code  Gb  DblToFlt.o [6]
__aeabi_ddiv            0x00003cfd          Code  Gb  DblDiv.o [6]
__aeabi_dmul            0x00003b59          Code  Gb  DblMul.o [6]
__aeabi_errno_addr      0x000046dd     0x6  Code  Gb  errno.o [3]
__aeabi_i2d             0x00003b2d          Code  Gb  I32ToDbl.o [6]
__aeabi_memcpy          0x00002575          Code  Gb  ABImemcpy.o [7]
__aeabi_memcpy4         0x00002595          Code  Gb  ABImemcpy.o [7]
__aeabi_memcpy8         0x00002595          Code  Gb  ABImemcpy.o [7]
__aeabi_memset          0x00004069          Code  Gb  ABImemset.o [7]
__aeabi_vec_ctor_nocookie_nodtor
                        0x00001215    0x22  Code  Gb  cxxabi.o [4]
__aeabi_vec_dtor        0x00001237    0x1e  Code  Gb  cxxabi.o [4]
__call_ctors            0x000025ed    0x18  Code  Gb  cppinit.o [3]
__call_dtors            0x0000263f     0x2  Code  Gb  cppinit.o [3]
__cexit_call_dtors      0x00007127          Code  Gb  cexit.o [7]
__cmain                 0x00007105          Code  Gb  cmain.o [7]
__cstart_call_dtors     0x00007314          Data  Gb  cstart_call_dtors.o [7]
__cxa_atexit            0x00002605    0x3a  Code  Gb  cppinit.o [3]
__cxa_finalize          0x00002641    0x38  Code  Gb  cppinit.o [3]
__dso_handle            0x20004858     0x4  Data  Gb  cppinit.o [3]
__dwrite                0x00004887    0x1e  Code  Gb  dwrite.o [8]
__exit                  0x00004475    0x14  Code  Gb  exit.o [8]
__iar_EmptyStepPoint    0x00002361     0x2  Code  Gb  xassert.o [3]
__iar_Errno             0x2000485c     0x4  Data  Gb  errno.o [3]
__iar_FDnorm            0x000048ad    0x26  Code  Gb  xfdnorm.o [6]
__iar_FDscale           0x000047bd    0xc8  Code  Gb  xfdscale.o [6]
__iar_FExp              0x00004489   0x1ea  Code  Gb  xfexp.o [6]
__iar_Memchr            0x000046e9          Code  Gb  memchr.o [7]
__iar_Memset            0x00004069          Code  Gb  ABImemset.o [7]
__iar_Memset_word       0x00004071          Code  Gb  ABImemset.o [7]
__iar_ReportAssert      0x00003a53    0x50  Code  Gb  xreportassert.o [3]
__iar_Stolx             0x00004247    0x86  Code  Gb  xstol.o [3]
__iar_Stoul             0x000043eb     0x4  Code  Gb  xstoul.o [3]
__iar_Stoulx            0x000042cd   0x118  Code  Gb  xstoul.o [3]
__iar_Strchr            0x00004231          Code  Gb  strchr.o [7]
__iar_Strstr            0x000034c1    0x2c  Code  Gb  strstr.o [3]
__iar_close_ttio        0x00004751    0x2e  Code  Gb  iarttio.o [8]
__iar_copy_init3        0x0000126b    0x2e  Code  Gb  copy_init3.o [7]
__iar_cstart_call_ctors
                        0x0000709d    0x20  Code  Gb  cmain_call_ctors.o [7]
__iar_data_init3        0x00006f7d    0x28  Code  Gb  data_init3.o [7]
__iar_dlib_perthread_access
                        0x00004885     0x2  Code  Gb  xtls.o [3]
__iar_get_ttio          0x00004781    0x38  Code  Gb  iarttio.o [8]
__iar_init_vfp          0x000070e9          Code  Gb  fpinit_M.o [6]
__iar_lookup_ttioh      0x000048a5     0x8  Code  Gb  XShttio.o [3]
__iar_program_start     0x000070db          Code  Gb  cstartup_M.o [7]
__iar_sh_stdout         0x000048d3    0x20  Code  Gb  iarwstd.o [8]
__iar_sh_write          0x000048f3    0x22  Code  Gb  iarwrite.o [8]
__iar_strcmp            0x0000215d          Code  Gb  strcmp.o [7]
__iar_ttio_handles      0x200000b4     0x8  Data  Lc  XShttio.o [3]
__iar_ui2d              0x00003b41          Code  Gb  I32ToDbl.o [6]
__iar_zero_init3        0x00001f8f    0x22  Code  Gb  zero_init3.o [7]
__low_level_init        0x0000711b     0x4  Code  Gb  low_level_init.o [3]
__sti__routine          0x0000026d    0x18  Code  Lc  interpret.o [1]
__vector_table          0x00000000   0x26c  Data  Gb  startup_ewarm.o [1]
__write                 0x00004741    0x10  Code  Gb  write.o [8]
_call_main              0x00007111          Code  Gb  cmain.o [7]
_exit                   0x00007125          Code  Gb  cexit.o [7]
_main                   0x00007117          Code  Gb  cmain.o [7]
abort                   0x00003add     0x6  Code  Gb  abort.o [3]
accel::RPMx10k(unsigned int, unsigned int)
                        0x00004043    0x26  Code  Gb  interpret.o [1]
accel::_RPMx10ktoFreq(unsigned int)
                        0x000046cf     0xe  Code  Gb  interpret.o [1]
accel::_initUnitCurve(int)
                        0x00002767    0x7e  Code  Gb  accel.o [1]
accel::_scaleYAxisToClockTicks()
                        0x00002859    0x38  Code  Gb  accel.o [1]
accel::_scaleYAxisToFrequency()
                        0x000027e5    0x72  Code  Gb  accel.o [1]
accel::accel()          0x00002685    0x2e  Code  Gb  accel.o [1]
accel::accelMicroSec() const
                        0x0000290d     0x6  Code  Gb  stepper.o [1]
accel::accelMicroSec(unsigned int)
                        0x00002b45    0x28  Code  Gb  stepper.o [1]
accel::clockTicksToCurveIndex(unsigned int) const
                        0x00003b13    0x18  Code  Gb  stepper.o [1]
accel::clockTicksToCurveIndexDecelerate(unsigned int) const
                        0x00004025    0x18  Code  Gb  stepper.o [1]
accel::clockTicksToFreq(unsigned int) const
                        0x00002a8f    0x18  Code  Gb  stepper.o [1]
accel::clockTicksToMicroSec(unsigned int) const
                        0x00002985    0x26  Code  Gb  stepper.o [1]
accel::curveIndexToClockTicks(unsigned int)
                        0x0000295d    0x28  Code  Gb  stepper.o [1]
accel::curveIndexToClockTicks(unsigned int)::string
                        0x00007150    0x18  Data  Gb  stepper.o [1]
accel::curveIndexToClockTicks(unsigned int)::string (instance 2)
                        0x00006f54    0x28  Data  Gb  stepper.o [1]
accel::degreesPerMicrostepx10k(unsigned int)
                        0x0000403d     0x6  Code  Gb  stepper.o [1]
accel::fmax() const     0x000029b1     0x6  Code  Gb  stepper.o [1]
accel::fmin() const     0x000029ab     0x6  Code  Gb  stepper.o [1]
accel::freqCloseToStop(unsigned int) const
                        0x00002aa7    0x12  Code  Gb  stepper.o [1]
accel::frequency(unsigned int, unsigned int)
                        0x000028a9    0x34  Code  Gb  accel.o [1]
accel::microSecToCurveIndex(unsigned int) const
                        0x00002935    0x26  Code  Gb  stepper.o [1]
accel::microSecToCurveIndexDecelerate(unsigned int) const
                        0x000046a5    0x2a  Code  Gb  stepper.o [1]
accel::microSecToFreq(unsigned int) const
                        0x000029b9    0x18  Code  Gb  stepper.o [1]
accel::microSecToSteps(unsigned int)
                        0x000026b3    0x5c  Code  Gb  accel.o [1]
accel::reset(unsigned int)
                        0x00002913    0x22  Code  Gb  stepper.o [1]
accel::stepsToMicroSec(unsigned int)
                        0x0000270f    0x58  Code  Gb  accel.o [1]
accel::totalClockTicks() const
                        0x00003b0d     0x6  Code  Gb  accel.o [1]
accel::updateClockPeriod()
                        0x00002a0d    0x30  Code  Gb  stepper.o [1]
accel::updateClockPeriodDecelerate()
                        0x00002a59    0x30  Code  Gb  stepper.o [1]
accel::~accel()         0x00006df5     0x2  Code  Gb  interpret.o [1]
bufferInput             0x000004d7   0x20a  Code  Gb  interpret.o [1]
delay                   0x00001fd5    0x1c  Code  Gb  main.o [1]
digits                  0x000043f0    0x28  Data  Lc  xstoul.o [3]
enable                  0x00001ff1     0xe  Code  Gb  main.o [1]
errMsg()                0x000002ff    0x1a  Code  Gb  interpret.o [1]
exit                    0x0000711f     0x4  Code  Gb  exit.o [3]
expf                    0x00003fd5    0x4c  Code  Gb  expf.o [6]
flashLED                0x0000201f     0x2  Code  Gb  main.o [1]
flashio::flashio()      0x0000231d     0x2  Code  Gb  flashio.o [1]
flashio::~flashio()     0x00006df3     0x2  Code  Gb  interpret.o [1]
g_bSendingBreak         0x20004864     0x1  Data  Lc  usb_dev_serial.o [1]
g_bUSBConfigured        0x20004865     0x1  Data  Lc  usb_dev_serial.o [1]
g_bUSBTimerInitialized  0x200046c8     0x1  Data  Gb  usbtick.o [9]
g_eOTGModeState         0x20000091     0x1  Data  Gb  usbmode.o [9]
g_iDualMode             0x20000092     0x1  Data  Lc  usbmode.o [9]
g_iUSBMode              0x20000090     0x1  Data  Gb  usbmode.o [9]
g_pCDCCompSerConfigDescriptors
                        0x00006760     0x4  Data  Gb  usbdcdc.o [9]
g_pcStatus              0x2000484c     0x4  Data  Gb  usb_dev_serial.o [1]
g_pfnTickHandlers       0x200046cc    0x18  Data  Gb  usbtick.o [9]
g_pfnUSBModeCallback    0x2000009c     0x4  Data  Lc  usbmode.o [9]
g_ppCDCSerConfigDescriptors
                        0x0000675c     0x4  Data  Gb  usbdcdc.o [9]
g_ppsDevInfo            0x20004680     0x4  Data  Gb  usbdenum.o [9]
g_ppui8StringDescriptors
                        0x00007168    0x18  Data  Gb  usb_serial_structs.o [1]
g_psCDCCompSerSections  0x20000080    0x10  Data  Gb  usbdcdc.o [9]
g_psCDCSerSections      0x200000a0     0xc  Data  Gb  usbdcdc.o [9]
g_psDCDInst             0x20004638    0x48  Data  Gb  usbdenum.o [9]
g_psUSBDMAInst          0x200041bc   0x110  Data  Lc  usbdma.o [9]
g_psUSBDStdRequests     0x0000524c    0x34  Data  Lc  usbdenum.o [9]
g_pui32Dii16Regs        0x000034ac    0x14  Data  Lc  interrupt.o [5]
g_pui32EnRegs           0x00003498    0x14  Data  Lc  interrupt.o [5]
g_pui32Regs             0x000033fc    0x9c  Data  Lc  interrupt.o [5]
g_pui8CDCSerCommInterface
                        0x00006d2c    0x24  Data  Gb  usbdcdc.o [9]
g_pui8CDCSerDataInterface
                        0x00006d58    0x18  Data  Gb  usbdcdc.o [9]
g_pui8CDCSerDescriptor  0x20000060     0xc  Data  Gb  usbdcdc.o [9]
g_pui8CDCSerDeviceDescriptor
                        0x2000006c    0x14  Data  Gb  usbdcdc.o [9]
g_pui8ConfigString      0x00006e40    0x38  Data  Gb  usb_serial_structs.o [1]
g_pui8ControlInterfaceString
                        0x00006f00    0x2c  Data  Gb  usb_serial_structs.o [1]
g_pui8DataBufferIn      0x20004688    0x40  Data  Lc  usbdenum.o [9]
g_pui8IADSerDescriptor  0x200000ac     0x8  Data  Gb  usbdcdc.o [9]
g_pui8LangDescriptor    0x0000730c     0x4  Data  Gb  usb_serial_structs.o [1]
g_pui8ManufacturerString
                        0x00006fa4    0x24  Data  Gb  usb_serial_structs.o [1]
g_pui8ProductString     0x00006fc8    0x24  Data  Gb  usb_serial_structs.o [1]
g_pui8RxBufferWorkspace
                        0x20004740    0x18  Data  Gb  usb_serial_structs.o [1]
g_pui8SerialNumberString
                        0x000071ac    0x14  Data  Gb  usb_serial_structs.o [1]
g_pui8TxBufferWorkspace
                        0x20004758    0x18  Data  Gb  usb_serial_structs.o [1]
g_pui8USBRxBuffer       0x200043d4   0x100  Data  Gb  usb_serial_structs.o [1]
g_pui8USBTxBuffer       0x200044d4   0x100  Data  Gb  usb_serial_structs.o [1]
g_pvTickInstance        0x200046e4    0x18  Data  Gb  usbtick.o [9]
g_sCDCCompSerConfigHeader
                        0x00006d80     0x8  Data  Gb  usbdcdc.o [9]
g_sCDCDevice            0x20000000    0x60  Data  Gb  usb_serial_structs.o [1]
g_sCDCHandlers          0x00006764    0x30  Data  Gb  usbdcdc.o [9]
g_sCDCSerCommInterfaceSection
                        0x00006d50     0x8  Data  Gb  usbdcdc.o [9]
g_sCDCSerConfigHeader   0x00006d78     0x8  Data  Gb  usbdcdc.o [9]
g_sCDCSerConfigSection  0x00006d1c     0x8  Data  Gb  usbdcdc.o [9]
g_sCDCSerDataInterfaceSection
                        0x00006d70     0x8  Data  Gb  usbdcdc.o [9]
g_sIADSerConfigSection  0x00006d24     0x8  Data  Gb  usbdcdc.o [9]
g_sRxBuffer             0x00006fec    0x24  Data  Gb  usb_serial_structs.o [1]
g_sTxBuffer             0x00007010    0x24  Data  Gb  usb_serial_structs.o [1]
g_ui32CurrentUSBTick    0x200046fc     0x4  Data  Gb  usbtick.o [9]
g_ui32Flags             0x20004848     0x4  Data  Gb  usb_dev_serial.o [1]
g_ui32PollRate          0x20000094     0x4  Data  Gb  usbmode.o [9]
g_ui32UARTRxCount       0x20004844     0x4  Data  Gb  usb_dev_serial.o [1]
g_ui32UARTTxCount       0x20004840     0x4  Data  Gb  usb_dev_serial.o [1]
g_ui32USBSOFCount       0x20004850     0x4  Data  Gb  usbtick.o [9]
g_ui32WaitTicks         0x20000098     0x4  Data  Gb  usbmode.o [9]
heapSTRUCT_SIZE         0x0000242a     0x2  Data  Lc  heap_2.o [1]
intToNodeType(int)      0x00000475    0x62  Code  Gb  interpret.o [1]
interpret::_cleanUpEvaluationStack(unsigned int)
                        0x00000bbb    0x34  Code  Gb  interpret.o [1]
interpret::_cleanUpSymbolTable()
                        0x00000bef    0x28  Code  Gb  interpret.o [1]
interpret::_currentProgramNodeLevel() const
                        0x000024d1    0x16  Code  Gb  interpret.o [1]
interpret::_currentProgramNodeType() const
                        0x000023b1    0x16  Code  Gb  interpret.o [1]
interpret::_currentProgramNodeValue() const
                        0x000023c7    0x16  Code  Gb  interpret.o [1]
interpret::_evalValue()
                        0x0000242d    0x3c  Code  Gb  interpret.o [1]
interpret::_evalValue()::string
                        0x0000705c    0x20  Data  Gb  interpret.o [1]
interpret::_evalValue()::string (instance 2)
                        0x00006ea8    0x2c  Data  Gb  interpret.o [1]
interpret::_evalValuePeek() const
                        0x000024e7     0xe  Code  Gb  interpret.o [1]
interpret::_findFirstAvailableNodeInSymbolTable()
                        0x00001123    0x7e  Code  Gb  interpret.o [1]
interpret::_findFirstParseTreeEntry(parseTreeEntry const &, unsigned int)
                        0x00000c17    0x74  Code  Gb  interpret.o [1]
interpret::_getLastSymbolTableIndex()
                        0x0000251d    0x16  Code  Gb  interpret.o [1]
interpret::_programNodeType(unsigned int) const
                        0x00002537    0x14  Code  Gb  interpret.o [1]
interpret::_pushTemporarySymbolOnEvaluationStack(unsigned int)
                        0x000010a1    0x82  Code  Gb  interpret.o [1]
interpret::_resetSymbolTableTemporaryBoundary()
                        0x000024c7     0xa  Code  Gb  interpret.o [1]
interpret::_returnSymbolToAvailablePool(unsigned int)
                        0x00002469    0x26  Code  Gb  interpret.o [1]
interpret::_updateProgramIndex(nodeType, int)
                        0x00000b5d    0x5e  Code  Gb  interpret.o [1]
interpret::appendToProgram(parseTreeEntry const &)
                        0x00000747    0x2e  Code  Gb  interpret.o [1]
interpret::appendToSymbolTable(symbolTableEntry const &)
                        0x00000775    0x2e  Code  Gb  interpret.o [1]
interpret::evaluateOperator(unsigned int)
                        0x00000d3d   0x348  Code  Gb  interpret.o [1]
interpret::getLowWaterMarkForTemporarySymbolSearch() const
                        0x0000256f     0x6  Code  Gb  interpret.o [1]
interpret::getStepper()
                        0x00001265     0x6  Code  Gb  interpret.o [1]
interpret::interpret()  0x000006e1    0x66  Code  Gb  interpret.o [1]
interpret::run()        0x000007a3   0x3ba  Code  Gb  interpret.o [1]
interpret::setLowWaterMarkForTemporarySymbolSearch()
                        0x00002311     0xc  Code  Gb  interpret.o [1]
interpret::symbolFromIndex(int)
                        0x00002553    0x1c  Code  Gb  interpret.o [1]
interpret::symbolTableIndexMorph(int)
                        0x00000c8b    0x70  Code  Gb  interpret.o [1]
interpret::~interpret()
                        0x00006d89    0x4c  Code  Gb  interpret.o [1]
interpretRun            0x00000285    0x60  Code  Gb  interpret.o [1]
interpreter             0x20002fb0  0x120c  Data  Gb  interpret.o [1]
interpreterRunBool      0x20004861     0x1  Data  Lc  interpret.o [1]
led::Off()              0x00003a11    0x1c  Code  Gb  interpret.o [1]
led::On()               0x000039f5    0x1c  Code  Gb  interpret.o [1]
led::_enable            0x20004860     0x1  Data  Gb  interpret.o [1]
led::enable()           0x00004441     0xc  Code  Gb  interpret.o [1]
led::enable(bool)       0x00001785     0xc  Code  Gb  interpret.o [1]
led::led(bool)          0x0000232d    0x1e  Code  Gb  interpret.o [1]
led::set(unsigned int)  0x000024ad    0x1a  Code  Gb  interpret.o [1]
led::~led()             0x00006dd5     0xe  Code  Gb  interpret.o [1]
localAssert             0x00001fb1    0x12  Code  Gb  main.o [1]
main                    0x00006b9b   0x106  Code  Gb  usb_dev_serial.o [1]
mainA                   0x00002067    0x1a  Code  Gb  main.o [1]
memchr                  0x000046e9          Code  Gb  memchr.o [7]
memcmp                  0x00002e1d          Code  Gb  memcmp.o [7]
memset                  0x00002fcd    0x16  Code  Gb  tasks.o [1]
motorStep               0x00001fff    0x20  Code  Gb  main.o [1]
ndigs                   0x00004418    0x28  Data  Lc  xstoul.o [3]
next_abi_dtor_rec       0x20004854     0x4  Data  Lc  cppinit.o [3]
out                     0x00003a3d    0x16  Code  Lc  xreportassert.o [3]
parseTreeEntry::level() const
                        0x0000254b     0x4  Code  Gb  parseTreeEntry.o [1]
parseTreeEntry::level(unsigned int)
                        0x0000229d     0x4  Code  Gb  parseTreeEntry.o [1]
parseTreeEntry::operator =(const parseTreeEntry&)
                        0x00002253    0x4a  Code  Gb  parseTreeEntry.o [1]
parseTreeEntry::parseTreeEntry()
                        0x00002245     0x6  Code  Gb  parseTreeEntry.o [1]
parseTreeEntry::parseTreeEntry(nodeType, int, unsigned int)
                        0x0000224b     0x8  Code  Gb  parseTreeEntry.o [1]
parseTreeEntry::position() const
                        0x000039f1     0x4  Code  Gb  parseTreeEntry.o [1]
parseTreeEntry::position(nodePosition)
                        0x000022a1     0x4  Code  Gb  parseTreeEntry.o [1]
parseTreeEntry::type() const
                        0x000023ad     0x4  Code  Gb  parseTreeEntry.o [1]
parseTreeEntry::type(nodeType)
                        0x000022a9     0x4  Code  Gb  parseTreeEntry.o [1]
parseTreeEntry::value() const
                        0x0000254f     0x4  Code  Gb  parseTreeEntry.o [1]
parseTreeEntry::value(int)
                        0x000022a5     0x4  Code  Gb  parseTreeEntry.o [1]
parseTreeEntry::~parseTreeEntry()
                        0x000022ad     0x2  Code  Gb  interpret.o [1]
postMsg(bool)           0x00000319    0x16  Code  Gb  interpret.o [1]
prvAddCurrentTaskToDelayedList
                        0x00001e39    0x3e  Code  Lc  tasks.o [1]
prvAllocateTCBAndStack  0x00001e85    0x46  Code  Lc  tasks.o [1]
prvCheckTasksWaitingTermination
                        0x00001dd1    0x5c  Code  Lc  tasks.o [1]
prvDeleteTCB            0x00001f03    0x12  Code  Lc  tasks.o [1]
prvHeapInit             0x00002f87    0x2e  Code  Lc  heap_2.o [1]
prvIdleTask             0x00001d1d     0x8  Code  Lc  tasks.o [1]
prvInitialiseTCBVariables
                        0x00001d25    0x60  Code  Lc  tasks.o [1]
prvInitialiseTaskLists  0x00001d85    0x46  Code  Lc  tasks.o [1]
prvTaskCheckFreeStackSpace
                        0x00001ecb    0x18  Code  Lc  tasks.o [1]
pui32Stack              0x20004868   0x400  Data  Lc  startup_ewarm.o [1]
putchar                 0x0000444d    0x28  Code  Gb  putchar.o [3]
pvPortMalloc            0x00002e81    0xc2  Code  Gb  heap_2.o [1]
pxCurrentTCB            0x2000480c     0x4  Data  Gb  tasks.o [1]
pxDelayedTaskList       0x20004810     0x4  Data  Lc  tasks.o [1]
pxOverflowDelayedTaskList
                        0x20004814     0x4  Data  Lc  tasks.o [1]
pxPortInitialiseStack   0x00002b81    0x22  Code  Gb  port.o [1]
pxReadyTasksLists       0x200045d4    0x64  Data  Lc  tasks.o [1]
sp                      0x20004808     0x4  Data  Gb  stepper.o [1]
sscanf                  0x00002221    0x24  Code  Gb  sscanf.o [3]
stepper::RPM(unsigned int, unsigned int)
                        0x00001765    0x20  Code  Gb  interpret.o [1]
stepper::RPMx10k(unsigned int, unsigned int)
                        0x00002b6d    0x14  Code  Gb  interpret.o [1]
stepper::_timer() const
                        0x00002a89     0x6  Code  Gb  stepper.o [1]
stepper::_timer(unsigned long)
                        0x00002a3d    0x1c  Code  Gb  stepper.o [1]
stepper::_timerStart(bool)
                        0x0000168b    0x4e  Code  Gb  stepper.o [1]
stepper::accelerationTimeMicrosecs(unsigned int)
                        0x00001755    0x10  Code  Gb  interpret.o [1]
stepper::degreesPerMicrostepx10k(unsigned int)
                        0x00002b33    0x10  Code  Gb  stepper.o [1]
stepper::directionPositive(bool)
                        0x000028dd    0x30  Code  Gb  stepper.o [1]
stepper::enable()       0x00002ab9    0x14  Code  Gb  stepper.o [1]
stepper::isr()          0x0000147d   0x20e  Code  Gb  stepper.o [1]
stepper::microstepSet(microsteps)
                        0x00001701    0x54  Code  Gb  stepper.o [1]
stepper::moveAbsolute(int)
                        0x00001327   0x156  Code  Gb  stepper.o [1]
stepper::moveRelative(int)
                        0x00002499    0x14  Code  Gb  interpret.o [1]
stepper::step()         0x000029d1    0x3c  Code  Gb  stepper.o [1]
stepper::stepper()      0x000012c1    0x26  Code  Gb  stepper.o [1]
stepper::~stepper()     0x00006de3     0xe  Code  Gb  interpret.o [1]
stepperISR              0x00001299    0x28  Code  Gb  stepper.o [1]
stepper_init            0x000012e7    0x40  Code  Gb  stepper.o [1]
stmtNestingLevel        0x200047ec     0x4  Data  Lc  interpret.o [1]
stmtPosition            0x20004700    0x20  Data  Lc  interpret.o [1]
stmtType                0x20004720    0x20  Data  Lc  interpret.o [1]
stmtValue               0x200047f0     0x4  Data  Lc  interpret.o [1]
strchr                  0x00004231          Code  Gb  strchr.o [7]
strcmp                  0x0000215d          Code  Gb  strcmp.o [7]
stringToNodePosition(char const *)
                        0x0000032f    0x2c  Code  Gb  interpret.o [1]
stringToNodeType(char const *)
                        0x0000035b   0x114  Code  Gb  interpret.o [1]
strlen                  0x00001f59          Code  Gb  strlen.o [7]
strstr(char const *, char const *)
                        0x00002211    0x10  Code  Gb  interpret.o [1]
successMsg()            0x000002e5    0x1a  Code  Gb  interpret.o [1]
symbFcnLink             0x200047fc     0x4  Data  Lc  interpret.o [1]
symbType                0x200047f4     0x4  Data  Lc  interpret.o [1]
symbValue               0x200047f8     0x4  Data  Lc  interpret.o [1]
symbolTableEntry::dumpEntry()
                        0x00002301     0x2  Code  Gb  symbolTableEntry.o [1]
symbolTableEntry::fcnLink() const
                        0x00002495     0x4  Code  Gb  symbolTableEntry.o [1]
symbolTableEntry::fcnLink(int)
                        0x0000230b     0x4  Code  Gb  symbolTableEntry.o [1]
symbolTableEntry::operator =(const symbolTableEntry&)
                        0x000022c7    0x3a  Code  Gb  symbolTableEntry.o [1]
symbolTableEntry::symbolTableEntry()
                        0x000022af     0xe  Code  Gb  symbolTableEntry.o [1]
symbolTableEntry::symbolTableEntry(nodeType, int)
                        0x000022bd     0xa  Code  Gb  symbolTableEntry.o [1]
symbolTableEntry::type() const
                        0x00002533     0x4  Code  Gb  symbolTableEntry.o [1]
symbolTableEntry::type(nodeType)
                        0x00002303     0x4  Code  Gb  symbolTableEntry.o [1]
symbolTableEntry::value() const
                        0x00002417     0x4  Code  Gb  symbolTableEntry.o [1]
symbolTableEntry::value(int)
                        0x00002307     0x4  Code  Gb  symbolTableEntry.o [1]
symbolTableEntry::~symbolTableEntry()
                        0x0000230f     0x2  Code  Gb  interpret.o [1]
tinyQueue<int>::empty() const
                        0x0000234b    0x16  Code  Gb  interpret.o [1]
tinyQueue<int>::front() const
                        0x00002421     0xa  Code  Gb  interpret.o [1]
tinyQueue<int>::peekAtIndex(unsigned int) const
                        0x00002411     0x6  Code  Gb  interpret.o [1]
tinyQueue<int>::pop_front()
                        0x000024f5    0x28  Code  Gb  interpret.o [1]
tinyQueue<int>::push_front(int)
                        0x000023dd    0x34  Code  Gb  interpret.o [1]
tinyQueue<int>::size() const
                        0x00003a2d    0x10  Code  Gb  interpret.o [1]
tinyQueue<int>::spaceAvail() const
                        0x00003ae3    0x2a  Code  Gb  interpret.o [1]
tinyQueue<int>::stackFrameIndex() const
                        0x0000248f     0x6  Code  Gb  interpret.o [1]
tinyQueue<int>::stackFrameIndex(unsigned int)
                        0x0000241b     0x6  Code  Gb  interpret.o [1]
tinyQueue<int>::tinyQueue()
                        0x0000231f     0xe  Code  Gb  interpret.o [1]
tinyQueue<int>::~tinyQueue()
                        0x00006df1     0x2  Code  Gb  interpret.o [1]
tinyQueue<unsigned char>::clear()
                        0x00002203     0xc  Code  Gb  interpret.o [1]
tinyQueue<unsigned char>::getBuffer()
                        0x0000220f     0x2  Code  Gb  interpret.o [1]
tinyQueue<unsigned char>::push(unsigned char)
                        0x000021a9    0x30  Code  Gb  interpret.o [1]
tinyQueue<unsigned char>::spaceAvail() const
                        0x000021d9    0x2a  Code  Gb  interpret.o [1]
tinyQueue<unsigned char>::tinyQueue(int)
                        0x0000219f     0xa  Code  Gb  interpret.o [1]
tinyQueue<unsigned char>::~tinyQueue()
                        0x000025eb     0x2  Code  Gb  interpret.o [1]
uDMAChannelAttributeDisable
                        0x00005ef5    0x26  Code  Gb  udma.o [5]
uDMAChannelControlSet   0x00005f1b    0x18  Code  Gb  udma.o [5]
uDMAChannelDisable      0x00005ee5    0x10  Code  Gb  udma.o [5]
uDMAChannelEnable       0x00005ed5    0x10  Code  Gb  udma.o [5]
uDMAChannelModeGet      0x00005fb1    0x28  Code  Gb  udma.o [5]
uDMAChannelTransferSet  0x00005f33    0x7e  Code  Gb  udma.o [5]
uDMAUSBArbSizeSet       0x000059b9    0x60  Code  Lc  usbdma.o [9]
uDMAUSBChannelAllocate  0x0000586f    0xa6  Code  Lc  usbdma.o [9]
uDMAUSBChannelDisable   0x00005757    0x46  Code  Lc  usbdma.o [9]
uDMAUSBChannelEnable    0x00005705    0x52  Code  Lc  usbdma.o [9]
uDMAUSBChannelIntDisable
                        0x000057ab     0x2  Code  Lc  usbdma.o [9]
uDMAUSBChannelIntEnable
                        0x000057a9     0x2  Code  Lc  usbdma.o [9]
uDMAUSBChannelRelease   0x00005915    0x5a  Code  Lc  usbdma.o [9]
uDMAUSBChannelStatus    0x00005679    0x24  Code  Lc  usbdma.o [9]
uDMAUSBIntStatus        0x0000569d    0x2a  Code  Lc  usbdma.o [9]
uDMAUSBTransfer         0x000057ad    0xa6  Code  Lc  usbdma.o [9]
uDMAUSBUnitSizeSet      0x0000596f    0x4a  Code  Lc  usbdma.o [9]
ucHeap                  0x200000d0  0x2ee0  Data  Lc  heap_2.o [1]
ucMaxSysCallPriority    0x20004863     0x1  Data  Lc  port.o [1]
ulMaxPRIGROUPValue      0x20004804     0x4  Data  Lc  port.o [1]
ulPortSetInterruptMask  0x00002dc7          Code  Gb  portasm.o [1]
uxCriticalNesting       0x200000c8     0x4  Data  Lc  port.o [1]
uxCurrentNumberOfTasks  0x2000481c     0x4  Data  Lc  tasks.o [1]
uxListRemove            0x00002d53    0x2a  Code  Gb  list.o [1]
uxPendedTicks           0x20004830     0x4  Data  Lc  tasks.o [1]
uxSchedulerSuspended    0x2000482c     0x4  Data  Lc  tasks.o [1]
uxTaskGetStackHighWaterMark
                        0x00001ee3    0x20  Code  Gb  tasks.o [1]
uxTaskNumber            0x2000483c     0x4  Data  Lc  tasks.o [1]
uxTasksDeleted          0x20004818     0x4  Data  Lc  tasks.o [1]
uxTopReadyPriority      0x20004824     0x4  Data  Lc  tasks.o [1]
vApplicationStackOverflowHook
                        0x0000213d     0x2  Code  Gb  main.o [1]
vApplicationTickHook    0x0000213b     0x2  Code  Gb  main.o [1]
vIdleTask               0x000020a5    0x28  Code  Lc  main.o [1]
vInterpretTask          0x00002121    0x1a  Code  Lc  main.o [1]
vListInitialise         0x00002cd9    0x1e  Code  Gb  list.o [1]
vListInitialiseItem     0x00002cf7     0x6  Code  Gb  list.o [1]
vListInsert             0x00002d17    0x3c  Code  Gb  list.o [1]
vListInsertEnd          0x00002cfd    0x1a  Code  Gb  list.o [1]
vPortClearInterruptMask
                        0x00002dd5          Code  Gb  portasm.o [1]
vPortEnableVFP          0x00002e01          Code  Gb  portasm.o [1]
vPortEnterCritical      0x00002c4d    0x1a  Code  Gb  port.o [1]
vPortExitCritical       0x00002c67    0x1c  Code  Gb  port.o [1]
vPortFree               0x00002f43    0x44  Code  Gb  heap_2.o [1]
vPortSVCHandler         0x00002ddb          Code  Gb  portasm.o [1]
vPortSetupTimerInterrupt
                        0x00002ca3    0x10  Code  Wk  port.o [1]
vPortStartFirstTask     0x00002df3          Code  Gb  portasm.o [1]
vPortYield              0x00002c3b    0x12  Code  Gb  port.o [1]
vSetupHighFrequencyTimer
                        0x00002021    0x46  Code  Gb  main.o [1]
vStartIdleTask          0x00002081    0x22  Code  Gb  main.o [1]
vStartInterpretTask     0x000020cd    0x24  Code  Gb  main.o [1]
vTaskDelay              0x00001959    0x3c  Code  Gb  tasks.o [1]
vTaskDelayUntil         0x000018d9    0x80  Code  Gb  tasks.o [1]
vTaskStartScheduler     0x00001995    0x4c  Code  Gb  tasks.o [1]
vTaskSuspendAll         0x000019e1    0x10  Code  Gb  tasks.o [1]
vTaskSwitchContext      0x00001c55    0xc6  Code  Gb  tasks.o [1]
xDelayedTaskList1       0x20004770    0x14  Data  Lc  tasks.o [1]
xDelayedTaskList2       0x20004784    0x14  Data  Lc  tasks.o [1]
xEnd                    0x200047dc     0x8  Data  Lc  heap_2.o [1]
xFreeBytesRemaining     0x200000bc     0x4  Data  Lc  heap_2.o [1]
xNextTaskUnblockTime    0x200000cc     0x4  Data  Lc  tasks.o [1]
xNumOfOverflows         0x20004838     0x4  Data  Lc  tasks.o [1]
xPendingReadyList       0x20004798    0x14  Data  Lc  tasks.o [1]
xPortPendSVHandler      0x00002d7d          Code  Gb  portasm.o [1]
xPortStartScheduler     0x00002ba3    0x98  Code  Gb  port.o [1]
xPortSysTickHandler     0x00002c83    0x20  Code  Gb  port.o [1]
xSchedulerRunning       0x20004828     0x4  Data  Lc  tasks.o [1]
xStart                  0x200047d4     0x8  Data  Lc  heap_2.o [1]
xSuspendedTaskList      0x200047c0    0x14  Data  Lc  tasks.o [1]
xTaskGenericCreate      0x00001791   0x148  Code  Gb  tasks.o [1]
xTaskGetTickCount       0x00001adf    0x16  Code  Gb  tasks.o [1]
xTaskIncrementTick      0x00001af5   0x160  Code  Gb  tasks.o [1]
xTaskResumeAll          0x000019f1    0xee  Code  Gb  tasks.o [1]
xTaskWakeTime           0x200047e8     0x4  Data  Lc  interpret.o [1]
xTasksWaitingTermination
                        0x200047ac    0x14  Data  Lc  tasks.o [1]
xTickCount              0x20004820     0x4  Data  Lc  tasks.o [1]
xYieldPending           0x20004834     0x4  Data  Lc  tasks.o [1]


[1] = C:\dev\docs\scottdesign\motor\Debug\Obj
[2] = command line
[3] = dl7M_tln.a
[4] = dlpp7M_tl_ne.a
[5] = driverlib.a
[6] = m7M_tlv.a
[7] = rt7M_tl.a
[8] = shb_l.a
[9] = usblib.a

  27 634 bytes of readonly  code memory
   2 034 bytes of readonly  data memory
  19 990 bytes of readwrite data memory

Errors: none
Warnings: none
