###############################################################################
#                                                                             #
# IAR ELF Linker V5.50.0.51878/W32 for ARM              02/Jun/2013  21:56:57 #
# Copyright (C) 2007-2010 IAR Systems AB.                                     #
#                                                                             #
#    Output file  =  C:\dev\docs\scottdesign\motor\Debug\Exe\motor.out        #
#    Map file     =  C:\dev\docs\scottdesign\motor\Debug\List\motor.map       #
#    Command line =  C:\DriverLib\grlib\ewarm\Exe\grlib.a                     #
#                    C:\DriverLib\src\ewarm\Exe\driverlib.a                   #
#                    C:\dev\docs\scottdesign\motor\Debug\Obj\IntQueue.o       #
#                    C:\dev\docs\scottdesign\motor\Debug\Obj\IntQueueTimer.o  #
#                    C:\dev\docs\scottdesign\motor\Debug\Obj\accel.o          #
#                    C:\dev\docs\scottdesign\motor\Debug\Obj\formike128x128x1 #
#                    6.o C:\dev\docs\scottdesign\motor\Debug\Obj\heap_2.o     #
#                    C:\dev\docs\scottdesign\motor\Debug\Obj\interpret.o      #
#                    C:\dev\docs\scottdesign\motor\Debug\Obj\list.o           #
#                    C:\dev\docs\scottdesign\motor\Debug\Obj\main.o           #
#                    C:\dev\docs\scottdesign\motor\Debug\Obj\motor.o          #
#                    C:\dev\docs\scottdesign\motor\Debug\Obj\motor.tab.o      #
#                    C:\dev\docs\scottdesign\motor\Debug\Obj\parseTreeEntry.o #
#                     C:\dev\docs\scottdesign\motor\Debug\Obj\port.o          #
#                    C:\dev\docs\scottdesign\motor\Debug\Obj\portasm.o        #
#                    C:\dev\docs\scottdesign\motor\Debug\Obj\queue.o          #
#                    C:\dev\docs\scottdesign\motor\Debug\Obj\startup_ewarm.o  #
#                    C:\dev\docs\scottdesign\motor\Debug\Obj\stepper.o        #
#                    C:\dev\docs\scottdesign\motor\Debug\Obj\symbolTableEntry #
#                    .o C:\dev\docs\scottdesign\motor\Debug\Obj\tasks.o       #
#                    C:\dev\docs\scottdesign\motor\Debug\Obj\timertest.o      #
#                    --redirect _Printf=_PrintfTiny --redirect                #
#                    _Scanf=_ScanfSmall -o C:\dev\docs\scottdesign\motor\Debu #
#                    g\Exe\motor.out --map C:\dev\docs\scottdesign\motor\Debu #
#                    g\List\motor.map --config "C:\Program Files\IAR          #
#                    Systems\Embedded Workbench 5.4_3\arm\CONFIG\generic_cort #
#                    ex.icf" --semihosting --entry __iar_program_start        #
#                                                                             #
#                                                                             #
###############################################################################

*******************************************************************************
*** PLACEMENT SUMMARY
***

"A1":  place at 0x00000000 { ro section .intvec };
"P1":  place in [from 0x00000000 to 0x0007ffff] { ro };
"P2":  place in [from 0x20000000 to 0x2000ffff] {
          rw, block CSTACK, block HEAP };

  Section             Kind        Address    Size  Object
  -------             ----        -------    ----  ------
"A1":                                       0x100
  .intvec             const    0x00000000   0x100  startup_ewarm.o [1]
                             - 0x00000100   0x100

"P1":                                      0x76bb
  .text               ro code  0x00000100  0x11c6  motor.tab.o [1]
  .text               ro code  0x000012c8   0xca4  interpret.o [1]
  .text               ro code  0x00001f6c   0x850  tasks.o [1]
  .text               ro code  0x000027bc   0x578  stepper.o [1]
  .rodata             const    0x00002d34   0x400  motor.tab.o [1]
  .text               ro code  0x00003134   0x314  IntQueue.o [1]
  .text               ro code  0x00003448   0x278  accel.o [1]
  .text               ro code  0x000036c0   0x246  DblDiv.o [5]
  .text               ro code  0x00003908   0x23c  main.o [1]
  .rodata             const    0x00003b44   0x1bc  motor.tab.o [1]
  .rodata             const    0x00003d00   0x1bc  motor.tab.o [1]
  .text               ro code  0x00003ebc   0x1a2  DblMul.o [5]
  .text               ro code  0x00004060   0x186  realloc.o [3]
  .text               ro code  0x000041e8   0x17e  DblSub.o [5]
  .text               ro code  0x00004368   0x172  queue.o [1]
  .text               ro code  0x000044dc   0x160  xfexp.o [3]
  .text               ro code  0x0000463c   0x144  heap_2.o [1]
  .rodata             const    0x00004780   0x130  motor.tab.o [1]
  .rodata             const    0x000048b0   0x130  motor.tab.o [1]
  .rodata             const    0x000049e0   0x128  motor.tab.o [1]
  .text               ro code  0x00004b08   0x126  xprintftiny.o [3]
  .rodata             const    0x00004c30   0x11c  motor.tab.o [1]
  .text               ro code  0x00004d4c   0x114  xstoul.o [3]
  .text               ro code  0x00004e60    0xfc  FltDiv.o [5]
  .text               ro code  0x00004f5c    0xe6  DblAdd.o [5]
  .text               ro code  0x00005044    0xe4  FltSub.o [5]
  .text               ro code  0x00005128    0xda  gpio.o [4]
  .text               ro code  0x00005204    0xd8  FltMul.o [5]
  .rodata             const    0x000052dc    0xc4  motor.tab.o [1]
  .text               ro code  0x000053a0    0xc0  port.o [1]
  .text               ro code  0x00005460    0xc0  xfdscale.o [3]
  .text               ro code  0x00005520    0xbc  xxmemxmalloc.o [3]
  .text               ro code  0x000055dc    0xac  fflush.o [3]
  .text               ro code  0x00005688    0xa8  motor.o [1]
  .text               ro code  0x00005730    0xa8  fclose.o [3]
  .text               ro code  0x000057d8    0xa8  packbits_init3.o [5]
  .text               ro code  0x00005880    0xa4  list.o [1]
  .text               ro code  0x00005924    0xa2  xfwprep.o [3]
  .text               ro code  0x000059c8    0x9c  interrupt.o [4]
  .text               ro code  0x00005a64    0x90  timertest.o [1]
  .text               ro code  0x00005af4    0x90  DblToFlt.o [5]
  .text               ro code  0x00005b84    0x8c  FltAdd.o [5]
  CODE                ro code  0x00005c10    0x8c  portasm.o [1]
  .text               ro code  0x00005c9c    0x88  cppinit.o [3]
  .text               ro code  0x00005d24    0x88  xxmemxfree.o [3]
  .text               ro code  0x00005dac    0x88  xsyslock.o [3]
  .rodata             const    0x00005e34    0x84  motor.tab.o [1]
  .text               ro code  0x00005eb8    0x84  xreportassert.o [3]
  .text               ro code  0x00005f3c    0x82  xfdnorm.o [3]
  .text               ro code  0x00005fc0    0x78  ABImemmove.o [5]
  .text               ro code  0x00006038    0x72  parseTreeEntry.o [1]
  .text               ro code  0x000060ac    0x70  ABImemcpy.o [5]
  .text               ro code  0x0000611c    0x6e  symbolTableEntry.o [1]
  .text               ro code  0x0000618c    0x6c  strncpy.o [5]
  .text               ro code  0x000061f8    0x68  iarttio.o [6]
  .text               ro code  0x00006260    0x68  expf.o [3]
  .text               ro code  0x000062c8    0x66  timer.o [4]
  .text               ro code  0x00006330    0x66  ABImemset.o [5]
  .text               ro code  0x00006398    0x62  memcmp.o [5]
  .text               ro code  0x000063fc    0x58  memchr.o [5]
  .rodata             const    0x00006454    0x50  xstoul.o [3]
  .text               ro code  0x000064a4    0x50  fputc.o [3]
  .text               ro code  0x000064f4    0x4e  FltToDbl.o [5]
  .text               ro code  0x00006544    0x48  interpret.o [1]
  .text               ro code  0x0000658c    0x48  MtxWrapper.o [3]
  .text               ro code  0x000065d4    0x48  xassert.o [3]
  .text               ro code  0x0000661c    0x44  FltToS32.o [5]
  .rodata             const    0x00006660    0x40  interrupt.o [4]
  .text               ro code  0x000066a0    0x3c  interpret.o [1]
  .text               ro code  0x000066dc    0x3c  stepper.o [1]
  .rodata             const    0x00006718    0x38  motor.tab.o [1]
  .text               ro code  0x00006750    0x38  IntQueueTimer.o [1]
  .text               ro code  0x00006788    0x36  strlen.o [5]
  .rodata             const    0x000067c0    0x34  motor.tab.o [1]
  .rodata             const    0x000067f4    0x34  motor.tab.o [1]
  .text               ro code  0x00006828    0x34  interpret.o [1]
  .rodata             const    0x0000685c    0x30  interpret.o [1]
  .rodata             const    0x0000688c    0x30  motor.tab.o [1]
  .rodata             const    0x000068bc    0x30  xreportassert.o [3]
  .text               ro code  0x000068ec    0x30  I32ToFlt.o [5]
  .text               ro code  0x0000691c    0x30  sprintf.o [3]
  .text               ro code  0x0000694c    0x30  interpret.o [1]
  .text               ro code  0x0000697c    0x30  stepper.o [1]
  .text               ro code  0x000069ac    0x30  stepper.o [1]
  .text               ro code  0x000069dc    0x2e  I32ToDbl.o [5]
  .text               ro code  0x00006a0a    0x2e  stepper.o [1]
  .rodata             const    0x00006a38    0x2c  interpret.o [1]
  .rodata             const    0x00006a64    0x2c  interpret.o [1]
  .rodata             const    0x00006a90    0x2c  motor.tab.o [1]
  .rodata             const    0x00006abc    0x2c  motor.tab.o [1]
  .rodata             const    0x00006ae8    0x2c  motor.tab.o [1]
  .rodata             const    0x00006b14    0x2c  motor.tab.o [1]
  .text               ro code  0x00006b40    0x2c  data_init3.o [5]
  .text               ro code  0x00006b6c    0x2a  interpret.o [1]
  .text               ro code  0x00006b96    0x2a  interpret.o [1]
  .text               ro code  0x00006bc0    0x2a  stepper.o [1]
  .text               ro code  0x00006bea    0x2a  stepper.o [1]
  .rodata             const    0x00006c14    0x28  motor.tab.o [1]
  .rodata             const    0x00006c3c    0x28  motor.tab.o [1]
  .rodata             const    0x00006c64    0x28  motor.tab.o [1]
  .rodata             const    0x00006c8c    0x28  motor.tab.o [1]
  .rodata             const    0x00006cb4    0x28  motor.tab.o [1]
  .text               ro code  0x00006cdc    0x28  xgetmemchunk.o [3]
  .text               ro code  0x00006d04    0x28  xcloseall.o [3]
  .text               ro code  0x00006d2c    0x28  interpret.o [1]
  .text               ro code  0x00006d54    0x26  sysctl.o [4]
  .text               ro code  0x00006d7a    0x26  accel.o [1]
  .text               ro code  0x00006da0    0x26  motor.o [1]
  .text               ro code  0x00006dc8    0x24  FltToU32.o [5]
  .text               ro code  0x00006dec    0x24  FltCmpLe.o [5]
  .text               ro code  0x00006e10    0x24  FltCmpGe.o [5]
  .text               ro code  0x00006e34    0x24  targetabi.o [3]
  .text               ro code  0x00006e58    0x24  zero_init3.o [5]
  .text               ro code  0x00006e7c    0x22  accel.o [1]
  .text               ro code  0x00006e9e    0x22  motor.o [1]
  .text               ro code  0x00006ec0    0x22  iarwrite.o [6]
  .iar.init_table     const    0x00006ee4    0x30  - Linker created -
  .rodata             const    0x00006f14    0x20  interpret.o [1]
  .rodata             const    0x00006f34    0x20  interpret.o [1]
  .rodata             const    0x00006f54    0x20  motor.tab.o [1]
  .rodata             const    0x00006f74    0x20  motor.tab.o [1]
  .text               ro code  0x00006f94    0x20  cmain_call_ctors.o [5]
  .text               ro code  0x00006fb4    0x20  targetabi.o [3]
  .text               ro code  0x00006fd4    0x20  iarwstd.o [6]
  .text               ro code  0x00006ff4    0x1e  interpret.o [1]
  .text               ro code  0x00007012    0x1e  dwrite.o [6]
  .rodata             const    0x00007030    0x1c  interpret.o [1]
  .rodata             const    0x0000704c    0x1c  motor.tab.o [1]
  .rodata             const    0x00007068    0x1c  motor.tab.o [1]
  .text               ro code  0x00007084    0x1c  interpret.o [1]
  .text               ro code  0x000070a0    0x1c  interpret.o [1]
  .text               ro code  0x000070bc    0x1c  motor.o [1]
  .text               ro code  0x000070d8    0x1c  stepper.o [1]
  .text               ro code  0x000070f4    0x1c  FltCmpEq.o [5]
  .text               ro code  0x00007110    0x1c  interpret.o [1]
  .text               ro code  0x0000712c    0x1a  interpret.o [1]
  .text               ro code  0x00007146    0x1a  close.o [6]
  .text               ro code  0x00007160    0x18  setlocale.o [3]
  .text               ro code  0x00007178    0x18  accel.o [1]
  .text               ro code  0x00007190    0x18  accel.o [1]
  .text               ro code  0x000071a8    0x18  stepper.o [1]
  .text               ro code  0x000071c0    0x16  cmain.o [5]
  .text               ro code  0x000071d6    0x16  IntQueue.o [1]
  .text               ro code  0x000071ec    0x16  interpret.o [1]
  .text               ro code  0x00007202    0x16  interpret.o [1]
  .text               ro code  0x00007218    0x16  stepper.o [1]
  .text               ro code  0x0000722e    0x16  remove.o [6]
  .rodata             const    0x00007244    0x14  motor.tab.o [1]
  .rodata             const    0x00007258    0x14  motor.tab.o [1]
  .rodata             const    0x0000726c    0x14  motor.tab.o [1]
  .rodata             const    0x00007280    0x14  tasks.o [1]
  .text               ro code  0x00007294    0x14  errno.o [3]
  .text               ro code  0x000072a8    0x14  exit.o [6]
  CODE                ro code  0x000072bc    0x14  cpu.o [4]
  .text               ro code  0x000072d0    0x14  interpret.o [1]
  .text               ro code  0x000072e4    0x14  interpret.o [1]
  .text               ro code  0x000072f8    0x14  interpret.o [1]
  .text               ro code  0x0000730c    0x14  motor.o [1]
  .text               ro code  0x00007320    0x14  isxxx.o [3]
  .text               ro code  0x00007334    0x14  tolower.o [3]
  .text               ro code  0x00007348    0x14  xlocale_c.o [3]
  .text               ro code  0x0000735c    0x12  uart.o [4]
  .text               ro code  0x00007370    0x12  cexit.o [5]
  .text               ro code  0x00007382    0x12  interpret.o [1]
  .text               ro code  0x00007394    0x12  stepper.o [1]
  .text               ro code  0x000073a6    0x12  stepper.o [1]
  .rodata             const    0x000073b8    0x10  motor.tab.o [1]
  .rodata             const    0x000073c8    0x10  motor.tab.o [1]
  .text               ro code  0x000073d8    0x10  interpret.o [1]
  .text               ro code  0x000073e8    0x10  interpret.o [1]
  .text               ro code  0x000073f8    0x10  interpret.o [1]
  .text               ro code  0x00007408    0x10  motor.o [1]
  .text               ro code  0x00007418    0x10  motor.o [1]
  .text               ro code  0x00007428    0x10  motor.tab.o [1]
  .text               ro code  0x00007438    0x10  write.o [6]
  .text               ro code  0x00007448     0xe  interpret.o [1]
  .text               ro code  0x00007456     0xe  interpret.o [1]
  .text               ro code  0x00007464     0xe  interpret.o [1]
  .text               ro code  0x00007472     0xe  interpret.o [1]
  .text               ro code  0x00007480     0xe  interpret.o [1]
  .text               ro code  0x0000748e     0xe  interpret.o [1]
  .text               ro code  0x0000749c     0xe  interpret.o [1]
  .text               ro code  0x000074aa     0xe  interpret.o [1]
  .text               ro code  0x000074b8     0xe  interpret.o [1]
  .text               ro code  0x000074c6     0xe  interpret.o [1]
  .rodata             const    0x000074d4     0xc  interpret.o [1]
  .rodata             const    0x000074e0     0xc  motor.tab.o [1]
  .rodata             const    0x000074ec     0xc  stepper.o [1]
  .rodata             const    0x000074f8     0xc  sysctl.o [4]
  .text               ro code  0x00007504     0xc  interpret.o [1]
  .text               ro code  0x00007510     0xc  motor.o [1]
  .text               ro code  0x0000751c     0xc  accel.o [1]
  .text               ro code  0x00007528     0xc  interpret.o [1]
  .text               ro code  0x00007534     0xc  interpret.o [1]
  .text               ro code  0x00007540     0xc  interpret.o [1]
  .text               ro code  0x0000754c     0xc  motor.o [1]
  .text               ro code  0x00007558     0xc  cstartup_M.o [5]
  .text               ro code  0x00007564     0xc  xlocale_c.o [3]
  .text               ro code  0x00007570     0xa  accel.o [1]
  .text               ro code  0x0000757a     0xa  interpret.o [1]
  .text               ro code  0x00007584     0xa  interpret.o [1]
  .text               ro code  0x0000758e     0xa  interpret.o [1]
  .text               ro code  0x00007598     0xa  targetabi.o [3]
  .text               ro code  0x000075a2     0xa  xsprout.o [3]
  .rodata             const    0x000075ac     0x8  interpret.o [1]
  .rodata             const    0x000075b4     0x8  interpret.o [1]
  .rodata             const    0x000075bc     0x8  interpret.o [1]
  .rodata             const    0x000075c4     0x8  main.o [1]
  .rodata             const    0x000075cc     0x8  main.o [1]
  .rodata             const    0x000075d4     0x8  main.o [1]
  .rodata             const    0x000075dc     0x8  motor.tab.o [1]
  .rodata             const    0x000075e4     0x8  motor.tab.o [1]
  .rodata             const    0x000075ec     0x8  stepper.o [1]
  .rodata             const    0x000075f4     0x8  stepper.o [1]
  .rodata             const    0x000075fc     0x8  stepper.o [1]
  .rodata             const    0x00007604     0x8  stepper.o [1]
  .rodata             const    0x0000760c     0x8  stepper.o [1]
  .rodata             const    0x00007614     0x8  stepper.o [1]
  .rodata             const    0x0000761c     0x8  stepper.o [1]
  .rodata             const    0x00007624     0x8  stepper.o [1]
  .rodata             const    0x0000762c     0x8  stepper.o [1]
  .rodata             const    0x00007634     0x8  stepper.o [1]
  .rodata             const    0x0000763c     0x8  stepper.o [1]
  .rodata             const    0x00007644     0x8  stepper.o [1]
  .rodata             const    0x0000764c     0x8  stepper.o [1]
  .rodata             const    0x00007654     0x8  tasks.o [1]
  .text               ro code  0x0000765c     0x8  XShttio.o [3]
  .text               ro code  0x00007664     0x8  abort.o [3]
  .text               ro code  0x0000766c     0x6  accel.o [1]
  .text               ro code  0x00007672     0x6  accel.o [1]
  .text               ro code  0x00007678     0x6  interpret.o [1]
  .text               ro code  0x0000767e     0x6  interpret.o [1]
  .text               ro code  0x00007684     0x6  interpret.o [1]
  .text               ro code  0x0000768a     0x6  motor.o [1]
  .text               ro code  0x00007690     0x6  motor.o [1]
  .text               ro code  0x00007696     0x6  motor.o [1]
  .text               ro code  0x0000769c     0x6  motor.o [1]
  .text               ro code  0x000076a2     0x6  startup_ewarm.o [1]
  .text               ro code  0x000076a8     0x6  stepper.o [1]
  .text               ro code  0x000076ae     0x6  stepper.o [1]
  .text               ro code  0x000076b4     0x6  stepper.o [1]
  .text               ro code  0x000076ba     0x6  fileno.o [3]
  .text               ro code  0x000076c0     0x6  exit.o [3]
  .rodata             const    0x000076c8     0x4  iarttio.o [6]
  SHT$$PREINIT_ARRAY           0x000076cc     0x0  <Block>
  SHT$$INIT_ARRAY              0x000076cc     0x4  <Block>
    .difunct          const    0x000076cc     0x4  interpret.o [1]
  .text               ro code  0x000076d0     0x4  interpret.o [1]
  .text               ro code  0x000076d4     0x4  interpret.o [1]
  .text               ro code  0x000076d8     0x4  interpret.o [1]
  .text               ro code  0x000076dc     0x4  interpret.o [1]
  .text               ro code  0x000076e0     0x4  interpret.o [1]
  .text               ro code  0x000076e4     0x4  interpret.o [1]
  .text               ro code  0x000076e8     0x4  interpret.o [1]
  .text               ro code  0x000076ec     0x4  interpret.o [1]
  .text               ro code  0x000076f0     0x4  interpret.o [1]
  .text               ro code  0x000076f4     0x4  interpret.o [1]
  .text               ro code  0x000076f8     0x4  interpret.o [1]
  .text               ro code  0x000076fc     0x4  interpret.o [1]
  .text               ro code  0x00007700     0x4  interpret.o [1]
  .text               ro code  0x00007704     0x4  parseTreeEntry.o [1]
  .text               ro code  0x00007708     0x4  low_level_init.o [3]
  .rodata             const    0x0000770c     0x2  heap_2.o [1]
  .text               ro code  0x0000770e     0x2  interpret.o [1]
  .text               ro code  0x00007710     0x2  interpret.o [1]
  .text               ro code  0x00007712     0x2  interpret.o [1]
  .text               ro code  0x00007714     0x2  interpret.o [1]
  .text               ro code  0x00007716     0x2  interpret.o [1]
  .text               ro code  0x00007718     0x2  interpret.o [1]
  .rodata             const    0x0000771a     0x1  setlocale.o [3]
  Initializer bytes   ro data  0x0000771b    0xa0  <for P2 s0>
                             - 0x000077bb  0x76bb

"P2", part 1 of 3:                         0x49a4
  .noinit             uninit   0x20000000  0x4000  startup_ewarm.o [1]
  HEAP                         0x20004000   0x800  <Block>
    HEAP              uninit   0x20004000   0x800  <Block tail>
  .iar.dynexit                 0x20004800   0x1a4  <Block>
    .iar.dynexit      uninit   0x20004800     0xc  cppinit.o [3]
    .iar.dynexit      uninit   0x2000480c   0x198  <Block tail>
                             - 0x200049a4  0x49a4

"P2", part 2 of 3:                          0x188
  P2 s0                        0x200049a4   0x188  <Init block>
    .data             inited   0x200049a4    0x80  setlocale.o [3]
    .data             inited   0x20004a24    0x40  xfiles.o [3]
    .data             inited   0x20004a64    0x40  xfiles.o [3]
    .data             inited   0x20004aa4    0x40  xfiles.o [3]
    .data             inited   0x20004ae4    0x20  xfiles.o [3]
    .data             inited   0x20004b04     0x8  XShttio.o [3]
    .data             inited   0x20004b0c     0x4  IntQueue.o [1]
    .data             inited   0x20004b10     0x4  heap_2.o [1]
    .data             inited   0x20004b14     0x4  interpret.o [1]
    .data             inited   0x20004b18     0x4  interpret.o [1]
    .data             inited   0x20004b1c     0x4  motor.tab.o [1]
    .data             inited   0x20004b20     0x4  port.o [1]
    .data             inited   0x20004b24     0x4  tasks.o [1]
    .data             inited   0x20004b28     0x4  tasks.o [1]
                             - 0x20004b2c   0x188

"P2", part 3 of 3:                         0x77b0
  .bss                zero     0x20004b30  0x5dc0  heap_2.o [1]
  .bss                zero     0x2000a8f0  0x14c0  interpret.o [1]
  .bss                zero     0x2000bdb0   0x108  interpret.o [1]
  .bss                zero     0x2000beb8    0xc8  IntQueue.o [1]
  .bss                zero     0x2000bf80    0xc8  IntQueue.o [1]
  .bss                zero     0x2000c048    0x64  tasks.o [1]
  .bss                zero     0x2000c0ac    0x50  xfiles.o [3]
  .bss                zero     0x2000c0fc    0x50  xfiles.o [3]
  .bss                zero     0x2000c14c    0x14  tasks.o [1]
  .bss                zero     0x2000c160    0x14  tasks.o [1]
  .bss                zero     0x2000c174    0x14  tasks.o [1]
  .bss                zero     0x2000c188    0x14  tasks.o [1]
  .bss                zero     0x2000c19c    0x14  tasks.o [1]
  .bss                zero     0x2000c1b0    0x14  xsyslock.o [3]
  .bss                zero     0x2000c1c4     0x8  heap_2.o [1]
  .bss                zero     0x2000c1cc     0x8  heap_2.o [1]
  .bss                zero     0x2000c1d4     0x8  errno.o [3]
  .bss                zero     0x2000c1dc     0x8  xxmemxmalloc.o [3]
  .bss                zero     0x2000c1e4     0x4  IntQueue.o [1]
  .bss                zero     0x2000c1e8     0x4  IntQueue.o [1]
  .bss                zero     0x2000c1ec     0x4  IntQueue.o [1]
  .bss                zero     0x2000c1f0     0x4  IntQueue.o [1]
  .bss                zero     0x2000c1f4     0x4  IntQueue.o [1]
  .bss                zero     0x2000c1f8     0x4  IntQueue.o [1]
  .bss                zero     0x2000c1fc     0x4  IntQueue.o [1]
  .bss                zero     0x2000c200     0x4  heap_2.o [1]
  .bss                zero     0x2000c204     0x4  interpret.o [1]
  .bss                zero     0x2000c208     0x4  interpret.o [1]
  .bss                zero     0x2000c20c     0x4  interpret.o [1]
  .bss                zero     0x2000c210     0x4  motor.o [1]
  .bss                zero     0x2000c214     0x4  motor.tab.o [1]
  .bss                zero     0x2000c218     0x4  motor.tab.o [1]
  .bss                zero     0x2000c21c     0x4  motor.tab.o [1]
  .bss                zero     0x2000c220     0x4  motor.tab.o [1]
  .bss                zero     0x2000c224     0x4  motor.tab.o [1]
  .bss                zero     0x2000c228     0x4  motor.tab.o [1]
  .bss                zero     0x2000c22c     0x4  motor.tab.o [1]
  .bss                zero     0x2000c230     0x4  motor.tab.o [1]
  .bss                zero     0x2000c234     0x4  motor.tab.o [1]
  .bss                zero     0x2000c238     0x4  motor.tab.o [1]
  .bss                zero     0x2000c23c     0x4  motor.tab.o [1]
  .bss                zero     0x2000c240     0x4  motor.tab.o [1]
  .bss                zero     0x2000c244     0x4  motor.tab.o [1]
  .bss                zero     0x2000c248     0x4  motor.tab.o [1]
  .bss                zero     0x2000c24c     0x4  motor.tab.o [1]
  .bss                zero     0x2000c250     0x4  motor.tab.o [1]
  .bss                zero     0x2000c254     0x4  motor.tab.o [1]
  .bss                zero     0x2000c258     0x4  motor.tab.o [1]
  .bss                zero     0x2000c25c     0x4  motor.tab.o [1]
  .bss                zero     0x2000c260     0x4  motor.tab.o [1]
  .bss                zero     0x2000c264     0x4  motor.tab.o [1]
  .bss                zero     0x2000c268     0x4  motor.tab.o [1]
  .bss                zero     0x2000c26c     0x4  motor.tab.o [1]
  .bss                zero     0x2000c270     0x4  motor.tab.o [1]
  .bss                zero     0x2000c274     0x4  tasks.o [1]
  .bss                zero     0x2000c278     0x4  tasks.o [1]
  .bss                zero     0x2000c27c     0x4  tasks.o [1]
  .bss                zero     0x2000c280     0x4  tasks.o [1]
  .bss                zero     0x2000c284     0x4  tasks.o [1]
  .bss                zero     0x2000c288     0x4  tasks.o [1]
  .bss                zero     0x2000c28c     0x4  tasks.o [1]
  .bss                zero     0x2000c290     0x4  tasks.o [1]
  .bss                zero     0x2000c294     0x4  tasks.o [1]
  .bss                zero     0x2000c298     0x4  tasks.o [1]
  .bss                zero     0x2000c29c     0x4  tasks.o [1]
  .bss                zero     0x2000c2a0     0x4  tasks.o [1]
  .bss                zero     0x2000c2a4     0x4  tasks.o [1]
  .bss                zero     0x2000c2a8     0x4  tasks.o [1]
  .bss                zero     0x2000c2ac     0x4  tasks.o [1]
  .bss                zero     0x2000c2b0     0x4  tasks.o [1]
  .bss                zero     0x2000c2b4     0x4  tasks.o [1]
  .bss                zero     0x2000c2b8     0x4  timertest.o [1]
  .bss                zero     0x2000c2bc     0x4  cppinit.o [3]
  .bss                zero     0x2000c2c0     0x4  cppinit.o [3]
  .bss                zero     0x2000c2c4     0x4  MtxWrapper.o [3]
  .bss                zero     0x2000c2c8     0x4  MtxWrapper.o [3]
  .bss                zero     0x2000c2cc     0x4  MtxWrapper.o [3]
  .bss                zero     0x2000c2d0     0x4  MtxWrapper.o [3]
  .bss                zero     0x2000c2d4     0x4  xgetmemchunk.o [3]
  .bss                zero     0x2000c2d8     0x1  interpret.o [1]
  .bss                zero     0x2000c2d9     0x1  interpret.o [1]
  .bss                zero     0x2000c2da     0x1  interpret.o [1]
  .bss                zero     0x2000c2db     0x1  interpret.o [1]
  .bss                zero     0x2000c2dc     0x1  motor.tab.o [1]
  .bss                zero     0x2000c2dd     0x1  motor.tab.o [1]
                             - 0x2000c2de  0x77ae


*******************************************************************************
*** INIT TABLE
***

          Address     Size
          -------     ----
Zero (__iar_zero_init3)
    1 destination range, total size 0x77ae:
          0x20004b30  0x77ae

Copy/packbits (__iar_packbits_init3)
    1 source range, total size 0xa0 (40% of destination):
          0x0000771b    0xa0
    1 destination range, total size 0x188:
          0x200049a4   0x188

Extra (__iar_cstart_call_ctors)


*******************************************************************************
*** MODULE SUMMARY
***

    Module              ro code  ro data  rw data
    ------              -------  -------  -------
C:\dev\docs\scottdesign\motor\Debug\Obj: [1]
    IntQueue.o              810        2      432
    IntQueueTimer.o          56
    accel.o                 786
    heap_2.o                324        4   24 024
    interpret.o           4 202      271    5 600
    list.o                  164
    main.o                  572       24
    motor.o                 368                 4
    motor.tab.o           4 566    4 254      102
    parseTreeEntry.o        118
    port.o                  192        1        4
    portasm.o               140
    queue.o                 370
    startup_ewarm.o           6      256   16 384
    stepper.o             1 814      116
    symbolTableEntry.o      110
    tasks.o               2 128       32      276
    timertest.o             144                 4
    ---------------------------------------------
    Total:               16 870    4 960   46 830

command line: [2]
    ---------------------------------------------
    Total:

dl7M_tl_if.a: [3]
    MtxWrapper.o             72                16
    XShttio.o                 8        3        8
    abort.o                   8
    cppinit.o               136                20
    errno.o                  20                 8
    exit.o                    6
    expf.o                  104
    fclose.o                168
    fflush.o                172
    fileno.o                  6
    fputc.o                  80
    isxxx.o                  20
    low_level_init.o          4
    realloc.o               390
    setlocale.o              24       53      128
    sprintf.o                48
    targetabi.o              78
    tolower.o                20
    xassert.o                72
    xcloseall.o              40
    xfdnorm.o               130
    xfdscale.o              192
    xfexp.o                 352
    xfiles.o                          91      384
    xfwprep.o               162
    xgetmemchunk.o           40                 4
    xlocale_c.o              32
    xprintftiny.o           294
    xreportassert.o         132       48
    xsprout.o                10
    xstoul.o                276       80
    xsyslock.o              136                20
    xxmemxfree.o            136
    xxmemxmalloc.o          188                 8
    ---------------------------------------------
    Total:                3 556      275      596

driverlib.a: [4]
    cpu.o                    20
    gpio.o                  218
    interrupt.o             156       64
    sysctl.o                 38       12
    timer.o                 102
    uart.o                   18
    ---------------------------------------------
    Total:                  552       76

rt7M_tl.a: [5]
    ABImemcpy.o             112
    ABImemmove.o            120
    ABImemset.o             102
    DblAdd.o                230
    DblDiv.o                582
    DblMul.o                418
    DblSub.o                382
    DblToFlt.o              144
    FltAdd.o                140
    FltCmpEq.o               28
    FltCmpGe.o               36
    FltCmpLe.o               36
    FltDiv.o                252
    FltMul.o                216
    FltSub.o                228
    FltToDbl.o               78
    FltToS32.o               68
    FltToU32.o               36
    I32ToDbl.o               46
    I32ToFlt.o               48
    cexit.o                  18
    cmain.o                  22
    cmain_call_ctors.o       32
    cstartup_M.o             12
    data_init3.o             44
    memchr.o                 88
    memcmp.o                 98
    packbits_init3.o        168
    strlen.o                 54
    strncpy.o               108
    zero_init3.o             36
    ---------------------------------------------
    Total:                3 982

shb_l.a: [6]
    close.o                  26
    dwrite.o                 30
    exit.o                   20
    iarttio.o               104        4
    iarwrite.o               34
    iarwstd.o                32
    remove.o                 22
    write.o                  16
    ---------------------------------------------
    Total:                  284        4

    Gaps                     36        8
    Linker created                    48    2 456
-------------------------------------------------
    Grand Total:         25 280    5 371   49 882


*******************************************************************************
*** ENTRY LIST
***

Entry                      Address    Size  Type      Object
-----                      -------    ----  ----      ------
.iar.dynexit$$Base      0x20004800           --   Gb  - Linker created -
.iar.dynexit$$Limit     0x200049a4           --   Gb  - Linker created -
CPUcpsid                0x000072bd          Code  Gb  cpu.o [4]
CPUcpsie                0x000072c5          Code  Gb  cpu.o [4]
CPUwfi                  0x000072cd          Code  Gb  cpu.o [4]
DtorRecArray            0x20004800     0xc  Data  Lc  cppinit.o [3]
FaultISR                0x000076a5     0x2  Code  Lc  startup_ewarm.o [1]
GPIODirModeSet          0x00005129    0x2c  Code  Gb  gpio.o [4]
GPIOPadConfigSet        0x00005155    0xa8  Code  Gb  gpio.o [4]
GPIOPinWrite            0x000051fd     0x6  Code  Gb  gpio.o [4]
HEAP$$Base              0x20004000           --   Gb  - Linker created -
HEAP$$Limit             0x20004800           --   Gb  - Linker created -
IntDefaultHandler       0x000076a7     0x2  Code  Lc  startup_ewarm.o [1]
IntEnable               0x000059fd    0x4c  Code  Gb  interrupt.o [4]
IntMasterEnable         0x000059c9     0xa  Code  Gb  interrupt.o [4]
IntPrioritySet          0x000059d3    0x24  Code  Gb  interrupt.o [4]
LEDOff                  0x00003995     0xe  Code  Gb  main.o [1]
LEDOn                   0x00003987     0xe  Code  Gb  main.o [1]
NmiSR                   0x000076a3     0x2  Code  Lc  startup_ewarm.o [1]
Region$$Table$$Base     0x00006ee4           --   Gb  - Linker created -
Region$$Table$$Limit    0x00006f14           --   Gb  - Linker created -
SHT$$INIT_ARRAY$$Base   0x000076cc           --   Gb  - Linker created -
SHT$$INIT_ARRAY$$Limit  0x000076d0           --   Gb  - Linker created -
SHT$$PREINIT_ARRAY$$Base
                        0x000076cc           --   Gb  - Linker created -
SHT$$PREINIT_ARRAY$$Limit
                        0x000076cc           --   Gb  - Linker created -
SysCtlPeripheralEnable  0x00006d55     0x6  Code  Gb  sysctl.o [4]
Timer0IntHandler        0x00005acf    0x10  Code  Gb  timertest.o [1]
TimerConfigure          0x000062f1    0x24  Code  Gb  timer.o [4]
TimerDisable            0x000062dd     0xc  Code  Gb  timer.o [4]
TimerEnable             0x000062c9     0xc  Code  Gb  timer.o [4]
TimerIntClear           0x0000632b     0x4  Code  Gb  timer.o [4]
TimerIntEnable          0x00006325     0x6  Code  Gb  timer.o [4]
TimerLoadSet            0x00006315    0x10  Code  Gb  timer.o [4]
UARTCharsAvail          0x0000735d     0x8  Code  Gb  uart.o [4]
UARTIntHandler          0x00003909    0x42  Code  Gb  main.o [1]
UARTSend                0x0000394b    0x20  Code  Gb  main.o [1]
_Close_all              0x00006d05    0x28  Code  Gb  xcloseall.o [3]
_Files                  0x20004ae4    0x20  Data  Gb  xfiles.o [3]
_Fwprep                 0x00005925    0xa2  Code  Gb  xfwprep.o [3]
_IsdstStr               0x200049c8     0x4  Data  Gb  setlocale.o [3]
_LocaleC_isspace        0x00007349    0x14  Code  Gb  xlocale_c.o [3]
_LocaleC_tolower        0x00007565     0xc  Code  Gb  xlocale_c.o [3]
_LocaleForCat           0x00007161    0x14  Code  Gb  setlocale.o [3]
_LocaleReturnString     0x200049d4    0x50  Data  Lc  setlocale.o [3]
_Locale_Profile         0x200049a4    0x1c  Data  Gb  setlocale.o [3]
_PrintfTiny             0x00004b09   0x126  Code  Gb  xprintftiny.o [3]
_SProut                 0x000075a3     0xa  Code  Gb  xsprout.o [3]
_TzoneStr               0x200049c0     0x4  Data  Gb  setlocale.o [3]
__aeabi_assert          0x000065d7    0x46  Code  Gb  xassert.o [3]
__aeabi_atexit          0x00007599     0xa  Code  Gb  targetabi.o [3]
__aeabi_cfcmpeq         0x000070f5          Code  Gb  FltCmpEq.o [5]
__aeabi_cfcmple         0x00006ded          Code  Gb  FltCmpLe.o [5]
__aeabi_cfrcmple        0x00006e11          Code  Gb  FltCmpGe.o [5]
__aeabi_d2f             0x00005af5          Code  Gb  DblToFlt.o [5]
__aeabi_dadd            0x00004f5d          Code  Gb  DblAdd.o [5]
__aeabi_ddiv            0x000036c1          Code  Gb  DblDiv.o [5]
__aeabi_dmul            0x00003ebd          Code  Gb  DblMul.o [5]
__aeabi_dsub            0x000041e9          Code  Gb  DblSub.o [5]
__aeabi_errno_addr      0x00007295    0x14  Code  Gb  errno.o [3]
__aeabi_f2d             0x000064f5          Code  Gb  FltToDbl.o [5]
__aeabi_f2iz            0x0000661d          Code  Gb  FltToS32.o [5]
__aeabi_f2uiz           0x00006dc9          Code  Gb  FltToU32.o [5]
__aeabi_fadd            0x00005b85          Code  Gb  FltAdd.o [5]
__aeabi_fdiv            0x00004e61          Code  Gb  FltDiv.o [5]
__aeabi_fmul            0x00005205          Code  Gb  FltMul.o [5]
__aeabi_fsub            0x00005045          Code  Gb  FltSub.o [5]
__aeabi_i2d             0x000069dd          Code  Gb  I32ToDbl.o [5]
__aeabi_i2f             0x000068ed          Code  Gb  I32ToFlt.o [5]
__aeabi_memcpy          0x000060ad          Code  Gb  ABImemcpy.o [5]
__aeabi_memcpy4         0x000060c7          Code  Gb  ABImemcpy.o [5]
__aeabi_memcpy8         0x000060c7          Code  Gb  ABImemcpy.o [5]
__aeabi_memmove         0x00005fc1          Code  Gb  ABImemmove.o [5]
__aeabi_memmove4        0x00005fc1          Code  Gb  ABImemmove.o [5]
__aeabi_memmove8        0x00005fc1          Code  Gb  ABImemmove.o [5]
__aeabi_memset          0x00006331          Code  Gb  ABImemset.o [5]
__aeabi_ui2d            0x000069f1          Code  Gb  I32ToDbl.o [5]
__aeabi_ui2f            0x00006901          Code  Gb  I32ToFlt.o [5]
__aeabi_vec_ctor_nocookie_nodtor
                        0x00006e35    0x24  Code  Gb  targetabi.o [3]
__aeabi_vec_dtor        0x00006fb5    0x20  Code  Gb  targetabi.o [3]
__call_ctors            0x00005c9d    0x18  Code  Gb  cppinit.o [3]
__call_dtors            0x00005ce1     0x2  Code  Gb  cppinit.o [3]
__close                 0x00007147    0x1a  Code  Gb  close.o [6]
__cmain                 0x000071c1          Code  Gb  cmain.o [5]
__cstart_call_dtors     0x00007373          Code  Gb  cexit.o [5]
__cstart_closeall       0x00007377          Code  Gb  cexit.o [5]
__cxa_atexit            0x00005cb5    0x2c  Code  Gb  cppinit.o [3]
__cxa_finalize          0x00005ce3    0x36  Code  Gb  cppinit.o [3]
__data_Aldata           0x2000c1dc     0x8  Data  Gb  xxmemxmalloc.o [3]
__data_GetMemChunk      0x00006cdd    0x28  Code  Gb  xgetmemchunk.o [3]
__data_myrealloc        0x00004061    0xde  Code  Lc  realloc.o [3]
__dso_handle            0x2000c2c0     0x4  Data  Gb  cppinit.o [3]
__dwrite                0x00007013    0x1e  Code  Gb  dwrite.o [6]
__exit                  0x000072a9    0x14  Code  Gb  exit.o [6]
__iar_EmptyStepPoint    0x000065d5     0x2  Code  Gb  xassert.o [3]
__iar_Errno             0x2000c1d8     0x4  Data  Gb  errno.o [3]
__iar_FDnorm            0x00005f3d    0x82  Code  Gb  xfdnorm.o [3]
__iar_FDscale           0x00005461    0xc0  Code  Gb  xfdscale.o [3]
__iar_FExp              0x000044dd   0x160  Code  Gb  xfexp.o [3]
__iar_Locksyslock       0x00005dd3    0x46  Code  Gb  xsyslock.o [3]
__iar_Memchr            0x000063fd          Code  Gb  memchr.o [5]
__iar_Memset            0x00006331          Code  Gb  ABImemset.o [5]
__iar_Memset_word       0x00006339          Code  Gb  ABImemset.o [5]
__iar_Mtxdst            0x0000659b     0xe  Code  Gb  MtxWrapper.o [3]
__iar_Mtxinit           0x0000658d     0xe  Code  Gb  MtxWrapper.o [3]
__iar_Mtxlock           0x000065a9     0xe  Code  Gb  MtxWrapper.o [3]
__iar_Mtxunlock         0x000065b7     0xe  Code  Gb  MtxWrapper.o [3]
__iar_ReportAssert      0x00005ed3    0x58  Code  Gb  xreportassert.o [3]
__iar_Stderr            0x20004aa4    0x40  Data  Gb  xfiles.o [3]
__iar_Stdin             0x20004a24    0x40  Data  Gb  xfiles.o [3]
__iar_Stdout            0x20004a64    0x40  Data  Gb  xfiles.o [3]
__iar_Stoul             0x00004d4d   0x114  Code  Gb  xstoul.o [3]
__iar_Tls_setup__IsdstStr
                        0x200049cc     0x4  Data  Gb  setlocale.o [3]
__iar_Tls_setup__Locale_Profile
                        0x200049d0     0x4  Data  Gb  setlocale.o [3]
__iar_Tls_setup__TzoneStr
                        0x200049c4     0x4  Data  Gb  setlocale.o [3]
__iar_Tls_setup___iar_Errno
                        0x2000c1d4     0x4  Data  Gb  errno.o [3]
__iar_Unlocksyslock     0x00005e19    0x14  Code  Gb  xsyslock.o [3]
__iar_close_ttio        0x000061f9    0x26  Code  Gb  iarttio.o [6]
__iar_cstart_call_ctors
                        0x00006f95    0x20  Code  Gb  cmain_call_ctors.o [5]
__iar_dadd              0x00004f6f          Code  Gb  DblAdd.o [5]
__iar_data_init3        0x00006b41    0x2c  Code  Gb  data_init3.o [5]
__iar_dsub              0x000041fb          Code  Gb  DblSub.o [5]
__iar_dsubStart         0x0000420d          Code  Gb  DblSub.o [5]
__iar_fadd              0x00005b93          Code  Gb  FltAdd.o [5]
__iar_fsub              0x00005053          Code  Gb  FltSub.o [5]
__iar_fsubStart         0x00005061          Code  Gb  FltSub.o [5]
__iar_get_ttio          0x00006221    0x40  Code  Gb  iarttio.o [6]
__iar_lookup_ttioh      0x0000765d     0x8  Code  Gb  XShttio.o [3]
__iar_packbits_init3    0x000057d9    0xa8  Code  Gb  packbits_init3.o [5]
__iar_program_start     0x00007559          Code  Gb  cstartup_M.o [5]
__iar_sh_stdout         0x00006fd5    0x20  Code  Gb  iarwstd.o [6]
__iar_sh_write          0x00006ec1    0x22  Code  Gb  iarwrite.o [6]
__iar_ttio_handles      0x20004b04     0x8  Data  Lc  XShttio.o [3]
__iar_ui2d              0x000069f3          Code  Gb  I32ToDbl.o [5]
__iar_ui2f              0x00006903          Code  Gb  I32ToFlt.o [5]
__iar_zero_init3        0x00006e59    0x24  Code  Gb  zero_init3.o [5]
__low_level_init        0x00007709     0x4  Code  Gb  low_level_init.o [3]
__vector_table          0x00000000   0x100  Data  Gb  startup_ewarm.o [1]
__write                 0x00007439    0x10  Code  Gb  write.o [6]
_call_main              0x000071cd          Code  Gb  cmain.o [5]
_exit                   0x00007371          Code  Gb  cexit.o [5]
_main                   0x000071d3          Code  Gb  cmain.o [5]
abort                   0x00007665     0x8  Code  Gb  abort.o [3]
accel::RPM(float, float)
                        0x00006da1    0x26  Code  Gb  motor.o [1]
accel::_RPMtoFreq(float)
                        0x000070bd    0x1c  Code  Gb  motor.o [1]
accel::_initUnitCurve(int)
                        0x0000354d    0x82  Code  Gb  accel.o [1]
accel::_scaleYAxisToClockTicks()
                        0x0000364b    0x42  Code  Gb  accel.o [1]
accel::_scaleYAxisToFrequency()
                        0x000035e5    0x66  Code  Gb  accel.o [1]
accel::accel()          0x00003449     0xc  Code  Gb  accel.o [1]
accel::accel() [internal]
                        0x00003455    0x4a  Code  Gb  accel.o [1]
accel::accelTime()      0x00007673     0x6  Code  Gb  accel.o [1]
accel::accelTime(unsigned int)
                        0x0000766d     0x6  Code  Gb  accel.o [1]
accel::clockTicksToCurveIndex(unsigned int)
                        0x00007179    0x18  Code  Gb  accel.o [1]
accel::clockTicksToCurveIndexReverse(unsigned int)
                        0x000071a9    0x18  Code  Gb  stepper.o [1]
accel::clockTicksToMicroSec(unsigned int)
                        0x00007191    0x18  Code  Gb  accel.o [1]
accel::curveIndexToClockTicks(unsigned int)
                        0x00007571     0xa  Code  Gb  accel.o [1]
accel::degreesPerMicrostep() const
                        0x00007691     0x6  Code  Gb  motor.o [1]
accel::degreesPerMicrostep(float)
                        0x0000768b     0x6  Code  Gb  motor.o [1]
accel::fmax()           0x000076af     0x6  Code  Gb  stepper.o [1]
accel::fmin()           0x000076a9     0x6  Code  Gb  stepper.o [1]
accel::freqCloseToStop(unsigned int)
                        0x00007395    0x12  Code  Gb  stepper.o [1]
accel::freqFromClockTicks(unsigned int)
                        0x00006bc1    0x2a  Code  Gb  stepper.o [1]
accel::freqFromTime(unsigned int)
                        0x00007219    0x16  Code  Gb  stepper.o [1]
accel::frequency(unsigned int, unsigned int)
                        0x0000368d    0x34  Code  Gb  accel.o [1]
accel::initAccelTime(unsigned int)
                        0x00006e7d    0x22  Code  Gb  accel.o [1]
accel::microSecToCurveIndex(unsigned int)
                        0x00006d7b    0x26  Code  Gb  accel.o [1]
accel::microSecToCurveIndexReverse(unsigned int)
                        0x00006beb    0x2a  Code  Gb  stepper.o [1]
accel::stepsToTime(unsigned int)
                        0x000034eb    0x62  Code  Gb  accel.o [1]
accel::timeToSteps(unsigned int)
                        0x0000349f    0x4c  Code  Gb  accel.o [1]
accel::updateClockPeriod()
                        0x0000697d    0x30  Code  Gb  stepper.o [1]
accel::updateClockPeriodReverse()
                        0x000069ad    0x30  Code  Gb  stepper.o [1]
accel::~accel()         0x00007465     0xe  Code  Gb  interpret.o [1]
accel::~accel() [internal]
                        0x00007713     0x2  Code  Gb  interpret.o [1]
atoi                    0x00007429    0x10  Code  Gb  motor.tab.o [1]
bufferInput             0x00001373   0x154  Code  Gb  interpret.o [1]
clearlocks              0x00005dad    0x26  Code  Lc  xsyslock.o [3]
delay                   0x0000396b    0x1c  Code  Gb  main.o [1]
digits                  0x0000647c    0x28  Data  Lc  xstoul.o [3]
ebuf                    0x2000c0ac    0x50  Data  Lc  xfiles.o [3]
errMsg()                0x00001327    0x36  Code  Gb  interpret.o [1]
exit                    0x000076c1     0x6  Code  Gb  exit.o [3]
exp(float)              0x0000751d     0xc  Code  Gb  accel.o [1]
expf                    0x00006261    0x68  Code  Gb  expf.o [3]
fclose                  0x00005731    0xa8  Code  Gb  fclose.o [3]
fflush                  0x0000564d    0x38  Code  Gb  fflush.o [3]
fflushOne               0x000055dd    0x70  Code  Lc  fflush.o [3]
fileno                  0x000076bb     0x6  Code  Gb  fileno.o [3]
flashLED                0x000039a3    0x14  Code  Gb  main.o [1]
fputc                   0x000064a5    0x50  Code  Gb  fputc.o [3]
free                    0x00005d25    0x84  Code  Gb  xxmemxfree.o [3]
g_pulRCGCRegs           0x000074f8     0xc  Data  Lc  sysctl.o [4]
g_pulRegs               0x00006660    0x40  Data  Lc  interrupt.o [4]
heapSTRUCT_SIZE         0x0000770c     0x2  Data  Lc  heap_2.o [1]
interpret::_currentProgramNodeLevel() const
                        0x000072f9    0x14  Code  Gb  interpret.o [1]
interpret::_currentProgramNodeType() const
                        0x000072d1    0x14  Code  Gb  interpret.o [1]
interpret::_currentProgramNodeValue() const
                        0x000072e5    0x14  Code  Gb  interpret.o [1]
interpret::_evalValue()
                        0x000066a1    0x3c  Code  Gb  interpret.o [1]
interpret::_evalValue()::string
                        0x00006f14    0x20  Data  Gb  interpret.o [1]
interpret::_evalValue()::string (instance 2)
                        0x00006a38    0x2c  Data  Gb  interpret.o [1]
interpret::_findFirstParseTreeEntry(const parseTreeEntry &, unsigned int)
                        0x00001a89    0x6e  Code  Gb  interpret.o [1]
interpret::_programNodeType(unsigned int) const
                        0x00007383    0x12  Code  Gb  interpret.o [1]
interpret::_pushTemporarySymbolOnEvaluationStack(unsigned int)
                        0x00001ef9    0x58  Code  Gb  interpret.o [1]
interpret::_resetSymbolTableTemporaryBoundary()
                        0x0000758f     0xa  Code  Gb  interpret.o [1]
interpret::appendToProgram(const parseTreeEntry &)
                        0x0000152d    0x2c  Code  Gb  interpret.o [1]
interpret::appendToSymbolTable(const symbolTableEntry &)
                        0x00001559    0x2e  Code  Gb  interpret.o [1]
interpret::evaluate(unsigned int)
                        0x00001bb9   0x336  Code  Gb  interpret.o [1]
interpret::interpret()  0x000012c9     0xc  Code  Gb  interpret.o [1]
interpret::interpret() [internal]
                        0x000014c7    0x66  Code  Gb  interpret.o [1]
interpret::run()        0x00001587   0x502  Code  Gb  interpret.o [1]
interpret::symbolFromIndex(int)
                        0x00007111    0x1c  Code  Gb  interpret.o [1]
interpret::symbolTableIndexMorph(int)
                        0x00001af7    0x72  Code  Gb  interpret.o [1]
interpret::~interpret()
                        0x000074c7     0xe  Code  Gb  interpret.o [1]
interpret::~interpret() [internal]
                        0x00006545    0x48  Code  Gb  interpret.o [1]
interpreter             0x2000a8f0  0x14c0  Data  Gb  interpret.o [1]
isatty                  0x000012bf     0x6  Code  Gb  motor.tab.o [1]
isspace                 0x00007321    0x14  Code  Gb  isxxx.o [3]
led::Off()              0x000070a1    0x1c  Code  Gb  interpret.o [1]
led::On()               0x00007085    0x1c  Code  Gb  interpret.o [1]
led::_enable            0x2000c2d8     0x1  Data  Gb  interpret.o [1]
led::enable()           0x00007505     0xc  Code  Gb  interpret.o [1]
led::enable(bool)       0x00007511     0xc  Code  Gb  motor.o [1]
led::led(bool)          0x000074ab     0xe  Code  Gb  interpret.o [1]
led::led(bool) [internal]
                        0x00006ff5    0x1e  Code  Gb  interpret.o [1]
led::set(unsigned int)  0x0000712d    0x1a  Code  Gb  interpret.o [1]
led::~led()             0x000074b9     0xe  Code  Gb  interpret.o [1]
led::~led() [internal]  0x000073f9    0x10  Code  Gb  interpret.o [1]
main                    0x000039b7    0xe0  Code  Gb  main.o [1]
mainA                   0x0000569d    0x7a  Code  Gb  motor.o [1]
malloc                  0x00005521    0xb6  Code  Gb  xxmemxmalloc.o [3]
memchr                  0x000063fd          Code  Gb  memchr.o [5]
memcmp                  0x00006399          Code  Gb  memcmp.o [5]
memcpy                  0x00007203    0x16  Code  Gb  interpret.o [1]
memset                  0x000071d7    0x16  Code  Gb  IntQueue.o [1]
motorFatalError         0x000012bd     0x2  Code  Gb  motor.tab.o [1]
mtx                     0x2000c1b4    0x10  Data  Lc  xsyslock.o [3]
mtxdst                  0x2000c2c8     0x4  Data  Lc  MtxWrapper.o [3]
mtxinit                 0x2000c2c4     0x4  Data  Lc  MtxWrapper.o [3]
mtxlock                 0x2000c2cc     0x4  Data  Lc  MtxWrapper.o [3]
mtxunlock               0x2000c2d0     0x4  Data  Lc  MtxWrapper.o [3]
ndigs                   0x00006454    0x28  Data  Lc  xstoul.o [3]
net                     0x2000c2dc     0x1  Data  Gb  motor.tab.o [1]
next_abi_dtor_rec       0x2000c2bc     0x4  Data  Lc  cppinit.o [3]
obuf                    0x2000c0fc    0x50  Data  Lc  xfiles.o [3]
out                     0x00005eb9    0x1a  Code  Lc  xreportassert.o [3]
parseTreeEntry::level() const
                        0x000076d1     0x4  Code  Gb  interpret.o [1]
parseTreeEntry::level(unsigned int)
                        0x000076d5     0x4  Code  Gb  interpret.o [1]
parseTreeEntry::operator =(const parseTreeEntry&)
                        0x00006061    0x4a  Code  Gb  parseTreeEntry.o [1]
parseTreeEntry::parseTreeEntry()
                        0x00006039     0xc  Code  Gb  parseTreeEntry.o [1]
parseTreeEntry::parseTreeEntry() [internal]
                        0x00006053     0x6  Code  Gb  parseTreeEntry.o [1]
parseTreeEntry::parseTreeEntry(nodeType, int, unsigned int)
                        0x00006045     0xe  Code  Gb  parseTreeEntry.o [1]
parseTreeEntry::parseTreeEntry(nodeType, int, unsigned int) [internal]
                        0x00006059     0x8  Code  Gb  parseTreeEntry.o [1]
parseTreeEntry::position() const
                        0x00007705     0x4  Code  Gb  parseTreeEntry.o [1]
parseTreeEntry::position(nodePosition)
                        0x000076e9     0x4  Code  Gb  interpret.o [1]
parseTreeEntry::type() const
                        0x000076e1     0x4  Code  Gb  interpret.o [1]
parseTreeEntry::type(nodeType)
                        0x000076e5     0x4  Code  Gb  interpret.o [1]
parseTreeEntry::value() const
                        0x000076d9     0x4  Code  Gb  interpret.o [1]
parseTreeEntry::value(int)
                        0x000076dd     0x4  Code  Gb  interpret.o [1]
parseTreeEntry::~parseTreeEntry()
                        0x00007449     0xe  Code  Gb  interpret.o [1]
parseTreeEntry::~parseTreeEntry() [internal]
                        0x0000770f     0x2  Code  Gb  interpret.o [1]
pcTraceBuffer           0x2000c2ac     0x4  Data  Lc  tasks.o [1]
pcTraceBufferEnd        0x2000c2b0     0x4  Data  Lc  tasks.o [1]
postMsg(bool)           0x0000135d    0x16  Code  Gb  interpret.o [1]
prvAddCurrentTaskToDelayedList
                        0x00002671    0x3e  Code  Lc  tasks.o [1]
prvAllocateTCBAndStack  0x000026bd    0x46  Code  Lc  tasks.o [1]
prvCheckTasksWaitingTermination
                        0x00002609    0x58  Code  Lc  tasks.o [1]
prvCopyDataFromQueue    0x0000449b    0x2c  Code  Lc  queue.o [1]
prvCopyDataToQueue      0x00004429    0x72  Code  Lc  queue.o [1]
prvDeleteTCB            0x00002709    0x12  Code  Lc  tasks.o [1]
prvIdleTask             0x0000256b     0xa  Code  Lc  tasks.o [1]
prvInitialiseTCBVariables
                        0x00002575    0x48  Code  Lc  tasks.o [1]
prvInitialiseTaskLists  0x000025bd    0x46  Code  Lc  tasks.o [1]
prvQueueAccessLogError  0x0000317b    0x10  Code  Lc  IntQueue.o [1]
prvRecordValue_NormallyEmpty
                        0x00003157    0x24  Code  Lc  IntQueue.o [1]
prvRecordValue_NormallyFull
                        0x00003135    0x22  Code  Lc  IntQueue.o [1]
prvSetupTimerInterrupt  0x00005439    0x10  Code  Lc  port.o [1]
pulStack                0x20000000  0x4000  Data  Lc  startup_ewarm.o [1]
pvPortMalloc            0x0000463d    0xe6  Code  Gb  heap_2.o [1]
pxCurrentTCB            0x2000c274     0x4  Data  Gb  tasks.o [1]
pxDelayedTaskList       0x2000c278     0x4  Data  Lc  tasks.o [1]
pxOverflowDelayedTaskList
                        0x2000c27c     0x4  Data  Lc  tasks.o [1]
pxPortInitialiseStack   0x000053a1    0x1a  Code  Gb  port.o [1]
pxReadyTasksLists       0x2000c048    0x64  Data  Lc  tasks.o [1]
realloc                 0x00004145    0xa2  Code  Gb  realloc.o [3]
remove                  0x0000722f    0x16  Code  Gb  remove.o [6]
sp                      0x2000c210     0x4  Data  Gb  motor.o [1]
sprintf                 0x0000691d    0x30  Code  Gb  sprintf.o [3]
statementNestingLevel   0x2000c214     0x4  Data  Gb  motor.tab.o [1]
statementPosition       0x2000c218     0x4  Data  Gb  motor.tab.o [1]
statementType           0x2000c21c     0x4  Data  Gb  motor.tab.o [1]
statementValue          0x2000c220     0x4  Data  Gb  motor.tab.o [1]
stepper::RPM(float, float)
                        0x0000730d    0x14  Code  Gb  motor.o [1]
stepper::_timer()       0x000076b5     0x6  Code  Gb  stepper.o [1]
stepper::_timer(unsigned long)
                        0x000070d9    0x1c  Code  Gb  stepper.o [1]
stepper::_timerStart(bool)
                        0x00002ca7    0x4e  Code  Gb  stepper.o [1]
stepper::accelerationTimeMicrosecs(unsigned int)
                        0x00007409    0x10  Code  Gb  motor.o [1]
stepper::degreesPerMicrostep() const
                        0x0000754d     0xc  Code  Gb  motor.o [1]
stepper::degreesPerMicrostep(float)
                        0x00007419    0x10  Code  Gb  motor.o [1]
stepper::directionPositive(bool)
                        0x00006a0b    0x2e  Code  Gb  stepper.o [1]
stepper::enable()       0x000073a7    0x12  Code  Gb  stepper.o [1]
stepper::isr()          0x000029a1   0x306  Code  Gb  stepper.o [1]
stepper::moveAbsolute(int)
                        0x000027ef   0x19e  Code  Gb  stepper.o [1]
stepper::moveAbsoluteDegree(float)
                        0x00006e9f    0x22  Code  Gb  motor.o [1]
stepper::moveRelative(int)
                        0x0000298d    0x14  Code  Gb  stepper.o [1]
stepper::positionSteps(int)
                        0x00007697     0x6  Code  Gb  motor.o [1]
stepper::state() const  0x0000769d     0x6  Code  Gb  motor.o [1]
stepper::step()         0x000066dd    0x3c  Code  Gb  stepper.o [1]
stepper::stepper()      0x000027bd     0xc  Code  Gb  stepper.o [1]
stepper::stepper() [internal]
                        0x000027c9    0x26  Code  Gb  stepper.o [1]
stepper::~stepper()     0x00007473     0xe  Code  Gb  interpret.o [1]
stepper::~stepper() [internal]
                        0x000073d9    0x10  Code  Gb  interpret.o [1]
stepperISR              0x00005689    0x14  Code  Gb  motor.o [1]
strlen                  0x00006789          Code  Gb  strlen.o [5]
strncpy                 0x0000618d          Code  Gb  strncpy.o [5]
successMsg()            0x000012f1    0x36  Code  Gb  interpret.o [1]
symbolFcnLink           0x2000c22c     0x4  Data  Gb  motor.tab.o [1]
symbolTableEntry::dumpEntry()
                        0x00006189     0x2  Code  Gb  symbolTableEntry.o [1]
symbolTableEntry::fcnLink() const
                        0x000076fd     0x4  Code  Gb  interpret.o [1]
symbolTableEntry::fcnLink(int)
                        0x00007701     0x4  Code  Gb  interpret.o [1]
symbolTableEntry::operator =(const symbolTableEntry&)
                        0x0000614f    0x3a  Code  Gb  symbolTableEntry.o [1]
symbolTableEntry::symbolTableEntry()
                        0x0000611d     0xc  Code  Gb  symbolTableEntry.o [1]
symbolTableEntry::symbolTableEntry() [internal]
                        0x00006137     0xe  Code  Gb  symbolTableEntry.o [1]
symbolTableEntry::symbolTableEntry(nodeType, int)
                        0x00006129     0xe  Code  Gb  symbolTableEntry.o [1]
symbolTableEntry::symbolTableEntry(nodeType, int) [internal]
                        0x00006145     0xa  Code  Gb  symbolTableEntry.o [1]
symbolTableEntry::type() const
                        0x000076f5     0x4  Code  Gb  interpret.o [1]
symbolTableEntry::type(nodeType)
                        0x000076f9     0x4  Code  Gb  interpret.o [1]
symbolTableEntry::value() const
                        0x000076ed     0x4  Code  Gb  interpret.o [1]
symbolTableEntry::value(int)
                        0x000076f1     0x4  Code  Gb  interpret.o [1]
symbolTableEntry::~symbolTableEntry()
                        0x00007457     0xe  Code  Gb  interpret.o [1]
symbolTableEntry::~symbolTableEntry() [internal]
                        0x00007711     0x2  Code  Gb  interpret.o [1]
symbolType              0x2000c224     0x4  Data  Gb  motor.tab.o [1]
symbolValue             0x2000c228     0x4  Data  Gb  motor.tab.o [1]
syslock_o               0x2000c1b0     0x4  Data  Lc  xsyslock.o [3]
tinyQueue<int>::empty() const
                        0x000071ed    0x16  Code  Gb  interpret.o [1]
tinyQueue<int>::front() const
                        0x00007585     0xa  Code  Gb  interpret.o [1]
tinyQueue<int>::peekAtIndex(unsigned int) const
                        0x00007685     0x6  Code  Gb  interpret.o [1]
tinyQueue<int>::pop_front()
                        0x00006d2d    0x28  Code  Gb  interpret.o [1]
tinyQueue<int>::push_front(int)
                        0x00006829    0x34  Code  Gb  interpret.o [1]
tinyQueue<int>::size() const
                        0x000073e9    0x10  Code  Gb  interpret.o [1]
tinyQueue<int>::spaceAvail() const
                        0x00006b6d    0x2a  Code  Gb  interpret.o [1]
tinyQueue<int>::stackFrameIndex() const
                        0x00007679     0x6  Code  Gb  interpret.o [1]
tinyQueue<int>::stackFrameIndex(unsigned int)
                        0x0000767f     0x6  Code  Gb  interpret.o [1]
tinyQueue<int>::tinyQueue()
                        0x00007529     0xc  Code  Gb  interpret.o [1]
tinyQueue<int>::tinyQueue() [internal]
                        0x00007481     0xe  Code  Gb  interpret.o [1]
tinyQueue<int>::~tinyQueue()
                        0x0000748f     0xe  Code  Gb  interpret.o [1]
tinyQueue<int>::~tinyQueue() [internal]
                        0x00007715     0x2  Code  Gb  interpret.o [1]
tinyQueue<unsigned char>::clear()
                        0x00007541     0xc  Code  Gb  interpret.o [1]
tinyQueue<unsigned char>::getBuffer()
                        0x00007719     0x2  Code  Gb  interpret.o [1]
tinyQueue<unsigned char>::push(unsigned char)
                        0x0000694d    0x30  Code  Gb  interpret.o [1]
tinyQueue<unsigned char>::spaceAvail() const
                        0x00006b97    0x2a  Code  Gb  interpret.o [1]
tinyQueue<unsigned char>::tinyQueue(int)
                        0x00007535     0xc  Code  Gb  interpret.o [1]
tinyQueue<unsigned char>::tinyQueue(int) [internal]
                        0x0000757b     0xa  Code  Gb  interpret.o [1]
tinyQueue<unsigned char>::~tinyQueue()
                        0x0000749d     0xe  Code  Gb  interpret.o [1]
tinyQueue<unsigned char>::~tinyQueue() [internal]
                        0x00007717     0x2  Code  Gb  interpret.o [1]
tolower                 0x00007335    0x14  Code  Gb  tolower.o [3]
ucNormallyEmptyReceivedValues
                        0x2000beb8    0xc8  Data  Lc  IntQueue.o [1]
ucNormallyFullReceivedValues
                        0x2000bf80    0xc8  Data  Lc  IntQueue.o [1]
ulTimerCount            0x2000c2b8     0x4  Data  Lc  timertest.o [1]
uxCriticalNesting       0x20004b20     0x4  Data  Lc  port.o [1]
uxCurrentNumberOfTasks  0x2000c284     0x4  Data  Lc  tasks.o [1]
uxMissedTicks           0x2000c29c     0x4  Data  Lc  tasks.o [1]
uxPreviousTask          0x20004b28     0x4  Data  Lc  tasks.o [1]
uxSchedulerSuspended    0x2000c298     0x4  Data  Lc  tasks.o [1]
uxTaskNumber            0x2000c2a8     0x4  Data  Lc  tasks.o [1]
uxTasksDeleted          0x2000c280     0x4  Data  Lc  tasks.o [1]
uxTopReadyPriority      0x2000c290     0x4  Data  Lc  tasks.o [1]
uxTopUsedPriority       0x2000c28c     0x4  Data  Lc  tasks.o [1]
uxValueForNormallyEmptyQueue
                        0x2000c1f0     0x4  Data  Gb  IntQueue.o [1]
uxValueForNormallyFullQueue
                        0x2000c1f4     0x4  Data  Gb  IntQueue.o [1]
vApplicationStackOverflowHook
                        0x00003b43     0x2  Code  Gb  main.o [1]
vApplicationTickHook    0x00003b41     0x2  Code  Gb  main.o [1]
vLEDOnTask              0x00003ab9    0x12  Code  Lc  main.o [1]
vListInitialise         0x00005881    0x1e  Code  Gb  list.o [1]
vListInitialiseItem     0x0000589f     0x6  Code  Gb  list.o [1]
vListInsert             0x000058c3    0x3c  Code  Gb  list.o [1]
vListInsertEnd          0x000058a5    0x1e  Code  Gb  list.o [1]
vListRemove             0x000058ff    0x26  Code  Gb  list.o [1]
vPortClearInterruptMask
                        0x00005c5b          Code  Gb  portasm.o [1]
vPortEnterCritical      0x000053f1    0x12  Code  Gb  port.o [1]
vPortExitCritical       0x00005403    0x1a  Code  Gb  port.o [1]
vPortFree               0x00004723    0x44  Code  Gb  heap_2.o [1]
vPortSVCHandler         0x00005c69          Code  Gb  portasm.o [1]
vPortSetInterruptMask   0x00005c4d          Code  Gb  portasm.o [1]
vPortStartFirstTask     0x00005c85          Code  Gb  portasm.o [1]
vPortYieldFromISR       0x000053e7     0xa  Code  Gb  port.o [1]
vSetMSP                 0x00005c11          Code  Gb  portasm.o [1]
vSetupHighFrequencyTimer
                        0x00005a65    0x6a  Code  Gb  timertest.o [1]
vStartLEDOnTasks        0x00003a97    0x22  Code  Gb  main.o [1]
vStartUARTTasks         0x00003acb    0x22  Code  Gb  main.o [1]
vT2InterruptHandler     0x00006751    0x18  Code  Gb  IntQueueTimer.o [1]
vT3InterruptHandler     0x00006769    0x18  Code  Gb  IntQueueTimer.o [1]
vTaskDelay              0x0000212d    0x3c  Code  Gb  tasks.o [1]
vTaskDelayUntil         0x000020b5    0x78  Code  Gb  tasks.o [1]
vTaskIncrementTick      0x000022af   0x120  Code  Gb  tasks.o [1]
vTaskPriorityDisinherit
                        0x00002721    0x46  Code  Gb  tasks.o [1]
vTaskStartScheduler     0x00002169    0x42  Code  Gb  tasks.o [1]
vTaskSuspendAll         0x000021ab    0x10  Code  Gb  tasks.o [1]
vTaskSwitchContext      0x000023d1   0x130  Code  Gb  tasks.o [1]
vUARTTask               0x00003b2d    0x14  Code  Lc  main.o [1]
xDelayedTaskList1       0x2000c14c    0x14  Data  Lc  tasks.o [1]
xDelayedTaskList2       0x2000c160    0x14  Data  Lc  tasks.o [1]
xEnd                    0x2000c1cc     0x8  Data  Lc  heap_2.o [1]
xErrorLine              0x2000c1ec     0x4  Data  Lc  IntQueue.o [1]
xErrorStatus            0x20004b0c     0x4  Data  Lc  IntQueue.o [1]
xFirstTimerHandler      0x0000318b    0xfc  Code  Gb  IntQueue.o [1]
xFreeBytesRemaining     0x20004b10     0x4  Data  Lc  heap_2.o [1]
xHeap                   0x20004b30  0x5dc0  Data  Lc  heap_2.o [1]
xMissedYield            0x2000c2a0     0x4  Data  Lc  tasks.o [1]
xNextTaskUnblockTime    0x20004b24     0x4  Data  Lc  tasks.o [1]
xNormallyEmptyQueue     0x2000c1e4     0x4  Data  Lc  IntQueue.o [1]
xNormallyFullQueue      0x2000c1e8     0x4  Data  Lc  IntQueue.o [1]
xNumOfOverflows         0x2000c2a4     0x4  Data  Lc  tasks.o [1]
xPendingReadyList       0x2000c174    0x14  Data  Lc  tasks.o [1]
xPortPendSVHandler      0x00005c17          Code  Gb  portasm.o [1]
xPortStartScheduler     0x000053bb    0x2c  Code  Gb  port.o [1]
xPortSysTickHandler     0x0000541d    0x1c  Code  Gb  port.o [1]
xQueueGenericSendFromISR
                        0x00004369    0x60  Code  Gb  queue.o [1]
xQueueIsQueueFullFromISR
                        0x000044c7    0x14  Code  Gb  queue.o [1]
xQueueReceiveFromISR    0x000043c9    0x60  Code  Gb  queue.o [1]
xSchedulerRunning       0x2000c294     0x4  Data  Lc  tasks.o [1]
xSecondTimerHandler     0x00003287   0x19a  Code  Gb  IntQueue.o [1]
xStart                  0x2000c1c4     0x8  Data  Lc  heap_2.o [1]
xSuspendedTaskList      0x2000c19c    0x14  Data  Lc  tasks.o [1]
xTaskGenericCreate      0x00001f6d   0x148  Code  Gb  tasks.o [1]
xTaskGetTickCount       0x00002299    0x16  Code  Gb  tasks.o [1]
xTaskRemoveFromEventList
                        0x00002501    0x6a  Code  Gb  tasks.o [1]
xTaskResumeAll          0x000021bb    0xde  Code  Gb  tasks.o [1]
xTaskWakeTime           0x2000c204     0x4  Data  Lc  interpret.o [1]
xTasksWaitingTermination
                        0x2000c188    0x14  Data  Lc  tasks.o [1]
xTickCount              0x2000c288     0x4  Data  Lc  tasks.o [1]
xTracing                0x2000c2b4     0x4  Data  Lc  tasks.o [1]
yy_accept               0x000049e0   0x128  Data  Lc  motor.tab.o [1]
yy_base                 0x00004780   0x130  Data  Lc  motor.tab.o [1]
yy_buffer_stack         0x2000c240     0x4  Data  Lc  motor.tab.o [1]
yy_buffer_stack_max     0x2000c23c     0x4  Data  Lc  motor.tab.o [1]
yy_buffer_stack_top     0x2000c238     0x4  Data  Lc  motor.tab.o [1]
yy_c_buf_p              0x2000c24c     0x4  Data  Lc  motor.tab.o [1]
yy_chk                  0x00003d00   0x1bc  Data  Lc  motor.tab.o [1]
yy_create_buffer        0x00000f9d    0x44  Code  Gb  motor.tab.o [1]
yy_def                  0x000048b0   0x130  Data  Lc  motor.tab.o [1]
yy_did_buffer_switch_on_eof
                        0x2000c258     0x4  Data  Lc  motor.tab.o [1]
yy_ec                   0x00002d34   0x400  Data  Lc  motor.tab.o [1]
yy_flush_buffer         0x00001069    0x46  Code  Gb  motor.tab.o [1]
yy_get_next_buffer      0x000009ed   0x2e8  Code  Lc  motor.tab.o [1]
yy_get_previous_state   0x00000cd5    0x94  Code  Lc  motor.tab.o [1]
yy_hold_char            0x2000c2dd     0x1  Data  Lc  motor.tab.o [1]
yy_init                 0x2000c250     0x4  Data  Lc  motor.tab.o [1]
yy_init_buffer          0x00000ffd    0x68  Code  Lc  motor.tab.o [1]
yy_last_accepting_cpos  0x2000c268     0x4  Data  Lc  motor.tab.o [1]
yy_last_accepting_state
                        0x2000c264     0x4  Data  Lc  motor.tab.o [1]
yy_load_buffer_state    0x00000f2d    0x5c  Code  Lc  motor.tab.o [1]
yy_meta                 0x000052dc    0xc4  Data  Lc  motor.tab.o [1]
yy_n_chars              0x2000c244     0x4  Data  Lc  motor.tab.o [1]
yy_nxt                  0x00003b44   0x1bc  Data  Lc  motor.tab.o [1]
yy_rule_can_match_eol   0x00005e34    0x84  Data  Lc  motor.tab.o [1]
yy_scan_buffer          0x000011a5    0x62  Code  Gb  motor.tab.o [1]
yy_scan_bytes           0x00001211    0x5a  Code  Gb  motor.tab.o [1]
yy_start                0x2000c254     0x4  Data  Lc  motor.tab.o [1]
yy_switch_to_buffer     0x00000e81    0xa8  Code  Gb  motor.tab.o [1]
yy_try_NUL_trans        0x00000d71    0x82  Code  Lc  motor.tab.o [1]
yyalloc                 0x000012a1     0xc  Code  Gb  motor.tab.o [1]
yychar                  0x2000c230     0x4  Data  Gb  motor.tab.o [1]
yycheck                 0x00006c8c    0x28  Data  Lc  motor.tab.o [1]
yydefact                0x00006c14    0x28  Data  Lc  motor.tab.o [1]
yydefgoto               0x000075dc     0x8  Data  Lc  motor.tab.o [1]
yydestruct              0x00000101     0xc  Code  Lc  motor.tab.o [1]
yyensure_buffer_stack   0x000010ed    0x8e  Code  Lc  motor.tab.o [1]
yyerror                 0x000012c5     0x2  Code  Gb  motor.tab.o [1]
yyin                    0x2000c25c     0x4  Data  Gb  motor.tab.o [1]
yyleng                  0x2000c248     0x4  Data  Gb  motor.tab.o [1]
yylex                   0x0000055f   0x48e  Code  Gb  motor.tab.o [1]
yylineno                0x20004b1c     0x4  Data  Gb  motor.tab.o [1]
yylval                  0x2000c270     0x4  Data  Gb  motor.tab.o [1]
yynerrs                 0x2000c234     0x4  Data  Gb  motor.tab.o [1]
yyout                   0x2000c260     0x4  Data  Gb  motor.tab.o [1]
yypact                  0x00006c3c    0x28  Data  Lc  motor.tab.o [1]
yyparse                 0x0000010d   0x452  Code  Gb  motor.tab.o [1]
yypgoto                 0x000075e4     0x8  Data  Lc  motor.tab.o [1]
yyr1                    0x0000704c    0x1c  Data  Lc  motor.tab.o [1]
yyr2                    0x00007068    0x1c  Data  Lc  motor.tab.o [1]
yyrealloc               0x000012ad    0x10  Code  Gb  motor.tab.o [1]
yyrestart               0x00000df3    0x72  Code  Gb  motor.tab.o [1]
yystos                  0x00006cb4    0x28  Data  Lc  motor.tab.o [1]
yytable                 0x00006c64    0x28  Data  Lc  motor.tab.o [1]
yytext                  0x2000c26c     0x4  Data  Gb  motor.tab.o [1]
yytranslate             0x00004c30   0x11c  Data  Lc  motor.tab.o [1]


[1] = C:\dev\docs\scottdesign\motor\Debug\Obj
[2] = command line
[3] = dl7M_tl_if.a
[4] = driverlib.a
[5] = rt7M_tl.a
[6] = shb_l.a

  25 280 bytes of readonly  code memory
   5 371 bytes of readonly  data memory
  49 882 bytes of readwrite data memory

Errors: none
Warnings: none
