###############################################################################
#                                                                             #
# IAR ELF Linker V5.50.0.51878/W32 for ARM              09/Jun/2013  19:14:39 #
# Copyright (C) 2007-2010 IAR Systems AB.                                     #
#                                                                             #
#    Output file  =  C:\dev\docs\scottdesign\motor\Debug\Exe\motor.out        #
#    Map file     =  C:\dev\docs\scottdesign\motor\Debug\List\motor.map       #
#    Command line =  C:\DriverLib\grlib\ewarm\Exe\grlib.a                     #
#                    C:\DriverLib\src\ewarm\Exe\driverlib.a                   #
#                    C:\dev\docs\scottdesign\motor\Debug\Obj\IntQueue.o       #
#                    C:\dev\docs\scottdesign\motor\Debug\Obj\IntQueueTimer.o  #
#                    C:\dev\docs\scottdesign\motor\Debug\Obj\accel.o          #
#                    C:\dev\docs\scottdesign\motor\Debug\Obj\formike128x128x1 #
#                    6.o C:\dev\docs\scottdesign\motor\Debug\Obj\heap_2.o     #
#                    C:\dev\docs\scottdesign\motor\Debug\Obj\interpret.o      #
#                    C:\dev\docs\scottdesign\motor\Debug\Obj\list.o           #
#                    C:\dev\docs\scottdesign\motor\Debug\Obj\main.o           #
#                    C:\dev\docs\scottdesign\motor\Debug\Obj\motor.o          #
#                    C:\dev\docs\scottdesign\motor\Debug\Obj\parseTreeEntry.o #
#                     C:\dev\docs\scottdesign\motor\Debug\Obj\port.o          #
#                    C:\dev\docs\scottdesign\motor\Debug\Obj\portasm.o        #
#                    C:\dev\docs\scottdesign\motor\Debug\Obj\queue.o          #
#                    C:\dev\docs\scottdesign\motor\Debug\Obj\startup_ewarm.o  #
#                    C:\dev\docs\scottdesign\motor\Debug\Obj\stepper.o        #
#                    C:\dev\docs\scottdesign\motor\Debug\Obj\symbolTableEntry #
#                    .o C:\dev\docs\scottdesign\motor\Debug\Obj\tasks.o       #
#                    C:\dev\docs\scottdesign\motor\Debug\Obj\timertest.o      #
#                    --redirect _Printf=_PrintfTiny --redirect                #
#                    _Scanf=_ScanfSmall -o C:\dev\docs\scottdesign\motor\Debu #
#                    g\Exe\motor.out --map C:\dev\docs\scottdesign\motor\Debu #
#                    g\List\motor.map --config "C:\Program Files\IAR          #
#                    Systems\Embedded Workbench 5.4_3\arm\CONFIG\generic_cort #
#                    ex.icf" --semihosting --entry __iar_program_start        #
#                                                                             #
#                                                                             #
###############################################################################

*******************************************************************************
*** PLACEMENT SUMMARY
***

"A1":  place at 0x00000000 { ro section .intvec };
"P1":  place in [from 0x00000000 to 0x0007ffff] { ro };
"P2":  place in [from 0x20000000 to 0x2000ffff] {
          rw, block CSTACK, block HEAP };

  Section             Kind        Address    Size  Object
  -------             ----        -------    ----  ------
"A1":                                       0x100
  .intvec             const    0x00000000   0x100  startup_ewarm.o [1]
                             - 0x00000100   0x100

"P1":                                      0x49a0
  .text               ro code  0x00000100   0x748  tasks.o [1]
  .text               ro code  0x00000848   0x616  xscanfsmall.o [3]
  .text               ro code  0x00000e60   0x5e0  interpret.o [1]
  .text               ro code  0x00001440   0x548  stepper.o [1]
  .text               ro code  0x00001988   0x314  IntQueue.o [1]
  .text               ro code  0x00001c9c   0x278  accel.o [1]
  .text               ro code  0x00001f14   0x246  DblDiv.o [5]
  .text               ro code  0x0000215c   0x238  main.o [1]
  .text               ro code  0x00002394   0x1a2  DblMul.o [5]
  .text               ro code  0x00002538   0x17e  DblSub.o [5]
  .text               ro code  0x000026b8   0x172  queue.o [1]
  .text               ro code  0x0000282c   0x160  xfexp.o [3]
  .text               ro code  0x0000298c   0x144  heap_2.o [1]
  .text               ro code  0x00002ad0   0x126  xprintftiny.o [3]
  .text               ro code  0x00002bf8   0x114  xstoul.o [3]
  .text               ro code  0x00002d0c    0xfc  FltDiv.o [5]
  .text               ro code  0x00002e08    0xe6  DblAdd.o [5]
  .text               ro code  0x00002ef0    0xe4  FltSub.o [5]
  .text               ro code  0x00002fd4    0xda  gpio.o [4]
  .text               ro code  0x000030b0    0xd8  FltMul.o [5]
  .text               ro code  0x00003188    0xc0  port.o [1]
  .text               ro code  0x00003248    0xc0  xfdscale.o [3]
  .text               ro code  0x00003308    0xa8  motor.o [1]
  .text               ro code  0x000033b0    0xa8  packbits_init3.o [5]
  .text               ro code  0x00003458    0x9c  interrupt.o [4]
  .text               ro code  0x000034f4    0x90  timertest.o [1]
  .text               ro code  0x00003584    0x90  DblToFlt.o [5]
  .text               ro code  0x00003614    0x8c  FltAdd.o [5]
  CODE                ro code  0x000036a0    0x8c  portasm.o [1]
  .text               ro code  0x0000372c    0x88  cppinit.o [3]
  .text               ro code  0x000037b4    0x82  xfdnorm.o [3]
  .text               ro code  0x00003836    0x80  strtol.o [3]
  .text               ro code  0x000038b8    0x70  ABImemcpy.o [5]
  .text               ro code  0x00003928    0x6c  strncpy.o [5]
  .text               ro code  0x00003994    0x68  list.o [1]
  .text               ro code  0x000039fc    0x68  expf.o [3]
  .text               ro code  0x00003a64    0x66  timer.o [4]
  .text               ro code  0x00003acc    0x66  ABImemset.o [5]
  .text               ro code  0x00003b34    0x62  memcmp.o [5]
  .text               ro code  0x00003b96    0x5c  parseTreeEntry.o [1]
  .text               ro code  0x00003bf4    0x58  memchr.o [5]
  .text               ro code  0x00003c4c    0x54  symbolTableEntry.o [1]
  .rodata             const    0x00003ca0    0x50  xstoul.o [3]
  .text               ro code  0x00003cf0    0x50  xencoding_sb.o [3]
  .text               ro code  0x00003d40    0x4e  FltToDbl.o [5]
  .text               ro code  0x00003d90    0x48  interpret.o [1]
  .text               ro code  0x00003dd8    0x44  FltToS32.o [5]
  .text               ro code  0x00003e1c    0x42  strcmp.o [5]
  .rodata             const    0x00003e60    0x40  interrupt.o [4]
  .text               ro code  0x00003ea0    0x3c  stepper.o [1]
  .text               ro code  0x00003edc    0x38  IntQueueTimer.o [1]
  .text               ro code  0x00003f14    0x38  xwctob.o [3]
  .text               ro code  0x00003f4c    0x36  strlen.o [5]
  .text               ro code  0x00003f84    0x30  I32ToFlt.o [5]
  .text               ro code  0x00003fb4    0x30  sprintf.o [3]
  .text               ro code  0x00003fe4    0x30  interpret.o [1]
  .text               ro code  0x00004014    0x30  stepper.o [1]
  .text               ro code  0x00004044    0x30  stepper.o [1]
  .text               ro code  0x00004074    0x30  strstr.o [3]
  .text               ro code  0x000040a4    0x2e  I32ToDbl.o [5]
  .text               ro code  0x000040d2    0x2e  stepper.o [1]
  .text               ro code  0x00004100    0x2c  data_init3.o [5]
  .text               ro code  0x0000412c    0x2a  interpret.o [1]
  .text               ro code  0x00004156    0x2a  stepper.o [1]
  .text               ro code  0x00004180    0x2a  stepper.o [1]
  .text               ro code  0x000041ac    0x28  setlocale.o [3]
  .text               ro code  0x000041d4    0x28  iarttio.o [6]
  .text               ro code  0x000041fc    0x26  sysctl.o [4]
  .text               ro code  0x00004222    0x26  accel.o [1]
  .text               ro code  0x00004248    0x26  motor.o [1]
  .text               ro code  0x00004270    0x24  FltToU32.o [5]
  .text               ro code  0x00004294    0x24  FltCmpLe.o [5]
  .text               ro code  0x000042b8    0x24  FltCmpGe.o [5]
  .text               ro code  0x000042dc    0x24  targetabi.o [3]
  .text               ro code  0x00004300    0x24  zero_init3.o [5]
  .text               ro code  0x00004324    0x22  accel.o [1]
  .text               ro code  0x00004346    0x22  motor.o [1]
  .iar.init_table     const    0x00004368    0x30  - Linker created -
  .text               ro code  0x00004398    0x20  sscanf.o [3]
  .text               ro code  0x000043b8    0x20  cmain_call_ctors.o [5]
  .text               ro code  0x000043d8    0x20  targetabi.o [3]
  .text               ro code  0x000043f8    0x20  xsscin.o [3]
  .text               ro code  0x00004418    0x20  xmbtowc.o [3]
  .text               ro code  0x00004438    0x1e  interpret.o [1]
  .text               ro code  0x00004458    0x1c  interpret.o [1]
  .text               ro code  0x00004474    0x1c  interpret.o [1]
  .text               ro code  0x00004490    0x1c  motor.o [1]
  .text               ro code  0x000044ac    0x1c  stepper.o [1]
  .text               ro code  0x000044c8    0x1c  FltCmpEq.o [5]
  .text               ro code  0x000044e4    0x1a  xwctomb.o [3]
  .rodata             const    0x00004500    0x18  xscanfsmall.o [3]
  .text               ro code  0x00004518    0x18  accel.o [1]
  .text               ro code  0x00004530    0x18  accel.o [1]
  .text               ro code  0x00004548    0x18  stepper.o [1]
  .text               ro code  0x00004560    0x16  cmain.o [5]
  .text               ro code  0x00004578    0x16  strchr.o [5]
  .text               ro code  0x0000458e    0x16  IntQueue.o [1]
  .text               ro code  0x000045a4    0x16  interpret.o [1]
  .text               ro code  0x000045ba    0x16  stepper.o [1]
  .rodata             const    0x000045d0    0x14  tasks.o [1]
  .text               ro code  0x000045e4    0x14  errno.o [3]
  .text               ro code  0x000045f8    0x14  exit.o [6]
  CODE                ro code  0x0000460c    0x14  cpu.o [4]
  .text               ro code  0x00004620    0x14  motor.o [1]
  .text               ro code  0x00004634    0x14  isxxx.o [3]
  .text               ro code  0x00004648    0x14  xlocale_c.o [3]
  .text               ro code  0x0000465c    0x14  tolower.o [3]
  .text               ro code  0x00004670    0x12  uart.o [4]
  .text               ro code  0x00004682    0x12  stepper.o [1]
  .text               ro code  0x00004694    0x12  stepper.o [1]
  .rodata             const    0x000046a8    0x10  interpret.o [1]
  .rodata             const    0x000046b8    0x10  interpret.o [1]
  .text               ro code  0x000046c8    0x10  interpret.o [1]
  .text               ro code  0x000046d8    0x10  interpret.o [1]
  .text               ro code  0x000046e8    0x10  interpret.o [1]
  .text               ro code  0x000046f8    0x10  motor.o [1]
  .text               ro code  0x00004708    0x10  motor.o [1]
  .text               ro code  0x00004718     0xe  cexit.o [5]
  .text               ro code  0x00004726     0xe  interpret.o [1]
  .text               ro code  0x00004734     0xe  interpret.o [1]
  .text               ro code  0x00004742     0xe  interpret.o [1]
  .text               ro code  0x00004750     0xe  interpret.o [1]
  .text               ro code  0x0000475e     0xe  interpret.o [1]
  .text               ro code  0x0000476c     0xe  interpret.o [1]
  .text               ro code  0x0000477a     0xe  interpret.o [1]
  .text               ro code  0x00004788     0xe  interpret.o [1]
  .text               ro code  0x00004796     0xe  interpret.o [1]
  .text               ro code  0x000047a4     0xe  interpret.o [1]
  .rodata             const    0x000047b4     0xc  interpret.o [1]
  .rodata             const    0x000047c0     0xc  interpret.o [1]
  .rodata             const    0x000047cc     0xc  interpret.o [1]
  .rodata             const    0x000047d8     0xc  interpret.o [1]
  .rodata             const    0x000047e4     0xc  interpret.o [1]
  .rodata             const    0x000047f0     0xc  interpret.o [1]
  .rodata             const    0x000047fc     0xc  interpret.o [1]
  .rodata             const    0x00004808     0xc  interpret.o [1]
  .rodata             const    0x00004814     0xc  stepper.o [1]
  .rodata             const    0x00004820     0xc  sysctl.o [4]
  .text               ro code  0x0000482c     0xc  interpret.o [1]
  .text               ro code  0x00004838     0xc  motor.o [1]
  .text               ro code  0x00004844     0xc  accel.o [1]
  .text               ro code  0x00004850     0xc  interpret.o [1]
  .text               ro code  0x0000485c     0xc  interpret.o [1]
  .text               ro code  0x00004868     0xc  interpret.o [1]
  .text               ro code  0x00004874     0xc  motor.o [1]
  .text               ro code  0x00004880     0xc  cstartup_M.o [5]
  .text               ro code  0x0000488c     0xc  xlocale_c.o [3]
  .text               ro code  0x00004898     0xa  accel.o [1]
  .text               ro code  0x000048a2     0xa  interpret.o [1]
  .text               ro code  0x000048ac     0xa  targetabi.o [3]
  .text               ro code  0x000048b6     0xa  xsprout.o [3]
  .rodata             const    0x000048c0     0x8  interpret.o [1]
  .rodata             const    0x000048c8     0x8  interpret.o [1]
  .rodata             const    0x000048d0     0x8  interpret.o [1]
  .rodata             const    0x000048d8     0x8  interpret.o [1]
  .rodata             const    0x000048e0     0x8  interpret.o [1]
  .rodata             const    0x000048e8     0x8  interpret.o [1]
  .rodata             const    0x000048f0     0x8  interpret.o [1]
  .rodata             const    0x000048f8     0x8  interpret.o [1]
  .rodata             const    0x00004900     0x8  interpret.o [1]
  .rodata             const    0x00004908     0x8  interpret.o [1]
  .rodata             const    0x00004910     0x8  interpret.o [1]
  .rodata             const    0x00004918     0x8  interpret.o [1]
  .rodata             const    0x00004920     0x8  interpret.o [1]
  .rodata             const    0x00004928     0x8  interpret.o [1]
  .rodata             const    0x00004930     0x8  interpret.o [1]
  .rodata             const    0x00004938     0x8  main.o [1]
  .rodata             const    0x00004940     0x8  main.o [1]
  .rodata             const    0x00004948     0x8  main.o [1]
  .rodata             const    0x00004950     0x8  stepper.o [1]
  .rodata             const    0x00004958     0x8  stepper.o [1]
  .rodata             const    0x00004960     0x8  stepper.o [1]
  .rodata             const    0x00004968     0x8  stepper.o [1]
  .rodata             const    0x00004970     0x8  stepper.o [1]
  .rodata             const    0x00004978     0x8  stepper.o [1]
  .rodata             const    0x00004980     0x8  stepper.o [1]
  .rodata             const    0x00004988     0x8  stepper.o [1]
  .rodata             const    0x00004990     0x8  stepper.o [1]
  .rodata             const    0x00004998     0x8  stepper.o [1]
  .rodata             const    0x000049a0     0x8  stepper.o [1]
  .rodata             const    0x000049a8     0x8  stepper.o [1]
  .rodata             const    0x000049b0     0x8  stepper.o [1]
  .rodata             const    0x000049b8     0x8  tasks.o [1]
  .rodata             const    0x000049c0     0x8  xscanfsmall.o [3]
  .rodata             const    0x000049c8     0x8  xwctob.o [3]
  .rodata             const    0x000049d0     0x8  xencoding_sb.o [3]
  .rodata             const    0x000049d8     0x8  xencoding_sb.o [3]
  .text               ro code  0x000049e0     0x8  XShttio.o [3]
  .text               ro code  0x000049e8     0x6  accel.o [1]
  .text               ro code  0x000049ee     0x6  accel.o [1]
  .text               ro code  0x000049f4     0x6  motor.o [1]
  .text               ro code  0x000049fa     0x6  motor.o [1]
  .text               ro code  0x00004a00     0x6  motor.o [1]
  .text               ro code  0x00004a06     0x6  motor.o [1]
  .text               ro code  0x00004a0c     0x6  startup_ewarm.o [1]
  .text               ro code  0x00004a12     0x6  stepper.o [1]
  .text               ro code  0x00004a18     0x6  stepper.o [1]
  .text               ro code  0x00004a1e     0x6  stepper.o [1]
  .text               ro code  0x00004a24     0x6  exit.o [3]
  SHT$$PREINIT_ARRAY           0x00004a2c     0x0  <Block>
  SHT$$INIT_ARRAY              0x00004a2c     0x4  <Block>
    .difunct          const    0x00004a2c     0x4  interpret.o [1]
  .text               ro code  0x00004a30     0x4  interpret.o [1]
  .text               ro code  0x00004a34     0x4  interpret.o [1]
  .text               ro code  0x00004a38     0x4  interpret.o [1]
  .text               ro code  0x00004a3c     0x4  interpret.o [1]
  .text               ro code  0x00004a40     0x4  interpret.o [1]
  .text               ro code  0x00004a44     0x4  interpret.o [1]
  .text               ro code  0x00004a48     0x4  interpret.o [1]
  .text               ro code  0x00004a4c     0x4  interpret.o [1]
  .text               ro code  0x00004a50     0x4  interpret.o [1]
  .text               ro code  0x00004a54     0x4  interpret.o [1]
  .text               ro code  0x00004a58     0x4  interpret.o [1]
  .text               ro code  0x00004a5c     0x4  interpret.o [1]
  .text               ro code  0x00004a60     0x4  interpret.o [1]
  .text               ro code  0x00004a64     0x4  parseTreeEntry.o [1]
  .text               ro code  0x00004a68     0x4  low_level_init.o [3]
  .rodata             const    0x00004a6c     0x2  heap_2.o [1]
  .text               ro code  0x00004a6e     0x2  interpret.o [1]
  .text               ro code  0x00004a70     0x2  interpret.o [1]
  .text               ro code  0x00004a72     0x2  interpret.o [1]
  .text               ro code  0x00004a74     0x2  interpret.o [1]
  .text               ro code  0x00004a76     0x2  interpret.o [1]
  .text               ro code  0x00004a78     0x2  interpret.o [1]
  .rodata             const    0x00004a7a     0x1  setlocale.o [3]
  Initializer bytes   ro data  0x00004a7b    0x25  <for P2 s0>
                             - 0x00004aa0  0x49a0

"P2", part 1 of 3:                         0x41a4
  .noinit             uninit   0x20000000  0x4000  startup_ewarm.o [1]
  .iar.dynexit                 0x20004000   0x1a4  <Block>
    .iar.dynexit      uninit   0x20004000     0xc  cppinit.o [3]
    .iar.dynexit      uninit   0x2000400c   0x198  <Block tail>
                             - 0x200041a4  0x41a4

"P2", part 2 of 3:                           0xa4
  P2 s0                        0x200041a4    0xa4  <Init block>
    .data             inited   0x200041a4    0x80  setlocale.o [3]
    .data             inited   0x20004224     0x8  XShttio.o [3]
    .data             inited   0x2000422c     0x4  IntQueue.o [1]
    .data             inited   0x20004230     0x4  heap_2.o [1]
    .data             inited   0x20004234     0x4  interpret.o [1]
    .data             inited   0x20004238     0x4  interpret.o [1]
    .data             inited   0x2000423c     0x4  port.o [1]
    .data             inited   0x20004240     0x4  tasks.o [1]
    .data             inited   0x20004244     0x4  tasks.o [1]
                             - 0x20004248    0xa4

"P2", part 3 of 3:                         0x76cc
  .bss                zero     0x20004248  0x5dc0  heap_2.o [1]
  .bss                zero     0x2000a008  0x14c0  interpret.o [1]
  .bss                zero     0x2000b4c8   0x108  interpret.o [1]
  .bss                zero     0x2000b5d0    0xc8  IntQueue.o [1]
  .bss                zero     0x2000b698    0xc8  IntQueue.o [1]
  .bss                zero     0x2000b760    0x64  tasks.o [1]
  .bss                zero     0x2000b7c4    0x20  interpret.o [1]
  .bss                zero     0x2000b7e4    0x20  interpret.o [1]
  .bss                zero     0x2000b804    0x14  tasks.o [1]
  .bss                zero     0x2000b818    0x14  tasks.o [1]
  .bss                zero     0x2000b82c    0x14  tasks.o [1]
  .bss                zero     0x2000b840    0x14  tasks.o [1]
  .bss                zero     0x2000b854    0x14  tasks.o [1]
  .bss                zero     0x2000b868     0x8  heap_2.o [1]
  .bss                zero     0x2000b870     0x8  heap_2.o [1]
  .bss                zero     0x2000b878     0x8  errno.o [3]
  .bss                zero     0x2000b880     0x4  IntQueue.o [1]
  .bss                zero     0x2000b884     0x4  IntQueue.o [1]
  .bss                zero     0x2000b888     0x4  IntQueue.o [1]
  .bss                zero     0x2000b88c     0x4  IntQueue.o [1]
  .bss                zero     0x2000b890     0x4  IntQueue.o [1]
  .bss                zero     0x2000b894     0x4  IntQueue.o [1]
  .bss                zero     0x2000b898     0x4  IntQueue.o [1]
  .bss                zero     0x2000b89c     0x4  heap_2.o [1]
  .bss                zero     0x2000b8a0     0x4  interpret.o [1]
  .bss                zero     0x2000b8a4     0x4  interpret.o [1]
  .bss                zero     0x2000b8a8     0x4  interpret.o [1]
  .bss                zero     0x2000b8ac     0x4  interpret.o [1]
  .bss                zero     0x2000b8b0     0x4  interpret.o [1]
  .bss                zero     0x2000b8b4     0x4  interpret.o [1]
  .bss                zero     0x2000b8b8     0x4  interpret.o [1]
  .bss                zero     0x2000b8bc     0x4  motor.o [1]
  .bss                zero     0x2000b8c0     0x4  tasks.o [1]
  .bss                zero     0x2000b8c4     0x4  tasks.o [1]
  .bss                zero     0x2000b8c8     0x4  tasks.o [1]
  .bss                zero     0x2000b8cc     0x4  tasks.o [1]
  .bss                zero     0x2000b8d0     0x4  tasks.o [1]
  .bss                zero     0x2000b8d4     0x4  tasks.o [1]
  .bss                zero     0x2000b8d8     0x4  tasks.o [1]
  .bss                zero     0x2000b8dc     0x4  tasks.o [1]
  .bss                zero     0x2000b8e0     0x4  tasks.o [1]
  .bss                zero     0x2000b8e4     0x4  tasks.o [1]
  .bss                zero     0x2000b8e8     0x4  tasks.o [1]
  .bss                zero     0x2000b8ec     0x4  tasks.o [1]
  .bss                zero     0x2000b8f0     0x4  tasks.o [1]
  .bss                zero     0x2000b8f4     0x4  tasks.o [1]
  .bss                zero     0x2000b8f8     0x4  tasks.o [1]
  .bss                zero     0x2000b8fc     0x4  tasks.o [1]
  .bss                zero     0x2000b900     0x4  tasks.o [1]
  .bss                zero     0x2000b904     0x4  timertest.o [1]
  .bss                zero     0x2000b908     0x4  cppinit.o [3]
  .bss                zero     0x2000b90c     0x4  cppinit.o [3]
  .bss                zero     0x2000b910     0x1  interpret.o [1]
  .bss                zero     0x2000b911     0x1  interpret.o [1]
  .bss                zero     0x2000b912     0x1  interpret.o [1]
  .bss                zero     0x2000b913     0x1  interpret.o [1]
                             - 0x2000b914  0x76cc


*******************************************************************************
*** INIT TABLE
***

          Address     Size
          -------     ----
Zero (__iar_zero_init3)
    1 destination range, total size 0x76cc:
          0x20004248  0x76cc

Copy/packbits (__iar_packbits_init3)
    1 source range, total size 0x25 (22% of destination):
          0x00004a7b    0x25
    1 destination range, total size 0xa4:
          0x200041a4    0xa4

Extra (__iar_cstart_call_ctors)


*******************************************************************************
*** MODULE SUMMARY
***

    Module              ro code  ro data  rw data
    ------              -------  -------  -------
C:\dev\docs\scottdesign\motor\Debug\Obj: [1]
    IntQueue.o              810        1      432
    IntQueueTimer.o          56
    accel.o                 786
    heap_2.o                324        3   24 024
    interpret.o           2 084      254    5 680
    list.o                  104
    main.o                  568       24
    motor.o                 368                 4
    parseTreeEntry.o         96
    port.o                  192        1        4
    portasm.o               140
    queue.o                 370
    startup_ewarm.o           6      256   16 384
    stepper.o             1 766      116
    symbolTableEntry.o       84
    tasks.o               1 864       30      276
    timertest.o             144                 4
    ---------------------------------------------
    Total:                9 762      685   46 808

command line: [2]
    ---------------------------------------------
    Total:

dl7M_tl_if.a: [3]
    XShttio.o                 8        2        8
    cppinit.o               136                20
    errno.o                  20                 8
    exit.o                    6
    expf.o                  104
    isxxx.o                  20
    low_level_init.o          4
    setlocale.o              40       29      128
    sprintf.o                48
    sscanf.o                 32
    strstr.o                 48
    strtol.o                128
    targetabi.o              78
    tolower.o                20
    xencoding_sb.o           80       16
    xfdnorm.o               130
    xfdscale.o              192
    xfexp.o                 352
    xlocale_c.o              32
    xmbtowc.o                32
    xprintftiny.o           294
    xscanfsmall.o         1 558       32
    xsprout.o                10
    xsscin.o                 32
    xstoul.o                276       80
    xwctob.o                 56        8
    xwctomb.o                26
    ---------------------------------------------
    Total:                3 762      167      164

driverlib.a: [4]
    cpu.o                    20
    gpio.o                  218
    interrupt.o             156       64
    sysctl.o                 38       12
    timer.o                 102
    uart.o                   18
    ---------------------------------------------
    Total:                  552       76

rt7M_tl.a: [5]
    ABImemcpy.o             112
    ABImemset.o             102
    DblAdd.o                230
    DblDiv.o                582
    DblMul.o                418
    DblSub.o                382
    DblToFlt.o              144
    FltAdd.o                140
    FltCmpEq.o               28
    FltCmpGe.o               36
    FltCmpLe.o               36
    FltDiv.o                252
    FltMul.o                216
    FltSub.o                228
    FltToDbl.o               78
    FltToS32.o               68
    FltToU32.o               36
    I32ToDbl.o               46
    I32ToFlt.o               48
    cexit.o                  14
    cmain.o                  22
    cmain_call_ctors.o       32
    cstartup_M.o             12
    data_init3.o             44
    memchr.o                 88
    memcmp.o                 98
    packbits_init3.o        168
    strchr.o                 22
    strcmp.o                 66
    strlen.o                 54
    strncpy.o               108
    zero_init3.o             36
    ---------------------------------------------
    Total:                3 946

shb_l.a: [6]
    exit.o                   20
    iarttio.o                40
    ---------------------------------------------
    Total:                   60

    Gaps                     36        8        2
    Linker created                    48      408
-------------------------------------------------
    Grand Total:         18 118      984   47 382


*******************************************************************************
*** ENTRY LIST
***

Entry                      Address    Size  Type      Object
-----                      -------    ----  ----      ------
.iar.dynexit$$Base      0x20004000           --   Gb  - Linker created -
.iar.dynexit$$Limit     0x200041a4           --   Gb  - Linker created -
CPUcpsid                0x0000460d          Code  Gb  cpu.o [4]
CPUcpsie                0x00004615          Code  Gb  cpu.o [4]
CPUwfi                  0x0000461d          Code  Gb  cpu.o [4]
DtorRecArray            0x20004000     0xc  Data  Lc  cppinit.o [3]
FaultISR                0x00004a0f     0x2  Code  Lc  startup_ewarm.o [1]
GPIODirModeSet          0x00002fd5    0x2c  Code  Gb  gpio.o [4]
GPIOPadConfigSet        0x00003001    0xa8  Code  Gb  gpio.o [4]
GPIOPinWrite            0x000030a9     0x6  Code  Gb  gpio.o [4]
IntDefaultHandler       0x00004a11     0x2  Code  Lc  startup_ewarm.o [1]
IntEnable               0x0000348d    0x4c  Code  Gb  interrupt.o [4]
IntMasterEnable         0x00003459     0xa  Code  Gb  interrupt.o [4]
IntPrioritySet          0x00003463    0x24  Code  Gb  interrupt.o [4]
LEDOff                  0x000021e5     0xe  Code  Gb  main.o [1]
LEDOn                   0x000021d7     0xe  Code  Gb  main.o [1]
NmiSR                   0x00004a0d     0x2  Code  Lc  startup_ewarm.o [1]
Region$$Table$$Base     0x00004368           --   Gb  - Linker created -
Region$$Table$$Limit    0x00004398           --   Gb  - Linker created -
SHT$$INIT_ARRAY$$Base   0x00004a2c           --   Gb  - Linker created -
SHT$$INIT_ARRAY$$Limit  0x00004a30           --   Gb  - Linker created -
SHT$$PREINIT_ARRAY$$Base
                        0x00004a2c           --   Gb  - Linker created -
SHT$$PREINIT_ARRAY$$Limit
                        0x00004a2c           --   Gb  - Linker created -
SysCtlPeripheralEnable  0x000041fd     0x6  Code  Gb  sysctl.o [4]
Timer0IntHandler        0x0000355f    0x10  Code  Gb  timertest.o [1]
TimerConfigure          0x00003a8d    0x24  Code  Gb  timer.o [4]
TimerDisable            0x00003a79     0xc  Code  Gb  timer.o [4]
TimerEnable             0x00003a65     0xc  Code  Gb  timer.o [4]
TimerIntClear           0x00003ac7     0x4  Code  Gb  timer.o [4]
TimerIntEnable          0x00003ac1     0x6  Code  Gb  timer.o [4]
TimerLoadSet            0x00003ab1    0x10  Code  Gb  timer.o [4]
UARTCharsAvail          0x00004671     0x8  Code  Gb  uart.o [4]
UARTIntHandler          0x0000215d    0x3e  Code  Gb  main.o [1]
UARTSend                0x0000219b    0x20  Code  Gb  main.o [1]
_EncodingSb_Mbtowc      0x00003d0b    0x2e  Code  Gb  xencoding_sb.o [3]
_EncodingSb_Wctomb      0x00003cf1    0x1a  Code  Gb  xencoding_sb.o [3]
_GetintSmall            0x00000c29   0x236  Code  Lc  xscanfsmall.o [3]
_GetstrSmall            0x00000a79   0x1a6  Code  Lc  xscanfsmall.o [3]
_IsdstStr               0x200041c8     0x4  Data  Gb  setlocale.o [3]
_LocaleC_isspace        0x00004649    0x14  Code  Gb  xlocale_c.o [3]
_LocaleC_tolower        0x0000488d     0xc  Code  Gb  xlocale_c.o [3]
_LocaleEncoding         0x000041c1    0x10  Code  Gb  setlocale.o [3]
_LocaleForCat           0x000041ad    0x14  Code  Gb  setlocale.o [3]
_LocaleReturnString     0x200041d4    0x50  Data  Lc  setlocale.o [3]
_Locale_Profile         0x200041a4    0x1c  Data  Gb  setlocale.o [3]
_Mbtowc                 0x00004419    0x20  Code  Gb  xmbtowc.o [3]
_PrintfTiny             0x00002ad1   0x126  Code  Gb  xprintftiny.o [3]
_SProut                 0x000048b7     0xa  Code  Gb  xsprout.o [3]
_SScin                  0x000043f9    0x20  Code  Gb  xsscin.o [3]
_ScanfSmall             0x00000849   0x230  Code  Gb  xscanfsmall.o [3]
_TzoneStr               0x200041c0     0x4  Data  Gb  setlocale.o [3]
_Wctomb                 0x000044e5    0x1a  Code  Gb  xwctomb.o [3]
__aeabi_atexit          0x000048ad     0xa  Code  Gb  targetabi.o [3]
__aeabi_cfcmpeq         0x000044c9          Code  Gb  FltCmpEq.o [5]
__aeabi_cfcmple         0x00004295          Code  Gb  FltCmpLe.o [5]
__aeabi_cfrcmple        0x000042b9          Code  Gb  FltCmpGe.o [5]
__aeabi_d2f             0x00003585          Code  Gb  DblToFlt.o [5]
__aeabi_dadd            0x00002e09          Code  Gb  DblAdd.o [5]
__aeabi_ddiv            0x00001f15          Code  Gb  DblDiv.o [5]
__aeabi_dmul            0x00002395          Code  Gb  DblMul.o [5]
__aeabi_dsub            0x00002539          Code  Gb  DblSub.o [5]
__aeabi_errno_addr      0x000045e5    0x14  Code  Gb  errno.o [3]
__aeabi_f2d             0x00003d41          Code  Gb  FltToDbl.o [5]
__aeabi_f2iz            0x00003dd9          Code  Gb  FltToS32.o [5]
__aeabi_f2uiz           0x00004271          Code  Gb  FltToU32.o [5]
__aeabi_fadd            0x00003615          Code  Gb  FltAdd.o [5]
__aeabi_fdiv            0x00002d0d          Code  Gb  FltDiv.o [5]
__aeabi_fmul            0x000030b1          Code  Gb  FltMul.o [5]
__aeabi_fsub            0x00002ef1          Code  Gb  FltSub.o [5]
__aeabi_i2d             0x000040a5          Code  Gb  I32ToDbl.o [5]
__aeabi_i2f             0x00003f85          Code  Gb  I32ToFlt.o [5]
__aeabi_memcpy          0x000038b9          Code  Gb  ABImemcpy.o [5]
__aeabi_memcpy4         0x000038d3          Code  Gb  ABImemcpy.o [5]
__aeabi_memcpy8         0x000038d3          Code  Gb  ABImemcpy.o [5]
__aeabi_memset          0x00003acd          Code  Gb  ABImemset.o [5]
__aeabi_ui2d            0x000040b9          Code  Gb  I32ToDbl.o [5]
__aeabi_ui2f            0x00003f99          Code  Gb  I32ToFlt.o [5]
__aeabi_vec_ctor_nocookie_nodtor
                        0x000042dd    0x24  Code  Gb  targetabi.o [3]
__aeabi_vec_dtor        0x000043d9    0x20  Code  Gb  targetabi.o [3]
__call_ctors            0x0000372d    0x18  Code  Gb  cppinit.o [3]
__call_dtors            0x00003771     0x2  Code  Gb  cppinit.o [3]
__cmain                 0x00004561          Code  Gb  cmain.o [5]
__cstart_call_dtors     0x0000471b          Code  Gb  cexit.o [5]
__cxa_atexit            0x00003745    0x2c  Code  Gb  cppinit.o [3]
__cxa_finalize          0x00003773    0x36  Code  Gb  cppinit.o [3]
__dso_handle            0x2000b90c     0x4  Data  Gb  cppinit.o [3]
__exit                  0x000045f9    0x14  Code  Gb  exit.o [6]
__iar_Errno             0x2000b87c     0x4  Data  Gb  errno.o [3]
__iar_FDnorm            0x000037b5    0x82  Code  Gb  xfdnorm.o [3]
__iar_FDscale           0x00003249    0xc0  Code  Gb  xfdscale.o [3]
__iar_FExp              0x0000282d   0x160  Code  Gb  xfexp.o [3]
__iar_Memchr            0x00003bf5          Code  Gb  memchr.o [5]
__iar_Memset            0x00003acd          Code  Gb  ABImemset.o [5]
__iar_Memset_word       0x00003ad5          Code  Gb  ABImemset.o [5]
__iar_Stoul             0x00002bf9   0x114  Code  Gb  xstoul.o [3]
__iar_Strchr            0x00004579          Code  Gb  strchr.o [5]
__iar_Strstr            0x00004075    0x30  Code  Gb  strstr.o [3]
__iar_Tls_setup__IsdstStr
                        0x200041cc     0x4  Data  Gb  setlocale.o [3]
__iar_Tls_setup__Locale_Profile
                        0x200041d0     0x4  Data  Gb  setlocale.o [3]
__iar_Tls_setup__TzoneStr
                        0x200041c4     0x4  Data  Gb  setlocale.o [3]
__iar_Tls_setup___iar_Errno
                        0x2000b878     0x4  Data  Gb  errno.o [3]
__iar_Wctob             0x00003f15    0x38  Code  Gb  xwctob.o [3]
__iar_close_ttio        0x000041d5    0x26  Code  Gb  iarttio.o [6]
__iar_cstart_call_ctors
                        0x000043b9    0x20  Code  Gb  cmain_call_ctors.o [5]
__iar_dadd              0x00002e1b          Code  Gb  DblAdd.o [5]
__iar_data_init3        0x00004101    0x2c  Code  Gb  data_init3.o [5]
__iar_dsub              0x0000254b          Code  Gb  DblSub.o [5]
__iar_dsubStart         0x0000255d          Code  Gb  DblSub.o [5]
__iar_fadd              0x00003623          Code  Gb  FltAdd.o [5]
__iar_fsub              0x00002eff          Code  Gb  FltSub.o [5]
__iar_fsubStart         0x00002f0d          Code  Gb  FltSub.o [5]
__iar_lookup_ttioh      0x000049e1     0x8  Code  Gb  XShttio.o [3]
__iar_packbits_init3    0x000033b1    0xa8  Code  Gb  packbits_init3.o [5]
__iar_program_start     0x00004881          Code  Gb  cstartup_M.o [5]
__iar_strcmp            0x00003e1d          Code  Gb  strcmp.o [5]
__iar_ttio_handles      0x20004224     0x8  Data  Lc  XShttio.o [3]
__iar_ui2d              0x000040bb          Code  Gb  I32ToDbl.o [5]
__iar_ui2f              0x00003f9b          Code  Gb  I32ToFlt.o [5]
__iar_zero_init3        0x00004301    0x24  Code  Gb  zero_init3.o [5]
__low_level_init        0x00004a69     0x4  Code  Gb  low_level_init.o [3]
__vector_table          0x00000000   0x100  Data  Gb  startup_ewarm.o [1]
_call_main              0x0000456d          Code  Gb  cmain.o [5]
_exit                   0x00004719          Code  Gb  cexit.o [5]
_main                   0x00004573          Code  Gb  cmain.o [5]
accel::RPM(float, float)
                        0x00004249    0x26  Code  Gb  motor.o [1]
accel::_RPMtoFreq(float)
                        0x00004491    0x1c  Code  Gb  motor.o [1]
accel::_initUnitCurve(int)
                        0x00001da1    0x82  Code  Gb  accel.o [1]
accel::_scaleYAxisToClockTicks()
                        0x00001e9f    0x42  Code  Gb  accel.o [1]
accel::_scaleYAxisToFrequency()
                        0x00001e39    0x66  Code  Gb  accel.o [1]
accel::accel()          0x00001c9d     0xc  Code  Gb  accel.o [1]
accel::accel() [internal]
                        0x00001ca9    0x4a  Code  Gb  accel.o [1]
accel::accelTime()      0x000049ef     0x6  Code  Gb  accel.o [1]
accel::accelTime(unsigned int)
                        0x000049e9     0x6  Code  Gb  accel.o [1]
accel::clockTicksToCurveIndex(unsigned int)
                        0x00004519    0x18  Code  Gb  accel.o [1]
accel::clockTicksToCurveIndexReverse(unsigned int)
                        0x00004549    0x18  Code  Gb  stepper.o [1]
accel::clockTicksToMicroSec(unsigned int)
                        0x00004531    0x18  Code  Gb  accel.o [1]
accel::curveIndexToClockTicks(unsigned int)
                        0x00004899     0xa  Code  Gb  accel.o [1]
accel::degreesPerMicrostep() const
                        0x000049fb     0x6  Code  Gb  motor.o [1]
accel::degreesPerMicrostep(float)
                        0x000049f5     0x6  Code  Gb  motor.o [1]
accel::fmax()           0x00004a19     0x6  Code  Gb  stepper.o [1]
accel::fmin()           0x00004a13     0x6  Code  Gb  stepper.o [1]
accel::freqCloseToStop(unsigned int)
                        0x00004683    0x12  Code  Gb  stepper.o [1]
accel::freqFromClockTicks(unsigned int)
                        0x00004157    0x2a  Code  Gb  stepper.o [1]
accel::freqFromTime(unsigned int)
                        0x000045bb    0x16  Code  Gb  stepper.o [1]
accel::frequency(unsigned int, unsigned int)
                        0x00001ee1    0x34  Code  Gb  accel.o [1]
accel::initAccelTime(unsigned int)
                        0x00004325    0x22  Code  Gb  accel.o [1]
accel::microSecToCurveIndex(unsigned int)
                        0x00004223    0x26  Code  Gb  accel.o [1]
accel::microSecToCurveIndexReverse(unsigned int)
                        0x00004181    0x2a  Code  Gb  stepper.o [1]
accel::stepsToTime(unsigned int)
                        0x00001d3f    0x62  Code  Gb  accel.o [1]
accel::timeToSteps(unsigned int)
                        0x00001cf3    0x4c  Code  Gb  accel.o [1]
accel::updateClockPeriod()
                        0x00004015    0x30  Code  Gb  stepper.o [1]
accel::updateClockPeriodReverse()
                        0x00004045    0x30  Code  Gb  stepper.o [1]
accel::~accel()         0x00004743     0xe  Code  Gb  interpret.o [1]
accel::~accel() [internal]
                        0x00004a73     0x2  Code  Gb  interpret.o [1]
bufferInput             0x000010cf   0x202  Code  Gb  interpret.o [1]
delay                   0x000021bb    0x1c  Code  Gb  main.o [1]
digits                  0x00003cc8    0x28  Data  Lc  xstoul.o [3]
errMsg()                0x00000ebf    0x36  Code  Gb  interpret.o [1]
exit                    0x00004a25     0x6  Code  Gb  exit.o [3]
exp(float)              0x00004845     0xc  Code  Gb  accel.o [1]
expf                    0x000039fd    0x68  Code  Gb  expf.o [3]
flashLED                0x000021f3    0x14  Code  Gb  main.o [1]
g_pulRCGCRegs           0x00004820     0xc  Data  Lc  sysctl.o [4]
g_pulRegs               0x00003e60    0x40  Data  Lc  interrupt.o [4]
heapSTRUCT_SIZE         0x00004a6c     0x2  Data  Lc  heap_2.o [1]
intToNodeType(int)      0x0000106d    0x62  Code  Gb  interpret.o [1]
interpret::appendToProgram(const parseTreeEntry &)
                        0x00001337    0x2c  Code  Gb  interpret.o [1]
interpret::appendToSymbolTable(const symbolTableEntry &)
                        0x00001363    0x2e  Code  Gb  interpret.o [1]
interpret::interpret()  0x00000e61     0xc  Code  Gb  interpret.o [1]
interpret::interpret() [internal]
                        0x000012d1    0x66  Code  Gb  interpret.o [1]
interpret::~interpret()
                        0x000047a5     0xe  Code  Gb  interpret.o [1]
interpret::~interpret() [internal]
                        0x00003d91    0x48  Code  Gb  interpret.o [1]
interpreter             0x2000a008  0x14c0  Data  Gb  interpret.o [1]
isspace                 0x00004635    0x14  Code  Gb  isxxx.o [3]
led::Off()              0x00004475    0x1c  Code  Gb  interpret.o [1]
led::On()               0x00004459    0x1c  Code  Gb  interpret.o [1]
led::_enable            0x2000b910     0x1  Data  Gb  interpret.o [1]
led::enable()           0x0000482d     0xc  Code  Gb  interpret.o [1]
led::enable(bool)       0x00004839     0xc  Code  Gb  motor.o [1]
led::led(bool)          0x00004789     0xe  Code  Gb  interpret.o [1]
led::led(bool) [internal]
                        0x00004439    0x1e  Code  Gb  interpret.o [1]
led::~led()             0x00004797     0xe  Code  Gb  interpret.o [1]
led::~led() [internal]  0x000046d9    0x10  Code  Gb  interpret.o [1]
main                    0x00002207    0xe0  Code  Gb  main.o [1]
mainA                   0x0000331d    0x7a  Code  Gb  motor.o [1]
memchr                  0x00003bf5          Code  Gb  memchr.o [5]
memcmp                  0x00003b35          Code  Gb  memcmp.o [5]
memcpy                  0x000045a5    0x16  Code  Gb  interpret.o [1]
memset                  0x0000458f    0x16  Code  Gb  IntQueue.o [1]
ndigs                   0x00003ca0    0x28  Data  Lc  xstoul.o [3]
next_abi_dtor_rec       0x2000b908     0x4  Data  Lc  cppinit.o [3]
parseTreeEntry::level() const
                        0x00004a31     0x4  Code  Gb  interpret.o [1]
parseTreeEntry::level(unsigned int)
                        0x00004a35     0x4  Code  Gb  interpret.o [1]
parseTreeEntry::operator =(const parseTreeEntry&)
                        0x00003ba9    0x4a  Code  Gb  parseTreeEntry.o [1]
parseTreeEntry::parseTreeEntry()
                        0x00003b97     0xc  Code  Gb  parseTreeEntry.o [1]
parseTreeEntry::parseTreeEntry() [internal]
                        0x00003ba3     0x6  Code  Gb  parseTreeEntry.o [1]
parseTreeEntry::position() const
                        0x00004a65     0x4  Code  Gb  parseTreeEntry.o [1]
parseTreeEntry::position(nodePosition)
                        0x00004a49     0x4  Code  Gb  interpret.o [1]
parseTreeEntry::type() const
                        0x00004a41     0x4  Code  Gb  interpret.o [1]
parseTreeEntry::type(nodeType)
                        0x00004a45     0x4  Code  Gb  interpret.o [1]
parseTreeEntry::value() const
                        0x00004a39     0x4  Code  Gb  interpret.o [1]
parseTreeEntry::value(int)
                        0x00004a3d     0x4  Code  Gb  interpret.o [1]
parseTreeEntry::~parseTreeEntry()
                        0x00004727     0xe  Code  Gb  interpret.o [1]
parseTreeEntry::~parseTreeEntry() [internal]
                        0x00004a6f     0x2  Code  Gb  interpret.o [1]
pcTraceBuffer           0x2000b8f8     0x4  Data  Lc  tasks.o [1]
pcTraceBufferEnd        0x2000b8fc     0x4  Data  Lc  tasks.o [1]
postMsg(bool)           0x00000ef5    0x32  Code  Gb  interpret.o [1]
prvAllocateTCBAndStack  0x00000749    0x46  Code  Lc  tasks.o [1]
prvCheckTasksWaitingTermination
                        0x000006d5    0x58  Code  Lc  tasks.o [1]
prvCopyDataFromQueue    0x000027eb    0x2c  Code  Lc  queue.o [1]
prvCopyDataToQueue      0x00002779    0x72  Code  Lc  queue.o [1]
prvDeleteTCB            0x00000795    0x12  Code  Lc  tasks.o [1]
prvIdleTask             0x00000635     0xa  Code  Lc  tasks.o [1]
prvInitialiseTCBVariables
                        0x0000063f    0x48  Code  Lc  tasks.o [1]
prvInitialiseTaskLists  0x00000687    0x46  Code  Lc  tasks.o [1]
prvQueueAccessLogError  0x000019cf    0x10  Code  Lc  IntQueue.o [1]
prvRecordValue_NormallyEmpty
                        0x000019ab    0x24  Code  Lc  IntQueue.o [1]
prvRecordValue_NormallyFull
                        0x00001989    0x22  Code  Lc  IntQueue.o [1]
prvSetupTimerInterrupt  0x00003221    0x10  Code  Lc  port.o [1]
pulStack                0x20000000  0x4000  Data  Lc  startup_ewarm.o [1]
pvPortMalloc            0x0000298d    0xe6  Code  Gb  heap_2.o [1]
pxCurrentTCB            0x2000b8c0     0x4  Data  Gb  tasks.o [1]
pxDelayedTaskList       0x2000b8c4     0x4  Data  Lc  tasks.o [1]
pxOverflowDelayedTaskList
                        0x2000b8c8     0x4  Data  Lc  tasks.o [1]
pxPortInitialiseStack   0x00003189    0x1a  Code  Gb  port.o [1]
pxReadyTasksLists       0x2000b760    0x64  Data  Lc  tasks.o [1]
sp                      0x2000b8bc     0x4  Data  Gb  motor.o [1]
sprintf                 0x00003fb5    0x30  Code  Gb  sprintf.o [3]
sscanf                  0x00004399    0x20  Code  Gb  sscanf.o [3]
stepper::RPM(float, float)
                        0x00004621    0x14  Code  Gb  motor.o [1]
stepper::_timer()       0x00004a1f     0x6  Code  Gb  stepper.o [1]
stepper::_timer(unsigned long)
                        0x000044ad    0x1c  Code  Gb  stepper.o [1]
stepper::_timerStart(bool)
                        0x000018fb    0x4e  Code  Gb  stepper.o [1]
stepper::accelerationTimeMicrosecs(unsigned int)
                        0x000046f9    0x10  Code  Gb  motor.o [1]
stepper::degreesPerMicrostep() const
                        0x00004875     0xc  Code  Gb  motor.o [1]
stepper::degreesPerMicrostep(float)
                        0x00004709    0x10  Code  Gb  motor.o [1]
stepper::directionPositive(bool)
                        0x000040d3    0x2e  Code  Gb  stepper.o [1]
stepper::enable()       0x00004695    0x12  Code  Gb  stepper.o [1]
stepper::isr()          0x00001611   0x2ea  Code  Gb  stepper.o [1]
stepper::moveAbsolute(int)
                        0x00001473   0x19e  Code  Gb  stepper.o [1]
stepper::moveAbsoluteDegree(float)
                        0x00004347    0x22  Code  Gb  motor.o [1]
stepper::positionSteps(int)
                        0x00004a01     0x6  Code  Gb  motor.o [1]
stepper::state() const  0x00004a07     0x6  Code  Gb  motor.o [1]
stepper::step()         0x00003ea1    0x3c  Code  Gb  stepper.o [1]
stepper::stepper()      0x00001441     0xc  Code  Gb  stepper.o [1]
stepper::stepper() [internal]
                        0x0000144d    0x26  Code  Gb  stepper.o [1]
stepper::~stepper()     0x00004751     0xe  Code  Gb  interpret.o [1]
stepper::~stepper() [internal]
                        0x000046c9    0x10  Code  Gb  interpret.o [1]
stepperISR              0x00003309    0x14  Code  Gb  motor.o [1]
stmtNestingLevel        0x2000b8a8     0x4  Data  Lc  interpret.o [1]
stmtPosition            0x2000b7c4    0x20  Data  Lc  interpret.o [1]
stmtType                0x2000b7e4    0x20  Data  Lc  interpret.o [1]
stmtValue               0x2000b8ac     0x4  Data  Lc  interpret.o [1]
strchr                  0x00004579          Code  Gb  strchr.o [5]
strcmp                  0x00003e1d          Code  Gb  strcmp.o [5]
stringToNodePosition(const char *)
                        0x00000f27    0x2c  Code  Gb  interpret.o [1]
stringToNodeType(const char *)
                        0x00000f53   0x114  Code  Gb  interpret.o [1]
strlen                  0x00003f4d          Code  Gb  strlen.o [5]
strncpy                 0x00003929          Code  Gb  strncpy.o [5]
strstr(const char *, const char *)
                        0x000046e9    0x10  Code  Gb  interpret.o [1]
strtol                  0x00003837    0x80  Code  Gb  strtol.o [3]
successMsg()            0x00000e89    0x36  Code  Gb  interpret.o [1]
symbFcnLink             0x2000b8b8     0x4  Data  Lc  interpret.o [1]
symbType                0x2000b8b0     0x4  Data  Lc  interpret.o [1]
symbValue               0x2000b8b4     0x4  Data  Lc  interpret.o [1]
symbolTableEntry::fcnLink() const
                        0x00004a5d     0x4  Code  Gb  interpret.o [1]
symbolTableEntry::fcnLink(int)
                        0x00004a61     0x4  Code  Gb  interpret.o [1]
symbolTableEntry::operator =(const symbolTableEntry&)
                        0x00003c67    0x3a  Code  Gb  symbolTableEntry.o [1]
symbolTableEntry::symbolTableEntry()
                        0x00003c4d     0xc  Code  Gb  symbolTableEntry.o [1]
symbolTableEntry::symbolTableEntry() [internal]
                        0x00003c59     0xe  Code  Gb  symbolTableEntry.o [1]
symbolTableEntry::type() const
                        0x00004a55     0x4  Code  Gb  interpret.o [1]
symbolTableEntry::type(nodeType)
                        0x00004a59     0x4  Code  Gb  interpret.o [1]
symbolTableEntry::value() const
                        0x00004a4d     0x4  Code  Gb  interpret.o [1]
symbolTableEntry::value(int)
                        0x00004a51     0x4  Code  Gb  interpret.o [1]
symbolTableEntry::~symbolTableEntry()
                        0x00004735     0xe  Code  Gb  interpret.o [1]
symbolTableEntry::~symbolTableEntry() [internal]
                        0x00004a71     0x2  Code  Gb  interpret.o [1]
tinyQueue<int>::tinyQueue()
                        0x00004851     0xc  Code  Gb  interpret.o [1]
tinyQueue<int>::tinyQueue() [internal]
                        0x0000475f     0xe  Code  Gb  interpret.o [1]
tinyQueue<int>::~tinyQueue()
                        0x0000476d     0xe  Code  Gb  interpret.o [1]
tinyQueue<int>::~tinyQueue() [internal]
                        0x00004a75     0x2  Code  Gb  interpret.o [1]
tinyQueue<unsigned char>::clear()
                        0x00004869     0xc  Code  Gb  interpret.o [1]
tinyQueue<unsigned char>::getBuffer()
                        0x00004a79     0x2  Code  Gb  interpret.o [1]
tinyQueue<unsigned char>::push(unsigned char)
                        0x00003fe5    0x30  Code  Gb  interpret.o [1]
tinyQueue<unsigned char>::spaceAvail() const
                        0x0000412d    0x2a  Code  Gb  interpret.o [1]
tinyQueue<unsigned char>::tinyQueue(int)
                        0x0000485d     0xc  Code  Gb  interpret.o [1]
tinyQueue<unsigned char>::tinyQueue(int) [internal]
                        0x000048a3     0xa  Code  Gb  interpret.o [1]
tinyQueue<unsigned char>::~tinyQueue()
                        0x0000477b     0xe  Code  Gb  interpret.o [1]
tinyQueue<unsigned char>::~tinyQueue() [internal]
                        0x00004a77     0x2  Code  Gb  interpret.o [1]
tolower                 0x0000465d    0x14  Code  Gb  tolower.o [3]
ucNormallyEmptyReceivedValues
                        0x2000b5d0    0xc8  Data  Lc  IntQueue.o [1]
ucNormallyFullReceivedValues
                        0x2000b698    0xc8  Data  Lc  IntQueue.o [1]
ulTimerCount            0x2000b904     0x4  Data  Lc  timertest.o [1]
uxCriticalNesting       0x2000423c     0x4  Data  Lc  port.o [1]
uxCurrentNumberOfTasks  0x2000b8d0     0x4  Data  Lc  tasks.o [1]
uxMissedTicks           0x2000b8e8     0x4  Data  Lc  tasks.o [1]
uxPreviousTask          0x20004244     0x4  Data  Lc  tasks.o [1]
uxSchedulerSuspended    0x2000b8e4     0x4  Data  Lc  tasks.o [1]
uxTaskNumber            0x2000b8f4     0x4  Data  Lc  tasks.o [1]
uxTasksDeleted          0x2000b8cc     0x4  Data  Lc  tasks.o [1]
uxTopReadyPriority      0x2000b8dc     0x4  Data  Lc  tasks.o [1]
uxTopUsedPriority       0x2000b8d8     0x4  Data  Lc  tasks.o [1]
uxValueForNormallyEmptyQueue
                        0x2000b88c     0x4  Data  Gb  IntQueue.o [1]
uxValueForNormallyFullQueue
                        0x2000b890     0x4  Data  Gb  IntQueue.o [1]
vApplicationStackOverflowHook
                        0x00002393     0x2  Code  Gb  main.o [1]
vApplicationTickHook    0x00002391     0x2  Code  Gb  main.o [1]
vLEDOnTask              0x00002309    0x12  Code  Lc  main.o [1]
vListInitialise         0x00003995    0x1e  Code  Gb  list.o [1]
vListInitialiseItem     0x000039b3     0x6  Code  Gb  list.o [1]
vListInsertEnd          0x000039b9    0x1e  Code  Gb  list.o [1]
vListRemove             0x000039d7    0x26  Code  Gb  list.o [1]
vPortClearInterruptMask
                        0x000036eb          Code  Gb  portasm.o [1]
vPortEnterCritical      0x000031d9    0x12  Code  Gb  port.o [1]
vPortExitCritical       0x000031eb    0x1a  Code  Gb  port.o [1]
vPortFree               0x00002a73    0x44  Code  Gb  heap_2.o [1]
vPortSVCHandler         0x000036f9          Code  Gb  portasm.o [1]
vPortSetInterruptMask   0x000036dd          Code  Gb  portasm.o [1]
vPortStartFirstTask     0x00003715          Code  Gb  portasm.o [1]
vPortYieldFromISR       0x000031cf     0xa  Code  Gb  port.o [1]
vSetMSP                 0x000036a1          Code  Gb  portasm.o [1]
vSetupHighFrequencyTimer
                        0x000034f5    0x6a  Code  Gb  timertest.o [1]
vStartLEDOnTasks        0x000022e7    0x22  Code  Gb  main.o [1]
vStartUARTTasks         0x0000231b    0x22  Code  Gb  main.o [1]
vT2InterruptHandler     0x00003edd    0x18  Code  Gb  IntQueueTimer.o [1]
vT3InterruptHandler     0x00003ef5    0x18  Code  Gb  IntQueueTimer.o [1]
vTaskIncrementTick      0x00000379   0x120  Code  Gb  tasks.o [1]
vTaskPriorityDisinherit
                        0x000007ad    0x46  Code  Gb  tasks.o [1]
vTaskStartScheduler     0x00000249    0x42  Code  Gb  tasks.o [1]
vTaskSuspendAll         0x0000028b    0x10  Code  Gb  tasks.o [1]
vTaskSwitchContext      0x0000049b   0x130  Code  Gb  tasks.o [1]
vUARTTask               0x0000237d    0x14  Code  Lc  main.o [1]
xDelayedTaskList1       0x2000b804    0x14  Data  Lc  tasks.o [1]
xDelayedTaskList2       0x2000b818    0x14  Data  Lc  tasks.o [1]
xEnd                    0x2000b870     0x8  Data  Lc  heap_2.o [1]
xErrorLine              0x2000b888     0x4  Data  Lc  IntQueue.o [1]
xErrorStatus            0x2000422c     0x4  Data  Lc  IntQueue.o [1]
xFirstTimerHandler      0x000019df    0xfc  Code  Gb  IntQueue.o [1]
xFreeBytesRemaining     0x20004230     0x4  Data  Lc  heap_2.o [1]
xHeap                   0x20004248  0x5dc0  Data  Lc  heap_2.o [1]
xMissedYield            0x2000b8ec     0x4  Data  Lc  tasks.o [1]
xNextTaskUnblockTime    0x20004240     0x4  Data  Lc  tasks.o [1]
xNormallyEmptyQueue     0x2000b880     0x4  Data  Lc  IntQueue.o [1]
xNormallyFullQueue      0x2000b884     0x4  Data  Lc  IntQueue.o [1]
xNumOfOverflows         0x2000b8f0     0x4  Data  Lc  tasks.o [1]
xPendingReadyList       0x2000b82c    0x14  Data  Lc  tasks.o [1]
xPortPendSVHandler      0x000036a7          Code  Gb  portasm.o [1]
xPortStartScheduler     0x000031a3    0x2c  Code  Gb  port.o [1]
xPortSysTickHandler     0x00003205    0x1c  Code  Gb  port.o [1]
xQueueGenericSendFromISR
                        0x000026b9    0x60  Code  Gb  queue.o [1]
xQueueIsQueueFullFromISR
                        0x00002817    0x14  Code  Gb  queue.o [1]
xQueueReceiveFromISR    0x00002719    0x60  Code  Gb  queue.o [1]
xSchedulerRunning       0x2000b8e0     0x4  Data  Lc  tasks.o [1]
xSecondTimerHandler     0x00001adb   0x19a  Code  Gb  IntQueue.o [1]
xStart                  0x2000b868     0x8  Data  Lc  heap_2.o [1]
xSuspendedTaskList      0x2000b854    0x14  Data  Lc  tasks.o [1]
xTaskGenericCreate      0x00000101   0x148  Code  Gb  tasks.o [1]
xTaskRemoveFromEventList
                        0x000005cb    0x6a  Code  Gb  tasks.o [1]
xTaskResumeAll          0x0000029b    0xde  Code  Gb  tasks.o [1]
xTasksWaitingTermination
                        0x2000b840    0x14  Data  Lc  tasks.o [1]
xTickCount              0x2000b8d4     0x4  Data  Lc  tasks.o [1]
xTracing                0x2000b900     0x4  Data  Lc  tasks.o [1]


[1] = C:\dev\docs\scottdesign\motor\Debug\Obj
[2] = command line
[3] = dl7M_tl_if.a
[4] = driverlib.a
[5] = rt7M_tl.a
[6] = shb_l.a

  18 118 bytes of readonly  code memory
     984 bytes of readonly  data memory
  47 382 bytes of readwrite data memory

Errors: none
Warnings: none
