###############################################################################
#                                                                             #
# IAR ELF Linker V6.40.1.53790/W32 for ARM              02/Oct/2013  22:00:59 #
# Copyright 2007-2012 IAR Systems AB.                                         #
#                                                                             #
#    Output file  =  C:\dev\docs\scottdesign\motor\Debug\Exe\motorTiva.out    #
#    Map file     =  C:\dev\docs\scottdesign\motor\Debug\List\motorTiva.map   #
#    Command line =  C:\dev\docs\scottdesign\motor\Debug\Obj\accel.o          #
#                    C:\dev\docs\scottdesign\motor\Debug\Obj\flashio.o        #
#                    C:\dev\docs\scottdesign\motor\Debug\Obj\heap_2.o         #
#                    C:\dev\docs\scottdesign\motor\Debug\Obj\interpret.o      #
#                    C:\dev\docs\scottdesign\motor\Debug\Obj\list.o           #
#                    C:\dev\docs\scottdesign\motor\Debug\Obj\main.o           #
#                    C:\dev\docs\scottdesign\motor\Debug\Obj\parseTreeEntry.o #
#                     C:\dev\docs\scottdesign\motor\Debug\Obj\port.o          #
#                    C:\dev\docs\scottdesign\motor\Debug\Obj\portasm.o        #
#                    C:\dev\docs\scottdesign\motor\Debug\Obj\queue.o          #
#                    C:\dev\docs\scottdesign\motor\Debug\Obj\startup_ewarm.o  #
#                    C:\dev\docs\scottdesign\motor\Debug\Obj\stepper.o        #
#                    C:\dev\docs\scottdesign\motor\Debug\Obj\symbolTableEntry #
#                    .o C:\dev\docs\scottdesign\motor\Debug\Obj\tasks.o       #
#                    C:\dev\docs\scottdesign\motor\Debug\Obj\uartstdio.o      #
#                    C:\dev\docs\scottdesign\motor\Debug\Obj\usb_dev_serial.o #
#                     C:\dev\docs\scottdesign\motor\Debug\Obj\usb_serial_stru #
#                    cts.o C:\dev\docs\scottdesign\motor\Debug\Obj\ustdlib.o  #
#                    C:\ti\TivaWare_C_Series-1.0\driverlib\ewarm\Exe\driverli #
#                    b.a C:\ti\TivaWare_C_Series-1.0\usblib\ewarm\Exe\usblib. #
#                    a --redirect _Printf=_PrintfTiny --redirect              #
#                    _Scanf=_ScanfSmall -o C:\dev\docs\scottdesign\motor\Debu #
#                    g\Exe\motorTiva.out --map C:\dev\docs\scottdesign\motor\ #
#                    Debug\List\motorTiva.map --config                        #
#                    C:\dev\docs\scottdesign\motor\motorTiva.icf              #
#                    --semihosting --entry __iar_program_start --vfe          #
#                                                                             #
#                                                                             #
###############################################################################

*******************************************************************************
*** RUNTIME MODEL ATTRIBUTES
***

CppFlavor                     = *
__CPP_Language                = EC++
__Heap_Handler                = Basic
__SystemLibrary               = DLib
__dlib_dynamic_initialization = normal


*******************************************************************************
*** PLACEMENT SUMMARY
***

"A1":  place at start of [0x00000000-0x0000ffff] { ro section .intvec };
"P1":  place in [from 0x00000000 to 0x0000ffff] { ro };
"P2":  place in [from 0x20000000 to 0x20005fff] { rw, block HEAP };

  Section             Kind        Address    Size  Object
  -------             ----        -------    ----  ------
"A1":                                       0x26c
  .intvec             const    0x00000000   0x26c  startup_ewarm.o [1]
                             - 0x0000026c   0x26c

"P1":                                      0x6fbc
  .text               ro code  0x0000026c   0xf78  interpret.o [1]
  .text               ro code  0x000011e4    0x50  cxxabi.o [4]
  .text               ro code  0x00001234     0x6  interpret.o [1]
  .text               ro code  0x0000123a    0x2e  copy_init3.o [7]
  .text               ro code  0x00001268     0xc  interpret.o [1]
  .text               ro code  0x00001274   0x7c8  tasks.o [1]
  .text               ro code  0x00001a3c    0x36  strlen.o [7]
  .text               ro code  0x00001a72    0x22  zero_init3.o [7]
  .text               ro code  0x00001a94   0x190  main.o [1]
  .text               ro code  0x00001c24    0x42  strcmp.o [7]
  .text               ro code  0x00001c66     0xa  interpret.o [1]
  .text               ro code  0x00001c70    0x30  interpret.o [1]
  .text               ro code  0x00001ca0    0x2a  interpret.o [1]
  .text               ro code  0x00001cca     0xc  interpret.o [1]
  .text               ro code  0x00001cd6     0x2  interpret.o [1]
  .text               ro code  0x00001cd8    0x10  interpret.o [1]
  .text               ro code  0x00001ce8    0x24  sscanf.o [3]
  .text               ro code  0x00001d0c    0x58  parseTreeEntry.o [1]
  .text               ro code  0x00001d64     0x4  parseTreeEntry.o [1]
  .text               ro code  0x00001d68     0x4  parseTreeEntry.o [1]
  .text               ro code  0x00001d6c     0x4  parseTreeEntry.o [1]
  .text               ro code  0x00001d70     0x4  parseTreeEntry.o [1]
  .text               ro code  0x00001d74     0x2  interpret.o [1]
  .text               ro code  0x00001d76    0x54  symbolTableEntry.o [1]
  .text               ro code  0x00001dca     0x4  symbolTableEntry.o [1]
  .text               ro code  0x00001dce     0x4  symbolTableEntry.o [1]
  .text               ro code  0x00001dd2     0x4  symbolTableEntry.o [1]
  .text               ro code  0x00001dd6     0x2  interpret.o [1]
  .text               ro code  0x00001dd8     0xc  interpret.o [1]
  .text               ro code  0x00001de4     0xe  interpret.o [1]
  .text               ro code  0x00001df2    0x1e  xsscin.o [3]
  .text               ro code  0x00001e10   0x46c  stepper.o [1]
  .text               ro code  0x0000227c    0x1e  interpret.o [1]
  .text               ro code  0x0000229a    0x16  interpret.o [1]
  .text               ro code  0x000022b0    0x4c  xassert.o [3]
  .text               ro code  0x000022fc     0x4  parseTreeEntry.o [1]
  .text               ro code  0x00002300    0x16  interpret.o [1]
  .text               ro code  0x00002316    0x16  interpret.o [1]
  .text               ro code  0x0000232c    0x34  interpret.o [1]
  .text               ro code  0x00002360     0x6  interpret.o [1]
  .text               ro code  0x00002366     0x4  symbolTableEntry.o [1]
  .text               ro code  0x0000236a     0x6  interpret.o [1]
  .text               ro code  0x00002370     0xa  interpret.o [1]
  .rodata             const    0x0000237a     0x2  heap_2.o [1]
  .text               ro code  0x0000237c    0x3c  interpret.o [1]
  .text               ro code  0x000023b8    0x26  interpret.o [1]
  .text               ro code  0x000023de     0x6  interpret.o [1]
  .text               ro code  0x000023e4     0x4  symbolTableEntry.o [1]
  .text               ro code  0x000023e8    0x1a  interpret.o [1]
  .text               ro code  0x00002402     0xa  interpret.o [1]
  .text               ro code  0x0000240c    0x16  interpret.o [1]
  .text               ro code  0x00002422     0xe  interpret.o [1]
  .text               ro code  0x00002430    0x28  interpret.o [1]
  .text               ro code  0x00002458    0x16  interpret.o [1]
  .text               ro code  0x0000246e     0x4  symbolTableEntry.o [1]
  .text               ro code  0x00002472    0x14  interpret.o [1]
  .text               ro code  0x00002486     0x4  parseTreeEntry.o [1]
  .text               ro code  0x0000248a     0x4  parseTreeEntry.o [1]
  .text               ro code  0x0000248e    0x1c  interpret.o [1]
  .text               ro code  0x000024aa     0x6  interpret.o [1]
  .text               ro code  0x000024b0    0x76  ABImemcpy.o [7]
  .text               ro code  0x00002526     0x2  interpret.o [1]
  .text               ro code  0x00002528    0x98  cppinit.o [3]
  .text               ro code  0x000025c0   0x158  port.o [1]
  .text               ro code  0x00002718    0xa4  list.o [1]
  CODE                ro code  0x000027bc    0xa0  portasm.o [1]
  .text               ro code  0x0000285c    0x62  memcmp.o [7]
  .text               ro code  0x000028c0   0x14c  heap_2.o [1]
  .text               ro code  0x00002a0c    0x16  tasks.o [1]
  .text               ro code  0x00002a22   0x24c  usbbuffer.o [9]
  .text               ro code  0x00002c70     0x6  gpio.o [5]
  .text               ro code  0x00002c78    0x74  sysctl.o [5]
  .text               ro code  0x00002cec    0x66  timer.o [5]
  .text               ro code  0x00002d54   0x214  interrupt.o [5]
  .text               ro code  0x00002f68    0x2c  strstr.o [3]
  .text               ro code  0x00002f94   0x504  xscanfsmall.o [3]
  .text               ro code  0x00003498     0x4  parseTreeEntry.o [1]
  .text               ro code  0x0000349c   0x24a  accel.o [1]
  .text               ro code  0x000036e8    0x30  stepper.o [1]
  .text               ro code  0x00003718     0x6  stepper.o [1]
  .text               ro code  0x0000371e    0x22  stepper.o [1]
  .text               ro code  0x00003740    0x26  stepper.o [1]
  .text               ro code  0x00003766     0xa  stepper.o [1]
  .text               ro code  0x00003770    0x1a  stepper.o [1]
  .text               ro code  0x0000378a     0x6  stepper.o [1]
  .text               ro code  0x00003790     0x6  stepper.o [1]
  .text               ro code  0x00003796    0x16  stepper.o [1]
  .text               ro code  0x000037ac    0x3c  stepper.o [1]
  .text               ro code  0x000037e8    0x30  stepper.o [1]
  .text               ro code  0x00003818    0x1c  stepper.o [1]
  .text               ro code  0x00003834    0x30  stepper.o [1]
  .text               ro code  0x00003864     0x6  stepper.o [1]
  .text               ro code  0x0000386a    0x2a  stepper.o [1]
  .text               ro code  0x00003894    0x12  stepper.o [1]
  .text               ro code  0x000038a6    0x12  stepper.o [1]
  .text               ro code  0x000038b8    0x1c  interpret.o [1]
  .text               ro code  0x000038d4    0x1c  interpret.o [1]
  .text               ro code  0x000038f0    0x10  interpret.o [1]
  .text               ro code  0x00003900    0xa0  xreportassert.o [3]
  .text               ro code  0x000039a0     0x6  abort.o [3]
  .text               ro code  0x000039a6    0x2a  interpret.o [1]
  .text               ro code  0x000039d0    0x66  ABImemset.o [7]
  .text               ro code  0x00003a36   0x152  usbringbuf.o [9]
  .text               ro code  0x00003b88    0x10  cpu.o [5]
  .text               ro code  0x00003b98    0x16  strchr.o [7]
  .text               ro code  0x00003bae    0x86  xstol.o [3]
  .text               ro code  0x00003c34   0x174  xstoul.o [3]
  .text               ro code  0x00003da8    0x18  stepper.o [1]
  .text               ro code  0x00003dc0     0x6  stepper.o [1]
  .text               ro code  0x00003dc8    0x2c  I32ToDbl.o [6]
  .text               ro code  0x00003df4   0x1a2  DblMul.o [6]
  .text               ro code  0x00003f98   0x246  DblDiv.o [6]
  .text               ro code  0x000041e0    0x90  DblToFlt.o [6]
  .text               ro code  0x00004270    0x50  expf.o [6]
  .text               ro code  0x000042c0    0x18  stepper.o [1]
  .text               ro code  0x000042d8     0xc  interpret.o [1]
  .text               ro code  0x000042e4    0x28  putchar.o [3]
  .text               ro code  0x0000430c    0x14  exit.o [8]
  .text               ro code  0x00004320     0xc  errno.o [3]
  .text               ro code  0x0000432c    0x58  memchr.o [7]
  .text               ro code  0x00004384   0x21c  xfexp.o [6]
  .text               ro code  0x000045a0    0x2a  stepper.o [1]
  .text               ro code  0x000045ca    0x10  write.o [8]
  .text               ro code  0x000045dc    0x6c  iarttio.o [8]
  .text               ro code  0x00004648     0x2  xtls.o [3]
  .text               ro code  0x0000464c    0xc8  xfdscale.o [6]
  .text               ro code  0x00004714    0x1e  dwrite.o [8]
  .text               ro code  0x00004734     0x8  XShttio.o [3]
  .text               ro code  0x0000473c    0x26  xfdnorm.o [6]
  .text               ro code  0x00004762    0x20  iarwstd.o [8]
  .text               ro code  0x00004782    0x22  iarwrite.o [8]
  .text               ro code  0x000047a4   0x96c  usbdenum.o [9]
  .text               ro code  0x00005110   0x3f6  usb.o [5]
  .text               ro code  0x00005508   0x478  usbdma.o [9]
  .text               ro code  0x00005980    0x6c  usbtick.o [9]
  .text               ro code  0x000059ec   0x150  usbdcdesc.o [9]
  .text               ro code  0x00005b3c   0x228  usbdconfig.o [9]
  .text               ro code  0x00005d64   0x11c  udma.o [5]
  .text               ro code  0x00005e80    0x54  usbdesc.o [9]
  .text               ro code  0x00005ed4   0x750  usbdcdc.o [9]
  .text               ro code  0x00006624   0x56c  usb_dev_serial.o [1]
  .text               ro code  0x00006b90    0x1c  usbmode.o [9]
  .rodata             const    0x00006bac    0x6c  usbdcdc.o [9]
  .rodata             const    0x00006c18    0x48  interpret.o [1]
  .text               ro code  0x00006c60    0x44  interpret.o [1]
  .text               ro code  0x00006ca4     0xe  interpret.o [1]
  .text               ro code  0x00006cb2     0xe  interpret.o [1]
  .text               ro code  0x00006cc0     0x2  interpret.o [1]
  .text               ro code  0x00006cc2     0x2  interpret.o [1]
  .rodata             const    0x00006cc4    0x38  usb_serial_structs.o [1]
  .rodata             const    0x00006cfc    0x30  interpret.o [1]
  .rodata             const    0x00006d2c    0x2c  interpret.o [1]
  .rodata             const    0x00006d58    0x2c  interpret.o [1]
  .rodata             const    0x00006d84    0x2c  usb_serial_structs.o [1]
  .rodata             const    0x00006db0    0x28  main.o [1]
  .text               ro code  0x00006dd8    0x28  data_init3.o [7]
  .rodata             const    0x00006e00    0x24  usb_serial_structs.o [1]
  .rodata             const    0x00006e24    0x24  usb_serial_structs.o [1]
  .rodata             const    0x00006e48    0x24  usb_serial_structs.o [1]
  .rodata             const    0x00006e6c    0x24  usb_serial_structs.o [1]
  .iar.init_table     const    0x00006e90    0x28  - Linker created -
  .rodata             const    0x00006eb8    0x20  interpret.o [1]
  .rodata             const    0x00006ed8    0x20  interpret.o [1]
  .text               ro code  0x00006ef8    0x20  cmain_call_ctors.o [7]
  .text               ro code  0x00006f18    0x1e  startup_ewarm.o [1]
  .text               ro code  0x00006f36     0xc  cstartup_M.o [7]
  .text               ro code  0x00006f44    0x1a  fpinit_M.o [6]
  .text               ro code  0x00006f60    0x16  cmain.o [7]
  .text               ro code  0x00006f76     0x4  low_level_init.o [3]
  .text               ro code  0x00006f7a     0x4  exit.o [3]
  .text               ro code  0x00006f80     0xe  cexit.o [7]
  .rodata             const    0x00006f90    0x1c  interpret.o [1]
  .rodata             const    0x00006fac    0x18  usb_serial_structs.o [1]
  .text               ro code  0x00006fc4    0x18  usbdhandler.o [9]
  .rodata             const    0x00006fdc    0x14  tasks.o [1]
  .rodata             const    0x00006ff0    0x14  usb_serial_structs.o [1]
  .rodata             const    0x00007004    0x10  interpret.o [1]
  .rodata             const    0x00007014    0x10  interpret.o [1]
  .rodata             const    0x00007024    0x10  usb_dev_serial.o [1]
  .rodata             const    0x00007034     0xc  interpret.o [1]
  .rodata             const    0x00007040     0xc  interpret.o [1]
  .rodata             const    0x0000704c     0xc  interpret.o [1]
  .rodata             const    0x00007058     0xc  interpret.o [1]
  .rodata             const    0x00007064     0xc  interpret.o [1]
  .rodata             const    0x00007070     0xc  interpret.o [1]
  .rodata             const    0x0000707c     0xc  interpret.o [1]
  .rodata             const    0x00007088     0xc  interpret.o [1]
  .rodata             const    0x00007094     0xc  interpret.o [1]
  .rodata             const    0x000070a0     0xc  main.o [1]
  .rodata             const    0x000070ac     0xc  usb_dev_serial.o [1]
  .rodata             const    0x000070b8     0x8  interpret.o [1]
  .rodata             const    0x000070c0     0x8  interpret.o [1]
  .rodata             const    0x000070c8     0x8  interpret.o [1]
  .rodata             const    0x000070d0     0x8  interpret.o [1]
  .rodata             const    0x000070d8     0x8  interpret.o [1]
  .rodata             const    0x000070e0     0x8  interpret.o [1]
  .rodata             const    0x000070e8     0x8  interpret.o [1]
  .rodata             const    0x000070f0     0x8  interpret.o [1]
  .rodata             const    0x000070f8     0x8  interpret.o [1]
  .rodata             const    0x00007100     0x8  interpret.o [1]
  .rodata             const    0x00007108     0x8  interpret.o [1]
  .rodata             const    0x00007110     0x8  interpret.o [1]
  .rodata             const    0x00007118     0x8  interpret.o [1]
  .rodata             const    0x00007120     0x8  interpret.o [1]
  .rodata             const    0x00007128     0x8  interpret.o [1]
  .rodata             const    0x00007130     0x8  interpret.o [1]
  .rodata             const    0x00007138     0x8  main.o [1]
  .rodata             const    0x00007140     0x8  main.o [1]
  .rodata             const    0x00007148     0x8  tasks.o [1]
  .rodata             const    0x00007150     0x4  usb_serial_structs.o [1]
  SHT$$PREINIT_ARRAY           0x00007154     0x0  <Block>
  SHT$$INIT_ARRAY              0x00007154     0x4  <Block>
    .init_array       const    0x00007154     0x4  interpret.o [1]
  .text               ro code  0x00007158     0x0  cstart_call_dtors.o [7]
  .rodata             const    0x00007158     0x0  zero_init3.o [7]
  .rodata             const    0x00007158     0x0  copy_init3.o [7]
  Initializer bytes   ro data  0x00007158    0xd0  <for P2 s0>
                             - 0x00007228  0x6fbc

"P2", part 1 of 3:                           0xd0
  P2 s0                        0x20000000    0xd0  <Init block>
    .data             inited   0x20000000    0x60  usb_serial_structs.o [1]
    .data             inited   0x20000060    0x20  usbdcdc.o [9]
    .data             inited   0x20000080    0x10  usbdcdc.o [9]
    .data             inited   0x20000090    0x10  usbmode.o [9]
    .data             inited   0x200000a0     0xc  usbdcdc.o [9]
    .data             inited   0x200000ac     0x8  usbdcdc.o [9]
    .data             inited   0x200000b4     0x8  XShttio.o [3]
    .data             inited   0x200000bc     0x4  heap_2.o [1]
    .data             inited   0x200000c0     0x4  interpret.o [1]
    .data             inited   0x200000c4     0x4  interpret.o [1]
    .data             inited   0x200000c8     0x4  port.o [1]
    .data             inited   0x200000cc     0x4  tasks.o [1]
                             - 0x200000d0    0xd0

"P2", part 2 of 3:                         0x4a4c
  .bss                zero     0x200000d0  0x2ee0  heap_2.o [1]
  .bss                zero     0x20002fb0  0x14c0  interpret.o [1]
  .bss                zero     0x20004470   0x110  usbdma.o [9]
  .bss                zero     0x20004580   0x108  interpret.o [1]
  .bss                zero     0x20004688   0x100  usb_serial_structs.o [1]
  .bss                zero     0x20004788   0x100  usb_serial_structs.o [1]
  .bss                zero     0x20004888    0x64  tasks.o [1]
  .bss                zero     0x200048ec    0x50  usbdenum.o [9]
  .bss                zero     0x2000493c    0x40  usbdenum.o [9]
  .bss                zero     0x2000497c    0x38  usbtick.o [9]
  .bss                zero     0x200049b4    0x20  interpret.o [1]
  .bss                zero     0x200049d4    0x20  interpret.o [1]
  .bss                zero     0x200049f4    0x18  usb_serial_structs.o [1]
  .bss                zero     0x20004a0c    0x18  usb_serial_structs.o [1]
  .bss                zero     0x20004a24    0x14  tasks.o [1]
  .bss                zero     0x20004a38    0x14  tasks.o [1]
  .bss                zero     0x20004a4c    0x14  tasks.o [1]
  .bss                zero     0x20004a60    0x14  tasks.o [1]
  .bss                zero     0x20004a74    0x14  tasks.o [1]
  .bss                zero     0x20004a88     0x8  heap_2.o [1]
  .bss                zero     0x20004a90     0x8  heap_2.o [1]
  .bss                zero     0x20004a98     0x4  heap_2.o [1]
  .bss                zero     0x20004a9c     0x4  interpret.o [1]
  .bss                zero     0x20004aa0     0x4  interpret.o [1]
  .bss                zero     0x20004aa4     0x4  interpret.o [1]
  .bss                zero     0x20004aa8     0x4  interpret.o [1]
  .bss                zero     0x20004aac     0x4  interpret.o [1]
  .bss                zero     0x20004ab0     0x4  interpret.o [1]
  .bss                zero     0x20004ab4     0x4  interpret.o [1]
  .bss                zero     0x20004ab8     0x4  port.o [1]
  .bss                zero     0x20004abc     0x4  stepper.o [1]
  .bss                zero     0x20004ac0     0x4  tasks.o [1]
  .bss                zero     0x20004ac4     0x4  tasks.o [1]
  .bss                zero     0x20004ac8     0x4  tasks.o [1]
  .bss                zero     0x20004acc     0x4  tasks.o [1]
  .bss                zero     0x20004ad0     0x4  tasks.o [1]
  .bss                zero     0x20004ad4     0x4  tasks.o [1]
  .bss                zero     0x20004ad8     0x4  tasks.o [1]
  .bss                zero     0x20004adc     0x4  tasks.o [1]
  .bss                zero     0x20004ae0     0x4  tasks.o [1]
  .bss                zero     0x20004ae4     0x4  tasks.o [1]
  .bss                zero     0x20004ae8     0x4  tasks.o [1]
  .bss                zero     0x20004aec     0x4  tasks.o [1]
  .bss                zero     0x20004af0     0x4  tasks.o [1]
  .bss                zero     0x20004af4     0x4  usb_dev_serial.o [1]
  .bss                zero     0x20004af8     0x4  usb_dev_serial.o [1]
  .bss                zero     0x20004afc     0x4  usb_dev_serial.o [1]
  .bss                zero     0x20004b00     0x4  usb_dev_serial.o [1]
  .bss                zero     0x20004b04     0x4  usbtick.o [9]
  .bss                zero     0x20004b08     0x4  cppinit.o [3]
  .bss                zero     0x20004b0c     0x4  cppinit.o [3]
  __DLIB_PERTHREAD    zero     0x20004b10     0x4  errno.o [3]
  .bss                zero     0x20004b14     0x1  interpret.o [1]
  .bss                zero     0x20004b15     0x1  interpret.o [1]
  .bss                zero     0x20004b16     0x1  interpret.o [1]
  .bss                zero     0x20004b17     0x1  port.o [1]
  .bss                zero     0x20004b18     0x1  usb_dev_serial.o [1]
  .bss                zero     0x20004b19     0x1  usb_dev_serial.o [1]
                             - 0x20004b1a  0x4a4a

"P2", part 3 of 3:                          0x5b0
  .noinit             uninit   0x20004b1c   0x400  startup_ewarm.o [1]
  .iar.dynexit                 0x20004f1c   0x1b0  <Block>
    .iar.dynexit      uninit   0x20004f1c     0xc  cppinit.o [3]
    .iar.dynexit      uninit   0x20004f28   0x1a4  <Block tail>
                             - 0x200050cc   0x5b0


*******************************************************************************
*** INIT TABLE
***

          Address     Size
          -------     ----
Zero (__iar_zero_init3)
    1 destination range, total size 0x4a4a:
          0x200000d0  0x4a4a

Copy (__iar_copy_init3)
    1 source range, total size 0xd0:
          0x00007158    0xd0
    1 destination range, total size 0xd0:
          0x20000000    0xd0

Extra (__iar_cstart_call_ctors)



*******************************************************************************
*** MODULE SUMMARY
***

    Module                ro code  ro data  rw data
    ------                -------  -------  -------
C:\dev\docs\scottdesign\motor\Debug\Obj: [1]
    accel.o                   586
    heap_2.o                  332        6   12 024
    interpret.o             4 828      580    5 679
    list.o                    164
    main.o                    400       68
    parseTreeEntry.o          120
    port.o                    344        4        9
    portasm.o                 160
    startup_ewarm.o            30      620    1 024
    stepper.o               1 692                 4
    symbolTableEntry.o        108
    tasks.o                 2 014       32      256
    usb_dev_serial.o        1 388       28       18
    usb_serial_structs.o               388      656
    -----------------------------------------------
    Total:                 12 166    1 726   19 670

command line: [2]
    -----------------------------------------------
    Total:

dl7M_tln.a: [3]
    XShttio.o                   8        8        8
    abort.o                     6
    cppinit.o                 152                20
    errno.o                    12                 4
    exit.o                      4
    low_level_init.o            4
    putchar.o                  40
    sscanf.o                   36
    strstr.o                   44
    xassert.o                  76
    xreportassert.o           160
    xscanfsmall.o           1 284
    xsscin.o                   30
    xstol.o                   134
    xstoul.o                  372
    xtls.o                      2
    -----------------------------------------------
    Total:                  2 364        8       32

dlpp7M_tl_ne.a: [4]
    cxxabi.o                   80
    -----------------------------------------------
    Total:                     80

driverlib.a: [5]
    cpu.o                      16
    gpio.o                      6
    interrupt.o               532
    sysctl.o                  116
    timer.o                   102
    udma.o                    284
    usb.o                   1 014
    -----------------------------------------------
    Total:                  2 070

m7M_tlv.a: [6]
    DblDiv.o                  582
    DblMul.o                  418
    DblToFlt.o                144
    I32ToDbl.o                 44
    expf.o                     80
    fpinit_M.o                 26
    xfdnorm.o                  38
    xfdscale.o                200
    xfexp.o                   540
    -----------------------------------------------
    Total:                  2 072

rt7M_tl.a: [7]
    ABImemcpy.o               118
    ABImemset.o               102
    cexit.o                    14
    cmain.o                    22
    cmain_call_ctors.o         32
    copy_init3.o               46
    cstart_call_dtors.o
    cstartup_M.o               12
    data_init3.o               40
    memchr.o                   88
    memcmp.o                   98
    strchr.o                   22
    strcmp.o                   66
    strlen.o                   54
    zero_init3.o               34
    -----------------------------------------------
    Total:                    748

shb_l.a: [8]
    dwrite.o                   30
    exit.o                     20
    iarttio.o                 108
    iarwrite.o                 34
    iarwstd.o                  32
    write.o                    16
    -----------------------------------------------
    Total:                    240

usblib.a: [9]
    usbbuffer.o               588
    usbdcdc.o               1 872      176       68
    usbdcdesc.o               336
    usbdconfig.o              552
    usbdenum.o              2 412               144
    usbdesc.o                  84
    usbdhandler.o              24
    usbdma.o                1 144               272
    usbmode.o                  28       16       16
    usbringbuf.o              338
    usbtick.o                 108                60
    -----------------------------------------------
    Total:                  7 486      192      560

    Gaps                       30        2
    Linker created                      40      420
---------------------------------------------------
    Grand Total:           27 256    1 968   20 682


*******************************************************************************
*** ENTRY LIST
***

Entry                      Address    Size  Type      Object
-----                      -------    ----  ----      ------
.iar.dynexit$$Base      0x20004f1c           --   Gb  - Linker created -
.iar.dynexit$$Limit     0x200050cc           --   Gb  - Linker created -
?main                   0x00006f61          Code  Gb  cmain.o [7]
CDCTickHandler          0x00006339    0x7a  Code  Lc  usbdcdc.o [9]
CPUcpsid                0x00003b89     0x8  Code  Gb  cpu.o [5]
CPUcpsie                0x00003b91     0x8  Code  Gb  cpu.o [5]
CheckForSerialStateChange
                        0x00006625    0x3a  Code  Lc  usb_dev_serial.o [1]
ControlHandler          0x000068fd    0xd8  Code  Gb  usb_dev_serial.o [1]
DMAUSBIntHandler        0x00005565    0x30  Code  Lc  usbdma.o [9]
DMAUSBIntStatusClear    0x00005557     0xe  Code  Lc  usbdma.o [9]
DMAUSBStatus            0x000058b1     0x4  Code  Lc  usbdma.o [9]
DeviceConsumedAllData   0x00005eed    0x18  Code  Lc  usbdcdc.o [9]
DtorRecArray            0x20004f1c     0xc  Data  Lc  cppinit.o [3]
FaultISR                0x00006f33     0x2  Code  Lc  startup_ewarm.o [1]
GPIOPinWrite            0x00002c71     0x6  Code  Gb  gpio.o [5]
GetEPDescriptorType     0x00005b59    0x46  Code  Lc  usbdconfig.o [9]
GetEndpointFIFOSize     0x00005b3d    0x1c  Code  Lc  usbdconfig.o [9]
GetLineCoding           0x00006827    0xa4  Code  Lc  usb_dev_serial.o [1]
HandleConfigChange      0x0000614d    0x2c  Code  Lc  usbdcdc.o [9]
HandleDevice            0x000061c7    0x62  Code  Lc  usbdcdc.o [9]
HandleDisconnect        0x000062f3    0x22  Code  Lc  usbdcdc.o [9]
HandleEP0Data           0x00006179    0x46  Code  Lc  usbdcdc.o [9]
HandleEndpoints         0x000060fb    0x52  Code  Lc  usbdcdc.o [9]
HandleRequests          0x00006229    0xb8  Code  Lc  usbdcdc.o [9]
HandleResume            0x00006321     0xc  Code  Lc  usbdcdc.o [9]
HandleRxAvailable       0x00002ab1    0xb2  Code  Lc  usbbuffer.o [9]
HandleSuspend           0x00006315     0xc  Code  Lc  usbdcdc.o [9]
IntDefaultHandler       0x00006f35     0x2  Code  Lc  startup_ewarm.o [1]
IntDisable              0x00002de7    0x58  Code  Gb  interrupt.o [5]
IntEnable               0x00002d8f    0x58  Code  Gb  interrupt.o [5]
IntIsEnabled            0x00002e3f    0x5c  Code  Gb  interrupt.o [5]
IntMasterDisable        0x00002d5d     0x6  Code  Gb  interrupt.o [5]
IntMasterEnable         0x00002d55     0x8  Code  Gb  interrupt.o [5]
IntPrioritySet          0x00002d6b    0x24  Code  Gb  interrupt.o [5]
InternalUSBRegisterTickHandler
                        0x0000599d    0x24  Code  Gb  usbtick.o [9]
InternalUSBStartOfFrameTick
                        0x000059c1    0x26  Code  Gb  usbtick.o [9]
InternalUSBTickInit     0x00005981    0x1c  Code  Gb  usbtick.o [9]
NextConfigDescGet       0x000059ed    0x2e  Code  Lc  usbdcdesc.o [9]
NmiSR                   0x00006f31     0x2  Code  Lc  startup_ewarm.o [1]
ProcessDataFromHost     0x00005fff    0x5e  Code  Gb  usbdcdc.o [9]
ProcessDataToHost       0x000060a1    0x52  Code  Gb  usbdcdc.o [9]
ProcessNotificationToHost
                        0x0000606b    0x36  Code  Gb  usbdcdc.o [9]
ReadUARTData            0x0000665f    0x64  Code  Lc  usb_dev_serial.o [1]
Region$$Table$$Base     0x00006e90           --   Gb  - Linker created -
Region$$Table$$Limit    0x00006eb8           --   Gb  - Linker created -
ResetISR                0x00006f19    0x14  Code  Gb  startup_ewarm.o [1]
RxHandler               0x000069e3    0x48  Code  Gb  usb_dev_serial.o [1]
SHT$$INIT_ARRAY$$Base   0x00007154           --   Gb  - Linker created -
SHT$$INIT_ARRAY$$Limit  0x00007158           --   Gb  - Linker created -
SHT$$PREINIT_ARRAY$$Base
                        0x00007154           --   Gb  - Linker created -
SHT$$PREINIT_ARRAY$$Limit
                        0x00007154           --   Gb  - Linker created -
ScheduleNextTransmission
                        0x00002a23    0x8e  Code  Lc  usbbuffer.o [9]
SendBreak               0x000068cb    0x32  Code  Lc  usb_dev_serial.o [1]
SendBreak               0x00005f05    0x3a  Code  Lc  usbdcdc.o [9]
SendLineCodingChange    0x00005f3f    0x1e  Code  Lc  usbdcdc.o [9]
SendLineStateChange     0x00005f5d    0x1e  Code  Lc  usbdcdc.o [9]
SendSerialState         0x00005f7b    0x84  Code  Lc  usbdcdc.o [9]
SetControlLineState     0x0000677b     0x2  Code  Lc  usb_dev_serial.o [1]
SetDeferredOpFlag       0x00005ed5    0x18  Code  Lc  usbdcdc.o [9]
SetLineCoding           0x0000677d    0xaa  Code  Lc  usb_dev_serial.o [1]
SysCtlPeripheralEnable  0x00002cb9     0x8  Code  Gb  sysctl.o [5]
SysCtlPeripheralReset   0x00002c79    0x40  Code  Gb  sysctl.o [5]
SysCtlUSBPLLEnable      0x00002cd5     0xc  Code  Gb  sysctl.o [5]
TimerConfigure          0x00002d05    0x26  Code  Gb  timer.o [5]
TimerDisable            0x00002cf9     0xc  Code  Gb  timer.o [5]
TimerEnable             0x00002ced     0xc  Code  Gb  timer.o [5]
TimerIntEnable          0x00002d41     0x4  Code  Gb  timer.o [5]
TimerLoadSet            0x00002d31    0x10  Code  Gb  timer.o [5]
TxHandler               0x000069d5     0xe  Code  Gb  usb_dev_serial.o [1]
UARTSend                0x00001aa7    0x12  Code  Gb  main.o [1]
USB0DeviceIntHandler    0x00006fc5    0x18  Code  Gb  usbdhandler.o [9]
USBBufferDataAvailable  0x00002bd7     0x6  Code  Gb  usbbuffer.o [9]
USBBufferEventCallback  0x00002be3    0x8c  Code  Gb  usbbuffer.o [9]
USBBufferFlush          0x00002bab     0x6  Code  Gb  usbbuffer.o [9]
USBBufferInit           0x00002b63    0x16  Code  Gb  usbbuffer.o [9]
USBBufferRead           0x00002bb1    0x26  Code  Gb  usbbuffer.o [9]
USBBufferSpaceAvailable
                        0x00002bdd     0x6  Code  Gb  usbbuffer.o [9]
USBBufferWrite          0x00002b79    0x32  Code  Gb  usbbuffer.o [9]
USBDCDCCompositeInit    0x000063c9    0x8e  Code  Gb  usbdcdc.o [9]
USBDCDCInit             0x00006457    0x42  Code  Gb  usbdcdc.o [9]
USBDCDCPacketRead       0x000064f5    0x7e  Code  Gb  usbdcdc.o [9]
USBDCDCPacketWrite      0x000064a9    0x4c  Code  Gb  usbdcdc.o [9]
USBDCDCRxPacketAvailable
                        0x00006583    0x32  Code  Gb  usbdcdc.o [9]
USBDCDCSerialStateChange
                        0x000065bd    0x2e  Code  Gb  usbdcdc.o [9]
USBDCDCTxPacketAvailable
                        0x00006573    0x10  Code  Gb  usbdcdc.o [9]
USBDCDConfigDescGet     0x00005a63    0x54  Code  Gb  usbdcdesc.o [9]
USBDCDConfigDescGetNum  0x00005a39    0x2a  Code  Gb  usbdcdesc.o [9]
USBDCDConfigDescGetSize
                        0x00005a1b    0x1e  Code  Gb  usbdcdesc.o [9]
USBDCDConfigGetInterface
                        0x00005ab7    0x4c  Code  Gb  usbdcdesc.o [9]
USBDCDConfigGetInterfaceEndpoint
                        0x00005b0b    0x32  Code  Gb  usbdcdesc.o [9]
USBDCDDeviceInfoInit    0x000047a5    0x1a  Code  Gb  usbdenum.o [9]
USBDCDInit              0x000047bf    0xb8  Code  Gb  usbdenum.o [9]
USBDCDRequestDataEP0    0x00004877    0x10  Code  Gb  usbdenum.o [9]
USBDCDSendDataEP0       0x00004887     0xa  Code  Gb  usbdenum.o [9]
USBDCDStallEP0          0x00004895    0x18  Code  Gb  usbdenum.o [9]
USBDClearFeature        0x00004aa7    0x72  Code  Lc  usbdenum.o [9]
USBDEP0StateTx          0x00004e57    0x66  Code  Lc  usbdenum.o [9]
USBDEP0StateTxConfig    0x00004ebd   0x13e  Code  Lc  usbdenum.o [9]
USBDGetConfiguration    0x00004ccb    0x22  Code  Lc  usbdenum.o [9]
USBDGetDescriptor       0x00004b9d   0x128  Code  Lc  usbdenum.o [9]
USBDGetInterface        0x00004d83    0x24  Code  Lc  usbdenum.o [9]
USBDGetStatus           0x00004a57    0x50  Code  Lc  usbdenum.o [9]
USBDReadAndDispatchRequest
                        0x000048f7    0x56  Code  Lc  usbdenum.o [9]
USBDSetAddress          0x00004b83    0x1a  Code  Lc  usbdenum.o [9]
USBDSetConfiguration    0x00004cfd    0x7e  Code  Lc  usbdenum.o [9]
USBDSetDescriptor       0x00004cc5     0x6  Code  Lc  usbdenum.o [9]
USBDSetFeature          0x00004b23    0x60  Code  Lc  usbdenum.o [9]
USBDSetInterface        0x00004dbf    0x88  Code  Lc  usbdenum.o [9]
USBDSyncFrame           0x00004e47     0x4  Code  Lc  usbdenum.o [9]
USBDescGet              0x00005ea7    0x2e  Code  Gb  usbdesc.o [9]
USBDescGetNum           0x00005e81    0x26  Code  Gb  usbdesc.o [9]
USBDevAddrSet           0x000052a7     0x4  Code  Gb  usb.o [5]
USBDevConnect           0x0000528f     0xc  Code  Gb  usb.o [5]
USBDevDisconnect        0x0000529b     0xc  Code  Gb  usb.o [5]
USBDevEndpointConfigSet
                        0x000052ab    0x74  Code  Gb  usb.o [5]
USBDevEndpointDataAck   0x0000544d    0x20  Code  Gb  usb.o [5]
USBDevEndpointStall     0x0000521f    0x30  Code  Gb  usb.o [5]
USBDevEndpointStallClear
                        0x0000524f    0x40  Code  Gb  usb.o [5]
USBDevEndpointStatusClear
                        0x000051d1    0x4e  Code  Gb  usb.o [5]
USBDevMode              0x000054f1     0x2  Code  Gb  usb.o [5]
USBDeviceConfig         0x00005b9f   0x136  Code  Gb  usbdconfig.o [9]
USBDeviceConfigAlternate
                        0x00005ce1    0x7e  Code  Gb  usbdconfig.o [9]
USBDeviceEnumHandler    0x00004951    0xca  Code  Gb  usbdenum.o [9]
USBDeviceEnumResetHandler
                        0x00004a1b    0x3c  Code  Gb  usbdenum.o [9]
USBDeviceIntHandlerInternal
                        0x00004ffb    0xc8  Code  Gb  usbdenum.o [9]
USBDeviceResumeTickHandler
                        0x000048ad    0x4a  Code  Gb  usbdenum.o [9]
USBEndpointDMAChannel   0x000054d7    0x1a  Code  Gb  usb.o [5]
USBEndpointDMAConfigSet
                        0x00005361    0x48  Code  Gb  usb.o [5]
USBEndpointDMADisable   0x000053c9    0x20  Code  Gb  usb.o [5]
USBEndpointDMAEnable    0x000053a9    0x20  Code  Gb  usb.o [5]
USBEndpointDataAvail    0x000053e9    0x20  Code  Gb  usb.o [5]
USBEndpointDataGet      0x00005409    0x44  Code  Gb  usb.o [5]
USBEndpointDataPut      0x0000546d    0x30  Code  Gb  usb.o [5]
USBEndpointDataSend     0x000054a3    0x2c  Code  Gb  usb.o [5]
USBEndpointPacketCountSet
                        0x000054f9     0xe  Code  Gb  usb.o [5]
USBEndpointStatus       0x000051bd     0xe  Code  Gb  usb.o [5]
USBFIFOAddrGet          0x000054cf     0x8  Code  Gb  usb.o [5]
USBFIFOConfigSet        0x0000531f    0x3c  Code  Gb  usb.o [5]
USBHostResume           0x0000512b    0x14  Code  Gb  usb.o [5]
USBIndexWrite           0x00005111    0x1a  Code  Lc  usb.o [5]
USBIntEnableControl     0x0000513f    0x26  Code  Gb  usb.o [5]
USBIntEnableEndpoint    0x00005195    0x1a  Code  Gb  usb.o [5]
USBIntStatusControl     0x00005165    0x30  Code  Gb  usb.o [5]
USBIntStatusEndpoint    0x000051af     0x6  Code  Gb  usb.o [5]
USBLibDMAInit           0x000058b5    0x84  Code  Gb  usbdma.o [9]
USBRingBufAdvanceRead   0x00003aff    0x1e  Code  Gb  usbringbuf.o [9]
USBRingBufAdvanceWrite  0x00003b1d    0x36  Code  Gb  usbringbuf.o [9]
USBRingBufContigFree    0x00003ab1    0x1c  Code  Gb  usbringbuf.o [9]
USBRingBufContigUsed    0x00003a9f    0x12  Code  Gb  usbringbuf.o [9]
USBRingBufFlush         0x00003a63    0x1a  Code  Gb  usbringbuf.o [9]
USBRingBufFree          0x00003a91     0xe  Code  Gb  usbringbuf.o [9]
USBRingBufInit          0x00003b7d     0xc  Code  Gb  usbringbuf.o [9]
USBRingBufRead          0x00003ae3    0x1c  Code  Gb  usbringbuf.o [9]
USBRingBufReadOne       0x00003acd    0x16  Code  Gb  usbringbuf.o [9]
USBRingBufUsed          0x00003a7d    0x14  Code  Gb  usbringbuf.o [9]
USBRingBufWrite         0x00003b61    0x1c  Code  Gb  usbringbuf.o [9]
USBRingBufWriteOne      0x00003b53     0xe  Code  Gb  usbringbuf.o [9]
USBStackModeSet         0x00006b91    0x18  Code  Gb  usbmode.o [9]
USBUARTIntHandler       0x00006717    0x64  Code  Gb  usb_dev_serial.o [1]
USBUARTPrimeTransmit    0x000066c3    0x54  Code  Lc  usb_dev_serial.o [1]
UpdateIndexAtomic       0x00003a37    0x2c  Code  Lc  usbringbuf.o [9]
_GetintSmall            0x00003251   0x230  Code  Lc  xscanfsmall.o [3]
_GetstrSmall            0x00003191    0xc0  Code  Lc  xscanfsmall.o [3]
_SScin                  0x00001df3    0x1e  Code  Gb  xsscin.o [3]
_ScanfSmall             0x00002f95   0x1f6  Code  Gb  xscanfsmall.o [3]
__aeabi_assert          0x000022b3    0x4a  Code  Gb  xassert.o [3]
__aeabi_atexit          0x00001225     0xa  Code  Gb  cxxabi.o [4]
__aeabi_d2f             0x000041e1          Code  Gb  DblToFlt.o [6]
__aeabi_ddiv            0x00003f99          Code  Gb  DblDiv.o [6]
__aeabi_dmul            0x00003df5          Code  Gb  DblMul.o [6]
__aeabi_errno_addr      0x00004321     0x6  Code  Gb  errno.o [3]
__aeabi_i2d             0x00003dc9          Code  Gb  I32ToDbl.o [6]
__aeabi_memcpy          0x000024b1          Code  Gb  ABImemcpy.o [7]
__aeabi_memcpy4         0x000024d1          Code  Gb  ABImemcpy.o [7]
__aeabi_memcpy8         0x000024d1          Code  Gb  ABImemcpy.o [7]
__aeabi_memset          0x000039d1          Code  Gb  ABImemset.o [7]
__aeabi_vec_ctor_nocookie_nodtor
                        0x000011e5    0x22  Code  Gb  cxxabi.o [4]
__aeabi_vec_dtor        0x00001207    0x1e  Code  Gb  cxxabi.o [4]
__call_ctors            0x00002529    0x18  Code  Gb  cppinit.o [3]
__call_dtors            0x0000257b     0x2  Code  Gb  cppinit.o [3]
__cexit_call_dtors      0x00006f83          Code  Gb  cexit.o [7]
__cmain                 0x00006f61          Code  Gb  cmain.o [7]
__cstart_call_dtors     0x00007158          Data  Gb  cstart_call_dtors.o [7]
__cxa_atexit            0x00002541    0x3a  Code  Gb  cppinit.o [3]
__cxa_finalize          0x0000257d    0x38  Code  Gb  cppinit.o [3]
__dso_handle            0x20004b0c     0x4  Data  Gb  cppinit.o [3]
__dwrite                0x00004715    0x1e  Code  Gb  dwrite.o [8]
__exit                  0x0000430d    0x14  Code  Gb  exit.o [8]
__iar_EmptyStepPoint    0x000022b1     0x2  Code  Gb  xassert.o [3]
__iar_Errno             0x20004b10     0x4  Data  Gb  errno.o [3]
__iar_FDnorm            0x0000473d    0x26  Code  Gb  xfdnorm.o [6]
__iar_FDscale           0x0000464d    0xc8  Code  Gb  xfdscale.o [6]
__iar_FExp              0x00004385   0x1ea  Code  Gb  xfexp.o [6]
__iar_Memchr            0x0000432d          Code  Gb  memchr.o [7]
__iar_Memset            0x000039d1          Code  Gb  ABImemset.o [7]
__iar_Memset_word       0x000039d9          Code  Gb  ABImemset.o [7]
__iar_ReportAssert      0x00003917    0x50  Code  Gb  xreportassert.o [3]
__iar_Stolx             0x00003baf    0x86  Code  Gb  xstol.o [3]
__iar_Stoul             0x00003d53     0x4  Code  Gb  xstoul.o [3]
__iar_Stoulx            0x00003c35   0x118  Code  Gb  xstoul.o [3]
__iar_Strchr            0x00003b99          Code  Gb  strchr.o [7]
__iar_Strstr            0x00002f69    0x2c  Code  Gb  strstr.o [3]
__iar_close_ttio        0x000045dd    0x2e  Code  Gb  iarttio.o [8]
__iar_copy_init3        0x0000123b    0x2e  Code  Gb  copy_init3.o [7]
__iar_cstart_call_ctors
                        0x00006ef9    0x20  Code  Gb  cmain_call_ctors.o [7]
__iar_data_init3        0x00006dd9    0x28  Code  Gb  data_init3.o [7]
__iar_dlib_perthread_access
                        0x00004649     0x2  Code  Gb  xtls.o [3]
__iar_get_ttio          0x0000460d    0x38  Code  Gb  iarttio.o [8]
__iar_init_vfp          0x00006f45          Code  Gb  fpinit_M.o [6]
__iar_lookup_ttioh      0x00004735     0x8  Code  Gb  XShttio.o [3]
__iar_program_start     0x00006f37          Code  Gb  cstartup_M.o [7]
__iar_sh_stdout         0x00004763    0x20  Code  Gb  iarwstd.o [8]
__iar_sh_write          0x00004783    0x22  Code  Gb  iarwrite.o [8]
__iar_strcmp            0x00001c25          Code  Gb  strcmp.o [7]
__iar_ttio_handles      0x200000b4     0x8  Data  Lc  XShttio.o [3]
__iar_ui2d              0x00003ddd          Code  Gb  I32ToDbl.o [6]
__iar_zero_init3        0x00001a73    0x22  Code  Gb  zero_init3.o [7]
__low_level_init        0x00006f77     0x4  Code  Gb  low_level_init.o [3]
__sti__routine          0x0000026d    0x18  Code  Lc  interpret.o [1]
__vector_table          0x00000000   0x26c  Data  Gb  startup_ewarm.o [1]
__write                 0x000045cb    0x10  Code  Gb  write.o [8]
_call_main              0x00006f6d          Code  Gb  cmain.o [7]
_exit                   0x00006f81          Code  Gb  cexit.o [7]
_main                   0x00006f73          Code  Gb  cmain.o [7]
abort                   0x000039a1     0x6  Code  Gb  abort.o [3]
accel::_initUnitCurve(int)
                        0x0000358d    0x7e  Code  Gb  accel.o [1]
accel::_scaleYAxisToClockTicks()
                        0x00003677    0x3c  Code  Gb  accel.o [1]
accel::_scaleYAxisToFrequency()
                        0x00003621    0x56  Code  Gb  accel.o [1]
accel::accel()          0x0000349d    0x48  Code  Gb  accel.o [1]
accel::accelTime()      0x00003719     0x6  Code  Gb  stepper.o [1]
accel::accelTime(unsigned int)
                        0x00003dc1     0x6  Code  Gb  stepper.o [1]
accel::clockTicksToCurveIndex(unsigned int)
                        0x00003da9    0x18  Code  Gb  stepper.o [1]
accel::clockTicksToCurveIndexReverse(unsigned int)
                        0x000042c1    0x18  Code  Gb  stepper.o [1]
accel::clockTicksToMicroSec(unsigned int)
                        0x00003771    0x1a  Code  Gb  stepper.o [1]
accel::curveIndexToClockTicks(unsigned int)
                        0x00003767     0xa  Code  Gb  stepper.o [1]
accel::fmax()           0x00003791     0x6  Code  Gb  stepper.o [1]
accel::fmin()           0x0000378b     0x6  Code  Gb  stepper.o [1]
accel::freqCloseToStop(unsigned int)
                        0x00003895    0x12  Code  Gb  stepper.o [1]
accel::freqFromClockTicks(unsigned int)
                        0x0000386b    0x2a  Code  Gb  stepper.o [1]
accel::freqFromTime(unsigned int)
                        0x00003797    0x16  Code  Gb  stepper.o [1]
accel::frequency(unsigned int, unsigned int)
                        0x000036b3    0x34  Code  Gb  accel.o [1]
accel::initAccelTime(unsigned int)
                        0x0000371f    0x22  Code  Gb  stepper.o [1]
accel::microSecToCurveIndex(unsigned int)
                        0x00003741    0x26  Code  Gb  stepper.o [1]
accel::microSecToCurveIndexReverse(unsigned int)
                        0x000045a1    0x2a  Code  Gb  stepper.o [1]
accel::stepsToTime(unsigned int)
                        0x0000352f    0x5e  Code  Gb  accel.o [1]
accel::timeToSteps(unsigned int)
                        0x000034e5    0x4a  Code  Gb  accel.o [1]
accel::updateClockPeriod()
                        0x000037e9    0x30  Code  Gb  stepper.o [1]
accel::updateClockPeriodReverse()
                        0x00003835    0x30  Code  Gb  stepper.o [1]
accel::~accel()         0x00006cc3     0x2  Code  Gb  interpret.o [1]
bufferInput             0x000004af   0x20a  Code  Gb  interpret.o [1]
delay                   0x00001ab9    0x1c  Code  Gb  main.o [1]
digits                  0x00003d58    0x28  Data  Lc  xstoul.o [3]
enable                  0x00001ad5     0xe  Code  Gb  main.o [1]
errMsg()                0x000002d7    0x1a  Code  Gb  interpret.o [1]
exit                    0x00006f7b     0x4  Code  Gb  exit.o [3]
expf                    0x00004271    0x4c  Code  Gb  expf.o [6]
flashLED                0x00001b03     0x2  Code  Gb  main.o [1]
g_bSendingBreak         0x20004b18     0x1  Data  Lc  usb_dev_serial.o [1]
g_bUSBConfigured        0x20004b19     0x1  Data  Lc  usb_dev_serial.o [1]
g_bUSBTimerInitialized  0x2000497c     0x1  Data  Gb  usbtick.o [9]
g_eOTGModeState         0x20000091     0x1  Data  Gb  usbmode.o [9]
g_iDualMode             0x20000092     0x1  Data  Lc  usbmode.o [9]
g_iUSBMode              0x20000090     0x1  Data  Gb  usbmode.o [9]
g_pCDCCompSerConfigDescriptors
                        0x000065f0     0x4  Data  Gb  usbdcdc.o [9]
g_pcStatus              0x20004b00     0x4  Data  Gb  usb_dev_serial.o [1]
g_pfnTickHandlers       0x20004980    0x18  Data  Gb  usbtick.o [9]
g_pfnUSBModeCallback    0x2000009c     0x4  Data  Lc  usbmode.o [9]
g_ppCDCSerConfigDescriptors
                        0x000065ec     0x4  Data  Gb  usbdcdc.o [9]
g_ppsDevInfo            0x20004934     0x4  Data  Gb  usbdenum.o [9]
g_ppui8StringDescriptors
                        0x00006fac    0x18  Data  Gb  usb_serial_structs.o [1]
g_psCDCCompSerSections  0x20000080    0x10  Data  Gb  usbdcdc.o [9]
g_psCDCSerSections      0x200000a0     0xc  Data  Gb  usbdcdc.o [9]
g_psDCDInst             0x200048ec    0x48  Data  Gb  usbdenum.o [9]
g_psUSBDMAInst          0x20004470   0x110  Data  Lc  usbdma.o [9]
g_psUSBDStdRequests     0x000050dc    0x34  Data  Lc  usbdenum.o [9]
g_pui32Dii16Regs        0x00002f54    0x14  Data  Lc  interrupt.o [5]
g_pui32EnRegs           0x00002f40    0x14  Data  Lc  interrupt.o [5]
g_pui32Regs             0x00002ea4    0x9c  Data  Lc  interrupt.o [5]
g_pui8CDCSerCommInterface
                        0x00006bbc    0x24  Data  Gb  usbdcdc.o [9]
g_pui8CDCSerDataInterface
                        0x00006be8    0x18  Data  Gb  usbdcdc.o [9]
g_pui8CDCSerDescriptor  0x20000060     0xc  Data  Gb  usbdcdc.o [9]
g_pui8CDCSerDeviceDescriptor
                        0x2000006c    0x14  Data  Gb  usbdcdc.o [9]
g_pui8ConfigString      0x00006cc4    0x38  Data  Gb  usb_serial_structs.o [1]
g_pui8ControlInterfaceString
                        0x00006d84    0x2c  Data  Gb  usb_serial_structs.o [1]
g_pui8DataBufferIn      0x2000493c    0x40  Data  Lc  usbdenum.o [9]
g_pui8IADSerDescriptor  0x200000ac     0x8  Data  Gb  usbdcdc.o [9]
g_pui8LangDescriptor    0x00007150     0x4  Data  Gb  usb_serial_structs.o [1]
g_pui8ManufacturerString
                        0x00006e00    0x24  Data  Gb  usb_serial_structs.o [1]
g_pui8ProductString     0x00006e24    0x24  Data  Gb  usb_serial_structs.o [1]
g_pui8RxBufferWorkspace
                        0x200049f4    0x18  Data  Gb  usb_serial_structs.o [1]
g_pui8SerialNumberString
                        0x00006ff0    0x14  Data  Gb  usb_serial_structs.o [1]
g_pui8TxBufferWorkspace
                        0x20004a0c    0x18  Data  Gb  usb_serial_structs.o [1]
g_pui8USBRxBuffer       0x20004688   0x100  Data  Gb  usb_serial_structs.o [1]
g_pui8USBTxBuffer       0x20004788   0x100  Data  Gb  usb_serial_structs.o [1]
g_pvTickInstance        0x20004998    0x18  Data  Gb  usbtick.o [9]
g_sCDCCompSerConfigHeader
                        0x00006c10     0x8  Data  Gb  usbdcdc.o [9]
g_sCDCDevice            0x20000000    0x60  Data  Gb  usb_serial_structs.o [1]
g_sCDCHandlers          0x000065f4    0x30  Data  Gb  usbdcdc.o [9]
g_sCDCSerCommInterfaceSection
                        0x00006be0     0x8  Data  Gb  usbdcdc.o [9]
g_sCDCSerConfigHeader   0x00006c08     0x8  Data  Gb  usbdcdc.o [9]
g_sCDCSerConfigSection  0x00006bac     0x8  Data  Gb  usbdcdc.o [9]
g_sCDCSerDataInterfaceSection
                        0x00006c00     0x8  Data  Gb  usbdcdc.o [9]
g_sIADSerConfigSection  0x00006bb4     0x8  Data  Gb  usbdcdc.o [9]
g_sRxBuffer             0x00006e48    0x24  Data  Gb  usb_serial_structs.o [1]
g_sTxBuffer             0x00006e6c    0x24  Data  Gb  usb_serial_structs.o [1]
g_ui32CurrentUSBTick    0x200049b0     0x4  Data  Gb  usbtick.o [9]
g_ui32Flags             0x20004afc     0x4  Data  Gb  usb_dev_serial.o [1]
g_ui32PollRate          0x20000094     0x4  Data  Gb  usbmode.o [9]
g_ui32UARTRxCount       0x20004af8     0x4  Data  Gb  usb_dev_serial.o [1]
g_ui32UARTTxCount       0x20004af4     0x4  Data  Gb  usb_dev_serial.o [1]
g_ui32USBSOFCount       0x20004b04     0x4  Data  Gb  usbtick.o [9]
g_ui32WaitTicks         0x20000098     0x4  Data  Gb  usbmode.o [9]
heapSTRUCT_SIZE         0x0000237a     0x2  Data  Lc  heap_2.o [1]
intToNodeType(int)      0x0000044d    0x62  Code  Gb  interpret.o [1]
interpret::_cleanUpEvaluationStack(unsigned int)
                        0x00000b8d    0x34  Code  Gb  interpret.o [1]
interpret::_cleanUpSymbolTable()
                        0x00000bc1    0x28  Code  Gb  interpret.o [1]
interpret::_currentProgramNodeLevel() const
                        0x0000240d    0x16  Code  Gb  interpret.o [1]
interpret::_currentProgramNodeType() const
                        0x00002301    0x16  Code  Gb  interpret.o [1]
interpret::_currentProgramNodeValue() const
                        0x00002317    0x16  Code  Gb  interpret.o [1]
interpret::_evalValue()
                        0x0000237d    0x3c  Code  Gb  interpret.o [1]
interpret::_evalValue()::string
                        0x00006eb8    0x20  Data  Gb  interpret.o [1]
interpret::_evalValue()::string (instance 2)
                        0x00006d2c    0x2c  Data  Gb  interpret.o [1]
interpret::_evalValuePeek() const
                        0x00002423     0xe  Code  Gb  interpret.o [1]
interpret::_findFirstAvailableNodeInSymbolTable()
                        0x000010f1    0x7e  Code  Gb  interpret.o [1]
interpret::_findFirstParseTreeEntry(parseTreeEntry const &, unsigned int)
                        0x00000be9    0x74  Code  Gb  interpret.o [1]
interpret::_getLastSymbolTableIndex()
                        0x00002459    0x16  Code  Gb  interpret.o [1]
interpret::_programNodeType(unsigned int) const
                        0x00002473    0x14  Code  Gb  interpret.o [1]
interpret::_pushTemporarySymbolOnEvaluationStack(unsigned int)
                        0x00001069    0x82  Code  Gb  interpret.o [1]
interpret::_resetSymbolTableTemporaryBoundary()
                        0x00002403     0xa  Code  Gb  interpret.o [1]
interpret::_returnSymbolToAvailablePool(unsigned int)
                        0x000023b9    0x26  Code  Gb  interpret.o [1]
interpret::_updateProgramIndex(nodeType, int)
                        0x00000b2f    0x5e  Code  Gb  interpret.o [1]
interpret::appendToProgram(parseTreeEntry const &)
                        0x00000719    0x2e  Code  Gb  interpret.o [1]
interpret::appendToSymbolTable(symbolTableEntry const &)
                        0x00000747    0x2e  Code  Gb  interpret.o [1]
interpret::evaluateOperator(unsigned int)
                        0x00000d05   0x348  Code  Gb  interpret.o [1]
interpret::getLowWaterMarkForTemporarySymbolSearch() const
                        0x000024ab     0x6  Code  Gb  interpret.o [1]
interpret::getStepper()
                        0x00001235     0x6  Code  Gb  interpret.o [1]
interpret::interpret()  0x000006b9    0x60  Code  Gb  interpret.o [1]
interpret::run()        0x00000775   0x3ba  Code  Gb  interpret.o [1]
interpret::setLowWaterMarkForTemporarySymbolSearch()
                        0x00001dd9     0xc  Code  Gb  interpret.o [1]
interpret::symbolFromIndex(int)
                        0x0000248f    0x1c  Code  Gb  interpret.o [1]
interpret::symbolTableIndexMorph(int)
                        0x00000c5d    0x70  Code  Gb  interpret.o [1]
interpret::~interpret()
                        0x00006c61    0x44  Code  Gb  interpret.o [1]
interpretRun            0x00000285    0x38  Code  Gb  interpret.o [1]
interpreter             0x20002fb0  0x14c0  Data  Gb  interpret.o [1]
interpreterRunBool      0x20004b15     0x1  Data  Lc  interpret.o [1]
led::Off()              0x000038d5    0x1c  Code  Gb  interpret.o [1]
led::On()               0x000038b9    0x1c  Code  Gb  interpret.o [1]
led::_enable            0x20004b14     0x1  Data  Gb  interpret.o [1]
led::enable()           0x000042d9     0xc  Code  Gb  interpret.o [1]
led::enable(bool)       0x00001269     0xc  Code  Gb  interpret.o [1]
led::led(bool)          0x0000227d    0x1e  Code  Gb  interpret.o [1]
led::set(unsigned int)  0x000023e9    0x1a  Code  Gb  interpret.o [1]
led::~led()             0x00006ca5     0xe  Code  Gb  interpret.o [1]
localAssert             0x00001a95    0x12  Code  Gb  main.o [1]
main                    0x00006a2b   0x106  Code  Gb  usb_dev_serial.o [1]
mainA                   0x00001b4b    0x1a  Code  Gb  main.o [1]
memchr                  0x0000432d          Code  Gb  memchr.o [7]
memcmp                  0x0000285d          Code  Gb  memcmp.o [7]
memset                  0x00002a0d    0x16  Code  Gb  tasks.o [1]
motorStep               0x00001ae3    0x20  Code  Gb  main.o [1]
ndigs                   0x00003d80    0x28  Data  Lc  xstoul.o [3]
next_abi_dtor_rec       0x20004b08     0x4  Data  Lc  cppinit.o [3]
out                     0x00003901    0x16  Code  Lc  xreportassert.o [3]
parseTreeEntry::level() const
                        0x00002487     0x4  Code  Gb  parseTreeEntry.o [1]
parseTreeEntry::level(unsigned int)
                        0x00001d65     0x4  Code  Gb  parseTreeEntry.o [1]
parseTreeEntry::operator =(const parseTreeEntry&)
                        0x00001d1b    0x4a  Code  Gb  parseTreeEntry.o [1]
parseTreeEntry::parseTreeEntry()
                        0x00001d0d     0x6  Code  Gb  parseTreeEntry.o [1]
parseTreeEntry::parseTreeEntry(nodeType, int, unsigned int)
                        0x00001d13     0x8  Code  Gb  parseTreeEntry.o [1]
parseTreeEntry::position() const
                        0x00003499     0x4  Code  Gb  parseTreeEntry.o [1]
parseTreeEntry::position(nodePosition)
                        0x00001d69     0x4  Code  Gb  parseTreeEntry.o [1]
parseTreeEntry::type() const
                        0x000022fd     0x4  Code  Gb  parseTreeEntry.o [1]
parseTreeEntry::type(nodeType)
                        0x00001d71     0x4  Code  Gb  parseTreeEntry.o [1]
parseTreeEntry::value() const
                        0x0000248b     0x4  Code  Gb  parseTreeEntry.o [1]
parseTreeEntry::value(int)
                        0x00001d6d     0x4  Code  Gb  parseTreeEntry.o [1]
parseTreeEntry::~parseTreeEntry()
                        0x00001d75     0x2  Code  Gb  interpret.o [1]
postMsg(bool)           0x000002f1    0x16  Code  Gb  interpret.o [1]
prvAddCurrentTaskToDelayedList
                        0x0000191d    0x3e  Code  Lc  tasks.o [1]
prvAllocateTCBAndStack  0x00001969    0x46  Code  Lc  tasks.o [1]
prvCheckTasksWaitingTermination
                        0x000018b5    0x5c  Code  Lc  tasks.o [1]
prvDeleteTCB            0x000019e7    0x12  Code  Lc  tasks.o [1]
prvHeapInit             0x000029c7    0x2e  Code  Lc  heap_2.o [1]
prvIdleTask             0x00001801     0x8  Code  Lc  tasks.o [1]
prvInitialiseTCBVariables
                        0x00001809    0x60  Code  Lc  tasks.o [1]
prvInitialiseTaskLists  0x00001869    0x46  Code  Lc  tasks.o [1]
prvTaskCheckFreeStackSpace
                        0x000019af    0x18  Code  Lc  tasks.o [1]
pui32Stack              0x20004b1c   0x400  Data  Lc  startup_ewarm.o [1]
putchar                 0x000042e5    0x28  Code  Gb  putchar.o [3]
pvPortMalloc            0x000028c1    0xc2  Code  Gb  heap_2.o [1]
pxCurrentTCB            0x20004ac0     0x4  Data  Gb  tasks.o [1]
pxDelayedTaskList       0x20004ac4     0x4  Data  Lc  tasks.o [1]
pxOverflowDelayedTaskList
                        0x20004ac8     0x4  Data  Lc  tasks.o [1]
pxPortInitialiseStack   0x000025c1    0x22  Code  Gb  port.o [1]
pxReadyTasksLists       0x20004888    0x64  Data  Lc  tasks.o [1]
sp                      0x20004abc     0x4  Data  Gb  stepper.o [1]
sscanf                  0x00001ce9    0x24  Code  Gb  sscanf.o [3]
stepper::_timer()       0x00003865     0x6  Code  Gb  stepper.o [1]
stepper::_timer(unsigned long)
                        0x00003819    0x1c  Code  Gb  stepper.o [1]
stepper::_timerStart(bool)
                        0x00002209    0x4e  Code  Gb  stepper.o [1]
stepper::directionPositive(bool)
                        0x000036e9    0x30  Code  Gb  stepper.o [1]
stepper::enable()       0x000038a7    0x12  Code  Gb  stepper.o [1]
stepper::isr()          0x00002009   0x200  Code  Gb  stepper.o [1]
stepper::moveAbsolute(int)
                        0x00001e9f   0x156  Code  Gb  stepper.o [1]
stepper::moveRelative(int)
                        0x00001ff5    0x14  Code  Gb  stepper.o [1]
stepper::step()         0x000037ad    0x3c  Code  Gb  stepper.o [1]
stepper::stepper()      0x00001e39    0x26  Code  Gb  stepper.o [1]
stepper::~stepper()     0x00006cb3     0xe  Code  Gb  interpret.o [1]
stepperISR              0x00001e11    0x28  Code  Gb  stepper.o [1]
stepper_init            0x00001e5f    0x40  Code  Gb  stepper.o [1]
stmtNestingLevel        0x20004aa0     0x4  Data  Lc  interpret.o [1]
stmtPosition            0x200049b4    0x20  Data  Lc  interpret.o [1]
stmtType                0x200049d4    0x20  Data  Lc  interpret.o [1]
stmtValue               0x20004aa4     0x4  Data  Lc  interpret.o [1]
strchr                  0x00003b99          Code  Gb  strchr.o [7]
strcmp                  0x00001c25          Code  Gb  strcmp.o [7]
stringToNodePosition(char const *)
                        0x00000307    0x2c  Code  Gb  interpret.o [1]
stringToNodeType(char const *)
                        0x00000333   0x114  Code  Gb  interpret.o [1]
strlen                  0x00001a3d          Code  Gb  strlen.o [7]
strstr(char const *, char const *)
                        0x00001cd9    0x10  Code  Gb  interpret.o [1]
successMsg()            0x000002bd    0x1a  Code  Gb  interpret.o [1]
symbFcnLink             0x20004ab0     0x4  Data  Lc  interpret.o [1]
symbType                0x20004aa8     0x4  Data  Lc  interpret.o [1]
symbValue               0x20004aac     0x4  Data  Lc  interpret.o [1]
symbolTableEntry::dumpEntry()
                        0x00001dc9     0x2  Code  Gb  symbolTableEntry.o [1]
symbolTableEntry::fcnLink() const
                        0x000023e5     0x4  Code  Gb  symbolTableEntry.o [1]
symbolTableEntry::fcnLink(int)
                        0x00001dd3     0x4  Code  Gb  symbolTableEntry.o [1]
symbolTableEntry::operator =(const symbolTableEntry&)
                        0x00001d8f    0x3a  Code  Gb  symbolTableEntry.o [1]
symbolTableEntry::symbolTableEntry()
                        0x00001d77     0xe  Code  Gb  symbolTableEntry.o [1]
symbolTableEntry::symbolTableEntry(nodeType, int)
                        0x00001d85     0xa  Code  Gb  symbolTableEntry.o [1]
symbolTableEntry::type() const
                        0x0000246f     0x4  Code  Gb  symbolTableEntry.o [1]
symbolTableEntry::type(nodeType)
                        0x00001dcb     0x4  Code  Gb  symbolTableEntry.o [1]
symbolTableEntry::value() const
                        0x00002367     0x4  Code  Gb  symbolTableEntry.o [1]
symbolTableEntry::value(int)
                        0x00001dcf     0x4  Code  Gb  symbolTableEntry.o [1]
symbolTableEntry::~symbolTableEntry()
                        0x00001dd7     0x2  Code  Gb  interpret.o [1]
tinyQueue<int>::empty() const
                        0x0000229b    0x16  Code  Gb  interpret.o [1]
tinyQueue<int>::front() const
                        0x00002371     0xa  Code  Gb  interpret.o [1]
tinyQueue<int>::peekAtIndex(unsigned int) const
                        0x00002361     0x6  Code  Gb  interpret.o [1]
tinyQueue<int>::pop_front()
                        0x00002431    0x28  Code  Gb  interpret.o [1]
tinyQueue<int>::push_front(int)
                        0x0000232d    0x34  Code  Gb  interpret.o [1]
tinyQueue<int>::size() const
                        0x000038f1    0x10  Code  Gb  interpret.o [1]
tinyQueue<int>::spaceAvail() const
                        0x000039a7    0x2a  Code  Gb  interpret.o [1]
tinyQueue<int>::stackFrameIndex() const
                        0x000023df     0x6  Code  Gb  interpret.o [1]
tinyQueue<int>::stackFrameIndex(unsigned int)
                        0x0000236b     0x6  Code  Gb  interpret.o [1]
tinyQueue<int>::tinyQueue()
                        0x00001de5     0xe  Code  Gb  interpret.o [1]
tinyQueue<int>::~tinyQueue()
                        0x00006cc1     0x2  Code  Gb  interpret.o [1]
tinyQueue<unsigned char>::clear()
                        0x00001ccb     0xc  Code  Gb  interpret.o [1]
tinyQueue<unsigned char>::getBuffer()
                        0x00001cd7     0x2  Code  Gb  interpret.o [1]
tinyQueue<unsigned char>::push(unsigned char)
                        0x00001c71    0x30  Code  Gb  interpret.o [1]
tinyQueue<unsigned char>::spaceAvail() const
                        0x00001ca1    0x2a  Code  Gb  interpret.o [1]
tinyQueue<unsigned char>::tinyQueue(int)
                        0x00001c67     0xa  Code  Gb  interpret.o [1]
tinyQueue<unsigned char>::~tinyQueue()
                        0x00002527     0x2  Code  Gb  interpret.o [1]
uDMAChannelAttributeDisable
                        0x00005d85    0x26  Code  Gb  udma.o [5]
uDMAChannelControlSet   0x00005dab    0x18  Code  Gb  udma.o [5]
uDMAChannelDisable      0x00005d75    0x10  Code  Gb  udma.o [5]
uDMAChannelEnable       0x00005d65    0x10  Code  Gb  udma.o [5]
uDMAChannelModeGet      0x00005e41    0x28  Code  Gb  udma.o [5]
uDMAChannelTransferSet  0x00005dc3    0x7e  Code  Gb  udma.o [5]
uDMAUSBArbSizeSet       0x00005849    0x60  Code  Lc  usbdma.o [9]
uDMAUSBChannelAllocate  0x000056ff    0xa6  Code  Lc  usbdma.o [9]
uDMAUSBChannelDisable   0x000055e7    0x46  Code  Lc  usbdma.o [9]
uDMAUSBChannelEnable    0x00005595    0x52  Code  Lc  usbdma.o [9]
uDMAUSBChannelIntDisable
                        0x0000563b     0x2  Code  Lc  usbdma.o [9]
uDMAUSBChannelIntEnable
                        0x00005639     0x2  Code  Lc  usbdma.o [9]
uDMAUSBChannelRelease   0x000057a5    0x5a  Code  Lc  usbdma.o [9]
uDMAUSBChannelStatus    0x00005509    0x24  Code  Lc  usbdma.o [9]
uDMAUSBIntStatus        0x0000552d    0x2a  Code  Lc  usbdma.o [9]
uDMAUSBTransfer         0x0000563d    0xa6  Code  Lc  usbdma.o [9]
uDMAUSBUnitSizeSet      0x000057ff    0x4a  Code  Lc  usbdma.o [9]
ucHeap                  0x200000d0  0x2ee0  Data  Lc  heap_2.o [1]
ucMaxSysCallPriority    0x20004b17     0x1  Data  Lc  port.o [1]
ulMaxPRIGROUPValue      0x20004ab8     0x4  Data  Lc  port.o [1]
ulPortSetInterruptMask  0x00002807          Code  Gb  portasm.o [1]
uxCriticalNesting       0x200000c8     0x4  Data  Lc  port.o [1]
uxCurrentNumberOfTasks  0x20004ad0     0x4  Data  Lc  tasks.o [1]
uxListRemove            0x00002793    0x2a  Code  Gb  list.o [1]
uxPendedTicks           0x20004ae4     0x4  Data  Lc  tasks.o [1]
uxSchedulerSuspended    0x20004ae0     0x4  Data  Lc  tasks.o [1]
uxTaskGetStackHighWaterMark
                        0x000019c7    0x20  Code  Gb  tasks.o [1]
uxTaskNumber            0x20004af0     0x4  Data  Lc  tasks.o [1]
uxTasksDeleted          0x20004acc     0x4  Data  Lc  tasks.o [1]
uxTopReadyPriority      0x20004ad8     0x4  Data  Lc  tasks.o [1]
vApplicationStackOverflowHook
                        0x00001c23     0x2  Code  Gb  main.o [1]
vApplicationTickHook    0x00001c21     0x2  Code  Gb  main.o [1]
vIdleTask               0x00001b89    0x28  Code  Lc  main.o [1]
vInterpretTask          0x00001bd5    0x1a  Code  Lc  main.o [1]
vListInitialise         0x00002719    0x1e  Code  Gb  list.o [1]
vListInitialiseItem     0x00002737     0x6  Code  Gb  list.o [1]
vListInsert             0x00002757    0x3c  Code  Gb  list.o [1]
vListInsertEnd          0x0000273d    0x1a  Code  Gb  list.o [1]
vPortClearInterruptMask
                        0x00002815          Code  Gb  portasm.o [1]
vPortEnableVFP          0x00002841          Code  Gb  portasm.o [1]
vPortEnterCritical      0x0000268d    0x1a  Code  Gb  port.o [1]
vPortExitCritical       0x000026a7    0x1c  Code  Gb  port.o [1]
vPortFree               0x00002983    0x44  Code  Gb  heap_2.o [1]
vPortSVCHandler         0x0000281b          Code  Gb  portasm.o [1]
vPortSetupTimerInterrupt
                        0x000026e3    0x10  Code  Wk  port.o [1]
vPortStartFirstTask     0x00002833          Code  Gb  portasm.o [1]
vPortYield              0x0000267b    0x12  Code  Gb  port.o [1]
vSetupHighFrequencyTimer
                        0x00001b05    0x46  Code  Gb  main.o [1]
vStartIdleTask          0x00001b65    0x22  Code  Gb  main.o [1]
vStartInterpretTask     0x00001bb1    0x24  Code  Gb  main.o [1]
vTaskDelay              0x0000143d    0x3c  Code  Gb  tasks.o [1]
vTaskDelayUntil         0x000013bd    0x80  Code  Gb  tasks.o [1]
vTaskStartScheduler     0x00001479    0x4c  Code  Gb  tasks.o [1]
vTaskSuspendAll         0x000014c5    0x10  Code  Gb  tasks.o [1]
vTaskSwitchContext      0x00001739    0xc6  Code  Gb  tasks.o [1]
xDelayedTaskList1       0x20004a24    0x14  Data  Lc  tasks.o [1]
xDelayedTaskList2       0x20004a38    0x14  Data  Lc  tasks.o [1]
xEnd                    0x20004a90     0x8  Data  Lc  heap_2.o [1]
xFreeBytesRemaining     0x200000bc     0x4  Data  Lc  heap_2.o [1]
xNextTaskUnblockTime    0x200000cc     0x4  Data  Lc  tasks.o [1]
xNumOfOverflows         0x20004aec     0x4  Data  Lc  tasks.o [1]
xPendingReadyList       0x20004a4c    0x14  Data  Lc  tasks.o [1]
xPortPendSVHandler      0x000027bd          Code  Gb  portasm.o [1]
xPortStartScheduler     0x000025e3    0x98  Code  Gb  port.o [1]
xPortSysTickHandler     0x000026c3    0x20  Code  Gb  port.o [1]
xSchedulerRunning       0x20004adc     0x4  Data  Lc  tasks.o [1]
xStart                  0x20004a88     0x8  Data  Lc  heap_2.o [1]
xSuspendedTaskList      0x20004a74    0x14  Data  Lc  tasks.o [1]
xTaskGenericCreate      0x00001275   0x148  Code  Gb  tasks.o [1]
xTaskGetTickCount       0x000015c3    0x16  Code  Gb  tasks.o [1]
xTaskIncrementTick      0x000015d9   0x160  Code  Gb  tasks.o [1]
xTaskResumeAll          0x000014d5    0xee  Code  Gb  tasks.o [1]
xTaskWakeTime           0x20004a9c     0x4  Data  Lc  interpret.o [1]
xTasksWaitingTermination
                        0x20004a60    0x14  Data  Lc  tasks.o [1]
xTickCount              0x20004ad4     0x4  Data  Lc  tasks.o [1]
xYieldPending           0x20004ae8     0x4  Data  Lc  tasks.o [1]


[1] = C:\dev\docs\scottdesign\motor\Debug\Obj
[2] = command line
[3] = dl7M_tln.a
[4] = dlpp7M_tl_ne.a
[5] = driverlib.a
[6] = m7M_tlv.a
[7] = rt7M_tl.a
[8] = shb_l.a
[9] = usblib.a

  27 256 bytes of readonly  code memory
   1 968 bytes of readonly  data memory
  20 682 bytes of readwrite data memory

Errors: none
Warnings: none
