###############################################################################
#                                                                             #
# IAR ELF Linker V6.40.1.53790/W32 for ARM              28/Sep/2013  13:42:04 #
# Copyright 2007-2012 IAR Systems AB.                                         #
#                                                                             #
#    Output file  =  C:\dev\docs\scottdesign\motor\Debug\Exe\motorTiva.out    #
#    Map file     =  C:\dev\docs\scottdesign\motor\Debug\List\motorTiva.map   #
#    Command line =  C:\dev\docs\scottdesign\motor\Debug\Obj\accel.o          #
#                    C:\dev\docs\scottdesign\motor\Debug\Obj\flashio.o        #
#                    C:\dev\docs\scottdesign\motor\Debug\Obj\heap_2.o         #
#                    C:\dev\docs\scottdesign\motor\Debug\Obj\interpret.o      #
#                    C:\dev\docs\scottdesign\motor\Debug\Obj\list.o           #
#                    C:\dev\docs\scottdesign\motor\Debug\Obj\main.o           #
#                    C:\dev\docs\scottdesign\motor\Debug\Obj\parseTreeEntry.o #
#                     C:\dev\docs\scottdesign\motor\Debug\Obj\port.o          #
#                    C:\dev\docs\scottdesign\motor\Debug\Obj\portasm.o        #
#                    C:\dev\docs\scottdesign\motor\Debug\Obj\queue.o          #
#                    C:\dev\docs\scottdesign\motor\Debug\Obj\startup_ewarm.o  #
#                    C:\dev\docs\scottdesign\motor\Debug\Obj\stepper.o        #
#                    C:\dev\docs\scottdesign\motor\Debug\Obj\symbolTableEntry #
#                    .o C:\dev\docs\scottdesign\motor\Debug\Obj\tasks.o       #
#                    C:\dev\docs\scottdesign\motor\Debug\Obj\uartstdio.o      #
#                    C:\dev\docs\scottdesign\motor\Debug\Obj\usb_dev_serial.o #
#                     C:\dev\docs\scottdesign\motor\Debug\Obj\usb_serial_stru #
#                    cts.o C:\dev\docs\scottdesign\motor\Debug\Obj\ustdlib.o  #
#                    C:\ti\TivaWare_C_Series-1.0\driverlib\ewarm\Exe\driverli #
#                    b.a C:\ti\TivaWare_C_Series-1.0\usblib\ewarm\Exe\usblib. #
#                    a --redirect _Printf=_PrintfTiny --redirect              #
#                    _Scanf=_ScanfSmall -o C:\dev\docs\scottdesign\motor\Debu #
#                    g\Exe\motorTiva.out --map C:\dev\docs\scottdesign\motor\ #
#                    Debug\List\motorTiva.map --config                        #
#                    C:\dev\docs\scottdesign\motor\motorTiva.icf              #
#                    --semihosting --entry __iar_program_start --vfe          #
#                                                                             #
#                                                                             #
###############################################################################

*******************************************************************************
*** RUNTIME MODEL ATTRIBUTES
***

CppFlavor                     = *
__CPP_Language                = EC++
__Heap_Handler                = Basic
__SystemLibrary               = DLib
__dlib_dynamic_initialization = normal


*******************************************************************************
*** PLACEMENT SUMMARY
***

"A1":  place at start of [0x00000000-0x0000ffff] { ro section .intvec };
"P1":  place in [from 0x00000000 to 0x0000ffff] { ro };
"P2":  place in [from 0x20000000 to 0x20005fff] { rw, block HEAP };

  Section             Kind        Address    Size  Object
  -------             ----        -------    ----  ------
"A1":                                       0x26c
  .intvec             const    0x00000000   0x26c  startup_ewarm.o [1]
                             - 0x0000026c   0x26c

"P1":                                      0x5f80
  .text               ro code  0x0000026c   0xa70  interpret.o [1]
  .text               ro code  0x00000cdc    0x50  cxxabi.o [4]
  .text               ro code  0x00000d2c     0x6  interpret.o [1]
  .text               ro code  0x00000d32    0x2e  copy_init3.o [7]
  .text               ro code  0x00000d60     0xc  interpret.o [1]
  .text               ro code  0x00000d6c   0x728  tasks.o [1]
  .text               ro code  0x00001494     0xe  interpret.o [1]
  .text               ro code  0x000014a2    0x22  zero_init3.o [7]
  .text               ro code  0x000014c4   0x414  stepper.o [1]
  .text               ro code  0x000018d8    0x1e  interpret.o [1]
  .text               ro code  0x000018f6    0x16  interpret.o [1]
  .text               ro code  0x0000190c    0x4c  xassert.o [3]
  .text               ro code  0x00001958     0x4  parseTreeEntry.o [1]
  .text               ro code  0x0000195c    0x16  interpret.o [1]
  .text               ro code  0x00001972    0x16  interpret.o [1]
  .text               ro code  0x00001988    0x34  interpret.o [1]
  .text               ro code  0x000019bc     0x6  interpret.o [1]
  .text               ro code  0x000019c2     0x4  symbolTableEntry.o [1]
  .text               ro code  0x000019c6     0x6  interpret.o [1]
  .text               ro code  0x000019cc     0xa  interpret.o [1]
  .rodata             const    0x000019d6     0x2  heap_2.o [1]
  .text               ro code  0x000019d8    0x3c  interpret.o [1]
  .text               ro code  0x00001a14    0x26  interpret.o [1]
  .text               ro code  0x00001a3a    0x54  symbolTableEntry.o [1]
  .text               ro code  0x00001a8e     0x2  interpret.o [1]
  .text               ro code  0x00001a90     0x6  interpret.o [1]
  .text               ro code  0x00001a96     0x4  symbolTableEntry.o [1]
  .text               ro code  0x00001a9a     0x4  symbolTableEntry.o [1]
  .text               ro code  0x00001a9e    0x1a  interpret.o [1]
  .text               ro code  0x00001ab8     0xa  interpret.o [1]
  .text               ro code  0x00001ac2    0x16  interpret.o [1]
  .text               ro code  0x00001ad8     0xe  parseTreeEntry.o [1]
  .text               ro code  0x00001ae6     0x2  interpret.o [1]
  .text               ro code  0x00001ae8     0xe  interpret.o [1]
  .text               ro code  0x00001af6     0x4  symbolTableEntry.o [1]
  .text               ro code  0x00001afa    0x28  interpret.o [1]
  .text               ro code  0x00001b22    0x16  interpret.o [1]
  .text               ro code  0x00001b38     0x4  symbolTableEntry.o [1]
  .text               ro code  0x00001b3c    0x14  interpret.o [1]
  .text               ro code  0x00001b50     0x4  parseTreeEntry.o [1]
  .text               ro code  0x00001b54     0x4  parseTreeEntry.o [1]
  .text               ro code  0x00001b58    0x1c  interpret.o [1]
  .text               ro code  0x00001b74     0x6  interpret.o [1]
  .text               ro code  0x00001b7c    0x76  ABImemcpy.o [7]
  .text               ro code  0x00001bf4    0x98  cppinit.o [3]
  .text               ro code  0x00001c8c    0xf0  port.o [1]
  .text               ro code  0x00001d7c    0xa4  list.o [1]
  CODE                ro code  0x00001e20    0xa0  portasm.o [1]
  .text               ro code  0x00001ec0   0x1a0  main.o [1]
  .text               ro code  0x00002060    0x62  memcmp.o [7]
  .text               ro code  0x000020c4   0x14c  heap_2.o [1]
  .text               ro code  0x00002210    0x16  tasks.o [1]
  .text               ro code  0x00002228   0x24a  accel.o [1]
  .text               ro code  0x00002474    0x30  stepper.o [1]
  .text               ro code  0x000024a4     0x6  stepper.o [1]
  .text               ro code  0x000024aa    0x22  stepper.o [1]
  .text               ro code  0x000024cc    0x26  stepper.o [1]
  .text               ro code  0x000024f2     0xa  stepper.o [1]
  .text               ro code  0x000024fc    0x1a  stepper.o [1]
  .text               ro code  0x00002516     0x6  stepper.o [1]
  .text               ro code  0x0000251c     0x6  stepper.o [1]
  .text               ro code  0x00002522    0x16  stepper.o [1]
  .text               ro code  0x00002538    0x3c  stepper.o [1]
  .text               ro code  0x00002574    0x30  stepper.o [1]
  .text               ro code  0x000025a4    0x1c  stepper.o [1]
  .text               ro code  0x000025c0    0x30  stepper.o [1]
  .text               ro code  0x000025f0     0x6  stepper.o [1]
  .text               ro code  0x000025f6    0x2a  stepper.o [1]
  .text               ro code  0x00002620    0x12  stepper.o [1]
  .text               ro code  0x00002632    0x12  stepper.o [1]
  .text               ro code  0x00002644    0x66  timer.o [5]
  .text               ro code  0x000026ac    0x1c  interpret.o [1]
  .text               ro code  0x000026c8    0x1c  interpret.o [1]
  .text               ro code  0x000026e4    0x10  interpret.o [1]
  .text               ro code  0x000026f4    0xa0  xreportassert.o [3]
  .text               ro code  0x00002794     0x6  abort.o [3]
  .text               ro code  0x0000279a    0x2a  interpret.o [1]
  .text               ro code  0x000027c4     0x4  symbolTableEntry.o [1]
  .text               ro code  0x000027c8     0x6  gpio.o [5]
  .text               ro code  0x000027d0    0x74  sysctl.o [5]
  .text               ro code  0x00002844   0x214  interrupt.o [5]
  .text               ro code  0x00002a58    0x10  uart.o [5]
  .text               ro code  0x00002a68    0x66  ABImemset.o [7]
  .text               ro code  0x00002ace    0x18  stepper.o [1]
  .text               ro code  0x00002ae6     0x6  stepper.o [1]
  .text               ro code  0x00002aec    0x2c  I32ToDbl.o [6]
  .text               ro code  0x00002b18   0x1a2  DblMul.o [6]
  .text               ro code  0x00002cbc   0x246  DblDiv.o [6]
  .text               ro code  0x00002f04    0x90  DblToFlt.o [6]
  .text               ro code  0x00002f94    0x50  expf.o [6]
  .text               ro code  0x00002fe4    0x18  stepper.o [1]
  .text               ro code  0x00002ffc     0xc  interpret.o [1]
  .text               ro code  0x00003008    0x28  putchar.o [3]
  .text               ro code  0x00003030    0x14  exit.o [8]
  .text               ro code  0x00003044    0x10  cpu.o [5]
  .text               ro code  0x00003054   0x21c  xfexp.o [6]
  .text               ro code  0x00003270    0x2a  stepper.o [1]
  .text               ro code  0x0000329a    0x10  write.o [8]
  .text               ro code  0x000032ac    0x6c  iarttio.o [8]
  .text               ro code  0x00003318     0xc  errno.o [3]
  .text               ro code  0x00003324    0xc8  xfdscale.o [6]
  .text               ro code  0x000033ec    0x1e  dwrite.o [8]
  .text               ro code  0x0000340c     0x8  XShttio.o [3]
  .text               ro code  0x00003414     0x2  xtls.o [3]
  .text               ro code  0x00003416    0x26  xfdnorm.o [6]
  .text               ro code  0x0000343c    0x20  iarwstd.o [8]
  .text               ro code  0x0000345c    0x22  iarwrite.o [8]
  .text               ro code  0x00003480   0x96c  usbdenum.o [9]
  .text               ro code  0x00003dec   0x3f6  usb.o [5]
  .text               ro code  0x000041e4   0x478  usbdma.o [9]
  .text               ro code  0x0000465c    0x6c  usbtick.o [9]
  .text               ro code  0x000046c8   0x150  usbdcdesc.o [9]
  .text               ro code  0x00004818   0x228  usbdconfig.o [9]
  .text               ro code  0x00004a40   0x11c  udma.o [5]
  .text               ro code  0x00004b5c    0x54  usbdesc.o [9]
  .text               ro code  0x00004bb0   0x750  usbdcdc.o [9]
  .text               ro code  0x00005300   0x5e8  usb_dev_serial.o [1]
  .text               ro code  0x000058e8   0x24c  usbbuffer.o [9]
  .text               ro code  0x00005b34    0x1c  usbmode.o [9]
  .text               ro code  0x00005b50   0x152  usbringbuf.o [9]
  .rodata             const    0x00005ca4    0x6c  usbdcdc.o [9]
  .rodata             const    0x00005d10    0x48  interpret.o [1]
  .text               ro code  0x00005d58    0x44  interpret.o [1]
  .text               ro code  0x00005d9c     0xe  interpret.o [1]
  .text               ro code  0x00005daa     0xe  interpret.o [1]
  .text               ro code  0x00005db8     0x2  interpret.o [1]
  .text               ro code  0x00005dba     0x2  interpret.o [1]
  .rodata             const    0x00005dbc    0x38  usb_serial_structs.o [1]
  .rodata             const    0x00005df4    0x30  interpret.o [1]
  .rodata             const    0x00005e24    0x2c  interpret.o [1]
  .rodata             const    0x00005e50    0x2c  interpret.o [1]
  .rodata             const    0x00005e7c    0x2c  usb_serial_structs.o [1]
  .text               ro code  0x00005ea8    0x28  data_init3.o [7]
  .rodata             const    0x00005ed0    0x24  usb_serial_structs.o [1]
  .rodata             const    0x00005ef4    0x24  usb_serial_structs.o [1]
  .rodata             const    0x00005f18    0x24  usb_serial_structs.o [1]
  .rodata             const    0x00005f3c    0x24  usb_serial_structs.o [1]
  .iar.init_table     const    0x00005f60    0x28  - Linker created -
  .rodata             const    0x00005f88    0x20  interpret.o [1]
  .rodata             const    0x00005fa8    0x20  interpret.o [1]
  .text               ro code  0x00005fc8    0x20  cmain_call_ctors.o [7]
  .text               ro code  0x00005fe8    0x1e  startup_ewarm.o [1]
  .text               ro code  0x00006006     0xc  cstartup_M.o [7]
  .text               ro code  0x00006014    0x1a  fpinit_M.o [6]
  .text               ro code  0x00006030    0x16  cmain.o [7]
  .text               ro code  0x00006046     0x4  low_level_init.o [3]
  .text               ro code  0x0000604a     0x4  exit.o [3]
  .text               ro code  0x00006050     0xe  cexit.o [7]
  .rodata             const    0x00006060    0x1c  interpret.o [1]
  .rodata             const    0x0000607c    0x18  usb_serial_structs.o [1]
  .text               ro code  0x00006094    0x18  usbdhandler.o [9]
  .rodata             const    0x000060ac    0x14  tasks.o [1]
  .rodata             const    0x000060c0    0x14  usb_serial_structs.o [1]
  .rodata             const    0x000060d4    0x10  usb_dev_serial.o [1]
  .rodata             const    0x000060e4     0xc  interpret.o [1]
  .rodata             const    0x000060f0     0xc  usb_dev_serial.o [1]
  .rodata             const    0x000060fc     0x8  interpret.o [1]
  .rodata             const    0x00006104     0x8  main.o [1]
  .rodata             const    0x0000610c     0x8  main.o [1]
  .rodata             const    0x00006114     0x8  tasks.o [1]
  .rodata             const    0x0000611c     0x4  usb_serial_structs.o [1]
  SHT$$PREINIT_ARRAY           0x00006120     0x0  <Block>
  SHT$$INIT_ARRAY              0x00006120     0x4  <Block>
    .init_array       const    0x00006120     0x4  interpret.o [1]
  .text               ro code  0x00006124     0x0  cstart_call_dtors.o [7]
  .rodata             const    0x00006124     0x0  zero_init3.o [7]
  .rodata             const    0x00006124     0x0  copy_init3.o [7]
  Initializer bytes   ro data  0x00006124    0xc8  <for P2 s0>
                             - 0x000061ec  0x5f80

"P2", part 1 of 3:                           0xc8
  P2 s0                        0x20000000    0xc8  <Init block>
    .data             inited   0x20000000    0x60  usb_serial_structs.o [1]
    .data             inited   0x20000060    0x20  usbdcdc.o [9]
    .data             inited   0x20000080    0x10  usbdcdc.o [9]
    .data             inited   0x20000090    0x10  usbmode.o [9]
    .data             inited   0x200000a0     0xc  usbdcdc.o [9]
    .data             inited   0x200000ac     0x8  usbdcdc.o [9]
    .data             inited   0x200000b4     0x8  XShttio.o [3]
    .data             inited   0x200000bc     0x4  heap_2.o [1]
    .data             inited   0x200000c0     0x4  port.o [1]
    .data             inited   0x200000c4     0x4  tasks.o [1]
                             - 0x200000c8    0xc8

"P2", part 2 of 3:                         0x5884
  .bss                zero     0x200000c8  0x3e80  heap_2.o [1]
  .bss                zero     0x20003f48  0x14c0  interpret.o [1]
  .bss                zero     0x20005408   0x110  usbdma.o [9]
  .bss                zero     0x20005518   0x100  usb_serial_structs.o [1]
  .bss                zero     0x20005618   0x100  usb_serial_structs.o [1]
  .bss                zero     0x20005718    0x64  tasks.o [1]
  .bss                zero     0x2000577c    0x50  usbdenum.o [9]
  .bss                zero     0x200057cc    0x40  usbdenum.o [9]
  .bss                zero     0x2000580c    0x38  usbtick.o [9]
  .bss                zero     0x20005844    0x18  usb_serial_structs.o [1]
  .bss                zero     0x2000585c    0x18  usb_serial_structs.o [1]
  .bss                zero     0x20005874    0x14  tasks.o [1]
  .bss                zero     0x20005888    0x14  tasks.o [1]
  .bss                zero     0x2000589c    0x14  tasks.o [1]
  .bss                zero     0x200058b0    0x14  tasks.o [1]
  .bss                zero     0x200058c4    0x14  tasks.o [1]
  .bss                zero     0x200058d8     0x8  heap_2.o [1]
  .bss                zero     0x200058e0     0x8  heap_2.o [1]
  .bss                zero     0x200058e8     0x4  heap_2.o [1]
  .bss                zero     0x200058ec     0x4  interpret.o [1]
  .bss                zero     0x200058f0     0x4  stepper.o [1]
  .bss                zero     0x200058f4     0x4  tasks.o [1]
  .bss                zero     0x200058f8     0x4  tasks.o [1]
  .bss                zero     0x200058fc     0x4  tasks.o [1]
  .bss                zero     0x20005900     0x4  tasks.o [1]
  .bss                zero     0x20005904     0x4  tasks.o [1]
  .bss                zero     0x20005908     0x4  tasks.o [1]
  .bss                zero     0x2000590c     0x4  tasks.o [1]
  .bss                zero     0x20005910     0x4  tasks.o [1]
  .bss                zero     0x20005914     0x4  tasks.o [1]
  .bss                zero     0x20005918     0x4  tasks.o [1]
  .bss                zero     0x2000591c     0x4  tasks.o [1]
  .bss                zero     0x20005920     0x4  tasks.o [1]
  .bss                zero     0x20005924     0x4  tasks.o [1]
  .bss                zero     0x20005928     0x4  usb_dev_serial.o [1]
  .bss                zero     0x2000592c     0x4  usb_dev_serial.o [1]
  .bss                zero     0x20005930     0x4  usb_dev_serial.o [1]
  .bss                zero     0x20005934     0x4  usb_dev_serial.o [1]
  .bss                zero     0x20005938     0x4  usbtick.o [9]
  .bss                zero     0x2000593c     0x4  cppinit.o [3]
  .bss                zero     0x20005940     0x4  cppinit.o [3]
  __DLIB_PERTHREAD    zero     0x20005944     0x4  errno.o [3]
  .bss                zero     0x20005948     0x1  interpret.o [1]
  .bss                zero     0x20005949     0x1  interpret.o [1]
  .bss                zero     0x2000594a     0x1  usb_dev_serial.o [1]
  .bss                zero     0x2000594b     0x1  usb_dev_serial.o [1]
                             - 0x2000594c  0x5884

"P2", part 3 of 3:                          0x58c
  .noinit             uninit   0x2000594c   0x400  startup_ewarm.o [1]
  .iar.dynexit                 0x20005d4c   0x18c  <Block>
    .iar.dynexit      uninit   0x20005d4c     0xc  cppinit.o [3]
    .iar.dynexit      uninit   0x20005d58   0x180  <Block tail>
                             - 0x20005ed8   0x58c


*******************************************************************************
*** INIT TABLE
***

          Address     Size
          -------     ----
Zero (__iar_zero_init3)
    1 destination range, total size 0x5884:
          0x200000c8  0x5884

Copy (__iar_copy_init3)
    1 source range, total size 0xc8:
          0x00006124    0xc8
    1 destination range, total size 0xc8:
          0x20000000    0xc8

Extra (__iar_cstart_call_ctors)



*******************************************************************************
*** MODULE SUMMARY
***

    Module                ro code  ro data  rw data
    ------                -------  -------  -------
C:\dev\docs\scottdesign\motor\Debug\Obj: [1]
    accel.o                   586
    heap_2.o                  332        6   16 024
    interpret.o             3 396      324    5 318
    list.o                    164
    main.o                    416       16
    parseTreeEntry.o           26
    port.o                    240        4        4
    portasm.o                 160
    startup_ewarm.o            30      620    1 024
    stepper.o               1 604                 4
    symbolTableEntry.o        108
    tasks.o                 1 854       32      256
    usb_dev_serial.o        1 512       28       18
    usb_serial_structs.o               388      656
    -----------------------------------------------
    Total:                 10 428    1 418   23 304

command line: [2]
    -----------------------------------------------
    Total:

dl7M_tln.a: [3]
    XShttio.o                   8        8        8
    abort.o                     6
    cppinit.o                 152                20
    errno.o                    12                 4
    exit.o                      4
    low_level_init.o            4
    putchar.o                  40
    xassert.o                  76
    xreportassert.o           160
    xtls.o                      2
    -----------------------------------------------
    Total:                    464        8       32

dlpp7M_tl_ne.a: [4]
    cxxabi.o                   80
    -----------------------------------------------
    Total:                     80

driverlib.a: [5]
    cpu.o                      16
    gpio.o                      6
    interrupt.o               532
    sysctl.o                  116
    timer.o                   102
    uart.o                     16
    udma.o                    284
    usb.o                   1 014
    -----------------------------------------------
    Total:                  2 086

m7M_tlv.a: [6]
    DblDiv.o                  582
    DblMul.o                  418
    DblToFlt.o                144
    I32ToDbl.o                 44
    expf.o                     80
    fpinit_M.o                 26
    xfdnorm.o                  38
    xfdscale.o                200
    xfexp.o                   540
    -----------------------------------------------
    Total:                  2 072

rt7M_tl.a: [7]
    ABImemcpy.o               118
    ABImemset.o               102
    cexit.o                    14
    cmain.o                    22
    cmain_call_ctors.o         32
    copy_init3.o               46
    cstart_call_dtors.o
    cstartup_M.o               12
    data_init3.o               40
    memcmp.o                   98
    zero_init3.o               34
    -----------------------------------------------
    Total:                    518

shb_l.a: [8]
    dwrite.o                   30
    exit.o                     20
    iarttio.o                 108
    iarwrite.o                 34
    iarwstd.o                  32
    write.o                    16
    -----------------------------------------------
    Total:                    240

usblib.a: [9]
    usbbuffer.o               588
    usbdcdc.o               1 872      176       68
    usbdcdesc.o               336
    usbdconfig.o              552
    usbdenum.o              2 412               144
    usbdesc.o                  84
    usbdhandler.o              24
    usbdma.o                1 144               272
    usbmode.o                  28       16       16
    usbringbuf.o              338
    usbtick.o                 108                60
    -----------------------------------------------
    Total:                  7 486      192      560

    Gaps                       32        4
    Linker created                      40      384
---------------------------------------------------
    Grand Total:           23 406    1 662   24 280


*******************************************************************************
*** ENTRY LIST
***

Entry                      Address    Size  Type      Object
-----                      -------    ----  ----      ------
.iar.dynexit$$Base      0x20005d4c           --   Gb  - Linker created -
.iar.dynexit$$Limit     0x20005ed8           --   Gb  - Linker created -
?main                   0x00006031          Code  Gb  cmain.o [7]
CDCTickHandler          0x00005015    0x7a  Code  Lc  usbdcdc.o [9]
CPUcpsid                0x00003045     0x8  Code  Gb  cpu.o [5]
CPUcpsie                0x0000304d     0x8  Code  Gb  cpu.o [5]
CheckForSerialStateChange
                        0x00005301    0x3a  Code  Lc  usb_dev_serial.o [1]
ControlHandler          0x000055e5    0xd8  Code  Gb  usb_dev_serial.o [1]
DMAUSBIntHandler        0x00004241    0x30  Code  Lc  usbdma.o [9]
DMAUSBIntStatusClear    0x00004233     0xe  Code  Lc  usbdma.o [9]
DMAUSBStatus            0x0000458d     0x4  Code  Lc  usbdma.o [9]
DeviceConsumedAllData   0x00004bc9    0x18  Code  Lc  usbdcdc.o [9]
DtorRecArray            0x20005d4c     0xc  Data  Lc  cppinit.o [3]
FaultISR                0x00006003     0x2  Code  Lc  startup_ewarm.o [1]
GPIOPinWrite            0x000027c9     0x6  Code  Gb  gpio.o [5]
GetEPDescriptorType     0x00004835    0x46  Code  Lc  usbdconfig.o [9]
GetEndpointFIFOSize     0x00004819    0x1c  Code  Lc  usbdconfig.o [9]
GetLineCoding           0x0000550b    0xa8  Code  Lc  usb_dev_serial.o [1]
HandleConfigChange      0x00004e29    0x2c  Code  Lc  usbdcdc.o [9]
HandleDevice            0x00004ea3    0x62  Code  Lc  usbdcdc.o [9]
HandleDisconnect        0x00004fcf    0x22  Code  Lc  usbdcdc.o [9]
HandleEP0Data           0x00004e55    0x46  Code  Lc  usbdcdc.o [9]
HandleEndpoints         0x00004dd7    0x52  Code  Lc  usbdcdc.o [9]
HandleRequests          0x00004f05    0xb8  Code  Lc  usbdcdc.o [9]
HandleResume            0x00004ffd     0xc  Code  Lc  usbdcdc.o [9]
HandleRxAvailable       0x00005977    0xb2  Code  Lc  usbbuffer.o [9]
HandleSuspend           0x00004ff1     0xc  Code  Lc  usbdcdc.o [9]
IntDefaultHandler       0x00006005     0x2  Code  Lc  startup_ewarm.o [1]
IntDisable              0x000028d7    0x58  Code  Gb  interrupt.o [5]
IntEnable               0x0000287f    0x58  Code  Gb  interrupt.o [5]
IntIsEnabled            0x0000292f    0x5c  Code  Gb  interrupt.o [5]
IntMasterDisable        0x0000284d     0x6  Code  Gb  interrupt.o [5]
IntMasterEnable         0x00002845     0x8  Code  Gb  interrupt.o [5]
IntPrioritySet          0x0000285b    0x24  Code  Gb  interrupt.o [5]
InternalUSBRegisterTickHandler
                        0x00004679    0x24  Code  Gb  usbtick.o [9]
InternalUSBStartOfFrameTick
                        0x0000469d    0x26  Code  Gb  usbtick.o [9]
InternalUSBTickInit     0x0000465d    0x1c  Code  Gb  usbtick.o [9]
LEDOff                  0x00001f0b     0xe  Code  Gb  main.o [1]
LEDOn                   0x00001efd     0xe  Code  Gb  main.o [1]
NextConfigDescGet       0x000046c9    0x2e  Code  Lc  usbdcdesc.o [9]
NmiSR                   0x00006001     0x2  Code  Lc  startup_ewarm.o [1]
ProcessDataFromHost     0x00004cdb    0x5e  Code  Gb  usbdcdc.o [9]
ProcessDataToHost       0x00004d7d    0x52  Code  Gb  usbdcdc.o [9]
ProcessNotificationToHost
                        0x00004d47    0x36  Code  Gb  usbdcdc.o [9]
ReadUARTData            0x0000533b    0x6c  Code  Lc  usb_dev_serial.o [1]
Region$$Table$$Base     0x00005f60           --   Gb  - Linker created -
Region$$Table$$Limit    0x00005f88           --   Gb  - Linker created -
ResetISR                0x00005fe9    0x14  Code  Gb  startup_ewarm.o [1]
RxHandler               0x000056cb    0x48  Code  Gb  usb_dev_serial.o [1]
SHT$$INIT_ARRAY$$Base   0x00006120           --   Gb  - Linker created -
SHT$$INIT_ARRAY$$Limit  0x00006124           --   Gb  - Linker created -
SHT$$PREINIT_ARRAY$$Base
                        0x00006120           --   Gb  - Linker created -
SHT$$PREINIT_ARRAY$$Limit
                        0x00006120           --   Gb  - Linker created -
ScheduleNextTransmission
                        0x000058e9    0x8e  Code  Lc  usbbuffer.o [9]
SendBreak               0x000055b3    0x32  Code  Lc  usb_dev_serial.o [1]
SendBreak               0x00004be1    0x3a  Code  Lc  usbdcdc.o [9]
SendLineCodingChange    0x00004c1b    0x1e  Code  Lc  usbdcdc.o [9]
SendLineStateChange     0x00004c39    0x1e  Code  Lc  usbdcdc.o [9]
SendSerialState         0x00004c57    0x84  Code  Lc  usbdcdc.o [9]
SetControlLineState     0x0000545f     0x2  Code  Lc  usb_dev_serial.o [1]
SetDeferredOpFlag       0x00004bb1    0x18  Code  Lc  usbdcdc.o [9]
SetLineCoding           0x00005461    0xaa  Code  Lc  usb_dev_serial.o [1]
SysCtlPeripheralEnable  0x00002811     0x8  Code  Gb  sysctl.o [5]
SysCtlPeripheralReset   0x000027d1    0x40  Code  Gb  sysctl.o [5]
SysCtlUSBPLLEnable      0x0000282d     0xc  Code  Gb  sysctl.o [5]
TimerConfigure          0x0000265d    0x26  Code  Gb  timer.o [5]
TimerDisable            0x00002651     0xc  Code  Gb  timer.o [5]
TimerEnable             0x00002645     0xc  Code  Gb  timer.o [5]
TimerIntEnable          0x00002699     0x4  Code  Gb  timer.o [5]
TimerLoadSet            0x00002689    0x10  Code  Gb  timer.o [5]
TxHandler               0x000056bd     0xe  Code  Gb  usb_dev_serial.o [1]
UARTCharsAvail          0x00002a59     0x6  Code  Gb  uart.o [5]
UARTSend                0x00001ec1    0x20  Code  Gb  main.o [1]
USB0DeviceIntHandler    0x00006095    0x18  Code  Gb  usbdhandler.o [9]
USBBufferDataAvailable  0x00005a9d     0x6  Code  Gb  usbbuffer.o [9]
USBBufferEventCallback  0x00005aa9    0x8c  Code  Gb  usbbuffer.o [9]
USBBufferFlush          0x00005a71     0x6  Code  Gb  usbbuffer.o [9]
USBBufferInit           0x00005a29    0x16  Code  Gb  usbbuffer.o [9]
USBBufferRead           0x00005a77    0x26  Code  Gb  usbbuffer.o [9]
USBBufferSpaceAvailable
                        0x00005aa3     0x6  Code  Gb  usbbuffer.o [9]
USBBufferWrite          0x00005a3f    0x32  Code  Gb  usbbuffer.o [9]
USBDCDCCompositeInit    0x000050a5    0x8e  Code  Gb  usbdcdc.o [9]
USBDCDCInit             0x00005133    0x42  Code  Gb  usbdcdc.o [9]
USBDCDCPacketRead       0x000051d1    0x7e  Code  Gb  usbdcdc.o [9]
USBDCDCPacketWrite      0x00005185    0x4c  Code  Gb  usbdcdc.o [9]
USBDCDCRxPacketAvailable
                        0x0000525f    0x32  Code  Gb  usbdcdc.o [9]
USBDCDCSerialStateChange
                        0x00005299    0x2e  Code  Gb  usbdcdc.o [9]
USBDCDCTxPacketAvailable
                        0x0000524f    0x10  Code  Gb  usbdcdc.o [9]
USBDCDConfigDescGet     0x0000473f    0x54  Code  Gb  usbdcdesc.o [9]
USBDCDConfigDescGetNum  0x00004715    0x2a  Code  Gb  usbdcdesc.o [9]
USBDCDConfigDescGetSize
                        0x000046f7    0x1e  Code  Gb  usbdcdesc.o [9]
USBDCDConfigGetInterface
                        0x00004793    0x4c  Code  Gb  usbdcdesc.o [9]
USBDCDConfigGetInterfaceEndpoint
                        0x000047e7    0x32  Code  Gb  usbdcdesc.o [9]
USBDCDDeviceInfoInit    0x00003481    0x1a  Code  Gb  usbdenum.o [9]
USBDCDInit              0x0000349b    0xb8  Code  Gb  usbdenum.o [9]
USBDCDRequestDataEP0    0x00003553    0x10  Code  Gb  usbdenum.o [9]
USBDCDSendDataEP0       0x00003563     0xa  Code  Gb  usbdenum.o [9]
USBDCDStallEP0          0x00003571    0x18  Code  Gb  usbdenum.o [9]
USBDClearFeature        0x00003783    0x72  Code  Lc  usbdenum.o [9]
USBDEP0StateTx          0x00003b33    0x66  Code  Lc  usbdenum.o [9]
USBDEP0StateTxConfig    0x00003b99   0x13e  Code  Lc  usbdenum.o [9]
USBDGetConfiguration    0x000039a7    0x22  Code  Lc  usbdenum.o [9]
USBDGetDescriptor       0x00003879   0x128  Code  Lc  usbdenum.o [9]
USBDGetInterface        0x00003a5f    0x24  Code  Lc  usbdenum.o [9]
USBDGetStatus           0x00003733    0x50  Code  Lc  usbdenum.o [9]
USBDReadAndDispatchRequest
                        0x000035d3    0x56  Code  Lc  usbdenum.o [9]
USBDSetAddress          0x0000385f    0x1a  Code  Lc  usbdenum.o [9]
USBDSetConfiguration    0x000039d9    0x7e  Code  Lc  usbdenum.o [9]
USBDSetDescriptor       0x000039a1     0x6  Code  Lc  usbdenum.o [9]
USBDSetFeature          0x000037ff    0x60  Code  Lc  usbdenum.o [9]
USBDSetInterface        0x00003a9b    0x88  Code  Lc  usbdenum.o [9]
USBDSyncFrame           0x00003b23     0x4  Code  Lc  usbdenum.o [9]
USBDescGet              0x00004b83    0x2e  Code  Gb  usbdesc.o [9]
USBDescGetNum           0x00004b5d    0x26  Code  Gb  usbdesc.o [9]
USBDevAddrSet           0x00003f83     0x4  Code  Gb  usb.o [5]
USBDevConnect           0x00003f6b     0xc  Code  Gb  usb.o [5]
USBDevDisconnect        0x00003f77     0xc  Code  Gb  usb.o [5]
USBDevEndpointConfigSet
                        0x00003f87    0x74  Code  Gb  usb.o [5]
USBDevEndpointDataAck   0x00004129    0x20  Code  Gb  usb.o [5]
USBDevEndpointStall     0x00003efb    0x30  Code  Gb  usb.o [5]
USBDevEndpointStallClear
                        0x00003f2b    0x40  Code  Gb  usb.o [5]
USBDevEndpointStatusClear
                        0x00003ead    0x4e  Code  Gb  usb.o [5]
USBDevMode              0x000041cd     0x2  Code  Gb  usb.o [5]
USBDeviceConfig         0x0000487b   0x136  Code  Gb  usbdconfig.o [9]
USBDeviceConfigAlternate
                        0x000049bd    0x7e  Code  Gb  usbdconfig.o [9]
USBDeviceEnumHandler    0x0000362d    0xca  Code  Gb  usbdenum.o [9]
USBDeviceEnumResetHandler
                        0x000036f7    0x3c  Code  Gb  usbdenum.o [9]
USBDeviceIntHandlerInternal
                        0x00003cd7    0xc8  Code  Gb  usbdenum.o [9]
USBDeviceResumeTickHandler
                        0x00003589    0x4a  Code  Gb  usbdenum.o [9]
USBEndpointDMAChannel   0x000041b3    0x1a  Code  Gb  usb.o [5]
USBEndpointDMAConfigSet
                        0x0000403d    0x48  Code  Gb  usb.o [5]
USBEndpointDMADisable   0x000040a5    0x20  Code  Gb  usb.o [5]
USBEndpointDMAEnable    0x00004085    0x20  Code  Gb  usb.o [5]
USBEndpointDataAvail    0x000040c5    0x20  Code  Gb  usb.o [5]
USBEndpointDataGet      0x000040e5    0x44  Code  Gb  usb.o [5]
USBEndpointDataPut      0x00004149    0x30  Code  Gb  usb.o [5]
USBEndpointDataSend     0x0000417f    0x2c  Code  Gb  usb.o [5]
USBEndpointPacketCountSet
                        0x000041d5     0xe  Code  Gb  usb.o [5]
USBEndpointStatus       0x00003e99     0xe  Code  Gb  usb.o [5]
USBFIFOAddrGet          0x000041ab     0x8  Code  Gb  usb.o [5]
USBFIFOConfigSet        0x00003ffb    0x3c  Code  Gb  usb.o [5]
USBHostResume           0x00003e07    0x14  Code  Gb  usb.o [5]
USBIndexWrite           0x00003ded    0x1a  Code  Lc  usb.o [5]
USBIntEnableControl     0x00003e1b    0x26  Code  Gb  usb.o [5]
USBIntEnableEndpoint    0x00003e71    0x1a  Code  Gb  usb.o [5]
USBIntStatusControl     0x00003e41    0x30  Code  Gb  usb.o [5]
USBIntStatusEndpoint    0x00003e8b     0x6  Code  Gb  usb.o [5]
USBLibDMAInit           0x00004591    0x84  Code  Gb  usbdma.o [9]
USBRingBufAdvanceRead   0x00005c19    0x1e  Code  Gb  usbringbuf.o [9]
USBRingBufAdvanceWrite  0x00005c37    0x36  Code  Gb  usbringbuf.o [9]
USBRingBufContigFree    0x00005bcb    0x1c  Code  Gb  usbringbuf.o [9]
USBRingBufContigUsed    0x00005bb9    0x12  Code  Gb  usbringbuf.o [9]
USBRingBufFlush         0x00005b7d    0x1a  Code  Gb  usbringbuf.o [9]
USBRingBufFree          0x00005bab     0xe  Code  Gb  usbringbuf.o [9]
USBRingBufInit          0x00005c97     0xc  Code  Gb  usbringbuf.o [9]
USBRingBufRead          0x00005bfd    0x1c  Code  Gb  usbringbuf.o [9]
USBRingBufReadOne       0x00005be7    0x16  Code  Gb  usbringbuf.o [9]
USBRingBufUsed          0x00005b97    0x14  Code  Gb  usbringbuf.o [9]
USBRingBufWrite         0x00005c7b    0x1c  Code  Gb  usbringbuf.o [9]
USBRingBufWriteOne      0x00005c6d     0xe  Code  Gb  usbringbuf.o [9]
USBStackModeSet         0x00005b35    0x18  Code  Gb  usbmode.o [9]
USBUARTIntHandler       0x000053fb    0x64  Code  Gb  usb_dev_serial.o [1]
USBUARTPrimeTransmit    0x000053a7    0x54  Code  Lc  usb_dev_serial.o [1]
UpdateIndexAtomic       0x00005b51    0x2c  Code  Lc  usbringbuf.o [9]
__aeabi_assert          0x0000190f    0x4a  Code  Gb  xassert.o [3]
__aeabi_atexit          0x00000d1d     0xa  Code  Gb  cxxabi.o [4]
__aeabi_d2f             0x00002f05          Code  Gb  DblToFlt.o [6]
__aeabi_ddiv            0x00002cbd          Code  Gb  DblDiv.o [6]
__aeabi_dmul            0x00002b19          Code  Gb  DblMul.o [6]
__aeabi_errno_addr      0x00003319     0x6  Code  Gb  errno.o [3]
__aeabi_i2d             0x00002aed          Code  Gb  I32ToDbl.o [6]
__aeabi_memcpy          0x00001b7d          Code  Gb  ABImemcpy.o [7]
__aeabi_memcpy4         0x00001b9d          Code  Gb  ABImemcpy.o [7]
__aeabi_memcpy8         0x00001b9d          Code  Gb  ABImemcpy.o [7]
__aeabi_memset          0x00002a69          Code  Gb  ABImemset.o [7]
__aeabi_vec_ctor_nocookie_nodtor
                        0x00000cdd    0x22  Code  Gb  cxxabi.o [4]
__aeabi_vec_dtor        0x00000cff    0x1e  Code  Gb  cxxabi.o [4]
__call_ctors            0x00001bf5    0x18  Code  Gb  cppinit.o [3]
__call_dtors            0x00001c47     0x2  Code  Gb  cppinit.o [3]
__cexit_call_dtors      0x00006053          Code  Gb  cexit.o [7]
__cmain                 0x00006031          Code  Gb  cmain.o [7]
__cstart_call_dtors     0x00006124          Data  Gb  cstart_call_dtors.o [7]
__cxa_atexit            0x00001c0d    0x3a  Code  Gb  cppinit.o [3]
__cxa_finalize          0x00001c49    0x38  Code  Gb  cppinit.o [3]
__dso_handle            0x20005940     0x4  Data  Gb  cppinit.o [3]
__dwrite                0x000033ed    0x1e  Code  Gb  dwrite.o [8]
__exit                  0x00003031    0x14  Code  Gb  exit.o [8]
__iar_EmptyStepPoint    0x0000190d     0x2  Code  Gb  xassert.o [3]
__iar_Errno             0x20005944     0x4  Data  Gb  errno.o [3]
__iar_FDnorm            0x00003417    0x26  Code  Gb  xfdnorm.o [6]
__iar_FDscale           0x00003325    0xc8  Code  Gb  xfdscale.o [6]
__iar_FExp              0x00003055   0x1ea  Code  Gb  xfexp.o [6]
__iar_Memset            0x00002a69          Code  Gb  ABImemset.o [7]
__iar_Memset_word       0x00002a71          Code  Gb  ABImemset.o [7]
__iar_ReportAssert      0x0000270b    0x50  Code  Gb  xreportassert.o [3]
__iar_close_ttio        0x000032ad    0x2e  Code  Gb  iarttio.o [8]
__iar_copy_init3        0x00000d33    0x2e  Code  Gb  copy_init3.o [7]
__iar_cstart_call_ctors
                        0x00005fc9    0x20  Code  Gb  cmain_call_ctors.o [7]
__iar_data_init3        0x00005ea9    0x28  Code  Gb  data_init3.o [7]
__iar_dlib_perthread_access
                        0x00003415     0x2  Code  Gb  xtls.o [3]
__iar_get_ttio          0x000032dd    0x38  Code  Gb  iarttio.o [8]
__iar_init_vfp          0x00006015          Code  Gb  fpinit_M.o [6]
__iar_lookup_ttioh      0x0000340d     0x8  Code  Gb  XShttio.o [3]
__iar_program_start     0x00006007          Code  Gb  cstartup_M.o [7]
__iar_sh_stdout         0x0000343d    0x20  Code  Gb  iarwstd.o [8]
__iar_sh_write          0x0000345d    0x22  Code  Gb  iarwrite.o [8]
__iar_ttio_handles      0x200000b4     0x8  Data  Lc  XShttio.o [3]
__iar_ui2d              0x00002b01          Code  Gb  I32ToDbl.o [6]
__iar_zero_init3        0x000014a3    0x22  Code  Gb  zero_init3.o [7]
__low_level_init        0x00006047     0x4  Code  Gb  low_level_init.o [3]
__sti__routine          0x0000026d    0x18  Code  Lc  interpret.o [1]
__vector_table          0x00000000   0x26c  Data  Gb  startup_ewarm.o [1]
__write                 0x0000329b    0x10  Code  Gb  write.o [8]
_call_main              0x0000603d          Code  Gb  cmain.o [7]
_exit                   0x00006051          Code  Gb  cexit.o [7]
_main                   0x00006043          Code  Gb  cmain.o [7]
abort                   0x00002795     0x6  Code  Gb  abort.o [3]
accel::_initUnitCurve(int)
                        0x0000231b    0x7e  Code  Gb  accel.o [1]
accel::_scaleYAxisToClockTicks()
                        0x00002403    0x3c  Code  Gb  accel.o [1]
accel::_scaleYAxisToFrequency()
                        0x000023ad    0x56  Code  Gb  accel.o [1]
accel::accel()          0x00002229    0x4a  Code  Gb  accel.o [1]
accel::accelTime()      0x000024a5     0x6  Code  Gb  stepper.o [1]
accel::accelTime(unsigned int)
                        0x00002ae7     0x6  Code  Gb  stepper.o [1]
accel::clockTicksToCurveIndex(unsigned int)
                        0x00002acf    0x18  Code  Gb  stepper.o [1]
accel::clockTicksToCurveIndexReverse(unsigned int)
                        0x00002fe5    0x18  Code  Gb  stepper.o [1]
accel::clockTicksToMicroSec(unsigned int)
                        0x000024fd    0x1a  Code  Gb  stepper.o [1]
accel::curveIndexToClockTicks(unsigned int)
                        0x000024f3     0xa  Code  Gb  stepper.o [1]
accel::fmax()           0x0000251d     0x6  Code  Gb  stepper.o [1]
accel::fmin()           0x00002517     0x6  Code  Gb  stepper.o [1]
accel::freqCloseToStop(unsigned int)
                        0x00002621    0x12  Code  Gb  stepper.o [1]
accel::freqFromClockTicks(unsigned int)
                        0x000025f7    0x2a  Code  Gb  stepper.o [1]
accel::freqFromTime(unsigned int)
                        0x00002523    0x16  Code  Gb  stepper.o [1]
accel::frequency(unsigned int, unsigned int)
                        0x0000243f    0x34  Code  Gb  accel.o [1]
accel::initAccelTime(unsigned int)
                        0x000024ab    0x22  Code  Gb  stepper.o [1]
accel::microSecToCurveIndex(unsigned int)
                        0x000024cd    0x26  Code  Gb  stepper.o [1]
accel::microSecToCurveIndexReverse(unsigned int)
                        0x00003271    0x2a  Code  Gb  stepper.o [1]
accel::stepsToTime(unsigned int)
                        0x000022bd    0x5e  Code  Gb  accel.o [1]
accel::timeToSteps(unsigned int)
                        0x00002273    0x4a  Code  Gb  accel.o [1]
accel::updateClockPeriod()
                        0x00002575    0x30  Code  Gb  stepper.o [1]
accel::updateClockPeriodReverse()
                        0x000025c1    0x30  Code  Gb  stepper.o [1]
accel::~accel()         0x00005dbb     0x2  Code  Gb  interpret.o [1]
delay                   0x00001ee1    0x1c  Code  Gb  main.o [1]
exit                    0x0000604b     0x4  Code  Gb  exit.o [3]
expf                    0x00002f95    0x4c  Code  Gb  expf.o [6]
flashLED                0x00001f19    0x14  Code  Gb  main.o [1]
g_bSendingBreak         0x2000594a     0x1  Data  Lc  usb_dev_serial.o [1]
g_bUSBConfigured        0x2000594b     0x1  Data  Lc  usb_dev_serial.o [1]
g_bUSBTimerInitialized  0x2000580c     0x1  Data  Gb  usbtick.o [9]
g_eOTGModeState         0x20000091     0x1  Data  Gb  usbmode.o [9]
g_iDualMode             0x20000092     0x1  Data  Lc  usbmode.o [9]
g_iUSBMode              0x20000090     0x1  Data  Gb  usbmode.o [9]
g_pCDCCompSerConfigDescriptors
                        0x000052cc     0x4  Data  Gb  usbdcdc.o [9]
g_pcStatus              0x20005934     0x4  Data  Gb  usb_dev_serial.o [1]
g_pfnTickHandlers       0x20005810    0x18  Data  Gb  usbtick.o [9]
g_pfnUSBModeCallback    0x2000009c     0x4  Data  Lc  usbmode.o [9]
g_ppCDCSerConfigDescriptors
                        0x000052c8     0x4  Data  Gb  usbdcdc.o [9]
g_ppsDevInfo            0x200057c4     0x4  Data  Gb  usbdenum.o [9]
g_ppui8StringDescriptors
                        0x0000607c    0x18  Data  Gb  usb_serial_structs.o [1]
g_psCDCCompSerSections  0x20000080    0x10  Data  Gb  usbdcdc.o [9]
g_psCDCSerSections      0x200000a0     0xc  Data  Gb  usbdcdc.o [9]
g_psDCDInst             0x2000577c    0x48  Data  Gb  usbdenum.o [9]
g_psUSBDMAInst          0x20005408   0x110  Data  Lc  usbdma.o [9]
g_psUSBDStdRequests     0x00003db8    0x34  Data  Lc  usbdenum.o [9]
g_pui32Dii16Regs        0x00002a44    0x14  Data  Lc  interrupt.o [5]
g_pui32EnRegs           0x00002a30    0x14  Data  Lc  interrupt.o [5]
g_pui32Regs             0x00002994    0x9c  Data  Lc  interrupt.o [5]
g_pui8CDCSerCommInterface
                        0x00005cb4    0x24  Data  Gb  usbdcdc.o [9]
g_pui8CDCSerDataInterface
                        0x00005ce0    0x18  Data  Gb  usbdcdc.o [9]
g_pui8CDCSerDescriptor  0x20000060     0xc  Data  Gb  usbdcdc.o [9]
g_pui8CDCSerDeviceDescriptor
                        0x2000006c    0x14  Data  Gb  usbdcdc.o [9]
g_pui8ConfigString      0x00005dbc    0x38  Data  Gb  usb_serial_structs.o [1]
g_pui8ControlInterfaceString
                        0x00005e7c    0x2c  Data  Gb  usb_serial_structs.o [1]
g_pui8DataBufferIn      0x200057cc    0x40  Data  Lc  usbdenum.o [9]
g_pui8IADSerDescriptor  0x200000ac     0x8  Data  Gb  usbdcdc.o [9]
g_pui8LangDescriptor    0x0000611c     0x4  Data  Gb  usb_serial_structs.o [1]
g_pui8ManufacturerString
                        0x00005ed0    0x24  Data  Gb  usb_serial_structs.o [1]
g_pui8ProductString     0x00005ef4    0x24  Data  Gb  usb_serial_structs.o [1]
g_pui8RxBufferWorkspace
                        0x20005844    0x18  Data  Gb  usb_serial_structs.o [1]
g_pui8SerialNumberString
                        0x000060c0    0x14  Data  Gb  usb_serial_structs.o [1]
g_pui8TxBufferWorkspace
                        0x2000585c    0x18  Data  Gb  usb_serial_structs.o [1]
g_pui8USBRxBuffer       0x20005518   0x100  Data  Gb  usb_serial_structs.o [1]
g_pui8USBTxBuffer       0x20005618   0x100  Data  Gb  usb_serial_structs.o [1]
g_pvTickInstance        0x20005828    0x18  Data  Gb  usbtick.o [9]
g_sCDCCompSerConfigHeader
                        0x00005d08     0x8  Data  Gb  usbdcdc.o [9]
g_sCDCDevice            0x20000000    0x60  Data  Gb  usb_serial_structs.o [1]
g_sCDCHandlers          0x000052d0    0x30  Data  Gb  usbdcdc.o [9]
g_sCDCSerCommInterfaceSection
                        0x00005cd8     0x8  Data  Gb  usbdcdc.o [9]
g_sCDCSerConfigHeader   0x00005d00     0x8  Data  Gb  usbdcdc.o [9]
g_sCDCSerConfigSection  0x00005ca4     0x8  Data  Gb  usbdcdc.o [9]
g_sCDCSerDataInterfaceSection
                        0x00005cf8     0x8  Data  Gb  usbdcdc.o [9]
g_sIADSerConfigSection  0x00005cac     0x8  Data  Gb  usbdcdc.o [9]
g_sRxBuffer             0x00005f18    0x24  Data  Gb  usb_serial_structs.o [1]
g_sTxBuffer             0x00005f3c    0x24  Data  Gb  usb_serial_structs.o [1]
g_ui32CurrentUSBTick    0x20005840     0x4  Data  Gb  usbtick.o [9]
g_ui32Flags             0x20005930     0x4  Data  Gb  usb_dev_serial.o [1]
g_ui32PollRate          0x20000094     0x4  Data  Gb  usbmode.o [9]
g_ui32UARTRxCount       0x2000592c     0x4  Data  Gb  usb_dev_serial.o [1]
g_ui32UARTTxCount       0x20005928     0x4  Data  Gb  usb_dev_serial.o [1]
g_ui32USBSOFCount       0x20005938     0x4  Data  Gb  usbtick.o [9]
g_ui32WaitTicks         0x20000098     0x4  Data  Gb  usbmode.o [9]
heapSTRUCT_SIZE         0x000019d6     0x2  Data  Lc  heap_2.o [1]
interpret::_cleanUpEvaluationStack(unsigned int)
                        0x00000713    0x34  Code  Gb  interpret.o [1]
interpret::_cleanUpSymbolTable()
                        0x00000747    0x28  Code  Gb  interpret.o [1]
interpret::_currentProgramNodeLevel() const
                        0x00001ac3    0x16  Code  Gb  interpret.o [1]
interpret::_currentProgramNodeType() const
                        0x0000195d    0x16  Code  Gb  interpret.o [1]
interpret::_currentProgramNodeValue() const
                        0x00001973    0x16  Code  Gb  interpret.o [1]
interpret::_evalValue()
                        0x000019d9    0x3c  Code  Gb  interpret.o [1]
interpret::_evalValue()::string
                        0x00005f88    0x20  Data  Gb  interpret.o [1]
interpret::_evalValue()::string (instance 2)
                        0x00005e24    0x2c  Data  Gb  interpret.o [1]
interpret::_evalValuePeek() const
                        0x00001ae9     0xe  Code  Gb  interpret.o [1]
interpret::_findFirstAvailableNodeInSymbolTable()
                        0x00000c35    0x7e  Code  Gb  interpret.o [1]
interpret::_findFirstParseTreeEntry(parseTreeEntry const &, unsigned int)
                        0x0000076f    0x74  Code  Gb  interpret.o [1]
interpret::_getLastSymbolTableIndex()
                        0x00001b23    0x16  Code  Gb  interpret.o [1]
interpret::_programNodeType(unsigned int) const
                        0x00001b3d    0x14  Code  Gb  interpret.o [1]
interpret::_pushTemporarySymbolOnEvaluationStack(unsigned int)
                        0x00000bb1    0x82  Code  Gb  interpret.o [1]
interpret::_resetSymbolTableTemporaryBoundary()
                        0x00001ab9     0xa  Code  Gb  interpret.o [1]
interpret::_returnSymbolToAvailablePool(unsigned int)
                        0x00001a15    0x26  Code  Gb  interpret.o [1]
interpret::_updateProgramIndex(nodeType, int)
                        0x000006b5    0x5e  Code  Gb  interpret.o [1]
interpret::evaluateOperator(unsigned int)
                        0x00000869   0x348  Code  Gb  interpret.o [1]
interpret::getLowWaterMarkForTemporarySymbolSearch() const
                        0x00001b75     0x6  Code  Gb  interpret.o [1]
interpret::getStepper()
                        0x00000d2d     0x6  Code  Gb  interpret.o [1]
interpret::interpret()  0x000002bd    0x60  Code  Gb  interpret.o [1]
interpret::run()        0x0000031d   0x398  Code  Gb  interpret.o [1]
interpret::symbolFromIndex(int)
                        0x00001b59    0x1c  Code  Gb  interpret.o [1]
interpret::symbolTableIndexMorph(int)
                        0x000007e3    0x70  Code  Gb  interpret.o [1]
interpret::~interpret()
                        0x00005d59    0x44  Code  Gb  interpret.o [1]
interpretRun            0x00000285    0x38  Code  Gb  interpret.o [1]
interpreter             0x20003f48  0x14c0  Data  Gb  interpret.o [1]
interpreterRunBool      0x20005949     0x1  Data  Lc  interpret.o [1]
led::Off()              0x000026c9    0x1c  Code  Gb  interpret.o [1]
led::On()               0x000026ad    0x1c  Code  Gb  interpret.o [1]
led::_enable            0x20005948     0x1  Data  Gb  interpret.o [1]
led::enable()           0x00002ffd     0xc  Code  Gb  interpret.o [1]
led::enable(bool)       0x00000d61     0xc  Code  Gb  interpret.o [1]
led::led(bool)          0x000018d9    0x1e  Code  Gb  interpret.o [1]
led::set(unsigned int)  0x00001a9f    0x1a  Code  Gb  interpret.o [1]
led::~led()             0x00005d9d     0xe  Code  Gb  interpret.o [1]
main                    0x00005713   0x176  Code  Gb  usb_dev_serial.o [1]
mainA                   0x00001f73    0x3a  Code  Gb  main.o [1]
memcmp                  0x00002061          Code  Gb  memcmp.o [7]
memset                  0x00002211    0x16  Code  Gb  tasks.o [1]
next_abi_dtor_rec       0x2000593c     0x4  Data  Lc  cppinit.o [3]
out                     0x000026f5    0x16  Code  Lc  xreportassert.o [3]
parseTreeEntry::level() const
                        0x00001b51     0x4  Code  Gb  parseTreeEntry.o [1]
parseTreeEntry::parseTreeEntry()
                        0x00001ad9     0x6  Code  Gb  parseTreeEntry.o [1]
parseTreeEntry::parseTreeEntry(nodeType, int, unsigned int)
                        0x00001adf     0x8  Code  Gb  parseTreeEntry.o [1]
parseTreeEntry::type() const
                        0x00001959     0x4  Code  Gb  parseTreeEntry.o [1]
parseTreeEntry::value() const
                        0x00001b55     0x4  Code  Gb  parseTreeEntry.o [1]
parseTreeEntry::~parseTreeEntry()
                        0x00001ae7     0x2  Code  Gb  interpret.o [1]
prvAddCurrentTaskToDelayedList
                        0x0000139f    0x3e  Code  Lc  tasks.o [1]
prvAllocateTCBAndStack  0x000013ed    0x46  Code  Lc  tasks.o [1]
prvCheckTasksWaitingTermination
                        0x00001343    0x5c  Code  Lc  tasks.o [1]
prvDeleteTCB            0x0000143d    0x12  Code  Lc  tasks.o [1]
prvHeapInit             0x000021cb    0x2e  Code  Lc  heap_2.o [1]
prvIdleTask             0x00001295     0x8  Code  Lc  tasks.o [1]
prvInitialiseTCBVariables
                        0x0000129d    0x60  Code  Lc  tasks.o [1]
prvInitialiseTaskLists  0x000012fd    0x46  Code  Lc  tasks.o [1]
pui32Stack              0x2000594c   0x400  Data  Lc  startup_ewarm.o [1]
putchar                 0x00003009    0x28  Code  Gb  putchar.o [3]
pvPortMalloc            0x000020c5    0xc2  Code  Gb  heap_2.o [1]
pxCurrentTCB            0x200058f4     0x4  Data  Gb  tasks.o [1]
pxDelayedTaskList       0x200058f8     0x4  Data  Lc  tasks.o [1]
pxOverflowDelayedTaskList
                        0x200058fc     0x4  Data  Lc  tasks.o [1]
pxPortInitialiseStack   0x00001c8d    0x22  Code  Gb  port.o [1]
pxReadyTasksLists       0x20005718    0x64  Data  Lc  tasks.o [1]
sp                      0x200058f0     0x4  Data  Gb  stepper.o [1]
stepper::_timer()       0x000025f1     0x6  Code  Gb  stepper.o [1]
stepper::_timer(unsigned long)
                        0x000025a5    0x1c  Code  Gb  stepper.o [1]
stepper::_timerStart(bool)
                        0x0000187d    0x4e  Code  Gb  stepper.o [1]
stepper::directionPositive(bool)
                        0x00002475    0x30  Code  Gb  stepper.o [1]
stepper::enable()       0x00002633    0x12  Code  Gb  stepper.o [1]
stepper::isr()          0x0000167d   0x200  Code  Gb  stepper.o [1]
stepper::moveAbsolute(int)
                        0x00001513   0x156  Code  Gb  stepper.o [1]
stepper::moveRelative(int)
                        0x00001669    0x14  Code  Gb  stepper.o [1]
stepper::step()         0x00002539    0x3c  Code  Gb  stepper.o [1]
stepper::stepper()      0x000014ed    0x26  Code  Gb  stepper.o [1]
stepper::~stepper()     0x00005dab     0xe  Code  Gb  interpret.o [1]
stepperISR              0x000014c5    0x28  Code  Gb  stepper.o [1]
symbolTableEntry::dumpEntry()
                        0x00001a8d     0x2  Code  Gb  symbolTableEntry.o [1]
symbolTableEntry::fcnLink() const
                        0x00001a9b     0x4  Code  Gb  symbolTableEntry.o [1]
symbolTableEntry::fcnLink(int)
                        0x000027c5     0x4  Code  Gb  symbolTableEntry.o [1]
symbolTableEntry::operator =(const symbolTableEntry&)
                        0x00001a53    0x3a  Code  Gb  symbolTableEntry.o [1]
symbolTableEntry::symbolTableEntry()
                        0x00001a3b     0xe  Code  Gb  symbolTableEntry.o [1]
symbolTableEntry::symbolTableEntry(nodeType, int)
                        0x00001a49     0xa  Code  Gb  symbolTableEntry.o [1]
symbolTableEntry::type() const
                        0x00001b39     0x4  Code  Gb  symbolTableEntry.o [1]
symbolTableEntry::type(nodeType)
                        0x00001af7     0x4  Code  Gb  symbolTableEntry.o [1]
symbolTableEntry::value() const
                        0x000019c3     0x4  Code  Gb  symbolTableEntry.o [1]
symbolTableEntry::value(int)
                        0x00001a97     0x4  Code  Gb  symbolTableEntry.o [1]
symbolTableEntry::~symbolTableEntry()
                        0x00001a8f     0x2  Code  Gb  interpret.o [1]
tinyQueue<int>::empty() const
                        0x000018f7    0x16  Code  Gb  interpret.o [1]
tinyQueue<int>::front() const
                        0x000019cd     0xa  Code  Gb  interpret.o [1]
tinyQueue<int>::peekAtIndex(unsigned int) const
                        0x000019bd     0x6  Code  Gb  interpret.o [1]
tinyQueue<int>::pop_front()
                        0x00001afb    0x28  Code  Gb  interpret.o [1]
tinyQueue<int>::push_front(int)
                        0x00001989    0x34  Code  Gb  interpret.o [1]
tinyQueue<int>::size() const
                        0x000026e5    0x10  Code  Gb  interpret.o [1]
tinyQueue<int>::spaceAvail() const
                        0x0000279b    0x2a  Code  Gb  interpret.o [1]
tinyQueue<int>::stackFrameIndex() const
                        0x00001a91     0x6  Code  Gb  interpret.o [1]
tinyQueue<int>::stackFrameIndex(unsigned int)
                        0x000019c7     0x6  Code  Gb  interpret.o [1]
tinyQueue<int>::tinyQueue()
                        0x00001495     0xe  Code  Gb  interpret.o [1]
tinyQueue<int>::~tinyQueue()
                        0x00005db9     0x2  Code  Gb  interpret.o [1]
uDMAChannelAttributeDisable
                        0x00004a61    0x26  Code  Gb  udma.o [5]
uDMAChannelControlSet   0x00004a87    0x18  Code  Gb  udma.o [5]
uDMAChannelDisable      0x00004a51    0x10  Code  Gb  udma.o [5]
uDMAChannelEnable       0x00004a41    0x10  Code  Gb  udma.o [5]
uDMAChannelModeGet      0x00004b1d    0x28  Code  Gb  udma.o [5]
uDMAChannelTransferSet  0x00004a9f    0x7e  Code  Gb  udma.o [5]
uDMAUSBArbSizeSet       0x00004525    0x60  Code  Lc  usbdma.o [9]
uDMAUSBChannelAllocate  0x000043db    0xa6  Code  Lc  usbdma.o [9]
uDMAUSBChannelDisable   0x000042c3    0x46  Code  Lc  usbdma.o [9]
uDMAUSBChannelEnable    0x00004271    0x52  Code  Lc  usbdma.o [9]
uDMAUSBChannelIntDisable
                        0x00004317     0x2  Code  Lc  usbdma.o [9]
uDMAUSBChannelIntEnable
                        0x00004315     0x2  Code  Lc  usbdma.o [9]
uDMAUSBChannelRelease   0x00004481    0x5a  Code  Lc  usbdma.o [9]
uDMAUSBChannelStatus    0x000041e5    0x24  Code  Lc  usbdma.o [9]
uDMAUSBIntStatus        0x00004209    0x2a  Code  Lc  usbdma.o [9]
uDMAUSBTransfer         0x00004319    0xa6  Code  Lc  usbdma.o [9]
uDMAUSBUnitSizeSet      0x000044db    0x4a  Code  Lc  usbdma.o [9]
ucHeap                  0x200000c8  0x3e80  Data  Lc  heap_2.o [1]
ulPortSetInterruptMask  0x00001e6b          Code  Gb  portasm.o [1]
uxCriticalNesting       0x200000c0     0x4  Data  Lc  port.o [1]
uxCurrentNumberOfTasks  0x20005904     0x4  Data  Lc  tasks.o [1]
uxListRemove            0x00001df7    0x2a  Code  Gb  list.o [1]
uxPendedTicks           0x20005918     0x4  Data  Lc  tasks.o [1]
uxSchedulerSuspended    0x20005914     0x4  Data  Lc  tasks.o [1]
uxTaskNumber            0x20005924     0x4  Data  Lc  tasks.o [1]
uxTasksDeleted          0x20005900     0x4  Data  Lc  tasks.o [1]
uxTopReadyPriority      0x2000590c     0x4  Data  Lc  tasks.o [1]
vApplicationStackOverflowHook
                        0x0000205f     0x2  Code  Gb  main.o [1]
vApplicationTickHook    0x0000205d     0x2  Code  Gb  main.o [1]
vIdleTask               0x00001fd1    0x28  Code  Lc  main.o [1]
vLEDOnTask              0x0000201d    0x14  Code  Lc  main.o [1]
vListInitialise         0x00001d7d    0x1e  Code  Gb  list.o [1]
vListInitialiseItem     0x00001d9b     0x6  Code  Gb  list.o [1]
vListInsert             0x00001dbb    0x3c  Code  Gb  list.o [1]
vListInsertEnd          0x00001da1    0x1a  Code  Gb  list.o [1]
vPortClearInterruptMask
                        0x00001e79          Code  Gb  portasm.o [1]
vPortEnableVFP          0x00001ea5          Code  Gb  portasm.o [1]
vPortEnterCritical      0x00001cfd    0x1a  Code  Gb  port.o [1]
vPortExitCritical       0x00001d17    0x1c  Code  Gb  port.o [1]
vPortFree               0x00002187    0x44  Code  Gb  heap_2.o [1]
vPortSVCHandler         0x00001e7f          Code  Gb  portasm.o [1]
vPortSetupTimerInterrupt
                        0x00001d53    0x10  Code  Wk  port.o [1]
vPortStartFirstTask     0x00001e97          Code  Gb  portasm.o [1]
vPortYield              0x00001ceb    0x12  Code  Gb  port.o [1]
vSetupHighFrequencyTimer
                        0x00001f2d    0x46  Code  Gb  main.o [1]
vStartIdleTask          0x00001fad    0x22  Code  Gb  main.o [1]
vStartLEDOnTasks        0x00001ff9    0x24  Code  Gb  main.o [1]
vTaskDelay              0x00000f0d    0x3c  Code  Gb  tasks.o [1]
vTaskDelayUntil         0x00000e9d    0x70  Code  Gb  tasks.o [1]
vTaskStartScheduler     0x00000f49    0x42  Code  Gb  tasks.o [1]
vTaskSuspendAll         0x00000f8b    0x10  Code  Gb  tasks.o [1]
vTaskSwitchContext      0x000011db    0xba  Code  Gb  tasks.o [1]
xDelayedTaskList1       0x20005874    0x14  Data  Lc  tasks.o [1]
xDelayedTaskList2       0x20005888    0x14  Data  Lc  tasks.o [1]
xEnd                    0x200058e0     0x8  Data  Lc  heap_2.o [1]
xFreeBytesRemaining     0x200000bc     0x4  Data  Lc  heap_2.o [1]
xNextTaskUnblockTime    0x200000c4     0x4  Data  Lc  tasks.o [1]
xNumOfOverflows         0x20005920     0x4  Data  Lc  tasks.o [1]
xPendingReadyList       0x2000589c    0x14  Data  Lc  tasks.o [1]
xPortPendSVHandler      0x00001e21          Code  Gb  portasm.o [1]
xPortStartScheduler     0x00001caf    0x3c  Code  Gb  port.o [1]
xPortSysTickHandler     0x00001d33    0x20  Code  Gb  port.o [1]
xSchedulerRunning       0x20005910     0x4  Data  Lc  tasks.o [1]
xStart                  0x200058d8     0x8  Data  Lc  heap_2.o [1]
xSuspendedTaskList      0x200058c4    0x14  Data  Lc  tasks.o [1]
xTaskGenericCreate      0x00000d6d   0x130  Code  Gb  tasks.o [1]
xTaskGetTickCount       0x0000107b    0x16  Code  Gb  tasks.o [1]
xTaskIncrementTick      0x00001091   0x14a  Code  Gb  tasks.o [1]
xTaskResumeAll          0x00000f9b    0xe0  Code  Gb  tasks.o [1]
xTaskWakeTime           0x200058ec     0x4  Data  Lc  interpret.o [1]
xTasksWaitingTermination
                        0x200058b0    0x14  Data  Lc  tasks.o [1]
xTickCount              0x20005908     0x4  Data  Lc  tasks.o [1]
xYieldPending           0x2000591c     0x4  Data  Lc  tasks.o [1]


[1] = C:\dev\docs\scottdesign\motor\Debug\Obj
[2] = command line
[3] = dl7M_tln.a
[4] = dlpp7M_tl_ne.a
[5] = driverlib.a
[6] = m7M_tlv.a
[7] = rt7M_tl.a
[8] = shb_l.a
[9] = usblib.a

  23 406 bytes of readonly  code memory
   1 662 bytes of readonly  data memory
  24 280 bytes of readwrite data memory

Errors: none
Warnings: none
