###############################################################################
#                                                                             #
# IAR ELF Linker V6.40.1.53790/W32 for ARM              18/Oct/2013  07:46:36 #
# Copyright 2007-2012 IAR Systems AB.                                         #
#                                                                             #
#    Output file  =  C:\dev\docs\scottdesign\motor\Debug\Exe\motorTiva.out    #
#    Map file     =  C:\dev\docs\scottdesign\motor\Debug\List\motorTiva.map   #
#    Command line =  C:\dev\docs\scottdesign\motor\Debug\Obj\accel.o          #
#                    C:\dev\docs\scottdesign\motor\Debug\Obj\flashio.o        #
#                    C:\dev\docs\scottdesign\motor\Debug\Obj\heap_2.o         #
#                    C:\dev\docs\scottdesign\motor\Debug\Obj\interpret.o      #
#                    C:\dev\docs\scottdesign\motor\Debug\Obj\list.o           #
#                    C:\dev\docs\scottdesign\motor\Debug\Obj\main.o           #
#                    C:\dev\docs\scottdesign\motor\Debug\Obj\parseTreeEntry.o #
#                     C:\dev\docs\scottdesign\motor\Debug\Obj\port.o          #
#                    C:\dev\docs\scottdesign\motor\Debug\Obj\portasm.o        #
#                    C:\dev\docs\scottdesign\motor\Debug\Obj\queue.o          #
#                    C:\dev\docs\scottdesign\motor\Debug\Obj\startup_ewarm.o  #
#                    C:\dev\docs\scottdesign\motor\Debug\Obj\stepper.o        #
#                    C:\dev\docs\scottdesign\motor\Debug\Obj\symbolTableEntry #
#                    .o C:\dev\docs\scottdesign\motor\Debug\Obj\tasks.o       #
#                    C:\dev\docs\scottdesign\motor\Debug\Obj\uartstdio.o      #
#                    C:\dev\docs\scottdesign\motor\Debug\Obj\usb_dev_serial.o #
#                     C:\dev\docs\scottdesign\motor\Debug\Obj\usb_serial_stru #
#                    cts.o C:\dev\docs\scottdesign\motor\Debug\Obj\ustdlib.o  #
#                    C:\ti\TivaWare_C_Series-1.0\driverlib\ewarm\Exe\driverli #
#                    b.a C:\ti\TivaWare_C_Series-1.0\usblib\ewarm\Exe\usblib. #
#                    a --redirect _Printf=_PrintfTiny --redirect              #
#                    _Scanf=_ScanfSmall -o C:\dev\docs\scottdesign\motor\Debu #
#                    g\Exe\motorTiva.out --map C:\dev\docs\scottdesign\motor\ #
#                    Debug\List\motorTiva.map --config                        #
#                    C:\dev\docs\scottdesign\motor\motorTiva.icf              #
#                    --semihosting --entry __iar_program_start --vfe          #
#                                                                             #
#                                                                             #
###############################################################################

*******************************************************************************
*** RUNTIME MODEL ATTRIBUTES
***

CppFlavor                     = *
__CPP_Language                = EC++
__Heap_Handler                = Basic
__SystemLibrary               = DLib
__dlib_dynamic_initialization = normal


*******************************************************************************
*** PLACEMENT SUMMARY
***

"A1":  place at start of [0x00000000-0x0000ffff] { ro section .intvec };
"P1":  place in [from 0x00000000 to 0x0000ffff] { ro };
"P2":  place in [from 0x20000000 to 0x20005fff] { rw, block HEAP };

  Section             Kind        Address    Size  Object
  -------             ----        -------    ----  ------
"A1":                                       0x26c
  .intvec             const    0x00000000   0x26c  startup_ewarm.o [1]
                             - 0x0000026c   0x26c

"P1":                                      0x7680
  .text               ro code  0x0000026c   0xfa8  interpret.o [1]
  .text               ro code  0x00001214    0x50  cxxabi.o [4]
  .text               ro code  0x00001264     0x6  interpret.o [1]
  .text               ro code  0x0000126a    0x2e  copy_init3.o [7]
  .text               ro code  0x00001298   0x3b0  stepper.o [1]
  .text               ro code  0x00001648    0x10  interpret.o [1]
  .text               ro code  0x00001658    0x20  interpret.o [1]
  .text               ro code  0x00001678     0xc  interpret.o [1]
  .text               ro code  0x00001684   0x7c8  tasks.o [1]
  .text               ro code  0x00001e4c    0x36  strlen.o [7]
  .text               ro code  0x00001e82    0x22  zero_init3.o [7]
  .text               ro code  0x00001ea4   0x18e  main.o [1]
  .text               ro code  0x00002032    0x1e  xsscin.o [3]
  .text               ro code  0x00002050    0x42  strcmp.o [7]
  .text               ro code  0x00002092     0xa  interpret.o [1]
  .text               ro code  0x0000209c    0x30  interpret.o [1]
  .text               ro code  0x000020cc    0x2a  interpret.o [1]
  .text               ro code  0x000020f6     0xc  interpret.o [1]
  .text               ro code  0x00002102     0x2  interpret.o [1]
  .text               ro code  0x00002104    0x10  interpret.o [1]
  .text               ro code  0x00002114    0x24  sscanf.o [3]
  .text               ro code  0x00002138    0x58  parseTreeEntry.o [1]
  .text               ro code  0x00002190     0x4  parseTreeEntry.o [1]
  .text               ro code  0x00002194     0x4  parseTreeEntry.o [1]
  .text               ro code  0x00002198     0x4  parseTreeEntry.o [1]
  .text               ro code  0x0000219c     0x4  parseTreeEntry.o [1]
  .text               ro code  0x000021a0     0x2  interpret.o [1]
  .text               ro code  0x000021a2    0x54  symbolTableEntry.o [1]
  .text               ro code  0x000021f6     0x4  symbolTableEntry.o [1]
  .text               ro code  0x000021fa     0x4  symbolTableEntry.o [1]
  .text               ro code  0x000021fe     0x4  symbolTableEntry.o [1]
  .text               ro code  0x00002202     0x2  interpret.o [1]
  .text               ro code  0x00002204     0xc  interpret.o [1]
  .text               ro code  0x00002210     0x2  flashio.o [1]
  .text               ro code  0x00002212     0xe  interpret.o [1]
  .text               ro code  0x00002220    0x1e  interpret.o [1]
  .text               ro code  0x0000223e    0x16  interpret.o [1]
  .text               ro code  0x00002254    0x4c  xassert.o [3]
  .text               ro code  0x000022a0     0x4  parseTreeEntry.o [1]
  .text               ro code  0x000022a4    0x16  interpret.o [1]
  .text               ro code  0x000022ba    0x16  interpret.o [1]
  .text               ro code  0x000022d0    0x34  interpret.o [1]
  .text               ro code  0x00002304     0x6  interpret.o [1]
  .text               ro code  0x0000230a     0x4  symbolTableEntry.o [1]
  .text               ro code  0x0000230e     0x6  interpret.o [1]
  .text               ro code  0x00002314     0xa  interpret.o [1]
  .rodata             const    0x0000231e     0x2  heap_2.o [1]
  .text               ro code  0x00002320    0x3c  interpret.o [1]
  .text               ro code  0x0000235c    0x26  interpret.o [1]
  .text               ro code  0x00002382     0x6  interpret.o [1]
  .text               ro code  0x00002388     0x4  symbolTableEntry.o [1]
  .text               ro code  0x0000238c    0x14  interpret.o [1]
  .text               ro code  0x000023a0    0x1a  interpret.o [1]
  .text               ro code  0x000023ba     0xa  interpret.o [1]
  .text               ro code  0x000023c4    0x16  interpret.o [1]
  .text               ro code  0x000023da     0xe  interpret.o [1]
  .text               ro code  0x000023e8    0x28  interpret.o [1]
  .text               ro code  0x00002410    0x16  interpret.o [1]
  .text               ro code  0x00002426     0x4  symbolTableEntry.o [1]
  .text               ro code  0x0000242a    0x14  interpret.o [1]
  .text               ro code  0x0000243e     0x4  parseTreeEntry.o [1]
  .text               ro code  0x00002442     0x4  parseTreeEntry.o [1]
  .text               ro code  0x00002446    0x1c  interpret.o [1]
  .text               ro code  0x00002462     0x6  interpret.o [1]
  .text               ro code  0x00002468    0x76  ABImemcpy.o [7]
  .text               ro code  0x000024de     0x2  interpret.o [1]
  .text               ro code  0x000024e0    0x98  cppinit.o [3]
  .text               ro code  0x00002578   0x36c  accel.o [1]
  .text               ro code  0x000028e4    0x30  stepper.o [1]
  .text               ro code  0x00002914     0x6  stepper.o [1]
  .text               ro code  0x0000291a    0x22  stepper.o [1]
  .text               ro code  0x0000293c    0x26  stepper.o [1]
  .text               ro code  0x00002964    0x28  stepper.o [1]
  .text               ro code  0x0000298c    0x26  stepper.o [1]
  .text               ro code  0x000029b4    0x18  stepper.o [1]
  .text               ro code  0x000029cc     0x6  stepper.o [1]
  .text               ro code  0x000029d4    0x3c  stepper.o [1]
  .text               ro code  0x00002a10    0x32  stepper.o [1]
  .text               ro code  0x00002a44    0x90  stepper.o [1]
  .text               ro code  0x00002ad4    0x1c  stepper.o [1]
  .text               ro code  0x00002af0    0x32  stepper.o [1]
  .text               ro code  0x00002b22    0x16  stepper.o [1]
  .text               ro code  0x00002b38   0x100  stepper.o [1]
  .text               ro code  0x00002c38    0x32  stepper.o [1]
  .text               ro code  0x00002c6a    0x16  stepper.o [1]
  .text               ro code  0x00002c80     0x6  stepper.o [1]
  .text               ro code  0x00002c86    0x18  stepper.o [1]
  .text               ro code  0x00002c9e    0x12  stepper.o [1]
  .text               ro code  0x00002cb0    0x14  stepper.o [1]
  .text               ro code  0x00002cc4    0x66  timer.o [5]
  .text               ro code  0x00002d2a    0x10  stepper.o [1]
  .text               ro code  0x00002d3c    0x28  stepper.o [1]
  .text               ro code  0x00002d64    0x14  interpret.o [1]
  .text               ro code  0x00002d78   0x158  port.o [1]
  .text               ro code  0x00002ed0    0xa4  list.o [1]
  CODE                ro code  0x00002f74    0xa0  portasm.o [1]
  .text               ro code  0x00003014    0x62  memcmp.o [7]
  .text               ro code  0x00003078   0x14c  heap_2.o [1]
  .text               ro code  0x000031c4    0x16  tasks.o [1]
  .text               ro code  0x000031da   0x24c  usbbuffer.o [9]
  .text               ro code  0x00003428     0x6  gpio.o [5]
  .text               ro code  0x00003430    0x74  sysctl.o [5]
  .text               ro code  0x000034a4   0x214  interrupt.o [5]
  .text               ro code  0x000036b8    0x2c  strstr.o [3]
  .text               ro code  0x000036e4   0x504  xscanfsmall.o [3]
  .text               ro code  0x00003be8     0x4  parseTreeEntry.o [1]
  .text               ro code  0x00003bec    0x1c  interpret.o [1]
  .text               ro code  0x00003c08    0x1c  interpret.o [1]
  .text               ro code  0x00003c24    0x10  interpret.o [1]
  .text               ro code  0x00003c34    0xa0  xreportassert.o [3]
  .text               ro code  0x00003cd4     0x6  abort.o [3]
  .text               ro code  0x00003cda    0x2a  interpret.o [1]
  .text               ro code  0x00003d04     0x6  accel.o [1]
  .text               ro code  0x00003d0a     0x6  accel.o [1]
  .text               ro code  0x00003d10    0x18  stepper.o [1]
  .text               ro code  0x00003d28    0x18  stepper.o [1]
  .text               ro code  0x00003d40    0x4e  FltToDbl.o [6]
  .text               ro code  0x00003d90    0xe8  DblAdd.o [6]
  .text               ro code  0x00003e78    0x90  DblToFlt.o [6]
  .text               ro code  0x00003f08    0x2c  stepper.o [1]
  .text               ro code  0x00003f34    0x2c  I32ToDbl.o [6]
  .text               ro code  0x00003f60   0x1a2  DblMul.o [6]
  .text               ro code  0x00004104   0x246  DblDiv.o [6]
  .text               ro code  0x0000434c    0x50  expf.o [6]
  .text               ro code  0x0000439c    0x1a  stepper.o [1]
  .text               ro code  0x000043b6     0x6  stepper.o [1]
  .text               ro code  0x000043bc    0x26  interpret.o [1]
  .text               ro code  0x000043e4    0x66  ABImemset.o [7]
  .text               ro code  0x0000444a   0x152  usbringbuf.o [9]
  .text               ro code  0x0000459c    0x10  cpu.o [5]
  .text               ro code  0x000045ac    0x16  strchr.o [7]
  .text               ro code  0x000045c2    0x86  xstol.o [3]
  .text               ro code  0x00004648   0x174  xstoul.o [3]
  .text               ro code  0x000047bc     0xc  interpret.o [1]
  .text               ro code  0x000047c8    0x28  putchar.o [3]
  .text               ro code  0x000047f0    0x14  exit.o [8]
  .text               ro code  0x00004804   0x16c  DblSub.o [6]
  .text               ro code  0x00004970   0x21c  xfexp.o [6]
  .text               ro code  0x00004b8c     0xe  interpret.o [1]
  .text               ro code  0x00004b9c     0xc  errno.o [3]
  .text               ro code  0x00004ba8    0x58  memchr.o [7]
  .text               ro code  0x00004c00    0x10  write.o [8]
  .text               ro code  0x00004c10    0x6c  iarttio.o [8]
  .text               ro code  0x00004c7c    0xc8  xfdscale.o [6]
  .text               ro code  0x00004d44     0x2  xtls.o [3]
  .text               ro code  0x00004d46    0x1e  dwrite.o [8]
  .text               ro code  0x00004d64     0x8  XShttio.o [3]
  .text               ro code  0x00004d6c    0x26  xfdnorm.o [6]
  .text               ro code  0x00004d92    0x20  iarwstd.o [8]
  .text               ro code  0x00004db2    0x22  iarwrite.o [8]
  .text               ro code  0x00004dd4   0x96c  usbdenum.o [9]
  .text               ro code  0x00005740   0x3f6  usb.o [5]
  .text               ro code  0x00005b38   0x478  usbdma.o [9]
  .text               ro code  0x00005fb0    0x6c  usbtick.o [9]
  .text               ro code  0x0000601c   0x150  usbdcdesc.o [9]
  .text               ro code  0x0000616c   0x228  usbdconfig.o [9]
  .text               ro code  0x00006394   0x11c  udma.o [5]
  .text               ro code  0x000064b0    0x54  usbdesc.o [9]
  .text               ro code  0x00006504   0x750  usbdcdc.o [9]
  .text               ro code  0x00006c54   0x56c  usb_dev_serial.o [1]
  .text               ro code  0x000071c0    0x1c  usbmode.o [9]
  .rodata             const    0x000071dc    0x6c  usbdcdc.o [9]
  .text               ro code  0x00007248    0x4c  interpret.o [1]
  .text               ro code  0x00007294     0xe  interpret.o [1]
  .text               ro code  0x000072a2    0x16  interpret.o [1]
  .text               ro code  0x000072b8     0x2  interpret.o [1]
  .text               ro code  0x000072ba     0x2  interpret.o [1]
  .text               ro code  0x000072bc     0x2  interpret.o [1]
  .rodata             const    0x000072c0    0x48  interpret.o [1]
  .rodata             const    0x00007308    0x38  usb_serial_structs.o [1]
  .rodata             const    0x00007340    0x30  interpret.o [1]
  .rodata             const    0x00007370    0x2c  interpret.o [1]
  .rodata             const    0x0000739c    0x2c  interpret.o [1]
  .rodata             const    0x000073c8    0x2c  usb_serial_structs.o [1]
  .rodata             const    0x000073f4    0x28  main.o [1]
  .rodata             const    0x0000741c    0x28  stepper.o [1]
  .rodata             const    0x00007444    0x28  stepper.o [1]
  .text               ro code  0x0000746c    0x28  data_init3.o [7]
  .rodata             const    0x00007494    0x24  usb_serial_structs.o [1]
  .rodata             const    0x000074b8    0x24  usb_serial_structs.o [1]
  .rodata             const    0x000074dc    0x24  usb_serial_structs.o [1]
  .rodata             const    0x00007500    0x24  usb_serial_structs.o [1]
  .iar.init_table     const    0x00007524    0x28  - Linker created -
  .rodata             const    0x0000754c    0x20  interpret.o [1]
  .rodata             const    0x0000756c    0x20  interpret.o [1]
  .text               ro code  0x0000758c    0x20  cmain_call_ctors.o [7]
  .text               ro code  0x000075ac    0x1e  startup_ewarm.o [1]
  .text               ro code  0x000075ca     0xc  cstartup_M.o [7]
  .text               ro code  0x000075d8    0x1a  fpinit_M.o [6]
  .text               ro code  0x000075f4    0x16  cmain.o [7]
  .text               ro code  0x0000760a     0x4  low_level_init.o [3]
  .text               ro code  0x0000760e     0x4  exit.o [3]
  .text               ro code  0x00007614     0xe  cexit.o [7]
  .rodata             const    0x00007624    0x1c  interpret.o [1]
  .rodata             const    0x00007640    0x18  stepper.o [1]
  .rodata             const    0x00007658    0x18  stepper.o [1]
  .rodata             const    0x00007670    0x18  usb_serial_structs.o [1]
  .text               ro code  0x00007688    0x18  usbdhandler.o [9]
  .rodata             const    0x000076a0    0x14  tasks.o [1]
  .rodata             const    0x000076b4    0x14  usb_serial_structs.o [1]
  .rodata             const    0x000076c8    0x10  interpret.o [1]
  .rodata             const    0x000076d8    0x10  interpret.o [1]
  .rodata             const    0x000076e8    0x10  usb_dev_serial.o [1]
  .rodata             const    0x000076f8     0xc  interpret.o [1]
  .rodata             const    0x00007704     0xc  interpret.o [1]
  .rodata             const    0x00007710     0xc  interpret.o [1]
  .rodata             const    0x0000771c     0xc  interpret.o [1]
  .rodata             const    0x00007728     0xc  interpret.o [1]
  .rodata             const    0x00007734     0xc  interpret.o [1]
  .rodata             const    0x00007740     0xc  interpret.o [1]
  .rodata             const    0x0000774c     0xc  interpret.o [1]
  .rodata             const    0x00007758     0xc  interpret.o [1]
  .rodata             const    0x00007764     0xc  main.o [1]
  .rodata             const    0x00007770     0xc  usb_dev_serial.o [1]
  .rodata             const    0x0000777c     0x8  interpret.o [1]
  .rodata             const    0x00007784     0x8  interpret.o [1]
  .rodata             const    0x0000778c     0x8  interpret.o [1]
  .rodata             const    0x00007794     0x8  interpret.o [1]
  .rodata             const    0x0000779c     0x8  interpret.o [1]
  .rodata             const    0x000077a4     0x8  interpret.o [1]
  .rodata             const    0x000077ac     0x8  interpret.o [1]
  .rodata             const    0x000077b4     0x8  interpret.o [1]
  .rodata             const    0x000077bc     0x8  interpret.o [1]
  .rodata             const    0x000077c4     0x8  interpret.o [1]
  .rodata             const    0x000077cc     0x8  interpret.o [1]
  .rodata             const    0x000077d4     0x8  interpret.o [1]
  .rodata             const    0x000077dc     0x8  interpret.o [1]
  .rodata             const    0x000077e4     0x8  interpret.o [1]
  .rodata             const    0x000077ec     0x8  interpret.o [1]
  .rodata             const    0x000077f4     0x8  interpret.o [1]
  .rodata             const    0x000077fc     0x8  main.o [1]
  .rodata             const    0x00007804     0x8  main.o [1]
  .rodata             const    0x0000780c     0x8  tasks.o [1]
  .rodata             const    0x00007814     0x4  usb_serial_structs.o [1]
  SHT$$PREINIT_ARRAY           0x00007818     0x0  <Block>
  SHT$$INIT_ARRAY              0x00007818     0x4  <Block>
    .init_array       const    0x00007818     0x4  interpret.o [1]
  .text               ro code  0x0000781c     0x0  cstart_call_dtors.o [7]
  .rodata             const    0x0000781c     0x0  zero_init3.o [7]
  .rodata             const    0x0000781c     0x0  copy_init3.o [7]
  Initializer bytes   ro data  0x0000781c    0xd0  <for P2 s0>
                             - 0x000078ec  0x7680

"P2", part 1 of 3:                           0xd0
  P2 s0                        0x20000000    0xd0  <Init block>
    .data             inited   0x20000000    0x60  usb_serial_structs.o [1]
    .data             inited   0x20000060    0x20  usbdcdc.o [9]
    .data             inited   0x20000080    0x10  usbdcdc.o [9]
    .data             inited   0x20000090    0x10  usbmode.o [9]
    .data             inited   0x200000a0     0xc  usbdcdc.o [9]
    .data             inited   0x200000ac     0x8  usbdcdc.o [9]
    .data             inited   0x200000b4     0x8  XShttio.o [3]
    .data             inited   0x200000bc     0x4  heap_2.o [1]
    .data             inited   0x200000c0     0x4  interpret.o [1]
    .data             inited   0x200000c4     0x4  interpret.o [1]
    .data             inited   0x200000c8     0x4  port.o [1]
    .data             inited   0x200000cc     0x4  tasks.o [1]
                             - 0x200000d0    0xd0

"P2", part 2 of 3:                         0x48ac
  .bss                zero     0x200000d0  0x2ee0  heap_2.o [1]
  .bss                zero     0x20002fb0  0x1320  interpret.o [1]
  .bss                zero     0x200042d0   0x110  usbdma.o [9]
  .bss                zero     0x200043e0   0x108  interpret.o [1]
  .bss                zero     0x200044e8   0x100  usb_serial_structs.o [1]
  .bss                zero     0x200045e8   0x100  usb_serial_structs.o [1]
  .bss                zero     0x200046e8    0x64  tasks.o [1]
  .bss                zero     0x2000474c    0x50  usbdenum.o [9]
  .bss                zero     0x2000479c    0x40  usbdenum.o [9]
  .bss                zero     0x200047dc    0x38  usbtick.o [9]
  .bss                zero     0x20004814    0x20  interpret.o [1]
  .bss                zero     0x20004834    0x20  interpret.o [1]
  .bss                zero     0x20004854    0x18  usb_serial_structs.o [1]
  .bss                zero     0x2000486c    0x18  usb_serial_structs.o [1]
  .bss                zero     0x20004884    0x14  tasks.o [1]
  .bss                zero     0x20004898    0x14  tasks.o [1]
  .bss                zero     0x200048ac    0x14  tasks.o [1]
  .bss                zero     0x200048c0    0x14  tasks.o [1]
  .bss                zero     0x200048d4    0x14  tasks.o [1]
  .bss                zero     0x200048e8     0x8  heap_2.o [1]
  .bss                zero     0x200048f0     0x8  heap_2.o [1]
  .bss                zero     0x200048f8     0x4  heap_2.o [1]
  .bss                zero     0x200048fc     0x4  interpret.o [1]
  .bss                zero     0x20004900     0x4  interpret.o [1]
  .bss                zero     0x20004904     0x4  interpret.o [1]
  .bss                zero     0x20004908     0x4  interpret.o [1]
  .bss                zero     0x2000490c     0x4  interpret.o [1]
  .bss                zero     0x20004910     0x4  interpret.o [1]
  .bss                zero     0x20004914     0x4  interpret.o [1]
  .bss                zero     0x20004918     0x4  port.o [1]
  .bss                zero     0x2000491c     0x4  stepper.o [1]
  .bss                zero     0x20004920     0x4  tasks.o [1]
  .bss                zero     0x20004924     0x4  tasks.o [1]
  .bss                zero     0x20004928     0x4  tasks.o [1]
  .bss                zero     0x2000492c     0x4  tasks.o [1]
  .bss                zero     0x20004930     0x4  tasks.o [1]
  .bss                zero     0x20004934     0x4  tasks.o [1]
  .bss                zero     0x20004938     0x4  tasks.o [1]
  .bss                zero     0x2000493c     0x4  tasks.o [1]
  .bss                zero     0x20004940     0x4  tasks.o [1]
  .bss                zero     0x20004944     0x4  tasks.o [1]
  .bss                zero     0x20004948     0x4  tasks.o [1]
  .bss                zero     0x2000494c     0x4  tasks.o [1]
  .bss                zero     0x20004950     0x4  tasks.o [1]
  .bss                zero     0x20004954     0x4  usb_dev_serial.o [1]
  .bss                zero     0x20004958     0x4  usb_dev_serial.o [1]
  .bss                zero     0x2000495c     0x4  usb_dev_serial.o [1]
  .bss                zero     0x20004960     0x4  usb_dev_serial.o [1]
  .bss                zero     0x20004964     0x4  usbtick.o [9]
  .bss                zero     0x20004968     0x4  cppinit.o [3]
  .bss                zero     0x2000496c     0x4  cppinit.o [3]
  __DLIB_PERTHREAD    zero     0x20004970     0x4  errno.o [3]
  .bss                zero     0x20004974     0x1  interpret.o [1]
  .bss                zero     0x20004975     0x1  interpret.o [1]
  .bss                zero     0x20004976     0x1  interpret.o [1]
  .bss                zero     0x20004977     0x1  port.o [1]
  .bss                zero     0x20004978     0x1  usb_dev_serial.o [1]
  .bss                zero     0x20004979     0x1  usb_dev_serial.o [1]
                             - 0x2000497a  0x48aa

"P2", part 3 of 3:                          0x5b0
  .noinit             uninit   0x2000497c   0x400  startup_ewarm.o [1]
  .iar.dynexit                 0x20004d7c   0x1b0  <Block>
    .iar.dynexit      uninit   0x20004d7c     0xc  cppinit.o [3]
    .iar.dynexit      uninit   0x20004d88   0x1a4  <Block tail>
                             - 0x20004f2c   0x5b0


*******************************************************************************
*** INIT TABLE
***

          Address     Size
          -------     ----
Zero (__iar_zero_init3)
    1 destination range, total size 0x48aa:
          0x200000d0  0x48aa

Copy (__iar_copy_init3)
    1 source range, total size 0xd0:
          0x0000781c    0xd0
    1 destination range, total size 0xd0:
          0x20000000    0xd0

Extra (__iar_cstart_call_ctors)



*******************************************************************************
*** MODULE SUMMARY
***

    Module                ro code  ro data  rw data
    ------                -------  -------  -------
C:\dev\docs\scottdesign\motor\Debug\Obj: [1]
    accel.o                   888
    flashio.o                   2
    heap_2.o                  332        6   12 024
    interpret.o             5 034      580    5 263
    list.o                    164
    main.o                    398       68
    parseTreeEntry.o          120
    port.o                    344        4        9
    portasm.o                 160
    startup_ewarm.o            30      620    1 024
    stepper.o               2 108      128        4
    symbolTableEntry.o        108
    tasks.o                 2 014       32      256
    usb_dev_serial.o        1 388       28       18
    usb_serial_structs.o               388      656
    -----------------------------------------------
    Total:                 13 090    1 854   19 254

command line: [2]
    -----------------------------------------------
    Total:

dl7M_tln.a: [3]
    XShttio.o                   8        8        8
    abort.o                     6
    cppinit.o                 152                20
    errno.o                    12                 4
    exit.o                      4
    low_level_init.o            4
    putchar.o                  40
    sscanf.o                   36
    strstr.o                   44
    xassert.o                  76
    xreportassert.o           160
    xscanfsmall.o           1 284
    xsscin.o                   30
    xstol.o                   134
    xstoul.o                  372
    xtls.o                      2
    -----------------------------------------------
    Total:                  2 364        8       32

dlpp7M_tl_ne.a: [4]
    cxxabi.o                   80
    -----------------------------------------------
    Total:                     80

driverlib.a: [5]
    cpu.o                      16
    gpio.o                      6
    interrupt.o               532
    sysctl.o                  116
    timer.o                   102
    udma.o                    284
    usb.o                   1 014
    -----------------------------------------------
    Total:                  2 070

m7M_tlv.a: [6]
    DblAdd.o                  232
    DblDiv.o                  582
    DblMul.o                  418
    DblSub.o                  364
    DblToFlt.o                144
    FltToDbl.o                 78
    I32ToDbl.o                 44
    expf.o                     80
    fpinit_M.o                 26
    xfdnorm.o                  38
    xfdscale.o                200
    xfexp.o                   540
    -----------------------------------------------
    Total:                  2 746

rt7M_tl.a: [7]
    ABImemcpy.o               118
    ABImemset.o               102
    cexit.o                    14
    cmain.o                    22
    cmain_call_ctors.o         32
    copy_init3.o               46
    cstart_call_dtors.o
    cstartup_M.o               12
    data_init3.o               40
    memchr.o                   88
    memcmp.o                   98
    strchr.o                   22
    strcmp.o                   66
    strlen.o                   54
    zero_init3.o               34
    -----------------------------------------------
    Total:                    748

shb_l.a: [8]
    dwrite.o                   30
    exit.o                     20
    iarttio.o                 108
    iarwrite.o                 34
    iarwstd.o                  32
    write.o                    16
    -----------------------------------------------
    Total:                    240

usblib.a: [9]
    usbbuffer.o               588
    usbdcdc.o               1 872      176       68
    usbdcdesc.o               336
    usbdconfig.o              552
    usbdenum.o              2 412               144
    usbdesc.o                  84
    usbdhandler.o              24
    usbdma.o                1 144               272
    usbmode.o                  28       16       16
    usbringbuf.o              338
    usbtick.o                 108                60
    -----------------------------------------------
    Total:                  7 486      192      560

    Gaps                       34        4
    Linker created                      40      420
---------------------------------------------------
    Grand Total:           28 858    2 098   20 266


*******************************************************************************
*** ENTRY LIST
***

Entry                      Address    Size  Type      Object
-----                      -------    ----  ----      ------
.iar.dynexit$$Base      0x20004d7c           --   Gb  - Linker created -
.iar.dynexit$$Limit     0x20004f2c           --   Gb  - Linker created -
?main                   0x000075f5          Code  Gb  cmain.o [7]
CDCTickHandler          0x00006969    0x7a  Code  Lc  usbdcdc.o [9]
CPUcpsid                0x0000459d     0x8  Code  Gb  cpu.o [5]
CPUcpsie                0x000045a5     0x8  Code  Gb  cpu.o [5]
CheckForSerialStateChange
                        0x00006c55    0x3a  Code  Lc  usb_dev_serial.o [1]
ControlHandler          0x00006f2d    0xd8  Code  Gb  usb_dev_serial.o [1]
DMAUSBIntHandler        0x00005b95    0x30  Code  Lc  usbdma.o [9]
DMAUSBIntStatusClear    0x00005b87     0xe  Code  Lc  usbdma.o [9]
DMAUSBStatus            0x00005ee1     0x4  Code  Lc  usbdma.o [9]
DeviceConsumedAllData   0x0000651d    0x18  Code  Lc  usbdcdc.o [9]
DtorRecArray            0x20004d7c     0xc  Data  Lc  cppinit.o [3]
FaultISR                0x000075c7     0x2  Code  Lc  startup_ewarm.o [1]
GPIOPinWrite            0x00003429     0x6  Code  Gb  gpio.o [5]
GetEPDescriptorType     0x00006189    0x46  Code  Lc  usbdconfig.o [9]
GetEndpointFIFOSize     0x0000616d    0x1c  Code  Lc  usbdconfig.o [9]
GetLineCoding           0x00006e57    0xa4  Code  Lc  usb_dev_serial.o [1]
HandleConfigChange      0x0000677d    0x2c  Code  Lc  usbdcdc.o [9]
HandleDevice            0x000067f7    0x62  Code  Lc  usbdcdc.o [9]
HandleDisconnect        0x00006923    0x22  Code  Lc  usbdcdc.o [9]
HandleEP0Data           0x000067a9    0x46  Code  Lc  usbdcdc.o [9]
HandleEndpoints         0x0000672b    0x52  Code  Lc  usbdcdc.o [9]
HandleRequests          0x00006859    0xb8  Code  Lc  usbdcdc.o [9]
HandleResume            0x00006951     0xc  Code  Lc  usbdcdc.o [9]
HandleRxAvailable       0x00003269    0xb2  Code  Lc  usbbuffer.o [9]
HandleSuspend           0x00006945     0xc  Code  Lc  usbdcdc.o [9]
IntDefaultHandler       0x000075c9     0x2  Code  Lc  startup_ewarm.o [1]
IntDisable              0x00003537    0x58  Code  Gb  interrupt.o [5]
IntEnable               0x000034df    0x58  Code  Gb  interrupt.o [5]
IntIsEnabled            0x0000358f    0x5c  Code  Gb  interrupt.o [5]
IntMasterDisable        0x000034ad     0x6  Code  Gb  interrupt.o [5]
IntMasterEnable         0x000034a5     0x8  Code  Gb  interrupt.o [5]
IntPrioritySet          0x000034bb    0x24  Code  Gb  interrupt.o [5]
InternalUSBRegisterTickHandler
                        0x00005fcd    0x24  Code  Gb  usbtick.o [9]
InternalUSBStartOfFrameTick
                        0x00005ff1    0x26  Code  Gb  usbtick.o [9]
InternalUSBTickInit     0x00005fb1    0x1c  Code  Gb  usbtick.o [9]
NextConfigDescGet       0x0000601d    0x2e  Code  Lc  usbdcdesc.o [9]
NmiSR                   0x000075c5     0x2  Code  Lc  startup_ewarm.o [1]
ProcessDataFromHost     0x0000662f    0x5e  Code  Gb  usbdcdc.o [9]
ProcessDataToHost       0x000066d1    0x52  Code  Gb  usbdcdc.o [9]
ProcessNotificationToHost
                        0x0000669b    0x36  Code  Gb  usbdcdc.o [9]
ReadUARTData            0x00006c8f    0x64  Code  Lc  usb_dev_serial.o [1]
Region$$Table$$Base     0x00007524           --   Gb  - Linker created -
Region$$Table$$Limit    0x0000754c           --   Gb  - Linker created -
ResetISR                0x000075ad    0x14  Code  Gb  startup_ewarm.o [1]
RxHandler               0x00007013    0x48  Code  Gb  usb_dev_serial.o [1]
SHT$$INIT_ARRAY$$Base   0x00007818           --   Gb  - Linker created -
SHT$$INIT_ARRAY$$Limit  0x0000781c           --   Gb  - Linker created -
SHT$$PREINIT_ARRAY$$Base
                        0x00007818           --   Gb  - Linker created -
SHT$$PREINIT_ARRAY$$Limit
                        0x00007818           --   Gb  - Linker created -
ScheduleNextTransmission
                        0x000031db    0x8e  Code  Lc  usbbuffer.o [9]
SendBreak               0x00006efb    0x32  Code  Lc  usb_dev_serial.o [1]
SendBreak               0x00006535    0x3a  Code  Lc  usbdcdc.o [9]
SendLineCodingChange    0x0000656f    0x1e  Code  Lc  usbdcdc.o [9]
SendLineStateChange     0x0000658d    0x1e  Code  Lc  usbdcdc.o [9]
SendSerialState         0x000065ab    0x84  Code  Lc  usbdcdc.o [9]
SetControlLineState     0x00006dab     0x2  Code  Lc  usb_dev_serial.o [1]
SetDeferredOpFlag       0x00006505    0x18  Code  Lc  usbdcdc.o [9]
SetLineCoding           0x00006dad    0xaa  Code  Lc  usb_dev_serial.o [1]
SysCtlPeripheralEnable  0x00003471     0x8  Code  Gb  sysctl.o [5]
SysCtlPeripheralReset   0x00003431    0x40  Code  Gb  sysctl.o [5]
SysCtlUSBPLLEnable      0x0000348d     0xc  Code  Gb  sysctl.o [5]
TimerConfigure          0x00002cdd    0x26  Code  Gb  timer.o [5]
TimerDisable            0x00002cd1     0xc  Code  Gb  timer.o [5]
TimerEnable             0x00002cc5     0xc  Code  Gb  timer.o [5]
TimerIntEnable          0x00002d19     0x4  Code  Gb  timer.o [5]
TimerLoadSet            0x00002d09    0x10  Code  Gb  timer.o [5]
TxHandler               0x00007005     0xe  Code  Gb  usb_dev_serial.o [1]
UARTSend                0x00001eb7    0x12  Code  Gb  main.o [1]
USB0DeviceIntHandler    0x00007689    0x18  Code  Gb  usbdhandler.o [9]
USBBufferDataAvailable  0x0000338f     0x6  Code  Gb  usbbuffer.o [9]
USBBufferEventCallback  0x0000339b    0x8c  Code  Gb  usbbuffer.o [9]
USBBufferFlush          0x00003363     0x6  Code  Gb  usbbuffer.o [9]
USBBufferInit           0x0000331b    0x16  Code  Gb  usbbuffer.o [9]
USBBufferRead           0x00003369    0x26  Code  Gb  usbbuffer.o [9]
USBBufferSpaceAvailable
                        0x00003395     0x6  Code  Gb  usbbuffer.o [9]
USBBufferWrite          0x00003331    0x32  Code  Gb  usbbuffer.o [9]
USBDCDCCompositeInit    0x000069f9    0x8e  Code  Gb  usbdcdc.o [9]
USBDCDCInit             0x00006a87    0x42  Code  Gb  usbdcdc.o [9]
USBDCDCPacketRead       0x00006b25    0x7e  Code  Gb  usbdcdc.o [9]
USBDCDCPacketWrite      0x00006ad9    0x4c  Code  Gb  usbdcdc.o [9]
USBDCDCRxPacketAvailable
                        0x00006bb3    0x32  Code  Gb  usbdcdc.o [9]
USBDCDCSerialStateChange
                        0x00006bed    0x2e  Code  Gb  usbdcdc.o [9]
USBDCDCTxPacketAvailable
                        0x00006ba3    0x10  Code  Gb  usbdcdc.o [9]
USBDCDConfigDescGet     0x00006093    0x54  Code  Gb  usbdcdesc.o [9]
USBDCDConfigDescGetNum  0x00006069    0x2a  Code  Gb  usbdcdesc.o [9]
USBDCDConfigDescGetSize
                        0x0000604b    0x1e  Code  Gb  usbdcdesc.o [9]
USBDCDConfigGetInterface
                        0x000060e7    0x4c  Code  Gb  usbdcdesc.o [9]
USBDCDConfigGetInterfaceEndpoint
                        0x0000613b    0x32  Code  Gb  usbdcdesc.o [9]
USBDCDDeviceInfoInit    0x00004dd5    0x1a  Code  Gb  usbdenum.o [9]
USBDCDInit              0x00004def    0xb8  Code  Gb  usbdenum.o [9]
USBDCDRequestDataEP0    0x00004ea7    0x10  Code  Gb  usbdenum.o [9]
USBDCDSendDataEP0       0x00004eb7     0xa  Code  Gb  usbdenum.o [9]
USBDCDStallEP0          0x00004ec5    0x18  Code  Gb  usbdenum.o [9]
USBDClearFeature        0x000050d7    0x72  Code  Lc  usbdenum.o [9]
USBDEP0StateTx          0x00005487    0x66  Code  Lc  usbdenum.o [9]
USBDEP0StateTxConfig    0x000054ed   0x13e  Code  Lc  usbdenum.o [9]
USBDGetConfiguration    0x000052fb    0x22  Code  Lc  usbdenum.o [9]
USBDGetDescriptor       0x000051cd   0x128  Code  Lc  usbdenum.o [9]
USBDGetInterface        0x000053b3    0x24  Code  Lc  usbdenum.o [9]
USBDGetStatus           0x00005087    0x50  Code  Lc  usbdenum.o [9]
USBDReadAndDispatchRequest
                        0x00004f27    0x56  Code  Lc  usbdenum.o [9]
USBDSetAddress          0x000051b3    0x1a  Code  Lc  usbdenum.o [9]
USBDSetConfiguration    0x0000532d    0x7e  Code  Lc  usbdenum.o [9]
USBDSetDescriptor       0x000052f5     0x6  Code  Lc  usbdenum.o [9]
USBDSetFeature          0x00005153    0x60  Code  Lc  usbdenum.o [9]
USBDSetInterface        0x000053ef    0x88  Code  Lc  usbdenum.o [9]
USBDSyncFrame           0x00005477     0x4  Code  Lc  usbdenum.o [9]
USBDescGet              0x000064d7    0x2e  Code  Gb  usbdesc.o [9]
USBDescGetNum           0x000064b1    0x26  Code  Gb  usbdesc.o [9]
USBDevAddrSet           0x000058d7     0x4  Code  Gb  usb.o [5]
USBDevConnect           0x000058bf     0xc  Code  Gb  usb.o [5]
USBDevDisconnect        0x000058cb     0xc  Code  Gb  usb.o [5]
USBDevEndpointConfigSet
                        0x000058db    0x74  Code  Gb  usb.o [5]
USBDevEndpointDataAck   0x00005a7d    0x20  Code  Gb  usb.o [5]
USBDevEndpointStall     0x0000584f    0x30  Code  Gb  usb.o [5]
USBDevEndpointStallClear
                        0x0000587f    0x40  Code  Gb  usb.o [5]
USBDevEndpointStatusClear
                        0x00005801    0x4e  Code  Gb  usb.o [5]
USBDevMode              0x00005b21     0x2  Code  Gb  usb.o [5]
USBDeviceConfig         0x000061cf   0x136  Code  Gb  usbdconfig.o [9]
USBDeviceConfigAlternate
                        0x00006311    0x7e  Code  Gb  usbdconfig.o [9]
USBDeviceEnumHandler    0x00004f81    0xca  Code  Gb  usbdenum.o [9]
USBDeviceEnumResetHandler
                        0x0000504b    0x3c  Code  Gb  usbdenum.o [9]
USBDeviceIntHandlerInternal
                        0x0000562b    0xc8  Code  Gb  usbdenum.o [9]
USBDeviceResumeTickHandler
                        0x00004edd    0x4a  Code  Gb  usbdenum.o [9]
USBEndpointDMAChannel   0x00005b07    0x1a  Code  Gb  usb.o [5]
USBEndpointDMAConfigSet
                        0x00005991    0x48  Code  Gb  usb.o [5]
USBEndpointDMADisable   0x000059f9    0x20  Code  Gb  usb.o [5]
USBEndpointDMAEnable    0x000059d9    0x20  Code  Gb  usb.o [5]
USBEndpointDataAvail    0x00005a19    0x20  Code  Gb  usb.o [5]
USBEndpointDataGet      0x00005a39    0x44  Code  Gb  usb.o [5]
USBEndpointDataPut      0x00005a9d    0x30  Code  Gb  usb.o [5]
USBEndpointDataSend     0x00005ad3    0x2c  Code  Gb  usb.o [5]
USBEndpointPacketCountSet
                        0x00005b29     0xe  Code  Gb  usb.o [5]
USBEndpointStatus       0x000057ed     0xe  Code  Gb  usb.o [5]
USBFIFOAddrGet          0x00005aff     0x8  Code  Gb  usb.o [5]
USBFIFOConfigSet        0x0000594f    0x3c  Code  Gb  usb.o [5]
USBHostResume           0x0000575b    0x14  Code  Gb  usb.o [5]
USBIndexWrite           0x00005741    0x1a  Code  Lc  usb.o [5]
USBIntEnableControl     0x0000576f    0x26  Code  Gb  usb.o [5]
USBIntEnableEndpoint    0x000057c5    0x1a  Code  Gb  usb.o [5]
USBIntStatusControl     0x00005795    0x30  Code  Gb  usb.o [5]
USBIntStatusEndpoint    0x000057df     0x6  Code  Gb  usb.o [5]
USBLibDMAInit           0x00005ee5    0x84  Code  Gb  usbdma.o [9]
USBRingBufAdvanceRead   0x00004513    0x1e  Code  Gb  usbringbuf.o [9]
USBRingBufAdvanceWrite  0x00004531    0x36  Code  Gb  usbringbuf.o [9]
USBRingBufContigFree    0x000044c5    0x1c  Code  Gb  usbringbuf.o [9]
USBRingBufContigUsed    0x000044b3    0x12  Code  Gb  usbringbuf.o [9]
USBRingBufFlush         0x00004477    0x1a  Code  Gb  usbringbuf.o [9]
USBRingBufFree          0x000044a5     0xe  Code  Gb  usbringbuf.o [9]
USBRingBufInit          0x00004591     0xc  Code  Gb  usbringbuf.o [9]
USBRingBufRead          0x000044f7    0x1c  Code  Gb  usbringbuf.o [9]
USBRingBufReadOne       0x000044e1    0x16  Code  Gb  usbringbuf.o [9]
USBRingBufUsed          0x00004491    0x14  Code  Gb  usbringbuf.o [9]
USBRingBufWrite         0x00004575    0x1c  Code  Gb  usbringbuf.o [9]
USBRingBufWriteOne      0x00004567     0xe  Code  Gb  usbringbuf.o [9]
USBStackModeSet         0x000071c1    0x18  Code  Gb  usbmode.o [9]
USBUARTIntHandler       0x00006d47    0x64  Code  Gb  usb_dev_serial.o [1]
USBUARTPrimeTransmit    0x00006cf3    0x54  Code  Lc  usb_dev_serial.o [1]
UpdateIndexAtomic       0x0000444b    0x2c  Code  Lc  usbringbuf.o [9]
_GetintSmall            0x000039a1   0x230  Code  Lc  xscanfsmall.o [3]
_GetstrSmall            0x000038e1    0xc0  Code  Lc  xscanfsmall.o [3]
_SScin                  0x00002033    0x1e  Code  Gb  xsscin.o [3]
_ScanfSmall             0x000036e5   0x1f6  Code  Gb  xscanfsmall.o [3]
__aeabi_assert          0x00002257    0x4a  Code  Gb  xassert.o [3]
__aeabi_atexit          0x00001255     0xa  Code  Gb  cxxabi.o [4]
__aeabi_d2f             0x00003e79          Code  Gb  DblToFlt.o [6]
__aeabi_dadd            0x00003d91          Code  Gb  DblAdd.o [6]
__aeabi_ddiv            0x00004105          Code  Gb  DblDiv.o [6]
__aeabi_dmul            0x00003f61          Code  Gb  DblMul.o [6]
__aeabi_errno_addr      0x00004b9d     0x6  Code  Gb  errno.o [3]
__aeabi_f2d             0x00003d41          Code  Gb  FltToDbl.o [6]
__aeabi_i2d             0x00003f35          Code  Gb  I32ToDbl.o [6]
__aeabi_memcpy          0x00002469          Code  Gb  ABImemcpy.o [7]
__aeabi_memcpy4         0x00002489          Code  Gb  ABImemcpy.o [7]
__aeabi_memcpy8         0x00002489          Code  Gb  ABImemcpy.o [7]
__aeabi_memset          0x000043e5          Code  Gb  ABImemset.o [7]
__aeabi_vec_ctor_nocookie_nodtor
                        0x00001215    0x22  Code  Gb  cxxabi.o [4]
__aeabi_vec_dtor        0x00001237    0x1e  Code  Gb  cxxabi.o [4]
__call_ctors            0x000024e1    0x18  Code  Gb  cppinit.o [3]
__call_dtors            0x00002533     0x2  Code  Gb  cppinit.o [3]
__cexit_call_dtors      0x00007617          Code  Gb  cexit.o [7]
__cmain                 0x000075f5          Code  Gb  cmain.o [7]
__cstart_call_dtors     0x0000781c          Data  Gb  cstart_call_dtors.o [7]
__cxa_atexit            0x000024f9    0x3a  Code  Gb  cppinit.o [3]
__cxa_finalize          0x00002535    0x38  Code  Gb  cppinit.o [3]
__dso_handle            0x2000496c     0x4  Data  Gb  cppinit.o [3]
__dwrite                0x00004d47    0x1e  Code  Gb  dwrite.o [8]
__exit                  0x000047f1    0x14  Code  Gb  exit.o [8]
__iar_EmptyStepPoint    0x00002255     0x2  Code  Gb  xassert.o [3]
__iar_Errno             0x20004970     0x4  Data  Gb  errno.o [3]
__iar_FDnorm            0x00004d6d    0x26  Code  Gb  xfdnorm.o [6]
__iar_FDscale           0x00004c7d    0xc8  Code  Gb  xfdscale.o [6]
__iar_FExp              0x00004971   0x1ea  Code  Gb  xfexp.o [6]
__iar_Memchr            0x00004ba9          Code  Gb  memchr.o [7]
__iar_Memset            0x000043e5          Code  Gb  ABImemset.o [7]
__iar_Memset_word       0x000043ed          Code  Gb  ABImemset.o [7]
__iar_ReportAssert      0x00003c4b    0x50  Code  Gb  xreportassert.o [3]
__iar_Stolx             0x000045c3    0x86  Code  Gb  xstol.o [3]
__iar_Stoul             0x00004767     0x4  Code  Gb  xstoul.o [3]
__iar_Stoulx            0x00004649   0x118  Code  Gb  xstoul.o [3]
__iar_Strchr            0x000045ad          Code  Gb  strchr.o [7]
__iar_Strstr            0x000036b9    0x2c  Code  Gb  strstr.o [3]
__iar_close_ttio        0x00004c11    0x2e  Code  Gb  iarttio.o [8]
__iar_copy_init3        0x0000126b    0x2e  Code  Gb  copy_init3.o [7]
__iar_cstart_call_ctors
                        0x0000758d    0x20  Code  Gb  cmain_call_ctors.o [7]
__iar_dadd              0x00003da5          Code  Gb  DblAdd.o [6]
__iar_data_init3        0x0000746d    0x28  Code  Gb  data_init3.o [7]
__iar_dlib_perthread_access
                        0x00004d45     0x2  Code  Gb  xtls.o [3]
__iar_dsub              0x00004805          Code  Gb  DblSub.o [6]
__iar_dsubStart         0x00004817          Code  Gb  DblSub.o [6]
__iar_get_ttio          0x00004c41    0x38  Code  Gb  iarttio.o [8]
__iar_init_vfp          0x000075d9          Code  Gb  fpinit_M.o [6]
__iar_lookup_ttioh      0x00004d65     0x8  Code  Gb  XShttio.o [3]
__iar_program_start     0x000075cb          Code  Gb  cstartup_M.o [7]
__iar_sh_stdout         0x00004d93    0x20  Code  Gb  iarwstd.o [8]
__iar_sh_write          0x00004db3    0x22  Code  Gb  iarwrite.o [8]
__iar_strcmp            0x00002051          Code  Gb  strcmp.o [7]
__iar_ttio_handles      0x200000b4     0x8  Data  Lc  XShttio.o [3]
__iar_ui2d              0x00003f49          Code  Gb  I32ToDbl.o [6]
__iar_zero_init3        0x00001e83    0x22  Code  Gb  zero_init3.o [7]
__low_level_init        0x0000760b     0x4  Code  Gb  low_level_init.o [3]
__sti__routine          0x0000026d    0x18  Code  Lc  interpret.o [1]
__vector_table          0x00000000   0x26c  Data  Gb  startup_ewarm.o [1]
__write                 0x00004c01    0x10  Code  Gb  write.o [8]
_call_main              0x00007601          Code  Gb  cmain.o [7]
_exit                   0x00007615          Code  Gb  cexit.o [7]
_main                   0x00007607          Code  Gb  cmain.o [7]
abort                   0x00003cd5     0x6  Code  Gb  abort.o [3]
accel::RPMx10k(unsigned int, unsigned int)
                        0x000043bd    0x26  Code  Gb  interpret.o [1]
accel::_RPMx10ktoFreq(unsigned int)
                        0x00004b8d     0xe  Code  Gb  interpret.o [1]
accel::_accelStepMicroSec() const
                        0x00003d29    0x18  Code  Gb  stepper.o [1]
accel::_initUnitCurve(int)
                        0x00002733    0x7e  Code  Gb  accel.o [1]
accel::_scaleYAxisToClockTicks()
                        0x0000285d    0x38  Code  Gb  accel.o [1]
accel::_scaleYAxisToFrequency()
                        0x000027b1    0xaa  Code  Gb  accel.o [1]
accel::accel()          0x00002579    0x2e  Code  Gb  accel.o [1]
accel::accelMicroSec() const
                        0x00002915     0x6  Code  Gb  stepper.o [1]
accel::accelMicroSec(unsigned int)
                        0x00002d3d    0x28  Code  Gb  stepper.o [1]
accel::assign(const accel&)
                        0x000025bd    0x62  Code  Gb  accel.o [1]
accel::clockTicksToCurveIndex(unsigned int) const
                        0x00003d11    0x18  Code  Gb  stepper.o [1]
accel::clockTicksToFreq(unsigned int) const
                        0x00002c87    0x18  Code  Gb  stepper.o [1]
accel::clockTicksToMicroSec(unsigned int) const
                        0x0000298d    0x26  Code  Gb  stepper.o [1]
accel::curveIndexToClockTicks(unsigned int) const
                        0x00002965    0x28  Code  Gb  stepper.o [1]
accel::curveIndexToClockTicks(unsigned int) const::string
                        0x00007640    0x18  Data  Gb  stepper.o [1]
accel::curveIndexToClockTicks(unsigned int) const::string (instance 2)
                        0x0000741c    0x28  Data  Gb  stepper.o [1]
accel::degreesPerMicrostepx10k(unsigned int)
                        0x000043b7     0x6  Code  Gb  stepper.o [1]
accel::fmax() const     0x00003d05     0x6  Code  Gb  accel.o [1]
accel::fmin() const     0x000029cd     0x6  Code  Gb  stepper.o [1]
accel::freqCloseToStop(unsigned int) const
                        0x00002c9f    0x12  Code  Gb  stepper.o [1]
accel::freqToClockTicks(unsigned int) const
                        0x00003f09    0x2c  Code  Gb  stepper.o [1]
accel::frequency(unsigned int, unsigned int)
                        0x000028b1    0x34  Code  Gb  accel.o [1]
accel::microSecToClockTicks(unsigned int) const
                        0x0000439d    0x1a  Code  Gb  stepper.o [1]
accel::microSecToCurveIndex(unsigned int) const
                        0x0000293d    0x26  Code  Gb  stepper.o [1]
accel::microSecToFreq(unsigned int) const
                        0x000029b5    0x18  Code  Gb  stepper.o [1]
accel::microSecToSteps(unsigned int)
                        0x0000261f    0xbc  Code  Gb  accel.o [1]
accel::operator =(const accel&)
                        0x000025a7    0x16  Code  Gb  accel.o [1]
accel::reset(unsigned int)
                        0x0000291b    0x22  Code  Gb  stepper.o [1]
accel::stepsToMicroSec(unsigned int)
                        0x000026db    0x58  Code  Gb  accel.o [1]
accel::totalClockTicks() const
                        0x00003d0b     0x6  Code  Gb  accel.o [1]
accel::updateClockPeriod()
                        0x00002a45    0x90  Code  Gb  stepper.o [1]
accel::updateClockPeriodDecelerate()
                        0x00002b39   0x100  Code  Gb  stepper.o [1]
accel::updateClockPeriodDecelerate()::string
                        0x00007658    0x18  Data  Gb  stepper.o [1]
accel::updateClockPeriodDecelerate()::string (instance 2)
                        0x00007444    0x28  Data  Gb  stepper.o [1]
accel::~accel()         0x000072bd     0x2  Code  Gb  interpret.o [1]
bufferInput             0x000004d7   0x20a  Code  Gb  interpret.o [1]
delay                   0x00001ec9    0x1c  Code  Gb  main.o [1]
digits                  0x0000476c    0x28  Data  Lc  xstoul.o [3]
enable                  0x00001ee5     0xe  Code  Gb  main.o [1]
errMsg()                0x000002ff    0x1a  Code  Gb  interpret.o [1]
exit                    0x0000760f     0x4  Code  Gb  exit.o [3]
expf                    0x0000434d    0x4c  Code  Gb  expf.o [6]
flashLED                0x00001f13     0x2  Code  Gb  main.o [1]
flashio::flashio()      0x00002211     0x2  Code  Gb  flashio.o [1]
flashio::~flashio()     0x000072bb     0x2  Code  Gb  interpret.o [1]
g_bSendingBreak         0x20004978     0x1  Data  Lc  usb_dev_serial.o [1]
g_bUSBConfigured        0x20004979     0x1  Data  Lc  usb_dev_serial.o [1]
g_bUSBTimerInitialized  0x200047dc     0x1  Data  Gb  usbtick.o [9]
g_eOTGModeState         0x20000091     0x1  Data  Gb  usbmode.o [9]
g_iDualMode             0x20000092     0x1  Data  Lc  usbmode.o [9]
g_iUSBMode              0x20000090     0x1  Data  Gb  usbmode.o [9]
g_pCDCCompSerConfigDescriptors
                        0x00006c20     0x4  Data  Gb  usbdcdc.o [9]
g_pcStatus              0x20004960     0x4  Data  Gb  usb_dev_serial.o [1]
g_pfnTickHandlers       0x200047e0    0x18  Data  Gb  usbtick.o [9]
g_pfnUSBModeCallback    0x2000009c     0x4  Data  Lc  usbmode.o [9]
g_ppCDCSerConfigDescriptors
                        0x00006c1c     0x4  Data  Gb  usbdcdc.o [9]
g_ppsDevInfo            0x20004794     0x4  Data  Gb  usbdenum.o [9]
g_ppui8StringDescriptors
                        0x00007670    0x18  Data  Gb  usb_serial_structs.o [1]
g_psCDCCompSerSections  0x20000080    0x10  Data  Gb  usbdcdc.o [9]
g_psCDCSerSections      0x200000a0     0xc  Data  Gb  usbdcdc.o [9]
g_psDCDInst             0x2000474c    0x48  Data  Gb  usbdenum.o [9]
g_psUSBDMAInst          0x200042d0   0x110  Data  Lc  usbdma.o [9]
g_psUSBDStdRequests     0x0000570c    0x34  Data  Lc  usbdenum.o [9]
g_pui32Dii16Regs        0x000036a4    0x14  Data  Lc  interrupt.o [5]
g_pui32EnRegs           0x00003690    0x14  Data  Lc  interrupt.o [5]
g_pui32Regs             0x000035f4    0x9c  Data  Lc  interrupt.o [5]
g_pui8CDCSerCommInterface
                        0x000071ec    0x24  Data  Gb  usbdcdc.o [9]
g_pui8CDCSerDataInterface
                        0x00007218    0x18  Data  Gb  usbdcdc.o [9]
g_pui8CDCSerDescriptor  0x20000060     0xc  Data  Gb  usbdcdc.o [9]
g_pui8CDCSerDeviceDescriptor
                        0x2000006c    0x14  Data  Gb  usbdcdc.o [9]
g_pui8ConfigString      0x00007308    0x38  Data  Gb  usb_serial_structs.o [1]
g_pui8ControlInterfaceString
                        0x000073c8    0x2c  Data  Gb  usb_serial_structs.o [1]
g_pui8DataBufferIn      0x2000479c    0x40  Data  Lc  usbdenum.o [9]
g_pui8IADSerDescriptor  0x200000ac     0x8  Data  Gb  usbdcdc.o [9]
g_pui8LangDescriptor    0x00007814     0x4  Data  Gb  usb_serial_structs.o [1]
g_pui8ManufacturerString
                        0x00007494    0x24  Data  Gb  usb_serial_structs.o [1]
g_pui8ProductString     0x000074b8    0x24  Data  Gb  usb_serial_structs.o [1]
g_pui8RxBufferWorkspace
                        0x20004854    0x18  Data  Gb  usb_serial_structs.o [1]
g_pui8SerialNumberString
                        0x000076b4    0x14  Data  Gb  usb_serial_structs.o [1]
g_pui8TxBufferWorkspace
                        0x2000486c    0x18  Data  Gb  usb_serial_structs.o [1]
g_pui8USBRxBuffer       0x200044e8   0x100  Data  Gb  usb_serial_structs.o [1]
g_pui8USBTxBuffer       0x200045e8   0x100  Data  Gb  usb_serial_structs.o [1]
g_pvTickInstance        0x200047f8    0x18  Data  Gb  usbtick.o [9]
g_sCDCCompSerConfigHeader
                        0x00007240     0x8  Data  Gb  usbdcdc.o [9]
g_sCDCDevice            0x20000000    0x60  Data  Gb  usb_serial_structs.o [1]
g_sCDCHandlers          0x00006c24    0x30  Data  Gb  usbdcdc.o [9]
g_sCDCSerCommInterfaceSection
                        0x00007210     0x8  Data  Gb  usbdcdc.o [9]
g_sCDCSerConfigHeader   0x00007238     0x8  Data  Gb  usbdcdc.o [9]
g_sCDCSerConfigSection  0x000071dc     0x8  Data  Gb  usbdcdc.o [9]
g_sCDCSerDataInterfaceSection
                        0x00007230     0x8  Data  Gb  usbdcdc.o [9]
g_sIADSerConfigSection  0x000071e4     0x8  Data  Gb  usbdcdc.o [9]
g_sRxBuffer             0x000074dc    0x24  Data  Gb  usb_serial_structs.o [1]
g_sTxBuffer             0x00007500    0x24  Data  Gb  usb_serial_structs.o [1]
g_ui32CurrentUSBTick    0x20004810     0x4  Data  Gb  usbtick.o [9]
g_ui32Flags             0x2000495c     0x4  Data  Gb  usb_dev_serial.o [1]
g_ui32PollRate          0x20000094     0x4  Data  Gb  usbmode.o [9]
g_ui32UARTRxCount       0x20004958     0x4  Data  Gb  usb_dev_serial.o [1]
g_ui32UARTTxCount       0x20004954     0x4  Data  Gb  usb_dev_serial.o [1]
g_ui32USBSOFCount       0x20004964     0x4  Data  Gb  usbtick.o [9]
g_ui32WaitTicks         0x20000098     0x4  Data  Gb  usbmode.o [9]
heapSTRUCT_SIZE         0x0000231e     0x2  Data  Lc  heap_2.o [1]
intToNodeType(int)      0x00000475    0x62  Code  Gb  interpret.o [1]
interpret::_cleanUpEvaluationStack(unsigned int)
                        0x00000bbb    0x34  Code  Gb  interpret.o [1]
interpret::_cleanUpSymbolTable()
                        0x00000bef    0x28  Code  Gb  interpret.o [1]
interpret::_currentProgramNodeLevel() const
                        0x000023c5    0x16  Code  Gb  interpret.o [1]
interpret::_currentProgramNodeType() const
                        0x000022a5    0x16  Code  Gb  interpret.o [1]
interpret::_currentProgramNodeValue() const
                        0x000022bb    0x16  Code  Gb  interpret.o [1]
interpret::_evalValue()
                        0x00002321    0x3c  Code  Gb  interpret.o [1]
interpret::_evalValue()::string
                        0x0000754c    0x20  Data  Gb  interpret.o [1]
interpret::_evalValue()::string (instance 2)
                        0x00007370    0x2c  Data  Gb  interpret.o [1]
interpret::_evalValuePeek() const
                        0x000023db     0xe  Code  Gb  interpret.o [1]
interpret::_findFirstAvailableNodeInSymbolTable()
                        0x00001123    0x7e  Code  Gb  interpret.o [1]
interpret::_findFirstParseTreeEntry(parseTreeEntry const &, unsigned int)
                        0x00000c17    0x74  Code  Gb  interpret.o [1]
interpret::_getLastSymbolTableIndex()
                        0x00002411    0x16  Code  Gb  interpret.o [1]
interpret::_programNodeType(unsigned int) const
                        0x0000242b    0x14  Code  Gb  interpret.o [1]
interpret::_pushTemporarySymbolOnEvaluationStack(unsigned int)
                        0x000010a1    0x82  Code  Gb  interpret.o [1]
interpret::_resetSymbolTableTemporaryBoundary()
                        0x000023bb     0xa  Code  Gb  interpret.o [1]
interpret::_returnSymbolToAvailablePool(unsigned int)
                        0x0000235d    0x26  Code  Gb  interpret.o [1]
interpret::_updateProgramIndex(nodeType, int)
                        0x00000b5d    0x5e  Code  Gb  interpret.o [1]
interpret::appendToProgram(parseTreeEntry const &)
                        0x00000747    0x2e  Code  Gb  interpret.o [1]
interpret::appendToSymbolTable(symbolTableEntry const &)
                        0x00000775    0x2e  Code  Gb  interpret.o [1]
interpret::evaluateOperator(unsigned int)
                        0x00000d3d   0x348  Code  Gb  interpret.o [1]
interpret::getLowWaterMarkForTemporarySymbolSearch() const
                        0x00002463     0x6  Code  Gb  interpret.o [1]
interpret::getStepper()
                        0x00001265     0x6  Code  Gb  interpret.o [1]
interpret::interpret()  0x000006e1    0x66  Code  Gb  interpret.o [1]
interpret::run()        0x000007a3   0x3ba  Code  Gb  interpret.o [1]
interpret::setLowWaterMarkForTemporarySymbolSearch()
                        0x00002205     0xc  Code  Gb  interpret.o [1]
interpret::symbolFromIndex(int)
                        0x00002447    0x1c  Code  Gb  interpret.o [1]
interpret::symbolTableIndexMorph(int)
                        0x00000c8b    0x70  Code  Gb  interpret.o [1]
interpret::~interpret()
                        0x00007249    0x4c  Code  Gb  interpret.o [1]
interpretRun            0x00000285    0x60  Code  Gb  interpret.o [1]
interpreter             0x20002fb0  0x1320  Data  Gb  interpret.o [1]
interpreterRunBool      0x20004975     0x1  Data  Lc  interpret.o [1]
led::Off()              0x00003c09    0x1c  Code  Gb  interpret.o [1]
led::On()               0x00003bed    0x1c  Code  Gb  interpret.o [1]
led::_enable            0x20004974     0x1  Data  Gb  interpret.o [1]
led::enable()           0x000047bd     0xc  Code  Gb  interpret.o [1]
led::enable(bool)       0x00001679     0xc  Code  Gb  interpret.o [1]
led::led(bool)          0x00002221    0x1e  Code  Gb  interpret.o [1]
led::set(unsigned int)  0x000023a1    0x1a  Code  Gb  interpret.o [1]
led::~led()             0x00007295     0xe  Code  Gb  interpret.o [1]
localAssert             0x00001ea5    0x12  Code  Gb  main.o [1]
main                    0x0000705b   0x106  Code  Gb  usb_dev_serial.o [1]
mainA                   0x00001f5b    0x1a  Code  Gb  main.o [1]
memchr                  0x00004ba9          Code  Gb  memchr.o [7]
memcmp                  0x00003015          Code  Gb  memcmp.o [7]
memset                  0x000031c5    0x16  Code  Gb  tasks.o [1]
motorStep               0x00001ef3    0x20  Code  Gb  main.o [1]
ndigs                   0x00004794    0x28  Data  Lc  xstoul.o [3]
next_abi_dtor_rec       0x20004968     0x4  Data  Lc  cppinit.o [3]
out                     0x00003c35    0x16  Code  Lc  xreportassert.o [3]
parseTreeEntry::level() const
                        0x0000243f     0x4  Code  Gb  parseTreeEntry.o [1]
parseTreeEntry::level(unsigned int)
                        0x00002191     0x4  Code  Gb  parseTreeEntry.o [1]
parseTreeEntry::operator =(const parseTreeEntry&)
                        0x00002147    0x4a  Code  Gb  parseTreeEntry.o [1]
parseTreeEntry::parseTreeEntry()
                        0x00002139     0x6  Code  Gb  parseTreeEntry.o [1]
parseTreeEntry::parseTreeEntry(nodeType, int, unsigned int)
                        0x0000213f     0x8  Code  Gb  parseTreeEntry.o [1]
parseTreeEntry::position() const
                        0x00003be9     0x4  Code  Gb  parseTreeEntry.o [1]
parseTreeEntry::position(nodePosition)
                        0x00002195     0x4  Code  Gb  parseTreeEntry.o [1]
parseTreeEntry::type() const
                        0x000022a1     0x4  Code  Gb  parseTreeEntry.o [1]
parseTreeEntry::type(nodeType)
                        0x0000219d     0x4  Code  Gb  parseTreeEntry.o [1]
parseTreeEntry::value() const
                        0x00002443     0x4  Code  Gb  parseTreeEntry.o [1]
parseTreeEntry::value(int)
                        0x00002199     0x4  Code  Gb  parseTreeEntry.o [1]
parseTreeEntry::~parseTreeEntry()
                        0x000021a1     0x2  Code  Gb  interpret.o [1]
postMsg(bool)           0x00000319    0x16  Code  Gb  interpret.o [1]
prvAddCurrentTaskToDelayedList
                        0x00001d2d    0x3e  Code  Lc  tasks.o [1]
prvAllocateTCBAndStack  0x00001d79    0x46  Code  Lc  tasks.o [1]
prvCheckTasksWaitingTermination
                        0x00001cc5    0x5c  Code  Lc  tasks.o [1]
prvDeleteTCB            0x00001df7    0x12  Code  Lc  tasks.o [1]
prvHeapInit             0x0000317f    0x2e  Code  Lc  heap_2.o [1]
prvIdleTask             0x00001c11     0x8  Code  Lc  tasks.o [1]
prvInitialiseTCBVariables
                        0x00001c19    0x60  Code  Lc  tasks.o [1]
prvInitialiseTaskLists  0x00001c79    0x46  Code  Lc  tasks.o [1]
prvTaskCheckFreeStackSpace
                        0x00001dbf    0x18  Code  Lc  tasks.o [1]
pui32Stack              0x2000497c   0x400  Data  Lc  startup_ewarm.o [1]
putchar                 0x000047c9    0x28  Code  Gb  putchar.o [3]
pvPortMalloc            0x00003079    0xc2  Code  Gb  heap_2.o [1]
pxCurrentTCB            0x20004920     0x4  Data  Gb  tasks.o [1]
pxDelayedTaskList       0x20004924     0x4  Data  Lc  tasks.o [1]
pxOverflowDelayedTaskList
                        0x20004928     0x4  Data  Lc  tasks.o [1]
pxPortInitialiseStack   0x00002d79    0x22  Code  Gb  port.o [1]
pxReadyTasksLists       0x200046e8    0x64  Data  Lc  tasks.o [1]
sp                      0x2000491c     0x4  Data  Gb  stepper.o [1]
sscanf                  0x00002115    0x24  Code  Gb  sscanf.o [3]
stepper::RPM(unsigned int, unsigned int)
                        0x00001659    0x20  Code  Gb  interpret.o [1]
stepper::RPMx10k(unsigned int, unsigned int)
                        0x00002d65    0x14  Code  Gb  interpret.o [1]
stepper::_isAccelerating() const
                        0x00002a11    0x32  Code  Gb  stepper.o [1]
stepper::_isConstantVelocity() const
                        0x00002af1    0x32  Code  Gb  stepper.o [1]
stepper::_isConstantVelocityStart() const
                        0x00002c6b    0x16  Code  Gb  stepper.o [1]
stepper::_isDecelerating() const
                        0x00002c39    0x32  Code  Gb  stepper.o [1]
stepper::_isStartOfDeceleration() const
                        0x00002b23    0x16  Code  Gb  stepper.o [1]
stepper::_timer() const
                        0x00002c81     0x6  Code  Gb  stepper.o [1]
stepper::_timer(unsigned long)
                        0x00002ad5    0x1c  Code  Gb  stepper.o [1]
stepper::_timerStart(bool)
                        0x00001583    0x4a  Code  Gb  stepper.o [1]
stepper::accelerationTimeMicrosecs(unsigned int)
                        0x00001649    0x10  Code  Gb  interpret.o [1]
stepper::degreesPerMicrostepx10k(unsigned int)
                        0x00002d2b    0x10  Code  Gb  stepper.o [1]
stepper::directionPositive(bool)
                        0x000028e5    0x30  Code  Gb  stepper.o [1]
stepper::enable()       0x00002cb1    0x14  Code  Gb  stepper.o [1]
stepper::isr()          0x0000147f   0x104  Code  Gb  stepper.o [1]
stepper::microstepSet(microsteps)
                        0x000015f5    0x54  Code  Gb  stepper.o [1]
stepper::moveAbsolute(int)
                        0x0000132f   0x150  Code  Gb  stepper.o [1]
stepper::moveRelative(int)
                        0x0000238d    0x14  Code  Gb  interpret.o [1]
stepper::step()         0x000029d5    0x3c  Code  Gb  stepper.o [1]
stepper::stepper()      0x000012c1    0x2e  Code  Gb  stepper.o [1]
stepper::~stepper()     0x000072a3    0x16  Code  Gb  interpret.o [1]
stepperISR              0x00001299    0x28  Code  Gb  stepper.o [1]
stepper_init            0x000012ef    0x40  Code  Gb  stepper.o [1]
stmtNestingLevel        0x20004900     0x4  Data  Lc  interpret.o [1]
stmtPosition            0x20004814    0x20  Data  Lc  interpret.o [1]
stmtType                0x20004834    0x20  Data  Lc  interpret.o [1]
stmtValue               0x20004904     0x4  Data  Lc  interpret.o [1]
strchr                  0x000045ad          Code  Gb  strchr.o [7]
strcmp                  0x00002051          Code  Gb  strcmp.o [7]
stringToNodePosition(char const *)
                        0x0000032f    0x2c  Code  Gb  interpret.o [1]
stringToNodeType(char const *)
                        0x0000035b   0x114  Code  Gb  interpret.o [1]
strlen                  0x00001e4d          Code  Gb  strlen.o [7]
strstr(char const *, char const *)
                        0x00002105    0x10  Code  Gb  interpret.o [1]
successMsg()            0x000002e5    0x1a  Code  Gb  interpret.o [1]
symbFcnLink             0x20004910     0x4  Data  Lc  interpret.o [1]
symbType                0x20004908     0x4  Data  Lc  interpret.o [1]
symbValue               0x2000490c     0x4  Data  Lc  interpret.o [1]
symbolTableEntry::dumpEntry()
                        0x000021f5     0x2  Code  Gb  symbolTableEntry.o [1]
symbolTableEntry::fcnLink() const
                        0x00002389     0x4  Code  Gb  symbolTableEntry.o [1]
symbolTableEntry::fcnLink(int)
                        0x000021ff     0x4  Code  Gb  symbolTableEntry.o [1]
symbolTableEntry::operator =(const symbolTableEntry&)
                        0x000021bb    0x3a  Code  Gb  symbolTableEntry.o [1]
symbolTableEntry::symbolTableEntry()
                        0x000021a3     0xe  Code  Gb  symbolTableEntry.o [1]
symbolTableEntry::symbolTableEntry(nodeType, int)
                        0x000021b1     0xa  Code  Gb  symbolTableEntry.o [1]
symbolTableEntry::type() const
                        0x00002427     0x4  Code  Gb  symbolTableEntry.o [1]
symbolTableEntry::type(nodeType)
                        0x000021f7     0x4  Code  Gb  symbolTableEntry.o [1]
symbolTableEntry::value() const
                        0x0000230b     0x4  Code  Gb  symbolTableEntry.o [1]
symbolTableEntry::value(int)
                        0x000021fb     0x4  Code  Gb  symbolTableEntry.o [1]
symbolTableEntry::~symbolTableEntry()
                        0x00002203     0x2  Code  Gb  interpret.o [1]
tinyQueue<int>::empty() const
                        0x0000223f    0x16  Code  Gb  interpret.o [1]
tinyQueue<int>::front() const
                        0x00002315     0xa  Code  Gb  interpret.o [1]
tinyQueue<int>::peekAtIndex(unsigned int) const
                        0x00002305     0x6  Code  Gb  interpret.o [1]
tinyQueue<int>::pop_front()
                        0x000023e9    0x28  Code  Gb  interpret.o [1]
tinyQueue<int>::push_front(int)
                        0x000022d1    0x34  Code  Gb  interpret.o [1]
tinyQueue<int>::size() const
                        0x00003c25    0x10  Code  Gb  interpret.o [1]
tinyQueue<int>::spaceAvail() const
                        0x00003cdb    0x2a  Code  Gb  interpret.o [1]
tinyQueue<int>::stackFrameIndex() const
                        0x00002383     0x6  Code  Gb  interpret.o [1]
tinyQueue<int>::stackFrameIndex(unsigned int)
                        0x0000230f     0x6  Code  Gb  interpret.o [1]
tinyQueue<int>::tinyQueue()
                        0x00002213     0xe  Code  Gb  interpret.o [1]
tinyQueue<int>::~tinyQueue()
                        0x000072b9     0x2  Code  Gb  interpret.o [1]
tinyQueue<unsigned char>::clear()
                        0x000020f7     0xc  Code  Gb  interpret.o [1]
tinyQueue<unsigned char>::getBuffer()
                        0x00002103     0x2  Code  Gb  interpret.o [1]
tinyQueue<unsigned char>::push(unsigned char)
                        0x0000209d    0x30  Code  Gb  interpret.o [1]
tinyQueue<unsigned char>::spaceAvail() const
                        0x000020cd    0x2a  Code  Gb  interpret.o [1]
tinyQueue<unsigned char>::tinyQueue(int)
                        0x00002093     0xa  Code  Gb  interpret.o [1]
tinyQueue<unsigned char>::~tinyQueue()
                        0x000024df     0x2  Code  Gb  interpret.o [1]
uDMAChannelAttributeDisable
                        0x000063b5    0x26  Code  Gb  udma.o [5]
uDMAChannelControlSet   0x000063db    0x18  Code  Gb  udma.o [5]
uDMAChannelDisable      0x000063a5    0x10  Code  Gb  udma.o [5]
uDMAChannelEnable       0x00006395    0x10  Code  Gb  udma.o [5]
uDMAChannelModeGet      0x00006471    0x28  Code  Gb  udma.o [5]
uDMAChannelTransferSet  0x000063f3    0x7e  Code  Gb  udma.o [5]
uDMAUSBArbSizeSet       0x00005e79    0x60  Code  Lc  usbdma.o [9]
uDMAUSBChannelAllocate  0x00005d2f    0xa6  Code  Lc  usbdma.o [9]
uDMAUSBChannelDisable   0x00005c17    0x46  Code  Lc  usbdma.o [9]
uDMAUSBChannelEnable    0x00005bc5    0x52  Code  Lc  usbdma.o [9]
uDMAUSBChannelIntDisable
                        0x00005c6b     0x2  Code  Lc  usbdma.o [9]
uDMAUSBChannelIntEnable
                        0x00005c69     0x2  Code  Lc  usbdma.o [9]
uDMAUSBChannelRelease   0x00005dd5    0x5a  Code  Lc  usbdma.o [9]
uDMAUSBChannelStatus    0x00005b39    0x24  Code  Lc  usbdma.o [9]
uDMAUSBIntStatus        0x00005b5d    0x2a  Code  Lc  usbdma.o [9]
uDMAUSBTransfer         0x00005c6d    0xa6  Code  Lc  usbdma.o [9]
uDMAUSBUnitSizeSet      0x00005e2f    0x4a  Code  Lc  usbdma.o [9]
ucHeap                  0x200000d0  0x2ee0  Data  Lc  heap_2.o [1]
ucMaxSysCallPriority    0x20004977     0x1  Data  Lc  port.o [1]
ulMaxPRIGROUPValue      0x20004918     0x4  Data  Lc  port.o [1]
ulPortSetInterruptMask  0x00002fbf          Code  Gb  portasm.o [1]
uxCriticalNesting       0x200000c8     0x4  Data  Lc  port.o [1]
uxCurrentNumberOfTasks  0x20004930     0x4  Data  Lc  tasks.o [1]
uxListRemove            0x00002f4b    0x2a  Code  Gb  list.o [1]
uxPendedTicks           0x20004944     0x4  Data  Lc  tasks.o [1]
uxSchedulerSuspended    0x20004940     0x4  Data  Lc  tasks.o [1]
uxTaskGetStackHighWaterMark
                        0x00001dd7    0x20  Code  Gb  tasks.o [1]
uxTaskNumber            0x20004950     0x4  Data  Lc  tasks.o [1]
uxTasksDeleted          0x2000492c     0x4  Data  Lc  tasks.o [1]
uxTopReadyPriority      0x20004938     0x4  Data  Lc  tasks.o [1]
vApplicationStackOverflowHook
                        0x00002031     0x2  Code  Gb  main.o [1]
vApplicationTickHook    0x0000202f     0x2  Code  Gb  main.o [1]
vIdleTask               0x00001f99    0x28  Code  Lc  main.o [1]
vInterpretTask          0x00002015    0x1a  Code  Lc  main.o [1]
vListInitialise         0x00002ed1    0x1e  Code  Gb  list.o [1]
vListInitialiseItem     0x00002eef     0x6  Code  Gb  list.o [1]
vListInsert             0x00002f0f    0x3c  Code  Gb  list.o [1]
vListInsertEnd          0x00002ef5    0x1a  Code  Gb  list.o [1]
vPortClearInterruptMask
                        0x00002fcd          Code  Gb  portasm.o [1]
vPortEnableVFP          0x00002ff9          Code  Gb  portasm.o [1]
vPortEnterCritical      0x00002e45    0x1a  Code  Gb  port.o [1]
vPortExitCritical       0x00002e5f    0x1c  Code  Gb  port.o [1]
vPortFree               0x0000313b    0x44  Code  Gb  heap_2.o [1]
vPortSVCHandler         0x00002fd3          Code  Gb  portasm.o [1]
vPortSetupTimerInterrupt
                        0x00002e9b    0x10  Code  Wk  port.o [1]
vPortStartFirstTask     0x00002feb          Code  Gb  portasm.o [1]
vPortYield              0x00002e33    0x12  Code  Gb  port.o [1]
vSetupHighFrequencyTimer
                        0x00001f15    0x46  Code  Gb  main.o [1]
vStartIdleTask          0x00001f75    0x22  Code  Gb  main.o [1]
vStartInterpretTask     0x00001fc1    0x24  Code  Gb  main.o [1]
vTaskDelay              0x0000184d    0x3c  Code  Gb  tasks.o [1]
vTaskDelayUntil         0x000017cd    0x80  Code  Gb  tasks.o [1]
vTaskStartScheduler     0x00001889    0x4c  Code  Gb  tasks.o [1]
vTaskSuspendAll         0x000018d5    0x10  Code  Gb  tasks.o [1]
vTaskSwitchContext      0x00001b49    0xc6  Code  Gb  tasks.o [1]
xDelayedTaskList1       0x20004884    0x14  Data  Lc  tasks.o [1]
xDelayedTaskList2       0x20004898    0x14  Data  Lc  tasks.o [1]
xEnd                    0x200048f0     0x8  Data  Lc  heap_2.o [1]
xFreeBytesRemaining     0x200000bc     0x4  Data  Lc  heap_2.o [1]
xNextTaskUnblockTime    0x200000cc     0x4  Data  Lc  tasks.o [1]
xNumOfOverflows         0x2000494c     0x4  Data  Lc  tasks.o [1]
xPendingReadyList       0x200048ac    0x14  Data  Lc  tasks.o [1]
xPortPendSVHandler      0x00002f75          Code  Gb  portasm.o [1]
xPortStartScheduler     0x00002d9b    0x98  Code  Gb  port.o [1]
xPortSysTickHandler     0x00002e7b    0x20  Code  Gb  port.o [1]
xSchedulerRunning       0x2000493c     0x4  Data  Lc  tasks.o [1]
xStart                  0x200048e8     0x8  Data  Lc  heap_2.o [1]
xSuspendedTaskList      0x200048d4    0x14  Data  Lc  tasks.o [1]
xTaskGenericCreate      0x00001685   0x148  Code  Gb  tasks.o [1]
xTaskGetTickCount       0x000019d3    0x16  Code  Gb  tasks.o [1]
xTaskIncrementTick      0x000019e9   0x160  Code  Gb  tasks.o [1]
xTaskResumeAll          0x000018e5    0xee  Code  Gb  tasks.o [1]
xTaskWakeTime           0x200048fc     0x4  Data  Lc  interpret.o [1]
xTasksWaitingTermination
                        0x200048c0    0x14  Data  Lc  tasks.o [1]
xTickCount              0x20004934     0x4  Data  Lc  tasks.o [1]
xYieldPending           0x20004948     0x4  Data  Lc  tasks.o [1]


[1] = C:\dev\docs\scottdesign\motor\Debug\Obj
[2] = command line
[3] = dl7M_tln.a
[4] = dlpp7M_tl_ne.a
[5] = driverlib.a
[6] = m7M_tlv.a
[7] = rt7M_tl.a
[8] = shb_l.a
[9] = usblib.a

  28 858 bytes of readonly  code memory
   2 098 bytes of readonly  data memory
  20 266 bytes of readwrite data memory

Errors: none
Warnings: none
