###############################################################################
#                                                                             #
# IAR ELF Linker V6.40.1.53790/W32 for ARM              10/Oct/2013  17:53:52 #
# Copyright 2007-2012 IAR Systems AB.                                         #
#                                                                             #
#    Output file  =  C:\dev\docs\scottdesign\motor\Debug\Exe\motorTiva.out    #
#    Map file     =  C:\dev\docs\scottdesign\motor\Debug\List\motorTiva.map   #
#    Command line =  C:\dev\docs\scottdesign\motor\Debug\Obj\accel.o          #
#                    C:\dev\docs\scottdesign\motor\Debug\Obj\flashio.o        #
#                    C:\dev\docs\scottdesign\motor\Debug\Obj\heap_2.o         #
#                    C:\dev\docs\scottdesign\motor\Debug\Obj\interpret.o      #
#                    C:\dev\docs\scottdesign\motor\Debug\Obj\list.o           #
#                    C:\dev\docs\scottdesign\motor\Debug\Obj\main.o           #
#                    C:\dev\docs\scottdesign\motor\Debug\Obj\parseTreeEntry.o #
#                     C:\dev\docs\scottdesign\motor\Debug\Obj\port.o          #
#                    C:\dev\docs\scottdesign\motor\Debug\Obj\portasm.o        #
#                    C:\dev\docs\scottdesign\motor\Debug\Obj\queue.o          #
#                    C:\dev\docs\scottdesign\motor\Debug\Obj\startup_ewarm.o  #
#                    C:\dev\docs\scottdesign\motor\Debug\Obj\stepper.o        #
#                    C:\dev\docs\scottdesign\motor\Debug\Obj\symbolTableEntry #
#                    .o C:\dev\docs\scottdesign\motor\Debug\Obj\tasks.o       #
#                    C:\dev\docs\scottdesign\motor\Debug\Obj\uartstdio.o      #
#                    C:\dev\docs\scottdesign\motor\Debug\Obj\usb_dev_serial.o #
#                     C:\dev\docs\scottdesign\motor\Debug\Obj\usb_serial_stru #
#                    cts.o C:\dev\docs\scottdesign\motor\Debug\Obj\ustdlib.o  #
#                    C:\ti\TivaWare_C_Series-1.0\driverlib\ewarm\Exe\driverli #
#                    b.a C:\ti\TivaWare_C_Series-1.0\usblib\ewarm\Exe\usblib. #
#                    a --redirect _Printf=_PrintfTiny --redirect              #
#                    _Scanf=_ScanfSmall -o C:\dev\docs\scottdesign\motor\Debu #
#                    g\Exe\motorTiva.out --map C:\dev\docs\scottdesign\motor\ #
#                    Debug\List\motorTiva.map --config                        #
#                    C:\dev\docs\scottdesign\motor\motorTiva.icf              #
#                    --semihosting --entry __iar_program_start --vfe          #
#                                                                             #
#                                                                             #
###############################################################################

*******************************************************************************
*** RUNTIME MODEL ATTRIBUTES
***

CppFlavor                     = *
__CPP_Language                = EC++
__Heap_Handler                = Basic
__SystemLibrary               = DLib
__dlib_dynamic_initialization = normal


*******************************************************************************
*** PLACEMENT SUMMARY
***

"A1":  place at start of [0x00000000-0x0000ffff] { ro section .intvec };
"P1":  place in [from 0x00000000 to 0x0000ffff] { ro };
"P2":  place in [from 0x20000000 to 0x20005fff] { rw, block HEAP };

  Section             Kind        Address    Size  Object
  -------             ----        -------    ----  ------
"A1":                                       0x26c
  .intvec             const    0x00000000   0x26c  startup_ewarm.o [1]
                             - 0x0000026c   0x26c

"P1":                                      0x709c
  .text               ro code  0x0000026c   0xf94  interpret.o [1]
  .text               ro code  0x00001200    0x50  cxxabi.o [4]
  .text               ro code  0x00001250     0x6  interpret.o [1]
  .text               ro code  0x00001256    0x2e  copy_init3.o [7]
  .text               ro code  0x00001284   0x4ac  stepper.o [1]
  .text               ro code  0x00001730    0x20  interpret.o [1]
  .text               ro code  0x00001750     0xc  interpret.o [1]
  .text               ro code  0x0000175c   0x7c8  tasks.o [1]
  .text               ro code  0x00001f24    0x36  strlen.o [7]
  .text               ro code  0x00001f5a    0x22  zero_init3.o [7]
  .text               ro code  0x00001f7c   0x18e  main.o [1]
  .text               ro code  0x0000210a    0x1e  xsscin.o [3]
  .text               ro code  0x00002128    0x42  strcmp.o [7]
  .text               ro code  0x0000216a     0xa  interpret.o [1]
  .text               ro code  0x00002174    0x30  interpret.o [1]
  .text               ro code  0x000021a4    0x2a  interpret.o [1]
  .text               ro code  0x000021ce     0xc  interpret.o [1]
  .text               ro code  0x000021da     0x2  interpret.o [1]
  .text               ro code  0x000021dc    0x10  interpret.o [1]
  .text               ro code  0x000021ec    0x24  sscanf.o [3]
  .text               ro code  0x00002210    0x58  parseTreeEntry.o [1]
  .text               ro code  0x00002268     0x4  parseTreeEntry.o [1]
  .text               ro code  0x0000226c     0x4  parseTreeEntry.o [1]
  .text               ro code  0x00002270     0x4  parseTreeEntry.o [1]
  .text               ro code  0x00002274     0x4  parseTreeEntry.o [1]
  .text               ro code  0x00002278     0x2  interpret.o [1]
  .text               ro code  0x0000227a    0x54  symbolTableEntry.o [1]
  .text               ro code  0x000022ce     0x4  symbolTableEntry.o [1]
  .text               ro code  0x000022d2     0x4  symbolTableEntry.o [1]
  .text               ro code  0x000022d6     0x4  symbolTableEntry.o [1]
  .text               ro code  0x000022da     0x2  interpret.o [1]
  .text               ro code  0x000022dc     0xc  interpret.o [1]
  .text               ro code  0x000022e8     0x2  flashio.o [1]
  .text               ro code  0x000022ea     0xe  interpret.o [1]
  .text               ro code  0x000022f8    0x1e  interpret.o [1]
  .text               ro code  0x00002316    0x16  interpret.o [1]
  .text               ro code  0x0000232c    0x4c  xassert.o [3]
  .text               ro code  0x00002378     0x4  parseTreeEntry.o [1]
  .text               ro code  0x0000237c    0x16  interpret.o [1]
  .text               ro code  0x00002392    0x16  interpret.o [1]
  .text               ro code  0x000023a8    0x34  interpret.o [1]
  .text               ro code  0x000023dc     0x6  interpret.o [1]
  .text               ro code  0x000023e2     0x4  symbolTableEntry.o [1]
  .text               ro code  0x000023e6     0x6  interpret.o [1]
  .text               ro code  0x000023ec     0xa  interpret.o [1]
  .rodata             const    0x000023f6     0x2  heap_2.o [1]
  .text               ro code  0x000023f8    0x3c  interpret.o [1]
  .text               ro code  0x00002434    0x26  interpret.o [1]
  .text               ro code  0x0000245a     0x6  interpret.o [1]
  .text               ro code  0x00002460     0x4  symbolTableEntry.o [1]
  .text               ro code  0x00002464    0x14  interpret.o [1]
  .text               ro code  0x00002478    0x1a  interpret.o [1]
  .text               ro code  0x00002492     0xa  interpret.o [1]
  .text               ro code  0x0000249c    0x16  interpret.o [1]
  .text               ro code  0x000024b2     0xe  interpret.o [1]
  .text               ro code  0x000024c0    0x28  interpret.o [1]
  .text               ro code  0x000024e8    0x16  interpret.o [1]
  .text               ro code  0x000024fe     0x4  symbolTableEntry.o [1]
  .text               ro code  0x00002502    0x14  interpret.o [1]
  .text               ro code  0x00002516     0x4  parseTreeEntry.o [1]
  .text               ro code  0x0000251a     0x4  parseTreeEntry.o [1]
  .text               ro code  0x0000251e    0x1c  interpret.o [1]
  .text               ro code  0x0000253a     0x6  interpret.o [1]
  .text               ro code  0x00002540    0x76  ABImemcpy.o [7]
  .text               ro code  0x000025b6     0x2  interpret.o [1]
  .text               ro code  0x000025b8    0x98  cppinit.o [3]
  .text               ro code  0x00002650   0x244  accel.o [1]
  .text               ro code  0x00002894    0x30  stepper.o [1]
  .text               ro code  0x000028c4     0x6  stepper.o [1]
  .text               ro code  0x000028ca    0x22  stepper.o [1]
  .text               ro code  0x000028ec    0x26  stepper.o [1]
  .text               ro code  0x00002912     0xa  stepper.o [1]
  .text               ro code  0x0000291c    0x1a  stepper.o [1]
  .text               ro code  0x00002936     0x6  stepper.o [1]
  .text               ro code  0x0000293c     0x6  stepper.o [1]
  .text               ro code  0x00002944    0x18  stepper.o [1]
  .text               ro code  0x0000295c    0x3c  stepper.o [1]
  .text               ro code  0x00002998    0x30  stepper.o [1]
  .text               ro code  0x000029c8    0x1c  stepper.o [1]
  .text               ro code  0x000029e4    0x30  stepper.o [1]
  .text               ro code  0x00002a14     0x6  stepper.o [1]
  .text               ro code  0x00002a1a    0x18  stepper.o [1]
  .text               ro code  0x00002a32    0x12  stepper.o [1]
  .text               ro code  0x00002a44    0x14  stepper.o [1]
  .text               ro code  0x00002a58    0x66  timer.o [5]
  .text               ro code  0x00002abe    0x10  stepper.o [1]
  .text               ro code  0x00002ace    0x14  interpret.o [1]
  .text               ro code  0x00002ae4   0x158  port.o [1]
  .text               ro code  0x00002c3c    0xa4  list.o [1]
  CODE                ro code  0x00002ce0    0xa0  portasm.o [1]
  .text               ro code  0x00002d80    0x62  memcmp.o [7]
  .text               ro code  0x00002de4   0x14c  heap_2.o [1]
  .text               ro code  0x00002f30    0x16  tasks.o [1]
  .text               ro code  0x00002f46   0x24c  usbbuffer.o [9]
  .text               ro code  0x00003194     0x6  gpio.o [5]
  .text               ro code  0x0000319c    0x74  sysctl.o [5]
  .text               ro code  0x00003210   0x214  interrupt.o [5]
  .text               ro code  0x00003424    0x2c  strstr.o [3]
  .text               ro code  0x00003450   0x504  xscanfsmall.o [3]
  .text               ro code  0x00003954     0x4  parseTreeEntry.o [1]
  .text               ro code  0x00003958    0x1c  interpret.o [1]
  .text               ro code  0x00003974    0x1c  interpret.o [1]
  .text               ro code  0x00003990    0x10  interpret.o [1]
  .text               ro code  0x000039a0    0xa0  xreportassert.o [3]
  .text               ro code  0x00003a40     0x6  abort.o [3]
  .text               ro code  0x00003a46    0x2a  interpret.o [1]
  .text               ro code  0x00003a70    0x18  stepper.o [1]
  .text               ro code  0x00003a88     0x6  stepper.o [1]
  .text               ro code  0x00003a90    0x2c  I32ToDbl.o [6]
  .text               ro code  0x00003abc   0x1a2  DblMul.o [6]
  .text               ro code  0x00003c60   0x246  DblDiv.o [6]
  .text               ro code  0x00003ea8    0x90  DblToFlt.o [6]
  .text               ro code  0x00003f38    0x50  expf.o [6]
  .text               ro code  0x00003f88    0x18  stepper.o [1]
  .text               ro code  0x00003fa0     0x6  stepper.o [1]
  .text               ro code  0x00003fa6    0x26  interpret.o [1]
  .text               ro code  0x00003fcc    0x66  ABImemset.o [7]
  .text               ro code  0x00004032   0x152  usbringbuf.o [9]
  .text               ro code  0x00004184    0x10  cpu.o [5]
  .text               ro code  0x00004194    0x16  strchr.o [7]
  .text               ro code  0x000041aa    0x86  xstol.o [3]
  .text               ro code  0x00004230   0x174  xstoul.o [3]
  .text               ro code  0x000043a4     0xc  interpret.o [1]
  .text               ro code  0x000043b0    0x28  putchar.o [3]
  .text               ro code  0x000043d8    0x14  exit.o [8]
  .text               ro code  0x000043ec   0x21c  xfexp.o [6]
  .text               ro code  0x00004608    0x2a  stepper.o [1]
  .text               ro code  0x00004632     0xe  interpret.o [1]
  .text               ro code  0x00004640     0xc  errno.o [3]
  .text               ro code  0x0000464c    0x58  memchr.o [7]
  .text               ro code  0x000046a4    0x10  write.o [8]
  .text               ro code  0x000046b4    0x6c  iarttio.o [8]
  .text               ro code  0x00004720    0xc8  xfdscale.o [6]
  .text               ro code  0x000047e8     0x2  xtls.o [3]
  .text               ro code  0x000047ea    0x1e  dwrite.o [8]
  .text               ro code  0x00004808     0x8  XShttio.o [3]
  .text               ro code  0x00004810    0x26  xfdnorm.o [6]
  .text               ro code  0x00004836    0x20  iarwstd.o [8]
  .text               ro code  0x00004856    0x22  iarwrite.o [8]
  .text               ro code  0x00004878   0x96c  usbdenum.o [9]
  .text               ro code  0x000051e4   0x3f6  usb.o [5]
  .text               ro code  0x000055dc   0x478  usbdma.o [9]
  .text               ro code  0x00005a54    0x6c  usbtick.o [9]
  .text               ro code  0x00005ac0   0x150  usbdcdesc.o [9]
  .text               ro code  0x00005c10   0x228  usbdconfig.o [9]
  .text               ro code  0x00005e38   0x11c  udma.o [5]
  .text               ro code  0x00005f54    0x54  usbdesc.o [9]
  .text               ro code  0x00005fa8   0x750  usbdcdc.o [9]
  .text               ro code  0x000066f8   0x56c  usb_dev_serial.o [1]
  .text               ro code  0x00006c64    0x1c  usbmode.o [9]
  .rodata             const    0x00006c80    0x6c  usbdcdc.o [9]
  .text               ro code  0x00006cec    0x4c  interpret.o [1]
  .text               ro code  0x00006d38     0xe  interpret.o [1]
  .text               ro code  0x00006d46     0xe  interpret.o [1]
  .text               ro code  0x00006d54     0x2  interpret.o [1]
  .text               ro code  0x00006d56     0x2  interpret.o [1]
  .text               ro code  0x00006d58     0x2  interpret.o [1]
  .rodata             const    0x00006d5c    0x48  interpret.o [1]
  .rodata             const    0x00006da4    0x38  usb_serial_structs.o [1]
  .rodata             const    0x00006ddc    0x30  interpret.o [1]
  .rodata             const    0x00006e0c    0x2c  interpret.o [1]
  .rodata             const    0x00006e38    0x2c  interpret.o [1]
  .rodata             const    0x00006e64    0x2c  usb_serial_structs.o [1]
  .rodata             const    0x00006e90    0x28  main.o [1]
  .text               ro code  0x00006eb8    0x28  data_init3.o [7]
  .rodata             const    0x00006ee0    0x24  usb_serial_structs.o [1]
  .rodata             const    0x00006f04    0x24  usb_serial_structs.o [1]
  .rodata             const    0x00006f28    0x24  usb_serial_structs.o [1]
  .rodata             const    0x00006f4c    0x24  usb_serial_structs.o [1]
  .iar.init_table     const    0x00006f70    0x28  - Linker created -
  .rodata             const    0x00006f98    0x20  interpret.o [1]
  .rodata             const    0x00006fb8    0x20  interpret.o [1]
  .text               ro code  0x00006fd8    0x20  cmain_call_ctors.o [7]
  .text               ro code  0x00006ff8    0x1e  startup_ewarm.o [1]
  .text               ro code  0x00007016     0xc  cstartup_M.o [7]
  .text               ro code  0x00007024    0x1a  fpinit_M.o [6]
  .text               ro code  0x00007040    0x16  cmain.o [7]
  .text               ro code  0x00007056     0x4  low_level_init.o [3]
  .text               ro code  0x0000705a     0x4  exit.o [3]
  .text               ro code  0x00007060     0xe  cexit.o [7]
  .rodata             const    0x00007070    0x1c  interpret.o [1]
  .rodata             const    0x0000708c    0x18  usb_serial_structs.o [1]
  .text               ro code  0x000070a4    0x18  usbdhandler.o [9]
  .rodata             const    0x000070bc    0x14  tasks.o [1]
  .rodata             const    0x000070d0    0x14  usb_serial_structs.o [1]
  .rodata             const    0x000070e4    0x10  interpret.o [1]
  .rodata             const    0x000070f4    0x10  interpret.o [1]
  .rodata             const    0x00007104    0x10  usb_dev_serial.o [1]
  .rodata             const    0x00007114     0xc  interpret.o [1]
  .rodata             const    0x00007120     0xc  interpret.o [1]
  .rodata             const    0x0000712c     0xc  interpret.o [1]
  .rodata             const    0x00007138     0xc  interpret.o [1]
  .rodata             const    0x00007144     0xc  interpret.o [1]
  .rodata             const    0x00007150     0xc  interpret.o [1]
  .rodata             const    0x0000715c     0xc  interpret.o [1]
  .rodata             const    0x00007168     0xc  interpret.o [1]
  .rodata             const    0x00007174     0xc  interpret.o [1]
  .rodata             const    0x00007180     0xc  main.o [1]
  .rodata             const    0x0000718c     0xc  usb_dev_serial.o [1]
  .rodata             const    0x00007198     0x8  interpret.o [1]
  .rodata             const    0x000071a0     0x8  interpret.o [1]
  .rodata             const    0x000071a8     0x8  interpret.o [1]
  .rodata             const    0x000071b0     0x8  interpret.o [1]
  .rodata             const    0x000071b8     0x8  interpret.o [1]
  .rodata             const    0x000071c0     0x8  interpret.o [1]
  .rodata             const    0x000071c8     0x8  interpret.o [1]
  .rodata             const    0x000071d0     0x8  interpret.o [1]
  .rodata             const    0x000071d8     0x8  interpret.o [1]
  .rodata             const    0x000071e0     0x8  interpret.o [1]
  .rodata             const    0x000071e8     0x8  interpret.o [1]
  .rodata             const    0x000071f0     0x8  interpret.o [1]
  .rodata             const    0x000071f8     0x8  interpret.o [1]
  .rodata             const    0x00007200     0x8  interpret.o [1]
  .rodata             const    0x00007208     0x8  interpret.o [1]
  .rodata             const    0x00007210     0x8  interpret.o [1]
  .rodata             const    0x00007218     0x8  main.o [1]
  .rodata             const    0x00007220     0x8  main.o [1]
  .rodata             const    0x00007228     0x8  tasks.o [1]
  .rodata             const    0x00007230     0x4  usb_serial_structs.o [1]
  SHT$$PREINIT_ARRAY           0x00007234     0x0  <Block>
  SHT$$INIT_ARRAY              0x00007234     0x4  <Block>
    .init_array       const    0x00007234     0x4  interpret.o [1]
  .text               ro code  0x00007238     0x0  cstart_call_dtors.o [7]
  .rodata             const    0x00007238     0x0  zero_init3.o [7]
  .rodata             const    0x00007238     0x0  copy_init3.o [7]
  Initializer bytes   ro data  0x00007238    0xd0  <for P2 s0>
                             - 0x00007308  0x709c

"P2", part 1 of 3:                           0xd0
  P2 s0                        0x20000000    0xd0  <Init block>
    .data             inited   0x20000000    0x60  usb_serial_structs.o [1]
    .data             inited   0x20000060    0x20  usbdcdc.o [9]
    .data             inited   0x20000080    0x10  usbdcdc.o [9]
    .data             inited   0x20000090    0x10  usbmode.o [9]
    .data             inited   0x200000a0     0xc  usbdcdc.o [9]
    .data             inited   0x200000ac     0x8  usbdcdc.o [9]
    .data             inited   0x200000b4     0x8  XShttio.o [3]
    .data             inited   0x200000bc     0x4  heap_2.o [1]
    .data             inited   0x200000c0     0x4  interpret.o [1]
    .data             inited   0x200000c4     0x4  interpret.o [1]
    .data             inited   0x200000c8     0x4  port.o [1]
    .data             inited   0x200000cc     0x4  tasks.o [1]
                             - 0x200000d0    0xd0

"P2", part 2 of 3:                         0x4a38
  .bss                zero     0x200000d0  0x2ee0  heap_2.o [1]
  .bss                zero     0x20002fb0  0x14ac  interpret.o [1]
  .bss                zero     0x2000445c   0x110  usbdma.o [9]
  .bss                zero     0x2000456c   0x108  interpret.o [1]
  .bss                zero     0x20004674   0x100  usb_serial_structs.o [1]
  .bss                zero     0x20004774   0x100  usb_serial_structs.o [1]
  .bss                zero     0x20004874    0x64  tasks.o [1]
  .bss                zero     0x200048d8    0x50  usbdenum.o [9]
  .bss                zero     0x20004928    0x40  usbdenum.o [9]
  .bss                zero     0x20004968    0x38  usbtick.o [9]
  .bss                zero     0x200049a0    0x20  interpret.o [1]
  .bss                zero     0x200049c0    0x20  interpret.o [1]
  .bss                zero     0x200049e0    0x18  usb_serial_structs.o [1]
  .bss                zero     0x200049f8    0x18  usb_serial_structs.o [1]
  .bss                zero     0x20004a10    0x14  tasks.o [1]
  .bss                zero     0x20004a24    0x14  tasks.o [1]
  .bss                zero     0x20004a38    0x14  tasks.o [1]
  .bss                zero     0x20004a4c    0x14  tasks.o [1]
  .bss                zero     0x20004a60    0x14  tasks.o [1]
  .bss                zero     0x20004a74     0x8  heap_2.o [1]
  .bss                zero     0x20004a7c     0x8  heap_2.o [1]
  .bss                zero     0x20004a84     0x4  heap_2.o [1]
  .bss                zero     0x20004a88     0x4  interpret.o [1]
  .bss                zero     0x20004a8c     0x4  interpret.o [1]
  .bss                zero     0x20004a90     0x4  interpret.o [1]
  .bss                zero     0x20004a94     0x4  interpret.o [1]
  .bss                zero     0x20004a98     0x4  interpret.o [1]
  .bss                zero     0x20004a9c     0x4  interpret.o [1]
  .bss                zero     0x20004aa0     0x4  interpret.o [1]
  .bss                zero     0x20004aa4     0x4  port.o [1]
  .bss                zero     0x20004aa8     0x4  stepper.o [1]
  .bss                zero     0x20004aac     0x4  tasks.o [1]
  .bss                zero     0x20004ab0     0x4  tasks.o [1]
  .bss                zero     0x20004ab4     0x4  tasks.o [1]
  .bss                zero     0x20004ab8     0x4  tasks.o [1]
  .bss                zero     0x20004abc     0x4  tasks.o [1]
  .bss                zero     0x20004ac0     0x4  tasks.o [1]
  .bss                zero     0x20004ac4     0x4  tasks.o [1]
  .bss                zero     0x20004ac8     0x4  tasks.o [1]
  .bss                zero     0x20004acc     0x4  tasks.o [1]
  .bss                zero     0x20004ad0     0x4  tasks.o [1]
  .bss                zero     0x20004ad4     0x4  tasks.o [1]
  .bss                zero     0x20004ad8     0x4  tasks.o [1]
  .bss                zero     0x20004adc     0x4  tasks.o [1]
  .bss                zero     0x20004ae0     0x4  usb_dev_serial.o [1]
  .bss                zero     0x20004ae4     0x4  usb_dev_serial.o [1]
  .bss                zero     0x20004ae8     0x4  usb_dev_serial.o [1]
  .bss                zero     0x20004aec     0x4  usb_dev_serial.o [1]
  .bss                zero     0x20004af0     0x4  usbtick.o [9]
  .bss                zero     0x20004af4     0x4  cppinit.o [3]
  .bss                zero     0x20004af8     0x4  cppinit.o [3]
  __DLIB_PERTHREAD    zero     0x20004afc     0x4  errno.o [3]
  .bss                zero     0x20004b00     0x1  interpret.o [1]
  .bss                zero     0x20004b01     0x1  interpret.o [1]
  .bss                zero     0x20004b02     0x1  interpret.o [1]
  .bss                zero     0x20004b03     0x1  port.o [1]
  .bss                zero     0x20004b04     0x1  usb_dev_serial.o [1]
  .bss                zero     0x20004b05     0x1  usb_dev_serial.o [1]
                             - 0x20004b06  0x4a36

"P2", part 3 of 3:                          0x5b0
  .noinit             uninit   0x20004b08   0x400  startup_ewarm.o [1]
  .iar.dynexit                 0x20004f08   0x1b0  <Block>
    .iar.dynexit      uninit   0x20004f08     0xc  cppinit.o [3]
    .iar.dynexit      uninit   0x20004f14   0x1a4  <Block tail>
                             - 0x200050b8   0x5b0


*******************************************************************************
*** INIT TABLE
***

          Address     Size
          -------     ----
Zero (__iar_zero_init3)
    1 destination range, total size 0x4a36:
          0x200000d0  0x4a36

Copy (__iar_copy_init3)
    1 source range, total size 0xd0:
          0x00007238    0xd0
    1 destination range, total size 0xd0:
          0x20000000    0xd0

Extra (__iar_cstart_call_ctors)



*******************************************************************************
*** MODULE SUMMARY
***

    Module                ro code  ro data  rw data
    ------                -------  -------  -------
C:\dev\docs\scottdesign\motor\Debug\Obj: [1]
    accel.o                   580
    flashio.o                   2
    heap_2.o                  332        6   12 024
    interpret.o             4 990      580    5 659
    list.o                    164
    main.o                    398       68
    parseTreeEntry.o          120
    port.o                    344        4        9
    portasm.o                 160
    startup_ewarm.o            30      620    1 024
    stepper.o               1 764                 4
    symbolTableEntry.o        108
    tasks.o                 2 014       32      256
    usb_dev_serial.o        1 388       28       18
    usb_serial_structs.o               388      656
    -----------------------------------------------
    Total:                 12 394    1 726   19 650

command line: [2]
    -----------------------------------------------
    Total:

dl7M_tln.a: [3]
    XShttio.o                   8        8        8
    abort.o                     6
    cppinit.o                 152                20
    errno.o                    12                 4
    exit.o                      4
    low_level_init.o            4
    putchar.o                  40
    sscanf.o                   36
    strstr.o                   44
    xassert.o                  76
    xreportassert.o           160
    xscanfsmall.o           1 284
    xsscin.o                   30
    xstol.o                   134
    xstoul.o                  372
    xtls.o                      2
    -----------------------------------------------
    Total:                  2 364        8       32

dlpp7M_tl_ne.a: [4]
    cxxabi.o                   80
    -----------------------------------------------
    Total:                     80

driverlib.a: [5]
    cpu.o                      16
    gpio.o                      6
    interrupt.o               532
    sysctl.o                  116
    timer.o                   102
    udma.o                    284
    usb.o                   1 014
    -----------------------------------------------
    Total:                  2 070

m7M_tlv.a: [6]
    DblDiv.o                  582
    DblMul.o                  418
    DblToFlt.o                144
    I32ToDbl.o                 44
    expf.o                     80
    fpinit_M.o                 26
    xfdnorm.o                  38
    xfdscale.o                200
    xfexp.o                   540
    -----------------------------------------------
    Total:                  2 072

rt7M_tl.a: [7]
    ABImemcpy.o               118
    ABImemset.o               102
    cexit.o                    14
    cmain.o                    22
    cmain_call_ctors.o         32
    copy_init3.o               46
    cstart_call_dtors.o
    cstartup_M.o               12
    data_init3.o               40
    memchr.o                   88
    memcmp.o                   98
    strchr.o                   22
    strcmp.o                   66
    strlen.o                   54
    zero_init3.o               34
    -----------------------------------------------
    Total:                    748

shb_l.a: [8]
    dwrite.o                   30
    exit.o                     20
    iarttio.o                 108
    iarwrite.o                 34
    iarwstd.o                  32
    write.o                    16
    -----------------------------------------------
    Total:                    240

usblib.a: [9]
    usbbuffer.o               588
    usbdcdc.o               1 872      176       68
    usbdcdesc.o               336
    usbdconfig.o              552
    usbdenum.o              2 412               144
    usbdesc.o                  84
    usbdhandler.o              24
    usbdma.o                1 144               272
    usbmode.o                  28       16       16
    usbringbuf.o              338
    usbtick.o                 108                60
    -----------------------------------------------
    Total:                  7 486      192      560

    Gaps                       24        4
    Linker created                      40      420
---------------------------------------------------
    Grand Total:           27 478    1 970   20 662


*******************************************************************************
*** ENTRY LIST
***

Entry                      Address    Size  Type      Object
-----                      -------    ----  ----      ------
.iar.dynexit$$Base      0x20004f08           --   Gb  - Linker created -
.iar.dynexit$$Limit     0x200050b8           --   Gb  - Linker created -
?main                   0x00007041          Code  Gb  cmain.o [7]
CDCTickHandler          0x0000640d    0x7a  Code  Lc  usbdcdc.o [9]
CPUcpsid                0x00004185     0x8  Code  Gb  cpu.o [5]
CPUcpsie                0x0000418d     0x8  Code  Gb  cpu.o [5]
CheckForSerialStateChange
                        0x000066f9    0x3a  Code  Lc  usb_dev_serial.o [1]
ControlHandler          0x000069d1    0xd8  Code  Gb  usb_dev_serial.o [1]
DMAUSBIntHandler        0x00005639    0x30  Code  Lc  usbdma.o [9]
DMAUSBIntStatusClear    0x0000562b     0xe  Code  Lc  usbdma.o [9]
DMAUSBStatus            0x00005985     0x4  Code  Lc  usbdma.o [9]
DeviceConsumedAllData   0x00005fc1    0x18  Code  Lc  usbdcdc.o [9]
DtorRecArray            0x20004f08     0xc  Data  Lc  cppinit.o [3]
FaultISR                0x00007013     0x2  Code  Lc  startup_ewarm.o [1]
GPIOPinWrite            0x00003195     0x6  Code  Gb  gpio.o [5]
GetEPDescriptorType     0x00005c2d    0x46  Code  Lc  usbdconfig.o [9]
GetEndpointFIFOSize     0x00005c11    0x1c  Code  Lc  usbdconfig.o [9]
GetLineCoding           0x000068fb    0xa4  Code  Lc  usb_dev_serial.o [1]
HandleConfigChange      0x00006221    0x2c  Code  Lc  usbdcdc.o [9]
HandleDevice            0x0000629b    0x62  Code  Lc  usbdcdc.o [9]
HandleDisconnect        0x000063c7    0x22  Code  Lc  usbdcdc.o [9]
HandleEP0Data           0x0000624d    0x46  Code  Lc  usbdcdc.o [9]
HandleEndpoints         0x000061cf    0x52  Code  Lc  usbdcdc.o [9]
HandleRequests          0x000062fd    0xb8  Code  Lc  usbdcdc.o [9]
HandleResume            0x000063f5     0xc  Code  Lc  usbdcdc.o [9]
HandleRxAvailable       0x00002fd5    0xb2  Code  Lc  usbbuffer.o [9]
HandleSuspend           0x000063e9     0xc  Code  Lc  usbdcdc.o [9]
IntDefaultHandler       0x00007015     0x2  Code  Lc  startup_ewarm.o [1]
IntDisable              0x000032a3    0x58  Code  Gb  interrupt.o [5]
IntEnable               0x0000324b    0x58  Code  Gb  interrupt.o [5]
IntIsEnabled            0x000032fb    0x5c  Code  Gb  interrupt.o [5]
IntMasterDisable        0x00003219     0x6  Code  Gb  interrupt.o [5]
IntMasterEnable         0x00003211     0x8  Code  Gb  interrupt.o [5]
IntPrioritySet          0x00003227    0x24  Code  Gb  interrupt.o [5]
InternalUSBRegisterTickHandler
                        0x00005a71    0x24  Code  Gb  usbtick.o [9]
InternalUSBStartOfFrameTick
                        0x00005a95    0x26  Code  Gb  usbtick.o [9]
InternalUSBTickInit     0x00005a55    0x1c  Code  Gb  usbtick.o [9]
NextConfigDescGet       0x00005ac1    0x2e  Code  Lc  usbdcdesc.o [9]
NmiSR                   0x00007011     0x2  Code  Lc  startup_ewarm.o [1]
ProcessDataFromHost     0x000060d3    0x5e  Code  Gb  usbdcdc.o [9]
ProcessDataToHost       0x00006175    0x52  Code  Gb  usbdcdc.o [9]
ProcessNotificationToHost
                        0x0000613f    0x36  Code  Gb  usbdcdc.o [9]
ReadUARTData            0x00006733    0x64  Code  Lc  usb_dev_serial.o [1]
Region$$Table$$Base     0x00006f70           --   Gb  - Linker created -
Region$$Table$$Limit    0x00006f98           --   Gb  - Linker created -
ResetISR                0x00006ff9    0x14  Code  Gb  startup_ewarm.o [1]
RxHandler               0x00006ab7    0x48  Code  Gb  usb_dev_serial.o [1]
SHT$$INIT_ARRAY$$Base   0x00007234           --   Gb  - Linker created -
SHT$$INIT_ARRAY$$Limit  0x00007238           --   Gb  - Linker created -
SHT$$PREINIT_ARRAY$$Base
                        0x00007234           --   Gb  - Linker created -
SHT$$PREINIT_ARRAY$$Limit
                        0x00007234           --   Gb  - Linker created -
ScheduleNextTransmission
                        0x00002f47    0x8e  Code  Lc  usbbuffer.o [9]
SendBreak               0x0000699f    0x32  Code  Lc  usb_dev_serial.o [1]
SendBreak               0x00005fd9    0x3a  Code  Lc  usbdcdc.o [9]
SendLineCodingChange    0x00006013    0x1e  Code  Lc  usbdcdc.o [9]
SendLineStateChange     0x00006031    0x1e  Code  Lc  usbdcdc.o [9]
SendSerialState         0x0000604f    0x84  Code  Lc  usbdcdc.o [9]
SetControlLineState     0x0000684f     0x2  Code  Lc  usb_dev_serial.o [1]
SetDeferredOpFlag       0x00005fa9    0x18  Code  Lc  usbdcdc.o [9]
SetLineCoding           0x00006851    0xaa  Code  Lc  usb_dev_serial.o [1]
SysCtlPeripheralEnable  0x000031dd     0x8  Code  Gb  sysctl.o [5]
SysCtlPeripheralReset   0x0000319d    0x40  Code  Gb  sysctl.o [5]
SysCtlUSBPLLEnable      0x000031f9     0xc  Code  Gb  sysctl.o [5]
TimerConfigure          0x00002a71    0x26  Code  Gb  timer.o [5]
TimerDisable            0x00002a65     0xc  Code  Gb  timer.o [5]
TimerEnable             0x00002a59     0xc  Code  Gb  timer.o [5]
TimerIntEnable          0x00002aad     0x4  Code  Gb  timer.o [5]
TimerLoadSet            0x00002a9d    0x10  Code  Gb  timer.o [5]
TxHandler               0x00006aa9     0xe  Code  Gb  usb_dev_serial.o [1]
UARTSend                0x00001f8f    0x12  Code  Gb  main.o [1]
USB0DeviceIntHandler    0x000070a5    0x18  Code  Gb  usbdhandler.o [9]
USBBufferDataAvailable  0x000030fb     0x6  Code  Gb  usbbuffer.o [9]
USBBufferEventCallback  0x00003107    0x8c  Code  Gb  usbbuffer.o [9]
USBBufferFlush          0x000030cf     0x6  Code  Gb  usbbuffer.o [9]
USBBufferInit           0x00003087    0x16  Code  Gb  usbbuffer.o [9]
USBBufferRead           0x000030d5    0x26  Code  Gb  usbbuffer.o [9]
USBBufferSpaceAvailable
                        0x00003101     0x6  Code  Gb  usbbuffer.o [9]
USBBufferWrite          0x0000309d    0x32  Code  Gb  usbbuffer.o [9]
USBDCDCCompositeInit    0x0000649d    0x8e  Code  Gb  usbdcdc.o [9]
USBDCDCInit             0x0000652b    0x42  Code  Gb  usbdcdc.o [9]
USBDCDCPacketRead       0x000065c9    0x7e  Code  Gb  usbdcdc.o [9]
USBDCDCPacketWrite      0x0000657d    0x4c  Code  Gb  usbdcdc.o [9]
USBDCDCRxPacketAvailable
                        0x00006657    0x32  Code  Gb  usbdcdc.o [9]
USBDCDCSerialStateChange
                        0x00006691    0x2e  Code  Gb  usbdcdc.o [9]
USBDCDCTxPacketAvailable
                        0x00006647    0x10  Code  Gb  usbdcdc.o [9]
USBDCDConfigDescGet     0x00005b37    0x54  Code  Gb  usbdcdesc.o [9]
USBDCDConfigDescGetNum  0x00005b0d    0x2a  Code  Gb  usbdcdesc.o [9]
USBDCDConfigDescGetSize
                        0x00005aef    0x1e  Code  Gb  usbdcdesc.o [9]
USBDCDConfigGetInterface
                        0x00005b8b    0x4c  Code  Gb  usbdcdesc.o [9]
USBDCDConfigGetInterfaceEndpoint
                        0x00005bdf    0x32  Code  Gb  usbdcdesc.o [9]
USBDCDDeviceInfoInit    0x00004879    0x1a  Code  Gb  usbdenum.o [9]
USBDCDInit              0x00004893    0xb8  Code  Gb  usbdenum.o [9]
USBDCDRequestDataEP0    0x0000494b    0x10  Code  Gb  usbdenum.o [9]
USBDCDSendDataEP0       0x0000495b     0xa  Code  Gb  usbdenum.o [9]
USBDCDStallEP0          0x00004969    0x18  Code  Gb  usbdenum.o [9]
USBDClearFeature        0x00004b7b    0x72  Code  Lc  usbdenum.o [9]
USBDEP0StateTx          0x00004f2b    0x66  Code  Lc  usbdenum.o [9]
USBDEP0StateTxConfig    0x00004f91   0x13e  Code  Lc  usbdenum.o [9]
USBDGetConfiguration    0x00004d9f    0x22  Code  Lc  usbdenum.o [9]
USBDGetDescriptor       0x00004c71   0x128  Code  Lc  usbdenum.o [9]
USBDGetInterface        0x00004e57    0x24  Code  Lc  usbdenum.o [9]
USBDGetStatus           0x00004b2b    0x50  Code  Lc  usbdenum.o [9]
USBDReadAndDispatchRequest
                        0x000049cb    0x56  Code  Lc  usbdenum.o [9]
USBDSetAddress          0x00004c57    0x1a  Code  Lc  usbdenum.o [9]
USBDSetConfiguration    0x00004dd1    0x7e  Code  Lc  usbdenum.o [9]
USBDSetDescriptor       0x00004d99     0x6  Code  Lc  usbdenum.o [9]
USBDSetFeature          0x00004bf7    0x60  Code  Lc  usbdenum.o [9]
USBDSetInterface        0x00004e93    0x88  Code  Lc  usbdenum.o [9]
USBDSyncFrame           0x00004f1b     0x4  Code  Lc  usbdenum.o [9]
USBDescGet              0x00005f7b    0x2e  Code  Gb  usbdesc.o [9]
USBDescGetNum           0x00005f55    0x26  Code  Gb  usbdesc.o [9]
USBDevAddrSet           0x0000537b     0x4  Code  Gb  usb.o [5]
USBDevConnect           0x00005363     0xc  Code  Gb  usb.o [5]
USBDevDisconnect        0x0000536f     0xc  Code  Gb  usb.o [5]
USBDevEndpointConfigSet
                        0x0000537f    0x74  Code  Gb  usb.o [5]
USBDevEndpointDataAck   0x00005521    0x20  Code  Gb  usb.o [5]
USBDevEndpointStall     0x000052f3    0x30  Code  Gb  usb.o [5]
USBDevEndpointStallClear
                        0x00005323    0x40  Code  Gb  usb.o [5]
USBDevEndpointStatusClear
                        0x000052a5    0x4e  Code  Gb  usb.o [5]
USBDevMode              0x000055c5     0x2  Code  Gb  usb.o [5]
USBDeviceConfig         0x00005c73   0x136  Code  Gb  usbdconfig.o [9]
USBDeviceConfigAlternate
                        0x00005db5    0x7e  Code  Gb  usbdconfig.o [9]
USBDeviceEnumHandler    0x00004a25    0xca  Code  Gb  usbdenum.o [9]
USBDeviceEnumResetHandler
                        0x00004aef    0x3c  Code  Gb  usbdenum.o [9]
USBDeviceIntHandlerInternal
                        0x000050cf    0xc8  Code  Gb  usbdenum.o [9]
USBDeviceResumeTickHandler
                        0x00004981    0x4a  Code  Gb  usbdenum.o [9]
USBEndpointDMAChannel   0x000055ab    0x1a  Code  Gb  usb.o [5]
USBEndpointDMAConfigSet
                        0x00005435    0x48  Code  Gb  usb.o [5]
USBEndpointDMADisable   0x0000549d    0x20  Code  Gb  usb.o [5]
USBEndpointDMAEnable    0x0000547d    0x20  Code  Gb  usb.o [5]
USBEndpointDataAvail    0x000054bd    0x20  Code  Gb  usb.o [5]
USBEndpointDataGet      0x000054dd    0x44  Code  Gb  usb.o [5]
USBEndpointDataPut      0x00005541    0x30  Code  Gb  usb.o [5]
USBEndpointDataSend     0x00005577    0x2c  Code  Gb  usb.o [5]
USBEndpointPacketCountSet
                        0x000055cd     0xe  Code  Gb  usb.o [5]
USBEndpointStatus       0x00005291     0xe  Code  Gb  usb.o [5]
USBFIFOAddrGet          0x000055a3     0x8  Code  Gb  usb.o [5]
USBFIFOConfigSet        0x000053f3    0x3c  Code  Gb  usb.o [5]
USBHostResume           0x000051ff    0x14  Code  Gb  usb.o [5]
USBIndexWrite           0x000051e5    0x1a  Code  Lc  usb.o [5]
USBIntEnableControl     0x00005213    0x26  Code  Gb  usb.o [5]
USBIntEnableEndpoint    0x00005269    0x1a  Code  Gb  usb.o [5]
USBIntStatusControl     0x00005239    0x30  Code  Gb  usb.o [5]
USBIntStatusEndpoint    0x00005283     0x6  Code  Gb  usb.o [5]
USBLibDMAInit           0x00005989    0x84  Code  Gb  usbdma.o [9]
USBRingBufAdvanceRead   0x000040fb    0x1e  Code  Gb  usbringbuf.o [9]
USBRingBufAdvanceWrite  0x00004119    0x36  Code  Gb  usbringbuf.o [9]
USBRingBufContigFree    0x000040ad    0x1c  Code  Gb  usbringbuf.o [9]
USBRingBufContigUsed    0x0000409b    0x12  Code  Gb  usbringbuf.o [9]
USBRingBufFlush         0x0000405f    0x1a  Code  Gb  usbringbuf.o [9]
USBRingBufFree          0x0000408d     0xe  Code  Gb  usbringbuf.o [9]
USBRingBufInit          0x00004179     0xc  Code  Gb  usbringbuf.o [9]
USBRingBufRead          0x000040df    0x1c  Code  Gb  usbringbuf.o [9]
USBRingBufReadOne       0x000040c9    0x16  Code  Gb  usbringbuf.o [9]
USBRingBufUsed          0x00004079    0x14  Code  Gb  usbringbuf.o [9]
USBRingBufWrite         0x0000415d    0x1c  Code  Gb  usbringbuf.o [9]
USBRingBufWriteOne      0x0000414f     0xe  Code  Gb  usbringbuf.o [9]
USBStackModeSet         0x00006c65    0x18  Code  Gb  usbmode.o [9]
USBUARTIntHandler       0x000067eb    0x64  Code  Gb  usb_dev_serial.o [1]
USBUARTPrimeTransmit    0x00006797    0x54  Code  Lc  usb_dev_serial.o [1]
UpdateIndexAtomic       0x00004033    0x2c  Code  Lc  usbringbuf.o [9]
_GetintSmall            0x0000370d   0x230  Code  Lc  xscanfsmall.o [3]
_GetstrSmall            0x0000364d    0xc0  Code  Lc  xscanfsmall.o [3]
_SScin                  0x0000210b    0x1e  Code  Gb  xsscin.o [3]
_ScanfSmall             0x00003451   0x1f6  Code  Gb  xscanfsmall.o [3]
__aeabi_assert          0x0000232f    0x4a  Code  Gb  xassert.o [3]
__aeabi_atexit          0x00001241     0xa  Code  Gb  cxxabi.o [4]
__aeabi_d2f             0x00003ea9          Code  Gb  DblToFlt.o [6]
__aeabi_ddiv            0x00003c61          Code  Gb  DblDiv.o [6]
__aeabi_dmul            0x00003abd          Code  Gb  DblMul.o [6]
__aeabi_errno_addr      0x00004641     0x6  Code  Gb  errno.o [3]
__aeabi_i2d             0x00003a91          Code  Gb  I32ToDbl.o [6]
__aeabi_memcpy          0x00002541          Code  Gb  ABImemcpy.o [7]
__aeabi_memcpy4         0x00002561          Code  Gb  ABImemcpy.o [7]
__aeabi_memcpy8         0x00002561          Code  Gb  ABImemcpy.o [7]
__aeabi_memset          0x00003fcd          Code  Gb  ABImemset.o [7]
__aeabi_vec_ctor_nocookie_nodtor
                        0x00001201    0x22  Code  Gb  cxxabi.o [4]
__aeabi_vec_dtor        0x00001223    0x1e  Code  Gb  cxxabi.o [4]
__call_ctors            0x000025b9    0x18  Code  Gb  cppinit.o [3]
__call_dtors            0x0000260b     0x2  Code  Gb  cppinit.o [3]
__cexit_call_dtors      0x00007063          Code  Gb  cexit.o [7]
__cmain                 0x00007041          Code  Gb  cmain.o [7]
__cstart_call_dtors     0x00007238          Data  Gb  cstart_call_dtors.o [7]
__cxa_atexit            0x000025d1    0x3a  Code  Gb  cppinit.o [3]
__cxa_finalize          0x0000260d    0x38  Code  Gb  cppinit.o [3]
__dso_handle            0x20004af8     0x4  Data  Gb  cppinit.o [3]
__dwrite                0x000047eb    0x1e  Code  Gb  dwrite.o [8]
__exit                  0x000043d9    0x14  Code  Gb  exit.o [8]
__iar_EmptyStepPoint    0x0000232d     0x2  Code  Gb  xassert.o [3]
__iar_Errno             0x20004afc     0x4  Data  Gb  errno.o [3]
__iar_FDnorm            0x00004811    0x26  Code  Gb  xfdnorm.o [6]
__iar_FDscale           0x00004721    0xc8  Code  Gb  xfdscale.o [6]
__iar_FExp              0x000043ed   0x1ea  Code  Gb  xfexp.o [6]
__iar_Memchr            0x0000464d          Code  Gb  memchr.o [7]
__iar_Memset            0x00003fcd          Code  Gb  ABImemset.o [7]
__iar_Memset_word       0x00003fd5          Code  Gb  ABImemset.o [7]
__iar_ReportAssert      0x000039b7    0x50  Code  Gb  xreportassert.o [3]
__iar_Stolx             0x000041ab    0x86  Code  Gb  xstol.o [3]
__iar_Stoul             0x0000434f     0x4  Code  Gb  xstoul.o [3]
__iar_Stoulx            0x00004231   0x118  Code  Gb  xstoul.o [3]
__iar_Strchr            0x00004195          Code  Gb  strchr.o [7]
__iar_Strstr            0x00003425    0x2c  Code  Gb  strstr.o [3]
__iar_close_ttio        0x000046b5    0x2e  Code  Gb  iarttio.o [8]
__iar_copy_init3        0x00001257    0x2e  Code  Gb  copy_init3.o [7]
__iar_cstart_call_ctors
                        0x00006fd9    0x20  Code  Gb  cmain_call_ctors.o [7]
__iar_data_init3        0x00006eb9    0x28  Code  Gb  data_init3.o [7]
__iar_dlib_perthread_access
                        0x000047e9     0x2  Code  Gb  xtls.o [3]
__iar_get_ttio          0x000046e5    0x38  Code  Gb  iarttio.o [8]
__iar_init_vfp          0x00007025          Code  Gb  fpinit_M.o [6]
__iar_lookup_ttioh      0x00004809     0x8  Code  Gb  XShttio.o [3]
__iar_program_start     0x00007017          Code  Gb  cstartup_M.o [7]
__iar_sh_stdout         0x00004837    0x20  Code  Gb  iarwstd.o [8]
__iar_sh_write          0x00004857    0x22  Code  Gb  iarwrite.o [8]
__iar_strcmp            0x00002129          Code  Gb  strcmp.o [7]
__iar_ttio_handles      0x200000b4     0x8  Data  Lc  XShttio.o [3]
__iar_ui2d              0x00003aa5          Code  Gb  I32ToDbl.o [6]
__iar_zero_init3        0x00001f5b    0x22  Code  Gb  zero_init3.o [7]
__low_level_init        0x00007057     0x4  Code  Gb  low_level_init.o [3]
__sti__routine          0x0000026d    0x18  Code  Lc  interpret.o [1]
__vector_table          0x00000000   0x26c  Data  Gb  startup_ewarm.o [1]
__write                 0x000046a5    0x10  Code  Gb  write.o [8]
_call_main              0x0000704d          Code  Gb  cmain.o [7]
_exit                   0x00007061          Code  Gb  cexit.o [7]
_main                   0x00007053          Code  Gb  cmain.o [7]
abort                   0x00003a41     0x6  Code  Gb  abort.o [3]
accel::RPMx10k(unsigned int, unsigned int)
                        0x00003fa7    0x26  Code  Gb  interpret.o [1]
accel::_RPMx10ktoFreq(unsigned int)
                        0x00004633     0xe  Code  Gb  interpret.o [1]
accel::_initUnitCurve(int)
                        0x00002721    0x7e  Code  Gb  accel.o [1]
accel::_scaleYAxisToClockTicks()
                        0x00002811    0x38  Code  Gb  accel.o [1]
accel::_scaleYAxisToFrequency()
                        0x0000279f    0x72  Code  Gb  accel.o [1]
accel::accel()          0x00002651    0x2e  Code  Gb  accel.o [1]
accel::accelMicroSec() const
                        0x000028c5     0x6  Code  Gb  stepper.o [1]
accel::accelMicroSec(unsigned int)
                        0x00003a89     0x6  Code  Gb  stepper.o [1]
accel::clockTicksToCurveIndex(unsigned int) const
                        0x00003a71    0x18  Code  Gb  stepper.o [1]
accel::clockTicksToCurveIndexReverse(unsigned int) const
                        0x00003f89    0x18  Code  Gb  stepper.o [1]
accel::clockTicksToFreq(unsigned int) const
                        0x00002a1b    0x18  Code  Gb  stepper.o [1]
accel::clockTicksToMicroSec(unsigned int) const
                        0x0000291d    0x1a  Code  Gb  stepper.o [1]
accel::curveIndexToClockTicks(unsigned int)
                        0x00002913     0xa  Code  Gb  stepper.o [1]
accel::degreesPerMicrostepx10k(unsigned int)
                        0x00003fa1     0x6  Code  Gb  stepper.o [1]
accel::fmax() const     0x0000293d     0x6  Code  Gb  stepper.o [1]
accel::fmin() const     0x00002937     0x6  Code  Gb  stepper.o [1]
accel::freqCloseToStop(unsigned int) const
                        0x00002a33    0x12  Code  Gb  stepper.o [1]
accel::frequency(unsigned int, unsigned int)
                        0x00002861    0x34  Code  Gb  accel.o [1]
accel::initAccelMicroSec(unsigned int)
                        0x000028cb    0x22  Code  Gb  stepper.o [1]
accel::microSecToCurveIndex(unsigned int) const
                        0x000028ed    0x26  Code  Gb  stepper.o [1]
accel::microSecToCurveIndexReverse(unsigned int) const
                        0x00004609    0x2a  Code  Gb  stepper.o [1]
accel::microSecToFreq(unsigned int) const
                        0x00002945    0x18  Code  Gb  stepper.o [1]
accel::microSecToSteps(unsigned int)
                        0x0000267f    0x4a  Code  Gb  accel.o [1]
accel::stepsToMicroSec(unsigned int)
                        0x000026c9    0x58  Code  Gb  accel.o [1]
accel::updateClockPeriod()
                        0x00002999    0x30  Code  Gb  stepper.o [1]
accel::updateClockPeriodReverse()
                        0x000029e5    0x30  Code  Gb  stepper.o [1]
accel::~accel()         0x00006d59     0x2  Code  Gb  interpret.o [1]
bufferInput             0x000004c7   0x20a  Code  Gb  interpret.o [1]
delay                   0x00001fa1    0x1c  Code  Gb  main.o [1]
digits                  0x00004354    0x28  Data  Lc  xstoul.o [3]
enable                  0x00001fbd     0xe  Code  Gb  main.o [1]
errMsg()                0x000002f1    0x1a  Code  Gb  interpret.o [1]
exit                    0x0000705b     0x4  Code  Gb  exit.o [3]
expf                    0x00003f39    0x4c  Code  Gb  expf.o [6]
flashLED                0x00001feb     0x2  Code  Gb  main.o [1]
flashio::flashio()      0x000022e9     0x2  Code  Gb  flashio.o [1]
flashio::~flashio()     0x00006d57     0x2  Code  Gb  interpret.o [1]
g_bSendingBreak         0x20004b04     0x1  Data  Lc  usb_dev_serial.o [1]
g_bUSBConfigured        0x20004b05     0x1  Data  Lc  usb_dev_serial.o [1]
g_bUSBTimerInitialized  0x20004968     0x1  Data  Gb  usbtick.o [9]
g_eOTGModeState         0x20000091     0x1  Data  Gb  usbmode.o [9]
g_iDualMode             0x20000092     0x1  Data  Lc  usbmode.o [9]
g_iUSBMode              0x20000090     0x1  Data  Gb  usbmode.o [9]
g_pCDCCompSerConfigDescriptors
                        0x000066c4     0x4  Data  Gb  usbdcdc.o [9]
g_pcStatus              0x20004aec     0x4  Data  Gb  usb_dev_serial.o [1]
g_pfnTickHandlers       0x2000496c    0x18  Data  Gb  usbtick.o [9]
g_pfnUSBModeCallback    0x2000009c     0x4  Data  Lc  usbmode.o [9]
g_ppCDCSerConfigDescriptors
                        0x000066c0     0x4  Data  Gb  usbdcdc.o [9]
g_ppsDevInfo            0x20004920     0x4  Data  Gb  usbdenum.o [9]
g_ppui8StringDescriptors
                        0x0000708c    0x18  Data  Gb  usb_serial_structs.o [1]
g_psCDCCompSerSections  0x20000080    0x10  Data  Gb  usbdcdc.o [9]
g_psCDCSerSections      0x200000a0     0xc  Data  Gb  usbdcdc.o [9]
g_psDCDInst             0x200048d8    0x48  Data  Gb  usbdenum.o [9]
g_psUSBDMAInst          0x2000445c   0x110  Data  Lc  usbdma.o [9]
g_psUSBDStdRequests     0x000051b0    0x34  Data  Lc  usbdenum.o [9]
g_pui32Dii16Regs        0x00003410    0x14  Data  Lc  interrupt.o [5]
g_pui32EnRegs           0x000033fc    0x14  Data  Lc  interrupt.o [5]
g_pui32Regs             0x00003360    0x9c  Data  Lc  interrupt.o [5]
g_pui8CDCSerCommInterface
                        0x00006c90    0x24  Data  Gb  usbdcdc.o [9]
g_pui8CDCSerDataInterface
                        0x00006cbc    0x18  Data  Gb  usbdcdc.o [9]
g_pui8CDCSerDescriptor  0x20000060     0xc  Data  Gb  usbdcdc.o [9]
g_pui8CDCSerDeviceDescriptor
                        0x2000006c    0x14  Data  Gb  usbdcdc.o [9]
g_pui8ConfigString      0x00006da4    0x38  Data  Gb  usb_serial_structs.o [1]
g_pui8ControlInterfaceString
                        0x00006e64    0x2c  Data  Gb  usb_serial_structs.o [1]
g_pui8DataBufferIn      0x20004928    0x40  Data  Lc  usbdenum.o [9]
g_pui8IADSerDescriptor  0x200000ac     0x8  Data  Gb  usbdcdc.o [9]
g_pui8LangDescriptor    0x00007230     0x4  Data  Gb  usb_serial_structs.o [1]
g_pui8ManufacturerString
                        0x00006ee0    0x24  Data  Gb  usb_serial_structs.o [1]
g_pui8ProductString     0x00006f04    0x24  Data  Gb  usb_serial_structs.o [1]
g_pui8RxBufferWorkspace
                        0x200049e0    0x18  Data  Gb  usb_serial_structs.o [1]
g_pui8SerialNumberString
                        0x000070d0    0x14  Data  Gb  usb_serial_structs.o [1]
g_pui8TxBufferWorkspace
                        0x200049f8    0x18  Data  Gb  usb_serial_structs.o [1]
g_pui8USBRxBuffer       0x20004674   0x100  Data  Gb  usb_serial_structs.o [1]
g_pui8USBTxBuffer       0x20004774   0x100  Data  Gb  usb_serial_structs.o [1]
g_pvTickInstance        0x20004984    0x18  Data  Gb  usbtick.o [9]
g_sCDCCompSerConfigHeader
                        0x00006ce4     0x8  Data  Gb  usbdcdc.o [9]
g_sCDCDevice            0x20000000    0x60  Data  Gb  usb_serial_structs.o [1]
g_sCDCHandlers          0x000066c8    0x30  Data  Gb  usbdcdc.o [9]
g_sCDCSerCommInterfaceSection
                        0x00006cb4     0x8  Data  Gb  usbdcdc.o [9]
g_sCDCSerConfigHeader   0x00006cdc     0x8  Data  Gb  usbdcdc.o [9]
g_sCDCSerConfigSection  0x00006c80     0x8  Data  Gb  usbdcdc.o [9]
g_sCDCSerDataInterfaceSection
                        0x00006cd4     0x8  Data  Gb  usbdcdc.o [9]
g_sIADSerConfigSection  0x00006c88     0x8  Data  Gb  usbdcdc.o [9]
g_sRxBuffer             0x00006f28    0x24  Data  Gb  usb_serial_structs.o [1]
g_sTxBuffer             0x00006f4c    0x24  Data  Gb  usb_serial_structs.o [1]
g_ui32CurrentUSBTick    0x2000499c     0x4  Data  Gb  usbtick.o [9]
g_ui32Flags             0x20004ae8     0x4  Data  Gb  usb_dev_serial.o [1]
g_ui32PollRate          0x20000094     0x4  Data  Gb  usbmode.o [9]
g_ui32UARTRxCount       0x20004ae4     0x4  Data  Gb  usb_dev_serial.o [1]
g_ui32UARTTxCount       0x20004ae0     0x4  Data  Gb  usb_dev_serial.o [1]
g_ui32USBSOFCount       0x20004af0     0x4  Data  Gb  usbtick.o [9]
g_ui32WaitTicks         0x20000098     0x4  Data  Gb  usbmode.o [9]
heapSTRUCT_SIZE         0x000023f6     0x2  Data  Lc  heap_2.o [1]
intToNodeType(int)      0x00000465    0x62  Code  Gb  interpret.o [1]
interpret::_cleanUpEvaluationStack(unsigned int)
                        0x00000bab    0x34  Code  Gb  interpret.o [1]
interpret::_cleanUpSymbolTable()
                        0x00000bdf    0x28  Code  Gb  interpret.o [1]
interpret::_currentProgramNodeLevel() const
                        0x0000249d    0x16  Code  Gb  interpret.o [1]
interpret::_currentProgramNodeType() const
                        0x0000237d    0x16  Code  Gb  interpret.o [1]
interpret::_currentProgramNodeValue() const
                        0x00002393    0x16  Code  Gb  interpret.o [1]
interpret::_evalValue()
                        0x000023f9    0x3c  Code  Gb  interpret.o [1]
interpret::_evalValue()::string
                        0x00006f98    0x20  Data  Gb  interpret.o [1]
interpret::_evalValue()::string (instance 2)
                        0x00006e0c    0x2c  Data  Gb  interpret.o [1]
interpret::_evalValuePeek() const
                        0x000024b3     0xe  Code  Gb  interpret.o [1]
interpret::_findFirstAvailableNodeInSymbolTable()
                        0x0000110f    0x7e  Code  Gb  interpret.o [1]
interpret::_findFirstParseTreeEntry(parseTreeEntry const &, unsigned int)
                        0x00000c07    0x74  Code  Gb  interpret.o [1]
interpret::_getLastSymbolTableIndex()
                        0x000024e9    0x16  Code  Gb  interpret.o [1]
interpret::_programNodeType(unsigned int) const
                        0x00002503    0x14  Code  Gb  interpret.o [1]
interpret::_pushTemporarySymbolOnEvaluationStack(unsigned int)
                        0x0000108d    0x82  Code  Gb  interpret.o [1]
interpret::_resetSymbolTableTemporaryBoundary()
                        0x00002493     0xa  Code  Gb  interpret.o [1]
interpret::_returnSymbolToAvailablePool(unsigned int)
                        0x00002435    0x26  Code  Gb  interpret.o [1]
interpret::_updateProgramIndex(nodeType, int)
                        0x00000b4d    0x5e  Code  Gb  interpret.o [1]
interpret::appendToProgram(parseTreeEntry const &)
                        0x00000737    0x2e  Code  Gb  interpret.o [1]
interpret::appendToSymbolTable(symbolTableEntry const &)
                        0x00000765    0x2e  Code  Gb  interpret.o [1]
interpret::evaluateOperator(unsigned int)
                        0x00000d29   0x348  Code  Gb  interpret.o [1]
interpret::getLowWaterMarkForTemporarySymbolSearch() const
                        0x0000253b     0x6  Code  Gb  interpret.o [1]
interpret::getStepper()
                        0x00001251     0x6  Code  Gb  interpret.o [1]
interpret::interpret()  0x000006d1    0x66  Code  Gb  interpret.o [1]
interpret::run()        0x00000793   0x3ba  Code  Gb  interpret.o [1]
interpret::setLowWaterMarkForTemporarySymbolSearch()
                        0x000022dd     0xc  Code  Gb  interpret.o [1]
interpret::symbolFromIndex(int)
                        0x0000251f    0x1c  Code  Gb  interpret.o [1]
interpret::symbolTableIndexMorph(int)
                        0x00000c7b    0x70  Code  Gb  interpret.o [1]
interpret::~interpret()
                        0x00006ced    0x4c  Code  Gb  interpret.o [1]
interpretRun            0x00000285    0x52  Code  Gb  interpret.o [1]
interpreter             0x20002fb0  0x14ac  Data  Gb  interpret.o [1]
interpreterRunBool      0x20004b01     0x1  Data  Lc  interpret.o [1]
led::Off()              0x00003975    0x1c  Code  Gb  interpret.o [1]
led::On()               0x00003959    0x1c  Code  Gb  interpret.o [1]
led::_enable            0x20004b00     0x1  Data  Gb  interpret.o [1]
led::enable()           0x000043a5     0xc  Code  Gb  interpret.o [1]
led::enable(bool)       0x00001751     0xc  Code  Gb  interpret.o [1]
led::led(bool)          0x000022f9    0x1e  Code  Gb  interpret.o [1]
led::set(unsigned int)  0x00002479    0x1a  Code  Gb  interpret.o [1]
led::~led()             0x00006d39     0xe  Code  Gb  interpret.o [1]
localAssert             0x00001f7d    0x12  Code  Gb  main.o [1]
main                    0x00006aff   0x106  Code  Gb  usb_dev_serial.o [1]
mainA                   0x00002033    0x1a  Code  Gb  main.o [1]
memchr                  0x0000464d          Code  Gb  memchr.o [7]
memcmp                  0x00002d81          Code  Gb  memcmp.o [7]
memset                  0x00002f31    0x16  Code  Gb  tasks.o [1]
motorStep               0x00001fcb    0x20  Code  Gb  main.o [1]
ndigs                   0x0000437c    0x28  Data  Lc  xstoul.o [3]
next_abi_dtor_rec       0x20004af4     0x4  Data  Lc  cppinit.o [3]
out                     0x000039a1    0x16  Code  Lc  xreportassert.o [3]
parseTreeEntry::level() const
                        0x00002517     0x4  Code  Gb  parseTreeEntry.o [1]
parseTreeEntry::level(unsigned int)
                        0x00002269     0x4  Code  Gb  parseTreeEntry.o [1]
parseTreeEntry::operator =(const parseTreeEntry&)
                        0x0000221f    0x4a  Code  Gb  parseTreeEntry.o [1]
parseTreeEntry::parseTreeEntry()
                        0x00002211     0x6  Code  Gb  parseTreeEntry.o [1]
parseTreeEntry::parseTreeEntry(nodeType, int, unsigned int)
                        0x00002217     0x8  Code  Gb  parseTreeEntry.o [1]
parseTreeEntry::position() const
                        0x00003955     0x4  Code  Gb  parseTreeEntry.o [1]
parseTreeEntry::position(nodePosition)
                        0x0000226d     0x4  Code  Gb  parseTreeEntry.o [1]
parseTreeEntry::type() const
                        0x00002379     0x4  Code  Gb  parseTreeEntry.o [1]
parseTreeEntry::type(nodeType)
                        0x00002275     0x4  Code  Gb  parseTreeEntry.o [1]
parseTreeEntry::value() const
                        0x0000251b     0x4  Code  Gb  parseTreeEntry.o [1]
parseTreeEntry::value(int)
                        0x00002271     0x4  Code  Gb  parseTreeEntry.o [1]
parseTreeEntry::~parseTreeEntry()
                        0x00002279     0x2  Code  Gb  interpret.o [1]
postMsg(bool)           0x0000030b    0x16  Code  Gb  interpret.o [1]
prvAddCurrentTaskToDelayedList
                        0x00001e05    0x3e  Code  Lc  tasks.o [1]
prvAllocateTCBAndStack  0x00001e51    0x46  Code  Lc  tasks.o [1]
prvCheckTasksWaitingTermination
                        0x00001d9d    0x5c  Code  Lc  tasks.o [1]
prvDeleteTCB            0x00001ecf    0x12  Code  Lc  tasks.o [1]
prvHeapInit             0x00002eeb    0x2e  Code  Lc  heap_2.o [1]
prvIdleTask             0x00001ce9     0x8  Code  Lc  tasks.o [1]
prvInitialiseTCBVariables
                        0x00001cf1    0x60  Code  Lc  tasks.o [1]
prvInitialiseTaskLists  0x00001d51    0x46  Code  Lc  tasks.o [1]
prvTaskCheckFreeStackSpace
                        0x00001e97    0x18  Code  Lc  tasks.o [1]
pui32Stack              0x20004b08   0x400  Data  Lc  startup_ewarm.o [1]
putchar                 0x000043b1    0x28  Code  Gb  putchar.o [3]
pvPortMalloc            0x00002de5    0xc2  Code  Gb  heap_2.o [1]
pxCurrentTCB            0x20004aac     0x4  Data  Gb  tasks.o [1]
pxDelayedTaskList       0x20004ab0     0x4  Data  Lc  tasks.o [1]
pxOverflowDelayedTaskList
                        0x20004ab4     0x4  Data  Lc  tasks.o [1]
pxPortInitialiseStack   0x00002ae5    0x22  Code  Gb  port.o [1]
pxReadyTasksLists       0x20004874    0x64  Data  Lc  tasks.o [1]
sp                      0x20004aa8     0x4  Data  Gb  stepper.o [1]
sscanf                  0x000021ed    0x24  Code  Gb  sscanf.o [3]
stepper::RPM(unsigned int, unsigned int)
                        0x00001731    0x20  Code  Gb  interpret.o [1]
stepper::RPMx10k(unsigned int, unsigned int)
                        0x00002acf    0x14  Code  Gb  interpret.o [1]
stepper::_timer() const
                        0x00002a15     0x6  Code  Gb  stepper.o [1]
stepper::_timer(unsigned long)
                        0x000029c9    0x1c  Code  Gb  stepper.o [1]
stepper::_timerStart(bool)
                        0x00001669    0x4e  Code  Gb  stepper.o [1]
stepper::degreesPerMicrostepx10k(unsigned int)
                        0x00002abf    0x10  Code  Gb  stepper.o [1]
stepper::directionPositive(bool)
                        0x00002895    0x30  Code  Gb  stepper.o [1]
stepper::enable()       0x00002a45    0x14  Code  Gb  stepper.o [1]
stepper::isr()          0x00001469   0x200  Code  Gb  stepper.o [1]
stepper::microstepSet(microsteps)
                        0x000016dd    0x54  Code  Gb  stepper.o [1]
stepper::moveAbsolute(int)
                        0x00001313   0x156  Code  Gb  stepper.o [1]
stepper::moveRelative(int)
                        0x00002465    0x14  Code  Gb  interpret.o [1]
stepper::step()         0x0000295d    0x3c  Code  Gb  stepper.o [1]
stepper::stepper()      0x000012ad    0x26  Code  Gb  stepper.o [1]
stepper::~stepper()     0x00006d47     0xe  Code  Gb  interpret.o [1]
stepperISR              0x00001285    0x28  Code  Gb  stepper.o [1]
stepper_init            0x000012d3    0x40  Code  Gb  stepper.o [1]
stmtNestingLevel        0x20004a8c     0x4  Data  Lc  interpret.o [1]
stmtPosition            0x200049a0    0x20  Data  Lc  interpret.o [1]
stmtType                0x200049c0    0x20  Data  Lc  interpret.o [1]
stmtValue               0x20004a90     0x4  Data  Lc  interpret.o [1]
strchr                  0x00004195          Code  Gb  strchr.o [7]
strcmp                  0x00002129          Code  Gb  strcmp.o [7]
stringToNodePosition(char const *)
                        0x00000321    0x2c  Code  Gb  interpret.o [1]
stringToNodeType(char const *)
                        0x0000034d   0x114  Code  Gb  interpret.o [1]
strlen                  0x00001f25          Code  Gb  strlen.o [7]
strstr(char const *, char const *)
                        0x000021dd    0x10  Code  Gb  interpret.o [1]
successMsg()            0x000002d7    0x1a  Code  Gb  interpret.o [1]
symbFcnLink             0x20004a9c     0x4  Data  Lc  interpret.o [1]
symbType                0x20004a94     0x4  Data  Lc  interpret.o [1]
symbValue               0x20004a98     0x4  Data  Lc  interpret.o [1]
symbolTableEntry::dumpEntry()
                        0x000022cd     0x2  Code  Gb  symbolTableEntry.o [1]
symbolTableEntry::fcnLink() const
                        0x00002461     0x4  Code  Gb  symbolTableEntry.o [1]
symbolTableEntry::fcnLink(int)
                        0x000022d7     0x4  Code  Gb  symbolTableEntry.o [1]
symbolTableEntry::operator =(const symbolTableEntry&)
                        0x00002293    0x3a  Code  Gb  symbolTableEntry.o [1]
symbolTableEntry::symbolTableEntry()
                        0x0000227b     0xe  Code  Gb  symbolTableEntry.o [1]
symbolTableEntry::symbolTableEntry(nodeType, int)
                        0x00002289     0xa  Code  Gb  symbolTableEntry.o [1]
symbolTableEntry::type() const
                        0x000024ff     0x4  Code  Gb  symbolTableEntry.o [1]
symbolTableEntry::type(nodeType)
                        0x000022cf     0x4  Code  Gb  symbolTableEntry.o [1]
symbolTableEntry::value() const
                        0x000023e3     0x4  Code  Gb  symbolTableEntry.o [1]
symbolTableEntry::value(int)
                        0x000022d3     0x4  Code  Gb  symbolTableEntry.o [1]
symbolTableEntry::~symbolTableEntry()
                        0x000022db     0x2  Code  Gb  interpret.o [1]
tinyQueue<int>::empty() const
                        0x00002317    0x16  Code  Gb  interpret.o [1]
tinyQueue<int>::front() const
                        0x000023ed     0xa  Code  Gb  interpret.o [1]
tinyQueue<int>::peekAtIndex(unsigned int) const
                        0x000023dd     0x6  Code  Gb  interpret.o [1]
tinyQueue<int>::pop_front()
                        0x000024c1    0x28  Code  Gb  interpret.o [1]
tinyQueue<int>::push_front(int)
                        0x000023a9    0x34  Code  Gb  interpret.o [1]
tinyQueue<int>::size() const
                        0x00003991    0x10  Code  Gb  interpret.o [1]
tinyQueue<int>::spaceAvail() const
                        0x00003a47    0x2a  Code  Gb  interpret.o [1]
tinyQueue<int>::stackFrameIndex() const
                        0x0000245b     0x6  Code  Gb  interpret.o [1]
tinyQueue<int>::stackFrameIndex(unsigned int)
                        0x000023e7     0x6  Code  Gb  interpret.o [1]
tinyQueue<int>::tinyQueue()
                        0x000022eb     0xe  Code  Gb  interpret.o [1]
tinyQueue<int>::~tinyQueue()
                        0x00006d55     0x2  Code  Gb  interpret.o [1]
tinyQueue<unsigned char>::clear()
                        0x000021cf     0xc  Code  Gb  interpret.o [1]
tinyQueue<unsigned char>::getBuffer()
                        0x000021db     0x2  Code  Gb  interpret.o [1]
tinyQueue<unsigned char>::push(unsigned char)
                        0x00002175    0x30  Code  Gb  interpret.o [1]
tinyQueue<unsigned char>::spaceAvail() const
                        0x000021a5    0x2a  Code  Gb  interpret.o [1]
tinyQueue<unsigned char>::tinyQueue(int)
                        0x0000216b     0xa  Code  Gb  interpret.o [1]
tinyQueue<unsigned char>::~tinyQueue()
                        0x000025b7     0x2  Code  Gb  interpret.o [1]
uDMAChannelAttributeDisable
                        0x00005e59    0x26  Code  Gb  udma.o [5]
uDMAChannelControlSet   0x00005e7f    0x18  Code  Gb  udma.o [5]
uDMAChannelDisable      0x00005e49    0x10  Code  Gb  udma.o [5]
uDMAChannelEnable       0x00005e39    0x10  Code  Gb  udma.o [5]
uDMAChannelModeGet      0x00005f15    0x28  Code  Gb  udma.o [5]
uDMAChannelTransferSet  0x00005e97    0x7e  Code  Gb  udma.o [5]
uDMAUSBArbSizeSet       0x0000591d    0x60  Code  Lc  usbdma.o [9]
uDMAUSBChannelAllocate  0x000057d3    0xa6  Code  Lc  usbdma.o [9]
uDMAUSBChannelDisable   0x000056bb    0x46  Code  Lc  usbdma.o [9]
uDMAUSBChannelEnable    0x00005669    0x52  Code  Lc  usbdma.o [9]
uDMAUSBChannelIntDisable
                        0x0000570f     0x2  Code  Lc  usbdma.o [9]
uDMAUSBChannelIntEnable
                        0x0000570d     0x2  Code  Lc  usbdma.o [9]
uDMAUSBChannelRelease   0x00005879    0x5a  Code  Lc  usbdma.o [9]
uDMAUSBChannelStatus    0x000055dd    0x24  Code  Lc  usbdma.o [9]
uDMAUSBIntStatus        0x00005601    0x2a  Code  Lc  usbdma.o [9]
uDMAUSBTransfer         0x00005711    0xa6  Code  Lc  usbdma.o [9]
uDMAUSBUnitSizeSet      0x000058d3    0x4a  Code  Lc  usbdma.o [9]
ucHeap                  0x200000d0  0x2ee0  Data  Lc  heap_2.o [1]
ucMaxSysCallPriority    0x20004b03     0x1  Data  Lc  port.o [1]
ulMaxPRIGROUPValue      0x20004aa4     0x4  Data  Lc  port.o [1]
ulPortSetInterruptMask  0x00002d2b          Code  Gb  portasm.o [1]
uxCriticalNesting       0x200000c8     0x4  Data  Lc  port.o [1]
uxCurrentNumberOfTasks  0x20004abc     0x4  Data  Lc  tasks.o [1]
uxListRemove            0x00002cb7    0x2a  Code  Gb  list.o [1]
uxPendedTicks           0x20004ad0     0x4  Data  Lc  tasks.o [1]
uxSchedulerSuspended    0x20004acc     0x4  Data  Lc  tasks.o [1]
uxTaskGetStackHighWaterMark
                        0x00001eaf    0x20  Code  Gb  tasks.o [1]
uxTaskNumber            0x20004adc     0x4  Data  Lc  tasks.o [1]
uxTasksDeleted          0x20004ab8     0x4  Data  Lc  tasks.o [1]
uxTopReadyPriority      0x20004ac4     0x4  Data  Lc  tasks.o [1]
vApplicationStackOverflowHook
                        0x00002109     0x2  Code  Gb  main.o [1]
vApplicationTickHook    0x00002107     0x2  Code  Gb  main.o [1]
vIdleTask               0x00002071    0x28  Code  Lc  main.o [1]
vInterpretTask          0x000020ed    0x1a  Code  Lc  main.o [1]
vListInitialise         0x00002c3d    0x1e  Code  Gb  list.o [1]
vListInitialiseItem     0x00002c5b     0x6  Code  Gb  list.o [1]
vListInsert             0x00002c7b    0x3c  Code  Gb  list.o [1]
vListInsertEnd          0x00002c61    0x1a  Code  Gb  list.o [1]
vPortClearInterruptMask
                        0x00002d39          Code  Gb  portasm.o [1]
vPortEnableVFP          0x00002d65          Code  Gb  portasm.o [1]
vPortEnterCritical      0x00002bb1    0x1a  Code  Gb  port.o [1]
vPortExitCritical       0x00002bcb    0x1c  Code  Gb  port.o [1]
vPortFree               0x00002ea7    0x44  Code  Gb  heap_2.o [1]
vPortSVCHandler         0x00002d3f          Code  Gb  portasm.o [1]
vPortSetupTimerInterrupt
                        0x00002c07    0x10  Code  Wk  port.o [1]
vPortStartFirstTask     0x00002d57          Code  Gb  portasm.o [1]
vPortYield              0x00002b9f    0x12  Code  Gb  port.o [1]
vSetupHighFrequencyTimer
                        0x00001fed    0x46  Code  Gb  main.o [1]
vStartIdleTask          0x0000204d    0x22  Code  Gb  main.o [1]
vStartInterpretTask     0x00002099    0x24  Code  Gb  main.o [1]
vTaskDelay              0x00001925    0x3c  Code  Gb  tasks.o [1]
vTaskDelayUntil         0x000018a5    0x80  Code  Gb  tasks.o [1]
vTaskStartScheduler     0x00001961    0x4c  Code  Gb  tasks.o [1]
vTaskSuspendAll         0x000019ad    0x10  Code  Gb  tasks.o [1]
vTaskSwitchContext      0x00001c21    0xc6  Code  Gb  tasks.o [1]
xDelayedTaskList1       0x20004a10    0x14  Data  Lc  tasks.o [1]
xDelayedTaskList2       0x20004a24    0x14  Data  Lc  tasks.o [1]
xEnd                    0x20004a7c     0x8  Data  Lc  heap_2.o [1]
xFreeBytesRemaining     0x200000bc     0x4  Data  Lc  heap_2.o [1]
xNextTaskUnblockTime    0x200000cc     0x4  Data  Lc  tasks.o [1]
xNumOfOverflows         0x20004ad8     0x4  Data  Lc  tasks.o [1]
xPendingReadyList       0x20004a38    0x14  Data  Lc  tasks.o [1]
xPortPendSVHandler      0x00002ce1          Code  Gb  portasm.o [1]
xPortStartScheduler     0x00002b07    0x98  Code  Gb  port.o [1]
xPortSysTickHandler     0x00002be7    0x20  Code  Gb  port.o [1]
xSchedulerRunning       0x20004ac8     0x4  Data  Lc  tasks.o [1]
xStart                  0x20004a74     0x8  Data  Lc  heap_2.o [1]
xSuspendedTaskList      0x20004a60    0x14  Data  Lc  tasks.o [1]
xTaskGenericCreate      0x0000175d   0x148  Code  Gb  tasks.o [1]
xTaskGetTickCount       0x00001aab    0x16  Code  Gb  tasks.o [1]
xTaskIncrementTick      0x00001ac1   0x160  Code  Gb  tasks.o [1]
xTaskResumeAll          0x000019bd    0xee  Code  Gb  tasks.o [1]
xTaskWakeTime           0x20004a88     0x4  Data  Lc  interpret.o [1]
xTasksWaitingTermination
                        0x20004a4c    0x14  Data  Lc  tasks.o [1]
xTickCount              0x20004ac0     0x4  Data  Lc  tasks.o [1]
xYieldPending           0x20004ad4     0x4  Data  Lc  tasks.o [1]


[1] = C:\dev\docs\scottdesign\motor\Debug\Obj
[2] = command line
[3] = dl7M_tln.a
[4] = dlpp7M_tl_ne.a
[5] = driverlib.a
[6] = m7M_tlv.a
[7] = rt7M_tl.a
[8] = shb_l.a
[9] = usblib.a

  27 478 bytes of readonly  code memory
   1 970 bytes of readonly  data memory
  20 662 bytes of readwrite data memory

Errors: none
Warnings: none
