###############################################################################
#                                                                             #
# IAR ELF Linker V6.40.1.53790/W32 for ARM              05/Dec/2013  17:34:24 #
# Copyright 2007-2012 IAR Systems AB.                                         #
#                                                                             #
#    Output file  =  C:\dev\docs\scottdesign\motor\Debug\Exe\motorTiva.out    #
#    Map file     =  C:\dev\docs\scottdesign\motor\Debug\List\motorTiva.map   #
#    Command line =  C:\dev\docs\scottdesign\motor\Debug\Obj\accel.o          #
#                    C:\dev\docs\scottdesign\motor\Debug\Obj\flashio.o        #
#                    C:\dev\docs\scottdesign\motor\Debug\Obj\heap_2.o         #
#                    C:\dev\docs\scottdesign\motor\Debug\Obj\interpret.o      #
#                    C:\dev\docs\scottdesign\motor\Debug\Obj\io.o             #
#                    C:\dev\docs\scottdesign\motor\Debug\Obj\list.o           #
#                    C:\dev\docs\scottdesign\motor\Debug\Obj\main.o           #
#                    C:\dev\docs\scottdesign\motor\Debug\Obj\parseTreeEntry.o #
#                     C:\dev\docs\scottdesign\motor\Debug\Obj\port.o          #
#                    C:\dev\docs\scottdesign\motor\Debug\Obj\portasm.o        #
#                    C:\dev\docs\scottdesign\motor\Debug\Obj\queue.o          #
#                    C:\dev\docs\scottdesign\motor\Debug\Obj\startup_ewarm.o  #
#                    C:\dev\docs\scottdesign\motor\Debug\Obj\stepper.o        #
#                    C:\dev\docs\scottdesign\motor\Debug\Obj\symbolTableEntry #
#                    .o C:\dev\docs\scottdesign\motor\Debug\Obj\tasks.o       #
#                    C:\dev\docs\scottdesign\motor\Debug\Obj\uartstdio.o      #
#                    C:\dev\docs\scottdesign\motor\Debug\Obj\usb_dev_serial.o #
#                     C:\dev\docs\scottdesign\motor\Debug\Obj\usb_serial_stru #
#                    cts.o C:\dev\docs\scottdesign\motor\Debug\Obj\ustdlib.o  #
#                    C:\ti\TivaWare_C_Series-1.0\driverlib\ewarm\Exe\driverli #
#                    b.a C:\ti\TivaWare_C_Series-1.0\usblib\ewarm\Exe\usblib. #
#                    a --redirect _Printf=_PrintfTiny --redirect              #
#                    _Scanf=_ScanfSmall -o C:\dev\docs\scottdesign\motor\Debu #
#                    g\Exe\motorTiva.out --map C:\dev\docs\scottdesign\motor\ #
#                    Debug\List\motorTiva.map --config                        #
#                    C:\dev\docs\scottdesign\motor\motorTiva.icf              #
#                    --semihosting --entry __iar_program_start --vfe          #
#                                                                             #
#                                                                             #
###############################################################################

*******************************************************************************
*** RUNTIME MODEL ATTRIBUTES
***

CppFlavor                     = *
__CPP_Language                = EC++
__Heap_Handler                = Basic
__SystemLibrary               = DLib
__dlib_dynamic_initialization = normal


*******************************************************************************
*** PLACEMENT SUMMARY
***

"A1":  place at start of [0x00000000-0x0000ffff] { ro section .intvec };
"P1":  place in [from 0x00000000 to 0x0000ffff] { ro };
"P2":  place in [from 0x20000000 to 0x20005fff] { rw, block HEAP };

  Section             Kind        Address    Size  Object
  -------             ----        -------    ----  ------
"A1":                                       0x26c
  .intvec             const    0x00000000   0x26c  startup_ewarm.o [1]
                             - 0x0000026c   0x26c

"P1":                                      0x7960
  .text               ro code  0x0000026c  0x11a0  interpret.o [1]
  .text               ro code  0x0000140c    0x50  cxxabi.o [4]
  .text               ro code  0x0000145c     0x6  interpret.o [1]
  .text               ro code  0x00001462    0x2e  copy_init3.o [7]
  .text               ro code  0x00001490   0x3b0  stepper.o [1]
  .text               ro code  0x00001840    0x10  interpret.o [1]
  .text               ro code  0x00001850    0x20  interpret.o [1]
  .text               ro code  0x00001870     0xc  interpret.o [1]
  .text               ro code  0x0000187c   0x7c8  tasks.o [1]
  .text               ro code  0x00002044    0x36  strlen.o [7]
  .text               ro code  0x0000207a    0x22  zero_init3.o [7]
  .text               ro code  0x0000209c   0x17e  main.o [1]
  .text               ro code  0x0000221a    0x1e  xsscin.o [3]
  .text               ro code  0x00002238    0x42  strcmp.o [7]
  .text               ro code  0x0000227a     0xa  interpret.o [1]
  .text               ro code  0x00002284    0x30  interpret.o [1]
  .text               ro code  0x000022b4    0x2a  interpret.o [1]
  .text               ro code  0x000022de     0xc  interpret.o [1]
  .text               ro code  0x000022ea     0x2  interpret.o [1]
  .text               ro code  0x000022ec    0x10  interpret.o [1]
  .text               ro code  0x000022fc    0x24  sscanf.o [3]
  .text               ro code  0x00002320    0x58  parseTreeEntry.o [1]
  .text               ro code  0x00002378     0x4  parseTreeEntry.o [1]
  .text               ro code  0x0000237c     0x4  parseTreeEntry.o [1]
  .text               ro code  0x00002380     0x4  parseTreeEntry.o [1]
  .text               ro code  0x00002384     0x4  parseTreeEntry.o [1]
  .text               ro code  0x00002388     0x2  interpret.o [1]
  .text               ro code  0x0000238a    0x54  symbolTableEntry.o [1]
  .text               ro code  0x000023de     0x4  symbolTableEntry.o [1]
  .text               ro code  0x000023e2     0x4  symbolTableEntry.o [1]
  .text               ro code  0x000023e6     0x4  symbolTableEntry.o [1]
  .text               ro code  0x000023ea     0x2  interpret.o [1]
  .text               ro code  0x000023ec     0xc  interpret.o [1]
  .text               ro code  0x000023f8     0x2  flashio.o [1]
  .text               ro code  0x000023fa     0xe  interpret.o [1]
  .text               ro code  0x00002408    0x1e  interpret.o [1]
  .text               ro code  0x00002426    0x16  interpret.o [1]
  .text               ro code  0x0000243c    0x4c  xassert.o [3]
  .text               ro code  0x00002488     0x4  parseTreeEntry.o [1]
  .text               ro code  0x0000248c    0x16  interpret.o [1]
  .text               ro code  0x000024a2    0x16  interpret.o [1]
  .text               ro code  0x000024b8    0x34  interpret.o [1]
  .text               ro code  0x000024ec     0x6  interpret.o [1]
  .text               ro code  0x000024f2     0x4  symbolTableEntry.o [1]
  .text               ro code  0x000024f6     0x6  interpret.o [1]
  .text               ro code  0x000024fc     0xa  interpret.o [1]
  .text               ro code  0x00002506     0xa  xsprout.o [3]
  .text               ro code  0x00002510    0x3c  interpret.o [1]
  .text               ro code  0x0000254c    0x26  interpret.o [1]
  .text               ro code  0x00002572     0x6  interpret.o [1]
  .text               ro code  0x00002578     0x4  symbolTableEntry.o [1]
  .text               ro code  0x0000257c    0x14  interpret.o [1]
  .text               ro code  0x00002590    0x1a  interpret.o [1]
  .text               ro code  0x000025aa    0x14  interpret.o [1]
  .text               ro code  0x000025be    0x18  interpret.o [1]
  .text               ro code  0x000025d6    0x18  interpret.o [1]
  .text               ro code  0x000025ee     0x6  interpret.o [1]
  .text               ro code  0x000025f4    0x34  sprintf.o [3]
  .text               ro code  0x00002628     0xa  interpret.o [1]
  .text               ro code  0x00002632    0x16  interpret.o [1]
  .text               ro code  0x00002648     0xe  interpret.o [1]
  .text               ro code  0x00002656    0x28  interpret.o [1]
  .text               ro code  0x0000267e    0x16  interpret.o [1]
  .text               ro code  0x00002694     0x4  symbolTableEntry.o [1]
  .text               ro code  0x00002698    0x14  interpret.o [1]
  .text               ro code  0x000026ac     0x4  parseTreeEntry.o [1]
  .text               ro code  0x000026b0     0x4  parseTreeEntry.o [1]
  .text               ro code  0x000026b4    0x1c  interpret.o [1]
  .text               ro code  0x000026d0     0x6  interpret.o [1]
  .rodata             const    0x000026d6     0x2  heap_2.o [1]
  .text               ro code  0x000026d8    0x76  ABImemcpy.o [7]
  .text               ro code  0x0000274e     0x2  interpret.o [1]
  .text               ro code  0x00002750    0x98  cppinit.o [3]
  .text               ro code  0x000027e8   0x304  accel.o [1]
  .text               ro code  0x00002aec    0x30  stepper.o [1]
  .text               ro code  0x00002b1c     0x6  stepper.o [1]
  .text               ro code  0x00002b22    0x22  stepper.o [1]
  .text               ro code  0x00002b44    0x26  stepper.o [1]
  .text               ro code  0x00002b6c    0x28  stepper.o [1]
  .text               ro code  0x00002b94    0x26  stepper.o [1]
  .text               ro code  0x00002bbc    0x18  stepper.o [1]
  .text               ro code  0x00002bd4     0x6  stepper.o [1]
  .text               ro code  0x00002bdc    0x3c  stepper.o [1]
  .text               ro code  0x00002c18    0x32  stepper.o [1]
  .text               ro code  0x00002c4a    0x28  stepper.o [1]
  .text               ro code  0x00002c74    0x1c  stepper.o [1]
  .text               ro code  0x00002c90    0x32  stepper.o [1]
  .text               ro code  0x00002cc2    0x16  stepper.o [1]
  .text               ro code  0x00002cd8    0xe8  stepper.o [1]
  .text               ro code  0x00002dc0    0x32  stepper.o [1]
  .text               ro code  0x00002df2    0x16  stepper.o [1]
  .text               ro code  0x00002e08     0x6  stepper.o [1]
  .text               ro code  0x00002e0e    0x18  stepper.o [1]
  .text               ro code  0x00002e26    0x12  stepper.o [1]
  .text               ro code  0x00002e38    0x14  stepper.o [1]
  .text               ro code  0x00002e4c    0x66  timer.o [5]
  .text               ro code  0x00002eb2    0x10  stepper.o [1]
  .text               ro code  0x00002ec4    0x28  stepper.o [1]
  .text               ro code  0x00002eec   0x158  port.o [1]
  .text               ro code  0x00003044    0xa4  list.o [1]
  CODE                ro code  0x000030e8    0xa0  portasm.o [1]
  .text               ro code  0x00003188    0x62  memcmp.o [7]
  .text               ro code  0x000031ec   0x14c  heap_2.o [1]
  .text               ro code  0x00003338    0x16  tasks.o [1]
  .text               ro code  0x0000334e   0x24c  usbbuffer.o [9]
  .text               ro code  0x0000359c     0x6  gpio.o [5]
  .text               ro code  0x000035a4    0x74  sysctl.o [5]
  .text               ro code  0x00003618   0x214  interrupt.o [5]
  .text               ro code  0x0000382c    0x2c  strstr.o [3]
  .text               ro code  0x00003858   0x504  xscanfsmall.o [3]
  .text               ro code  0x00003d5c     0x4  parseTreeEntry.o [1]
  .text               ro code  0x00003d60    0x1c  interpret.o [1]
  .text               ro code  0x00003d7c    0x1c  interpret.o [1]
  .text               ro code  0x00003d98    0x10  interpret.o [1]
  .text               ro code  0x00003da8    0xa0  xreportassert.o [3]
  .text               ro code  0x00003e48     0x6  abort.o [3]
  .text               ro code  0x00003e4e    0x2a  interpret.o [1]
  .text               ro code  0x00003e78    0x26  interpret.o [1]
  .text               ro code  0x00003e9e     0xc  interpret.o [1]
  .text               ro code  0x00003eaa   0x11a  xprintftiny.o [3]
  .text               ro code  0x00003fc4     0x6  accel.o [1]
  .text               ro code  0x00003fca     0x6  accel.o [1]
  .text               ro code  0x00003fd0    0x18  stepper.o [1]
  .text               ro code  0x00003fe8    0x78  stepper.o [1]
  .text               ro code  0x00004060    0x2c  I32ToDbl.o [6]
  .text               ro code  0x0000408c   0x1a2  DblMul.o [6]
  .text               ro code  0x00004230   0x246  DblDiv.o [6]
  .text               ro code  0x00004478    0x90  DblToFlt.o [6]
  .text               ro code  0x00004508    0x50  expf.o [6]
  .text               ro code  0x00004558    0x18  stepper.o [1]
  .text               ro code  0x00004570    0x1a  stepper.o [1]
  .text               ro code  0x0000458c    0x4e  FltToDbl.o [6]
  .text               ro code  0x000045dc    0xe8  DblAdd.o [6]
  .text               ro code  0x000046c4    0x2c  stepper.o [1]
  .text               ro code  0x000046f0     0x6  stepper.o [1]
  .text               ro code  0x000046f8    0x66  ABImemset.o [7]
  .text               ro code  0x0000475e   0x152  usbringbuf.o [9]
  .text               ro code  0x000048b0    0x10  cpu.o [5]
  .text               ro code  0x000048c0    0x16  strchr.o [7]
  .text               ro code  0x000048d6    0x86  xstol.o [3]
  .text               ro code  0x0000495c   0x174  xstoul.o [3]
  .text               ro code  0x00004ad0     0xc  interpret.o [1]
  .text               ro code  0x00004adc    0x28  putchar.o [3]
  .text               ro code  0x00004b04    0x14  exit.o [8]
  .text               ro code  0x00004b18     0xe  interpret.o [1]
  .text               ro code  0x00004b26     0x6  interpret.o [1]
  .text               ro code  0x00004b2c   0x21c  xfexp.o [6]
  .text               ro code  0x00004d48   0x16c  DblSub.o [6]
  .text               ro code  0x00004eb4     0xc  errno.o [3]
  .text               ro code  0x00004ec0    0x58  memchr.o [7]
  .text               ro code  0x00004f18    0x10  write.o [8]
  .text               ro code  0x00004f28    0x6c  iarttio.o [8]
  .text               ro code  0x00004f94    0xc8  xfdscale.o [6]
  .text               ro code  0x0000505c     0x2  xtls.o [3]
  .text               ro code  0x0000505e    0x1e  dwrite.o [8]
  .text               ro code  0x0000507c     0x8  XShttio.o [3]
  .text               ro code  0x00005084    0x26  xfdnorm.o [6]
  .text               ro code  0x000050aa    0x20  iarwstd.o [8]
  .text               ro code  0x000050ca    0x22  iarwrite.o [8]
  .text               ro code  0x000050ec   0x96c  usbdenum.o [9]
  .text               ro code  0x00005a58   0x3f6  usb.o [5]
  .text               ro code  0x00005e50   0x478  usbdma.o [9]
  .text               ro code  0x000062c8    0x6c  usbtick.o [9]
  .text               ro code  0x00006334   0x150  usbdcdesc.o [9]
  .text               ro code  0x00006484   0x228  usbdconfig.o [9]
  .text               ro code  0x000066ac   0x11c  udma.o [5]
  .text               ro code  0x000067c8    0x54  usbdesc.o [9]
  .text               ro code  0x0000681c   0x750  usbdcdc.o [9]
  .text               ro code  0x00006f6c   0x56c  usb_dev_serial.o [1]
  .text               ro code  0x000074d8    0x1c  usbmode.o [9]
  .rodata             const    0x000074f4    0x6c  usbdcdc.o [9]
  .text               ro code  0x00007560    0x4c  interpret.o [1]
  .text               ro code  0x000075ac     0xe  interpret.o [1]
  .text               ro code  0x000075ba    0x16  interpret.o [1]
  .text               ro code  0x000075d0     0x2  interpret.o [1]
  .text               ro code  0x000075d2     0x2  interpret.o [1]
  .text               ro code  0x000075d4     0x2  interpret.o [1]
  .rodata             const    0x000075d8    0x48  interpret.o [1]
  .rodata             const    0x00007620    0x38  usb_serial_structs.o [1]
  .rodata             const    0x00007658    0x30  interpret.o [1]
  .rodata             const    0x00007688    0x2c  interpret.o [1]
  .rodata             const    0x000076b4    0x2c  interpret.o [1]
  .rodata             const    0x000076e0    0x2c  usb_serial_structs.o [1]
  .rodata             const    0x0000770c    0x28  main.o [1]
  .rodata             const    0x00007734    0x28  stepper.o [1]
  .text               ro code  0x0000775c    0x28  data_init3.o [7]
  .rodata             const    0x00007784    0x24  usb_serial_structs.o [1]
  .rodata             const    0x000077a8    0x24  usb_serial_structs.o [1]
  .rodata             const    0x000077cc    0x24  usb_serial_structs.o [1]
  .rodata             const    0x000077f0    0x24  usb_serial_structs.o [1]
  .iar.init_table     const    0x00007814    0x28  - Linker created -
  .rodata             const    0x0000783c    0x20  interpret.o [1]
  .rodata             const    0x0000785c    0x20  interpret.o [1]
  .text               ro code  0x0000787c    0x20  cmain_call_ctors.o [7]
  .text               ro code  0x0000789c    0x1e  startup_ewarm.o [1]
  .text               ro code  0x000078ba     0xc  cstartup_M.o [7]
  .text               ro code  0x000078c8    0x1a  fpinit_M.o [6]
  .text               ro code  0x000078e4    0x16  cmain.o [7]
  .text               ro code  0x000078fa     0x4  low_level_init.o [3]
  .text               ro code  0x000078fe     0x4  exit.o [3]
  .text               ro code  0x00007904     0xe  cexit.o [7]
  .rodata             const    0x00007914    0x1c  interpret.o [1]
  .rodata             const    0x00007930    0x18  stepper.o [1]
  .rodata             const    0x00007948    0x18  usb_serial_structs.o [1]
  .text               ro code  0x00007960    0x18  usbdhandler.o [9]
  .rodata             const    0x00007978    0x14  tasks.o [1]
  .rodata             const    0x0000798c    0x14  usb_serial_structs.o [1]
  .rodata             const    0x000079a0    0x10  interpret.o [1]
  .rodata             const    0x000079b0    0x10  interpret.o [1]
  .rodata             const    0x000079c0    0x10  usb_dev_serial.o [1]
  .rodata             const    0x000079d0     0xc  interpret.o [1]
  .rodata             const    0x000079dc     0xc  interpret.o [1]
  .rodata             const    0x000079e8     0xc  interpret.o [1]
  .rodata             const    0x000079f4     0xc  interpret.o [1]
  .rodata             const    0x00007a00     0xc  interpret.o [1]
  .rodata             const    0x00007a0c     0xc  interpret.o [1]
  .rodata             const    0x00007a18     0xc  interpret.o [1]
  .rodata             const    0x00007a24     0xc  interpret.o [1]
  .rodata             const    0x00007a30     0xc  interpret.o [1]
  .rodata             const    0x00007a3c     0xc  main.o [1]
  .rodata             const    0x00007a48     0xc  usb_dev_serial.o [1]
  .rodata             const    0x00007a54     0x8  interpret.o [1]
  .rodata             const    0x00007a5c     0x8  interpret.o [1]
  .rodata             const    0x00007a64     0x8  interpret.o [1]
  .rodata             const    0x00007a6c     0x8  interpret.o [1]
  .rodata             const    0x00007a74     0x8  interpret.o [1]
  .rodata             const    0x00007a7c     0x8  interpret.o [1]
  .rodata             const    0x00007a84     0x8  interpret.o [1]
  .rodata             const    0x00007a8c     0x8  interpret.o [1]
  .rodata             const    0x00007a94     0x8  interpret.o [1]
  .rodata             const    0x00007a9c     0x8  interpret.o [1]
  .rodata             const    0x00007aa4     0x8  interpret.o [1]
  .rodata             const    0x00007aac     0x8  interpret.o [1]
  .rodata             const    0x00007ab4     0x8  interpret.o [1]
  .rodata             const    0x00007abc     0x8  interpret.o [1]
  .rodata             const    0x00007ac4     0x8  interpret.o [1]
  .rodata             const    0x00007acc     0x8  interpret.o [1]
  .rodata             const    0x00007ad4     0x8  interpret.o [1]
  .rodata             const    0x00007adc     0x8  main.o [1]
  .rodata             const    0x00007ae4     0x8  main.o [1]
  .rodata             const    0x00007aec     0x8  tasks.o [1]
  .rodata             const    0x00007af4     0x4  usb_serial_structs.o [1]
  SHT$$PREINIT_ARRAY           0x00007af8     0x0  <Block>
  SHT$$INIT_ARRAY              0x00007af8     0x4  <Block>
    .init_array       const    0x00007af8     0x4  interpret.o [1]
  .text               ro code  0x00007afc     0x0  cstart_call_dtors.o [7]
  .rodata             const    0x00007afc     0x0  zero_init3.o [7]
  .rodata             const    0x00007afc     0x0  copy_init3.o [7]
  Initializer bytes   ro data  0x00007afc    0xd0  <for P2 s0>
                             - 0x00007bcc  0x7960

"P2", part 1 of 3:                           0xd0
  P2 s0                        0x20000000    0xd0  <Init block>
    .data             inited   0x20000000    0x60  usb_serial_structs.o [1]
    .data             inited   0x20000060    0x20  usbdcdc.o [9]
    .data             inited   0x20000080    0x10  usbdcdc.o [9]
    .data             inited   0x20000090    0x10  usbmode.o [9]
    .data             inited   0x200000a0     0xc  usbdcdc.o [9]
    .data             inited   0x200000ac     0x8  usbdcdc.o [9]
    .data             inited   0x200000b4     0x8  XShttio.o [3]
    .data             inited   0x200000bc     0x4  heap_2.o [1]
    .data             inited   0x200000c0     0x4  interpret.o [1]
    .data             inited   0x200000c4     0x4  interpret.o [1]
    .data             inited   0x200000c8     0x4  port.o [1]
    .data             inited   0x200000cc     0x4  tasks.o [1]
                             - 0x200000d0    0xd0

"P2", part 2 of 3:                         0x48d8
  .bss                zero     0x200000d0  0x2ee0  heap_2.o [1]
  .bss                zero     0x20002fb0  0x1320  interpret.o [1]
  .bss                zero     0x200042d0   0x110  usbdma.o [9]
  .bss                zero     0x200043e0   0x108  interpret.o [1]
  .bss                zero     0x200044e8   0x100  usb_serial_structs.o [1]
  .bss                zero     0x200045e8   0x100  usb_serial_structs.o [1]
  .bss                zero     0x200046e8    0x64  tasks.o [1]
  .bss                zero     0x2000474c    0x50  usbdenum.o [9]
  .bss                zero     0x2000479c    0x40  usbdenum.o [9]
  .bss                zero     0x200047dc    0x38  usbtick.o [9]
  .bss                zero     0x20004814    0x20  interpret.o [1]
  .bss                zero     0x20004834    0x20  interpret.o [1]
  .bss                zero     0x20004854    0x20  interpret.o [1]
  .bss                zero     0x20004874    0x18  usb_serial_structs.o [1]
  .bss                zero     0x2000488c    0x18  usb_serial_structs.o [1]
  .bss                zero     0x200048a4    0x14  tasks.o [1]
  .bss                zero     0x200048b8    0x14  tasks.o [1]
  .bss                zero     0x200048cc    0x14  tasks.o [1]
  .bss                zero     0x200048e0    0x14  tasks.o [1]
  .bss                zero     0x200048f4    0x14  tasks.o [1]
  .bss                zero     0x20004908     0x8  heap_2.o [1]
  .bss                zero     0x20004910     0x8  heap_2.o [1]
  .bss                zero     0x20004918     0x4  heap_2.o [1]
  .bss                zero     0x2000491c     0x4  interpret.o [1]
  .bss                zero     0x20004920     0x4  interpret.o [1]
  .bss                zero     0x20004924     0x4  interpret.o [1]
  .bss                zero     0x20004928     0x4  interpret.o [1]
  .bss                zero     0x2000492c     0x4  interpret.o [1]
  .bss                zero     0x20004930     0x4  interpret.o [1]
  .bss                zero     0x20004934     0x4  interpret.o [1]
  .bss                zero     0x20004938     0x4  interpret.o [1]
  .bss                zero     0x2000493c     0x4  interpret.o [1]
  .bss                zero     0x20004940     0x4  interpret.o [1]
  .bss                zero     0x20004944     0x4  port.o [1]
  .bss                zero     0x20004948     0x4  stepper.o [1]
  .bss                zero     0x2000494c     0x4  tasks.o [1]
  .bss                zero     0x20004950     0x4  tasks.o [1]
  .bss                zero     0x20004954     0x4  tasks.o [1]
  .bss                zero     0x20004958     0x4  tasks.o [1]
  .bss                zero     0x2000495c     0x4  tasks.o [1]
  .bss                zero     0x20004960     0x4  tasks.o [1]
  .bss                zero     0x20004964     0x4  tasks.o [1]
  .bss                zero     0x20004968     0x4  tasks.o [1]
  .bss                zero     0x2000496c     0x4  tasks.o [1]
  .bss                zero     0x20004970     0x4  tasks.o [1]
  .bss                zero     0x20004974     0x4  tasks.o [1]
  .bss                zero     0x20004978     0x4  tasks.o [1]
  .bss                zero     0x2000497c     0x4  tasks.o [1]
  .bss                zero     0x20004980     0x4  usb_dev_serial.o [1]
  .bss                zero     0x20004984     0x4  usb_dev_serial.o [1]
  .bss                zero     0x20004988     0x4  usb_dev_serial.o [1]
  .bss                zero     0x2000498c     0x4  usb_dev_serial.o [1]
  .bss                zero     0x20004990     0x4  usbtick.o [9]
  .bss                zero     0x20004994     0x4  cppinit.o [3]
  .bss                zero     0x20004998     0x4  cppinit.o [3]
  __DLIB_PERTHREAD    zero     0x2000499c     0x4  errno.o [3]
  .bss                zero     0x200049a0     0x1  interpret.o [1]
  .bss                zero     0x200049a1     0x1  interpret.o [1]
  .bss                zero     0x200049a2     0x1  interpret.o [1]
  .bss                zero     0x200049a3     0x1  port.o [1]
  .bss                zero     0x200049a4     0x1  usb_dev_serial.o [1]
  .bss                zero     0x200049a5     0x1  usb_dev_serial.o [1]
                             - 0x200049a6  0x48d6

"P2", part 3 of 3:                          0x5b0
  .noinit             uninit   0x200049a8   0x400  startup_ewarm.o [1]
  .iar.dynexit                 0x20004da8   0x1b0  <Block>
    .iar.dynexit      uninit   0x20004da8     0xc  cppinit.o [3]
    .iar.dynexit      uninit   0x20004db4   0x1a4  <Block tail>
                             - 0x20004f58   0x5b0


*******************************************************************************
*** INIT TABLE
***

          Address     Size
          -------     ----
Zero (__iar_zero_init3)
    1 destination range, total size 0x48d6:
          0x200000d0  0x48d6

Copy (__iar_copy_init3)
    1 source range, total size 0xd0:
          0x00007afc    0xd0
    1 destination range, total size 0xd0:
          0x20000000    0xd0

Extra (__iar_cstart_call_ctors)



*******************************************************************************
*** MODULE SUMMARY
***

    Module                ro code  ro data  rw data
    ------                -------  -------  -------
C:\dev\docs\scottdesign\motor\Debug\Obj: [1]
    accel.o                   784
    flashio.o                   2
    heap_2.o                  332        6   12 024
    interpret.o             5 610      588    5 307
    list.o                    164
    main.o                    382       68
    parseTreeEntry.o          120
    port.o                    344        4        9
    portasm.o                 160
    startup_ewarm.o            30      620    1 024
    stepper.o               2 100       64        4
    symbolTableEntry.o        108
    tasks.o                 2 014       32      256
    usb_dev_serial.o        1 388       28       18
    usb_serial_structs.o               388      656
    -----------------------------------------------
    Total:                 13 538    1 798   19 298

command line: [2]
    -----------------------------------------------
    Total:

dl7M_tln.a: [3]
    XShttio.o                   8        8        8
    abort.o                     6
    cppinit.o                 152                20
    errno.o                    12                 4
    exit.o                      4
    low_level_init.o            4
    putchar.o                  40
    sprintf.o                  52
    sscanf.o                   36
    strstr.o                   44
    xassert.o                  76
    xprintftiny.o             282
    xreportassert.o           160
    xscanfsmall.o           1 284
    xsprout.o                  10
    xsscin.o                   30
    xstol.o                   134
    xstoul.o                  372
    xtls.o                      2
    -----------------------------------------------
    Total:                  2 708        8       32

dlpp7M_tl_ne.a: [4]
    cxxabi.o                   80
    -----------------------------------------------
    Total:                     80

driverlib.a: [5]
    cpu.o                      16
    gpio.o                      6
    interrupt.o               532
    sysctl.o                  116
    timer.o                   102
    udma.o                    284
    usb.o                   1 014
    -----------------------------------------------
    Total:                  2 070

m7M_tlv.a: [6]
    DblAdd.o                  232
    DblDiv.o                  582
    DblMul.o                  418
    DblSub.o                  364
    DblToFlt.o                144
    FltToDbl.o                 78
    I32ToDbl.o                 44
    expf.o                     80
    fpinit_M.o                 26
    xfdnorm.o                  38
    xfdscale.o                200
    xfexp.o                   540
    -----------------------------------------------
    Total:                  2 746

rt7M_tl.a: [7]
    ABImemcpy.o               118
    ABImemset.o               102
    cexit.o                    14
    cmain.o                    22
    cmain_call_ctors.o         32
    copy_init3.o               46
    cstart_call_dtors.o
    cstartup_M.o               12
    data_init3.o               40
    memchr.o                   88
    memcmp.o                   98
    strchr.o                   22
    strcmp.o                   66
    strlen.o                   54
    zero_init3.o               34
    -----------------------------------------------
    Total:                    748

shb_l.a: [8]
    dwrite.o                   30
    exit.o                     20
    iarttio.o                 108
    iarwrite.o                 34
    iarwstd.o                  32
    write.o                    16
    -----------------------------------------------
    Total:                    240

usblib.a: [9]
    usbbuffer.o               588
    usbdcdc.o               1 872      176       68
    usbdcdesc.o               336
    usbdconfig.o              552
    usbdenum.o              2 412               144
    usbdesc.o                  84
    usbdhandler.o              24
    usbdma.o                1 144               272
    usbmode.o                  28       16       16
    usbringbuf.o              338
    usbtick.o                 108                60
    -----------------------------------------------
    Total:                  7 486      192      560

    Gaps                       34        4
    Linker created                      40      420
---------------------------------------------------
    Grand Total:           29 650    2 042   20 310


*******************************************************************************
*** ENTRY LIST
***

Entry                      Address    Size  Type      Object
-----                      -------    ----  ----      ------
.iar.dynexit$$Base      0x20004da8           --   Gb  - Linker created -
.iar.dynexit$$Limit     0x20004f58           --   Gb  - Linker created -
?main                   0x000078e5          Code  Gb  cmain.o [7]
CDCTickHandler          0x00006c81    0x7a  Code  Lc  usbdcdc.o [9]
CPUcpsid                0x000048b1     0x8  Code  Gb  cpu.o [5]
CPUcpsie                0x000048b9     0x8  Code  Gb  cpu.o [5]
CheckForSerialStateChange
                        0x00006f6d    0x3a  Code  Lc  usb_dev_serial.o [1]
ControlHandler          0x00007245    0xd8  Code  Gb  usb_dev_serial.o [1]
DMAUSBIntHandler        0x00005ead    0x30  Code  Lc  usbdma.o [9]
DMAUSBIntStatusClear    0x00005e9f     0xe  Code  Lc  usbdma.o [9]
DMAUSBStatus            0x000061f9     0x4  Code  Lc  usbdma.o [9]
DeviceConsumedAllData   0x00006835    0x18  Code  Lc  usbdcdc.o [9]
DtorRecArray            0x20004da8     0xc  Data  Lc  cppinit.o [3]
FaultISR                0x000078b7     0x2  Code  Lc  startup_ewarm.o [1]
GPIOPinWrite            0x0000359d     0x6  Code  Gb  gpio.o [5]
GetEPDescriptorType     0x000064a1    0x46  Code  Lc  usbdconfig.o [9]
GetEndpointFIFOSize     0x00006485    0x1c  Code  Lc  usbdconfig.o [9]
GetLineCoding           0x0000716f    0xa4  Code  Lc  usb_dev_serial.o [1]
HandleConfigChange      0x00006a95    0x2c  Code  Lc  usbdcdc.o [9]
HandleDevice            0x00006b0f    0x62  Code  Lc  usbdcdc.o [9]
HandleDisconnect        0x00006c3b    0x22  Code  Lc  usbdcdc.o [9]
HandleEP0Data           0x00006ac1    0x46  Code  Lc  usbdcdc.o [9]
HandleEndpoints         0x00006a43    0x52  Code  Lc  usbdcdc.o [9]
HandleRequests          0x00006b71    0xb8  Code  Lc  usbdcdc.o [9]
HandleResume            0x00006c69     0xc  Code  Lc  usbdcdc.o [9]
HandleRxAvailable       0x000033dd    0xb2  Code  Lc  usbbuffer.o [9]
HandleSuspend           0x00006c5d     0xc  Code  Lc  usbdcdc.o [9]
IntDefaultHandler       0x000078b9     0x2  Code  Lc  startup_ewarm.o [1]
IntDisable              0x000036ab    0x58  Code  Gb  interrupt.o [5]
IntEnable               0x00003653    0x58  Code  Gb  interrupt.o [5]
IntIsEnabled            0x00003703    0x5c  Code  Gb  interrupt.o [5]
IntMasterDisable        0x00003621     0x6  Code  Gb  interrupt.o [5]
IntMasterEnable         0x00003619     0x8  Code  Gb  interrupt.o [5]
IntPrioritySet          0x0000362f    0x24  Code  Gb  interrupt.o [5]
InternalUSBRegisterTickHandler
                        0x000062e5    0x24  Code  Gb  usbtick.o [9]
InternalUSBStartOfFrameTick
                        0x00006309    0x26  Code  Gb  usbtick.o [9]
InternalUSBTickInit     0x000062c9    0x1c  Code  Gb  usbtick.o [9]
NextConfigDescGet       0x00006335    0x2e  Code  Lc  usbdcdesc.o [9]
NmiSR                   0x000078b5     0x2  Code  Lc  startup_ewarm.o [1]
ProcessDataFromHost     0x00006947    0x5e  Code  Gb  usbdcdc.o [9]
ProcessDataToHost       0x000069e9    0x52  Code  Gb  usbdcdc.o [9]
ProcessNotificationToHost
                        0x000069b3    0x36  Code  Gb  usbdcdc.o [9]
ReadUARTData            0x00006fa7    0x64  Code  Lc  usb_dev_serial.o [1]
Region$$Table$$Base     0x00007814           --   Gb  - Linker created -
Region$$Table$$Limit    0x0000783c           --   Gb  - Linker created -
ResetISR                0x0000789d    0x14  Code  Gb  startup_ewarm.o [1]
RxHandler               0x0000732b    0x48  Code  Gb  usb_dev_serial.o [1]
SHT$$INIT_ARRAY$$Base   0x00007af8           --   Gb  - Linker created -
SHT$$INIT_ARRAY$$Limit  0x00007afc           --   Gb  - Linker created -
SHT$$PREINIT_ARRAY$$Base
                        0x00007af8           --   Gb  - Linker created -
SHT$$PREINIT_ARRAY$$Limit
                        0x00007af8           --   Gb  - Linker created -
ScheduleNextTransmission
                        0x0000334f    0x8e  Code  Lc  usbbuffer.o [9]
SendBreak               0x00007213    0x32  Code  Lc  usb_dev_serial.o [1]
SendBreak               0x0000684d    0x3a  Code  Lc  usbdcdc.o [9]
SendLineCodingChange    0x00006887    0x1e  Code  Lc  usbdcdc.o [9]
SendLineStateChange     0x000068a5    0x1e  Code  Lc  usbdcdc.o [9]
SendSerialState         0x000068c3    0x84  Code  Lc  usbdcdc.o [9]
SetControlLineState     0x000070c3     0x2  Code  Lc  usb_dev_serial.o [1]
SetDeferredOpFlag       0x0000681d    0x18  Code  Lc  usbdcdc.o [9]
SetLineCoding           0x000070c5    0xaa  Code  Lc  usb_dev_serial.o [1]
SysCtlPeripheralEnable  0x000035e5     0x8  Code  Gb  sysctl.o [5]
SysCtlPeripheralReset   0x000035a5    0x40  Code  Gb  sysctl.o [5]
SysCtlUSBPLLEnable      0x00003601     0xc  Code  Gb  sysctl.o [5]
TimerConfigure          0x00002e65    0x26  Code  Gb  timer.o [5]
TimerDisable            0x00002e59     0xc  Code  Gb  timer.o [5]
TimerEnable             0x00002e4d     0xc  Code  Gb  timer.o [5]
TimerIntEnable          0x00002ea1     0x4  Code  Gb  timer.o [5]
TimerLoadSet            0x00002e91    0x10  Code  Gb  timer.o [5]
TxHandler               0x0000731d     0xe  Code  Gb  usb_dev_serial.o [1]
UARTSend                0x000020af    0x12  Code  Gb  main.o [1]
USB0DeviceIntHandler    0x00007961    0x18  Code  Gb  usbdhandler.o [9]
USBBufferDataAvailable  0x00003503     0x6  Code  Gb  usbbuffer.o [9]
USBBufferEventCallback  0x0000350f    0x8c  Code  Gb  usbbuffer.o [9]
USBBufferFlush          0x000034d7     0x6  Code  Gb  usbbuffer.o [9]
USBBufferInit           0x0000348f    0x16  Code  Gb  usbbuffer.o [9]
USBBufferRead           0x000034dd    0x26  Code  Gb  usbbuffer.o [9]
USBBufferSpaceAvailable
                        0x00003509     0x6  Code  Gb  usbbuffer.o [9]
USBBufferWrite          0x000034a5    0x32  Code  Gb  usbbuffer.o [9]
USBDCDCCompositeInit    0x00006d11    0x8e  Code  Gb  usbdcdc.o [9]
USBDCDCInit             0x00006d9f    0x42  Code  Gb  usbdcdc.o [9]
USBDCDCPacketRead       0x00006e3d    0x7e  Code  Gb  usbdcdc.o [9]
USBDCDCPacketWrite      0x00006df1    0x4c  Code  Gb  usbdcdc.o [9]
USBDCDCRxPacketAvailable
                        0x00006ecb    0x32  Code  Gb  usbdcdc.o [9]
USBDCDCSerialStateChange
                        0x00006f05    0x2e  Code  Gb  usbdcdc.o [9]
USBDCDCTxPacketAvailable
                        0x00006ebb    0x10  Code  Gb  usbdcdc.o [9]
USBDCDConfigDescGet     0x000063ab    0x54  Code  Gb  usbdcdesc.o [9]
USBDCDConfigDescGetNum  0x00006381    0x2a  Code  Gb  usbdcdesc.o [9]
USBDCDConfigDescGetSize
                        0x00006363    0x1e  Code  Gb  usbdcdesc.o [9]
USBDCDConfigGetInterface
                        0x000063ff    0x4c  Code  Gb  usbdcdesc.o [9]
USBDCDConfigGetInterfaceEndpoint
                        0x00006453    0x32  Code  Gb  usbdcdesc.o [9]
USBDCDDeviceInfoInit    0x000050ed    0x1a  Code  Gb  usbdenum.o [9]
USBDCDInit              0x00005107    0xb8  Code  Gb  usbdenum.o [9]
USBDCDRequestDataEP0    0x000051bf    0x10  Code  Gb  usbdenum.o [9]
USBDCDSendDataEP0       0x000051cf     0xa  Code  Gb  usbdenum.o [9]
USBDCDStallEP0          0x000051dd    0x18  Code  Gb  usbdenum.o [9]
USBDClearFeature        0x000053ef    0x72  Code  Lc  usbdenum.o [9]
USBDEP0StateTx          0x0000579f    0x66  Code  Lc  usbdenum.o [9]
USBDEP0StateTxConfig    0x00005805   0x13e  Code  Lc  usbdenum.o [9]
USBDGetConfiguration    0x00005613    0x22  Code  Lc  usbdenum.o [9]
USBDGetDescriptor       0x000054e5   0x128  Code  Lc  usbdenum.o [9]
USBDGetInterface        0x000056cb    0x24  Code  Lc  usbdenum.o [9]
USBDGetStatus           0x0000539f    0x50  Code  Lc  usbdenum.o [9]
USBDReadAndDispatchRequest
                        0x0000523f    0x56  Code  Lc  usbdenum.o [9]
USBDSetAddress          0x000054cb    0x1a  Code  Lc  usbdenum.o [9]
USBDSetConfiguration    0x00005645    0x7e  Code  Lc  usbdenum.o [9]
USBDSetDescriptor       0x0000560d     0x6  Code  Lc  usbdenum.o [9]
USBDSetFeature          0x0000546b    0x60  Code  Lc  usbdenum.o [9]
USBDSetInterface        0x00005707    0x88  Code  Lc  usbdenum.o [9]
USBDSyncFrame           0x0000578f     0x4  Code  Lc  usbdenum.o [9]
USBDescGet              0x000067ef    0x2e  Code  Gb  usbdesc.o [9]
USBDescGetNum           0x000067c9    0x26  Code  Gb  usbdesc.o [9]
USBDevAddrSet           0x00005bef     0x4  Code  Gb  usb.o [5]
USBDevConnect           0x00005bd7     0xc  Code  Gb  usb.o [5]
USBDevDisconnect        0x00005be3     0xc  Code  Gb  usb.o [5]
USBDevEndpointConfigSet
                        0x00005bf3    0x74  Code  Gb  usb.o [5]
USBDevEndpointDataAck   0x00005d95    0x20  Code  Gb  usb.o [5]
USBDevEndpointStall     0x00005b67    0x30  Code  Gb  usb.o [5]
USBDevEndpointStallClear
                        0x00005b97    0x40  Code  Gb  usb.o [5]
USBDevEndpointStatusClear
                        0x00005b19    0x4e  Code  Gb  usb.o [5]
USBDevMode              0x00005e39     0x2  Code  Gb  usb.o [5]
USBDeviceConfig         0x000064e7   0x136  Code  Gb  usbdconfig.o [9]
USBDeviceConfigAlternate
                        0x00006629    0x7e  Code  Gb  usbdconfig.o [9]
USBDeviceEnumHandler    0x00005299    0xca  Code  Gb  usbdenum.o [9]
USBDeviceEnumResetHandler
                        0x00005363    0x3c  Code  Gb  usbdenum.o [9]
USBDeviceIntHandlerInternal
                        0x00005943    0xc8  Code  Gb  usbdenum.o [9]
USBDeviceResumeTickHandler
                        0x000051f5    0x4a  Code  Gb  usbdenum.o [9]
USBEndpointDMAChannel   0x00005e1f    0x1a  Code  Gb  usb.o [5]
USBEndpointDMAConfigSet
                        0x00005ca9    0x48  Code  Gb  usb.o [5]
USBEndpointDMADisable   0x00005d11    0x20  Code  Gb  usb.o [5]
USBEndpointDMAEnable    0x00005cf1    0x20  Code  Gb  usb.o [5]
USBEndpointDataAvail    0x00005d31    0x20  Code  Gb  usb.o [5]
USBEndpointDataGet      0x00005d51    0x44  Code  Gb  usb.o [5]
USBEndpointDataPut      0x00005db5    0x30  Code  Gb  usb.o [5]
USBEndpointDataSend     0x00005deb    0x2c  Code  Gb  usb.o [5]
USBEndpointPacketCountSet
                        0x00005e41     0xe  Code  Gb  usb.o [5]
USBEndpointStatus       0x00005b05     0xe  Code  Gb  usb.o [5]
USBFIFOAddrGet          0x00005e17     0x8  Code  Gb  usb.o [5]
USBFIFOConfigSet        0x00005c67    0x3c  Code  Gb  usb.o [5]
USBHostResume           0x00005a73    0x14  Code  Gb  usb.o [5]
USBIndexWrite           0x00005a59    0x1a  Code  Lc  usb.o [5]
USBIntEnableControl     0x00005a87    0x26  Code  Gb  usb.o [5]
USBIntEnableEndpoint    0x00005add    0x1a  Code  Gb  usb.o [5]
USBIntStatusControl     0x00005aad    0x30  Code  Gb  usb.o [5]
USBIntStatusEndpoint    0x00005af7     0x6  Code  Gb  usb.o [5]
USBLibDMAInit           0x000061fd    0x84  Code  Gb  usbdma.o [9]
USBRingBufAdvanceRead   0x00004827    0x1e  Code  Gb  usbringbuf.o [9]
USBRingBufAdvanceWrite  0x00004845    0x36  Code  Gb  usbringbuf.o [9]
USBRingBufContigFree    0x000047d9    0x1c  Code  Gb  usbringbuf.o [9]
USBRingBufContigUsed    0x000047c7    0x12  Code  Gb  usbringbuf.o [9]
USBRingBufFlush         0x0000478b    0x1a  Code  Gb  usbringbuf.o [9]
USBRingBufFree          0x000047b9     0xe  Code  Gb  usbringbuf.o [9]
USBRingBufInit          0x000048a5     0xc  Code  Gb  usbringbuf.o [9]
USBRingBufRead          0x0000480b    0x1c  Code  Gb  usbringbuf.o [9]
USBRingBufReadOne       0x000047f5    0x16  Code  Gb  usbringbuf.o [9]
USBRingBufUsed          0x000047a5    0x14  Code  Gb  usbringbuf.o [9]
USBRingBufWrite         0x00004889    0x1c  Code  Gb  usbringbuf.o [9]
USBRingBufWriteOne      0x0000487b     0xe  Code  Gb  usbringbuf.o [9]
USBStackModeSet         0x000074d9    0x18  Code  Gb  usbmode.o [9]
USBUARTIntHandler       0x0000705f    0x64  Code  Gb  usb_dev_serial.o [1]
USBUARTPrimeTransmit    0x0000700b    0x54  Code  Lc  usb_dev_serial.o [1]
UpdateIndexAtomic       0x0000475f    0x2c  Code  Lc  usbringbuf.o [9]
_GetintSmall            0x00003b15   0x230  Code  Lc  xscanfsmall.o [3]
_GetstrSmall            0x00003a55    0xc0  Code  Lc  xscanfsmall.o [3]
_PrintfTiny             0x00003eab   0x11a  Code  Gb  xprintftiny.o [3]
_SProut                 0x00002507     0xa  Code  Gb  xsprout.o [3]
_SScin                  0x0000221b    0x1e  Code  Gb  xsscin.o [3]
_ScanfSmall             0x00003859   0x1f6  Code  Gb  xscanfsmall.o [3]
__aeabi_assert          0x0000243f    0x4a  Code  Gb  xassert.o [3]
__aeabi_atexit          0x0000144d     0xa  Code  Gb  cxxabi.o [4]
__aeabi_d2f             0x00004479          Code  Gb  DblToFlt.o [6]
__aeabi_dadd            0x000045dd          Code  Gb  DblAdd.o [6]
__aeabi_ddiv            0x00004231          Code  Gb  DblDiv.o [6]
__aeabi_dmul            0x0000408d          Code  Gb  DblMul.o [6]
__aeabi_errno_addr      0x00004eb5     0x6  Code  Gb  errno.o [3]
__aeabi_f2d             0x0000458d          Code  Gb  FltToDbl.o [6]
__aeabi_i2d             0x00004061          Code  Gb  I32ToDbl.o [6]
__aeabi_memcpy          0x000026d9          Code  Gb  ABImemcpy.o [7]
__aeabi_memcpy4         0x000026f9          Code  Gb  ABImemcpy.o [7]
__aeabi_memcpy8         0x000026f9          Code  Gb  ABImemcpy.o [7]
__aeabi_memset          0x000046f9          Code  Gb  ABImemset.o [7]
__aeabi_vec_ctor_nocookie_nodtor
                        0x0000140d    0x22  Code  Gb  cxxabi.o [4]
__aeabi_vec_dtor        0x0000142f    0x1e  Code  Gb  cxxabi.o [4]
__call_ctors            0x00002751    0x18  Code  Gb  cppinit.o [3]
__call_dtors            0x000027a3     0x2  Code  Gb  cppinit.o [3]
__cexit_call_dtors      0x00007907          Code  Gb  cexit.o [7]
__cmain                 0x000078e5          Code  Gb  cmain.o [7]
__cstart_call_dtors     0x00007afc          Data  Gb  cstart_call_dtors.o [7]
__cxa_atexit            0x00002769    0x3a  Code  Gb  cppinit.o [3]
__cxa_finalize          0x000027a5    0x38  Code  Gb  cppinit.o [3]
__dso_handle            0x20004998     0x4  Data  Gb  cppinit.o [3]
__dwrite                0x0000505f    0x1e  Code  Gb  dwrite.o [8]
__exit                  0x00004b05    0x14  Code  Gb  exit.o [8]
__iar_EmptyStepPoint    0x0000243d     0x2  Code  Gb  xassert.o [3]
__iar_Errno             0x2000499c     0x4  Data  Gb  errno.o [3]
__iar_FDnorm            0x00005085    0x26  Code  Gb  xfdnorm.o [6]
__iar_FDscale           0x00004f95    0xc8  Code  Gb  xfdscale.o [6]
__iar_FExp              0x00004b2d   0x1ea  Code  Gb  xfexp.o [6]
__iar_Memchr            0x00004ec1          Code  Gb  memchr.o [7]
__iar_Memset            0x000046f9          Code  Gb  ABImemset.o [7]
__iar_Memset_word       0x00004701          Code  Gb  ABImemset.o [7]
__iar_ReportAssert      0x00003dbf    0x50  Code  Gb  xreportassert.o [3]
__iar_Stolx             0x000048d7    0x86  Code  Gb  xstol.o [3]
__iar_Stoul             0x00004a7b     0x4  Code  Gb  xstoul.o [3]
__iar_Stoulx            0x0000495d   0x118  Code  Gb  xstoul.o [3]
__iar_Strchr            0x000048c1          Code  Gb  strchr.o [7]
__iar_Strstr            0x0000382d    0x2c  Code  Gb  strstr.o [3]
__iar_close_ttio        0x00004f29    0x2e  Code  Gb  iarttio.o [8]
__iar_copy_init3        0x00001463    0x2e  Code  Gb  copy_init3.o [7]
__iar_cstart_call_ctors
                        0x0000787d    0x20  Code  Gb  cmain_call_ctors.o [7]
__iar_dadd              0x000045f1          Code  Gb  DblAdd.o [6]
__iar_data_init3        0x0000775d    0x28  Code  Gb  data_init3.o [7]
__iar_dlib_perthread_access
                        0x0000505d     0x2  Code  Gb  xtls.o [3]
__iar_dsub              0x00004d49          Code  Gb  DblSub.o [6]
__iar_dsubStart         0x00004d5b          Code  Gb  DblSub.o [6]
__iar_get_ttio          0x00004f59    0x38  Code  Gb  iarttio.o [8]
__iar_init_vfp          0x000078c9          Code  Gb  fpinit_M.o [6]
__iar_lookup_ttioh      0x0000507d     0x8  Code  Gb  XShttio.o [3]
__iar_program_start     0x000078bb          Code  Gb  cstartup_M.o [7]
__iar_sh_stdout         0x000050ab    0x20  Code  Gb  iarwstd.o [8]
__iar_sh_write          0x000050cb    0x22  Code  Gb  iarwrite.o [8]
__iar_strcmp            0x00002239          Code  Gb  strcmp.o [7]
__iar_ttio_handles      0x200000b4     0x8  Data  Lc  XShttio.o [3]
__iar_ui2d              0x00004075          Code  Gb  I32ToDbl.o [6]
__iar_zero_init3        0x0000207b    0x22  Code  Gb  zero_init3.o [7]
__low_level_init        0x000078fb     0x4  Code  Gb  low_level_init.o [3]
__sti__routine          0x0000026d    0x18  Code  Lc  interpret.o [1]
__vector_table          0x00000000   0x26c  Data  Gb  startup_ewarm.o [1]
__write                 0x00004f19    0x10  Code  Gb  write.o [8]
_call_main              0x000078f1          Code  Gb  cmain.o [7]
_exit                   0x00007905          Code  Gb  cexit.o [7]
_main                   0x000078f7          Code  Gb  cmain.o [7]
abort                   0x00003e49     0x6  Code  Gb  abort.o [3]
accel::RPMx10k(unsigned int, unsigned int)
                        0x00003e79    0x26  Code  Gb  interpret.o [1]
accel::_RPMx10ktoFreq(unsigned int)
                        0x00004b19     0xe  Code  Gb  interpret.o [1]
accel::_accelStepMicroSec() const
                        0x00004559    0x18  Code  Gb  stepper.o [1]
accel::_initUnitCurve(int)
                        0x0000293f    0x7e  Code  Gb  accel.o [1]
accel::_scaleYAxisToClockTicks()
                        0x00002a69    0x38  Code  Gb  accel.o [1]
accel::_scaleYAxisToFrequency()
                        0x000029bd    0xaa  Code  Gb  accel.o [1]
accel::accel()          0x000027e9    0x2e  Code  Gb  accel.o [1]
accel::accelMicroSec() const
                        0x00002b1d     0x6  Code  Gb  stepper.o [1]
accel::accelMicroSec(unsigned int)
                        0x00002ec5    0x28  Code  Gb  stepper.o [1]
accel::assign(const accel&)
                        0x0000282d    0x62  Code  Gb  accel.o [1]
accel::clockTicksToCurveIndex(unsigned int) const
                        0x00003fd1    0x18  Code  Gb  stepper.o [1]
accel::clockTicksToFreq(unsigned int) const
                        0x00002e0f    0x18  Code  Gb  stepper.o [1]
accel::clockTicksToMicroSec(unsigned int) const
                        0x00002b95    0x26  Code  Gb  stepper.o [1]
accel::curveIndexToClockTicks(unsigned int) const
                        0x00002b6d    0x28  Code  Gb  stepper.o [1]
accel::curveIndexToClockTicks(unsigned int) const::string
                        0x00007930    0x18  Data  Gb  stepper.o [1]
accel::curveIndexToClockTicks(unsigned int) const::string (instance 2)
                        0x00007734    0x28  Data  Gb  stepper.o [1]
accel::degreesPerMicrostepx10k() const
                        0x00004b27     0x6  Code  Gb  interpret.o [1]
accel::degreesPerMicrostepx10k(unsigned int)
                        0x000046f1     0x6  Code  Gb  stepper.o [1]
accel::fmax() const     0x00003fc5     0x6  Code  Gb  accel.o [1]
accel::fmin() const     0x00002bd5     0x6  Code  Gb  stepper.o [1]
accel::freqCloseToStop(unsigned int) const
                        0x00002e27    0x12  Code  Gb  stepper.o [1]
accel::freqToClockTicks(unsigned int) const
                        0x000046c5    0x2c  Code  Gb  stepper.o [1]
accel::frequency(unsigned int, unsigned int)
                        0x00002ab9    0x34  Code  Gb  accel.o [1]
accel::microSecToClockTicks(unsigned int) const
                        0x00004571    0x1a  Code  Gb  stepper.o [1]
accel::microSecToCurveIndex(unsigned int) const
                        0x00002b45    0x26  Code  Gb  stepper.o [1]
accel::microSecToFreq(unsigned int) const
                        0x00002bbd    0x18  Code  Gb  stepper.o [1]
accel::microSecToSteps(unsigned int)
                        0x0000288f    0x58  Code  Gb  accel.o [1]
accel::operator =(const accel&)
                        0x00002817    0x16  Code  Gb  accel.o [1]
accel::reset(unsigned int)
                        0x00002b23    0x22  Code  Gb  stepper.o [1]
accel::stepsToMicroSec(unsigned int)
                        0x000028e7    0x58  Code  Gb  accel.o [1]
accel::totalClockTicks() const
                        0x00003fcb     0x6  Code  Gb  accel.o [1]
accel::totalClockTicksToCurrentClockTicks(unsigned int)
                        0x00003fe9    0x78  Code  Gb  stepper.o [1]
accel::updateClockPeriod()
                        0x00002c4b    0x28  Code  Gb  stepper.o [1]
accel::updateClockPeriodDecelerate()
                        0x00002cd9    0xe8  Code  Gb  stepper.o [1]
accel::~accel()         0x000075d5     0x2  Code  Gb  interpret.o [1]
bufferInput             0x000004d7   0x20a  Code  Gb  interpret.o [1]
delay                   0x000020c1    0x1c  Code  Gb  main.o [1]
digits                  0x00004a80    0x28  Data  Lc  xstoul.o [3]
enable                  0x000020dd     0xe  Code  Gb  main.o [1]
errMsg()                0x000002ff    0x1a  Code  Gb  interpret.o [1]
exit                    0x000078ff     0x4  Code  Gb  exit.o [3]
expf                    0x00004509    0x4c  Code  Gb  expf.o [6]
flashLED                0x0000210b     0x2  Code  Gb  main.o [1]
flashio::flashio()      0x000023f9     0x2  Code  Gb  flashio.o [1]
flashio::~flashio()     0x000075d3     0x2  Code  Gb  interpret.o [1]
g_bSendingBreak         0x200049a4     0x1  Data  Lc  usb_dev_serial.o [1]
g_bUSBConfigured        0x200049a5     0x1  Data  Lc  usb_dev_serial.o [1]
g_bUSBTimerInitialized  0x200047dc     0x1  Data  Gb  usbtick.o [9]
g_eOTGModeState         0x20000091     0x1  Data  Gb  usbmode.o [9]
g_iDualMode             0x20000092     0x1  Data  Lc  usbmode.o [9]
g_iUSBMode              0x20000090     0x1  Data  Gb  usbmode.o [9]
g_pCDCCompSerConfigDescriptors
                        0x00006f38     0x4  Data  Gb  usbdcdc.o [9]
g_pcStatus              0x2000498c     0x4  Data  Gb  usb_dev_serial.o [1]
g_pfnTickHandlers       0x200047e0    0x18  Data  Gb  usbtick.o [9]
g_pfnUSBModeCallback    0x2000009c     0x4  Data  Lc  usbmode.o [9]
g_ppCDCSerConfigDescriptors
                        0x00006f34     0x4  Data  Gb  usbdcdc.o [9]
g_ppsDevInfo            0x20004794     0x4  Data  Gb  usbdenum.o [9]
g_ppui8StringDescriptors
                        0x00007948    0x18  Data  Gb  usb_serial_structs.o [1]
g_psCDCCompSerSections  0x20000080    0x10  Data  Gb  usbdcdc.o [9]
g_psCDCSerSections      0x200000a0     0xc  Data  Gb  usbdcdc.o [9]
g_psDCDInst             0x2000474c    0x48  Data  Gb  usbdenum.o [9]
g_psUSBDMAInst          0x200042d0   0x110  Data  Lc  usbdma.o [9]
g_psUSBDStdRequests     0x00005a24    0x34  Data  Lc  usbdenum.o [9]
g_pui32Dii16Regs        0x00003818    0x14  Data  Lc  interrupt.o [5]
g_pui32EnRegs           0x00003804    0x14  Data  Lc  interrupt.o [5]
g_pui32Regs             0x00003768    0x9c  Data  Lc  interrupt.o [5]
g_pui8CDCSerCommInterface
                        0x00007504    0x24  Data  Gb  usbdcdc.o [9]
g_pui8CDCSerDataInterface
                        0x00007530    0x18  Data  Gb  usbdcdc.o [9]
g_pui8CDCSerDescriptor  0x20000060     0xc  Data  Gb  usbdcdc.o [9]
g_pui8CDCSerDeviceDescriptor
                        0x2000006c    0x14  Data  Gb  usbdcdc.o [9]
g_pui8ConfigString      0x00007620    0x38  Data  Gb  usb_serial_structs.o [1]
g_pui8ControlInterfaceString
                        0x000076e0    0x2c  Data  Gb  usb_serial_structs.o [1]
g_pui8DataBufferIn      0x2000479c    0x40  Data  Lc  usbdenum.o [9]
g_pui8IADSerDescriptor  0x200000ac     0x8  Data  Gb  usbdcdc.o [9]
g_pui8LangDescriptor    0x00007af4     0x4  Data  Gb  usb_serial_structs.o [1]
g_pui8ManufacturerString
                        0x00007784    0x24  Data  Gb  usb_serial_structs.o [1]
g_pui8ProductString     0x000077a8    0x24  Data  Gb  usb_serial_structs.o [1]
g_pui8RxBufferWorkspace
                        0x20004874    0x18  Data  Gb  usb_serial_structs.o [1]
g_pui8SerialNumberString
                        0x0000798c    0x14  Data  Gb  usb_serial_structs.o [1]
g_pui8TxBufferWorkspace
                        0x2000488c    0x18  Data  Gb  usb_serial_structs.o [1]
g_pui8USBRxBuffer       0x200044e8   0x100  Data  Gb  usb_serial_structs.o [1]
g_pui8USBTxBuffer       0x200045e8   0x100  Data  Gb  usb_serial_structs.o [1]
g_pvTickInstance        0x200047f8    0x18  Data  Gb  usbtick.o [9]
g_sCDCCompSerConfigHeader
                        0x00007558     0x8  Data  Gb  usbdcdc.o [9]
g_sCDCDevice            0x20000000    0x60  Data  Gb  usb_serial_structs.o [1]
g_sCDCHandlers          0x00006f3c    0x30  Data  Gb  usbdcdc.o [9]
g_sCDCSerCommInterfaceSection
                        0x00007528     0x8  Data  Gb  usbdcdc.o [9]
g_sCDCSerConfigHeader   0x00007550     0x8  Data  Gb  usbdcdc.o [9]
g_sCDCSerConfigSection  0x000074f4     0x8  Data  Gb  usbdcdc.o [9]
g_sCDCSerDataInterfaceSection
                        0x00007548     0x8  Data  Gb  usbdcdc.o [9]
g_sIADSerConfigSection  0x000074fc     0x8  Data  Gb  usbdcdc.o [9]
g_sRxBuffer             0x000077cc    0x24  Data  Gb  usb_serial_structs.o [1]
g_sTxBuffer             0x000077f0    0x24  Data  Gb  usb_serial_structs.o [1]
g_ui32CurrentUSBTick    0x20004810     0x4  Data  Gb  usbtick.o [9]
g_ui32Flags             0x20004988     0x4  Data  Gb  usb_dev_serial.o [1]
g_ui32PollRate          0x20000094     0x4  Data  Gb  usbmode.o [9]
g_ui32UARTRxCount       0x20004984     0x4  Data  Gb  usb_dev_serial.o [1]
g_ui32UARTTxCount       0x20004980     0x4  Data  Gb  usb_dev_serial.o [1]
g_ui32USBSOFCount       0x20004990     0x4  Data  Gb  usbtick.o [9]
g_ui32WaitTicks         0x20000098     0x4  Data  Gb  usbmode.o [9]
heapSTRUCT_SIZE         0x000026d6     0x2  Data  Lc  heap_2.o [1]
intToNodeType(int)      0x00000475    0x62  Code  Gb  interpret.o [1]
interpret::_cleanUpEvaluationStack(unsigned int)
                        0x00000da9    0x34  Code  Gb  interpret.o [1]
interpret::_cleanUpSymbolTable()
                        0x00000ddd    0x28  Code  Gb  interpret.o [1]
interpret::_currentProgramNodeLevel() const
                        0x00002633    0x16  Code  Gb  interpret.o [1]
interpret::_currentProgramNodeType() const
                        0x0000248d    0x16  Code  Gb  interpret.o [1]
interpret::_currentProgramNodeValue() const
                        0x000024a3    0x16  Code  Gb  interpret.o [1]
interpret::_evalValue()
                        0x00002511    0x3c  Code  Gb  interpret.o [1]
interpret::_evalValue()::string
                        0x0000783c    0x20  Data  Gb  interpret.o [1]
interpret::_evalValue()::string (instance 2)
                        0x00007688    0x2c  Data  Gb  interpret.o [1]
interpret::_evalValuePeek() const
                        0x00002649     0xe  Code  Gb  interpret.o [1]
interpret::_findFirstAvailableNodeInSymbolTable()
                        0x00001349    0x7e  Code  Gb  interpret.o [1]
interpret::_findFirstParseTreeEntry(parseTreeEntry const &, unsigned int)
                        0x00000e05    0x74  Code  Gb  interpret.o [1]
interpret::_getLastSymbolTableIndex()
                        0x0000267f    0x16  Code  Gb  interpret.o [1]
interpret::_programNodeType(unsigned int) const
                        0x00002699    0x14  Code  Gb  interpret.o [1]
interpret::_pushTemporarySymbolOnEvaluationStack(unsigned int)
                        0x000012ad    0x82  Code  Gb  interpret.o [1]
interpret::_resetSymbolTableTemporaryBoundary()
                        0x00002629     0xa  Code  Gb  interpret.o [1]
interpret::_returnSymbolToAvailablePool(unsigned int)
                        0x0000254d    0x26  Code  Gb  interpret.o [1]
interpret::_updateProgramIndex(nodeType, int)
                        0x00000d37    0x5e  Code  Gb  interpret.o [1]
interpret::appendToProgram(parseTreeEntry const &)
                        0x00000747    0x2e  Code  Gb  interpret.o [1]
interpret::appendToSymbolTable(symbolTableEntry const &)
                        0x00000775    0x2e  Code  Gb  interpret.o [1]
interpret::evaluateOperator(unsigned int)
                        0x00000f51   0x348  Code  Gb  interpret.o [1]
interpret::getLowWaterMarkForTemporarySymbolSearch() const
                        0x000026d1     0x6  Code  Gb  interpret.o [1]
interpret::getStepper()
                        0x0000145d     0x6  Code  Gb  interpret.o [1]
interpret::interpret()  0x000006e1    0x66  Code  Gb  interpret.o [1]
interpret::run()        0x000007a3   0x594  Code  Gb  interpret.o [1]
interpret::setLowWaterMarkForTemporarySymbolSearch()
                        0x000023ed     0xc  Code  Gb  interpret.o [1]
interpret::symbolFromIndex(int)
                        0x000026b5    0x1c  Code  Gb  interpret.o [1]
interpret::symbolTableIndexMorph(int)
                        0x00000e79    0x70  Code  Gb  interpret.o [1]
interpret::~interpret()
                        0x00007561    0x4c  Code  Gb  interpret.o [1]
interpretRun            0x00000285    0x60  Code  Gb  interpret.o [1]
interpreter             0x20002fb0  0x1320  Data  Gb  interpret.o [1]
interpreterRunBool      0x200049a1     0x1  Data  Lc  interpret.o [1]
led::Off()              0x00003d7d    0x1c  Code  Gb  interpret.o [1]
led::On()               0x00003d61    0x1c  Code  Gb  interpret.o [1]
led::_enable            0x200049a0     0x1  Data  Gb  interpret.o [1]
led::enable()           0x00004ad1     0xc  Code  Gb  interpret.o [1]
led::enable(bool)       0x00001871     0xc  Code  Gb  interpret.o [1]
led::led(bool)          0x00002409    0x1e  Code  Gb  interpret.o [1]
led::set(unsigned int)  0x00002591    0x1a  Code  Gb  interpret.o [1]
led::~led()             0x000075ad     0xe  Code  Gb  interpret.o [1]
localAssert             0x0000209d    0x12  Code  Gb  main.o [1]
main                    0x00007373   0x106  Code  Gb  usb_dev_serial.o [1]
mainA                   0x00002145    0x1a  Code  Gb  main.o [1]
memchr                  0x00004ec1          Code  Gb  memchr.o [7]
memcmp                  0x00003189          Code  Gb  memcmp.o [7]
memset                  0x00003339    0x16  Code  Gb  tasks.o [1]
motorStep               0x000020eb    0x20  Code  Gb  main.o [1]
ndigs                   0x00004aa8    0x28  Data  Lc  xstoul.o [3]
next_abi_dtor_rec       0x20004994     0x4  Data  Lc  cppinit.o [3]
out                     0x00003da9    0x16  Code  Lc  xreportassert.o [3]
parseTreeEntry::level() const
                        0x000026ad     0x4  Code  Gb  parseTreeEntry.o [1]
parseTreeEntry::level(unsigned int)
                        0x00002379     0x4  Code  Gb  parseTreeEntry.o [1]
parseTreeEntry::operator =(const parseTreeEntry&)
                        0x0000232f    0x4a  Code  Gb  parseTreeEntry.o [1]
parseTreeEntry::parseTreeEntry()
                        0x00002321     0x6  Code  Gb  parseTreeEntry.o [1]
parseTreeEntry::parseTreeEntry(nodeType, int, unsigned int)
                        0x00002327     0x8  Code  Gb  parseTreeEntry.o [1]
parseTreeEntry::position() const
                        0x00003d5d     0x4  Code  Gb  parseTreeEntry.o [1]
parseTreeEntry::position(nodePosition)
                        0x0000237d     0x4  Code  Gb  parseTreeEntry.o [1]
parseTreeEntry::type() const
                        0x00002489     0x4  Code  Gb  parseTreeEntry.o [1]
parseTreeEntry::type(nodeType)
                        0x00002385     0x4  Code  Gb  parseTreeEntry.o [1]
parseTreeEntry::value() const
                        0x000026b1     0x4  Code  Gb  parseTreeEntry.o [1]
parseTreeEntry::value(int)
                        0x00002381     0x4  Code  Gb  parseTreeEntry.o [1]
parseTreeEntry::~parseTreeEntry()
                        0x00002389     0x2  Code  Gb  interpret.o [1]
postMsg(bool)           0x00000319    0x16  Code  Gb  interpret.o [1]
prvAddCurrentTaskToDelayedList
                        0x00001f25    0x3e  Code  Lc  tasks.o [1]
prvAllocateTCBAndStack  0x00001f71    0x46  Code  Lc  tasks.o [1]
prvCheckTasksWaitingTermination
                        0x00001ebd    0x5c  Code  Lc  tasks.o [1]
prvDeleteTCB            0x00001fef    0x12  Code  Lc  tasks.o [1]
prvHeapInit             0x000032f3    0x2e  Code  Lc  heap_2.o [1]
prvIdleTask             0x00001e09     0x8  Code  Lc  tasks.o [1]
prvInitialiseTCBVariables
                        0x00001e11    0x60  Code  Lc  tasks.o [1]
prvInitialiseTaskLists  0x00001e71    0x46  Code  Lc  tasks.o [1]
prvTaskCheckFreeStackSpace
                        0x00001fb7    0x18  Code  Lc  tasks.o [1]
pui32Stack              0x200049a8   0x400  Data  Lc  startup_ewarm.o [1]
putchar                 0x00004add    0x28  Code  Gb  putchar.o [3]
pvPortMalloc            0x000031ed    0xc2  Code  Gb  heap_2.o [1]
pxCurrentTCB            0x2000494c     0x4  Data  Gb  tasks.o [1]
pxDelayedTaskList       0x20004950     0x4  Data  Lc  tasks.o [1]
pxOverflowDelayedTaskList
                        0x20004954     0x4  Data  Lc  tasks.o [1]
pxPortInitialiseStack   0x00002eed    0x22  Code  Gb  port.o [1]
pxReadyTasksLists       0x200046e8    0x64  Data  Lc  tasks.o [1]
sp                      0x20004948     0x4  Data  Gb  stepper.o [1]
sprintf                 0x000025f5    0x34  Code  Gb  sprintf.o [3]
sscanf                  0x000022fd    0x24  Code  Gb  sscanf.o [3]
stepper::RPM(unsigned int, unsigned int)
                        0x00001851    0x20  Code  Gb  interpret.o [1]
stepper::RPMx10k(unsigned int, unsigned int)
                        0x000025ab    0x14  Code  Gb  interpret.o [1]
stepper::_isAccelerating() const
                        0x00002c19    0x32  Code  Gb  stepper.o [1]
stepper::_isConstantVelocity() const
                        0x00002c91    0x32  Code  Gb  stepper.o [1]
stepper::_isConstantVelocityStart() const
                        0x00002df3    0x16  Code  Gb  stepper.o [1]
stepper::_isDecelerating() const
                        0x00002dc1    0x32  Code  Gb  stepper.o [1]
stepper::_isStartOfDeceleration() const
                        0x00002cc3    0x16  Code  Gb  stepper.o [1]
stepper::_timer() const
                        0x00002e09     0x6  Code  Gb  stepper.o [1]
stepper::_timer(unsigned long)
                        0x00002c75    0x1c  Code  Gb  stepper.o [1]
stepper::_timerStart(bool)
                        0x0000177b    0x4a  Code  Gb  stepper.o [1]
stepper::accelerationTimeMicrosecs(unsigned int)
                        0x00001841    0x10  Code  Gb  interpret.o [1]
stepper::degreesPerMicrostepx10k() const
                        0x00003e9f     0xc  Code  Gb  interpret.o [1]
stepper::degreesPerMicrostepx10k(unsigned int)
                        0x00002eb3    0x10  Code  Gb  stepper.o [1]
stepper::directionPositive(bool)
                        0x00002aed    0x30  Code  Gb  stepper.o [1]
stepper::enable()       0x00002e39    0x14  Code  Gb  stepper.o [1]
stepper::isr()          0x00001677   0x104  Code  Gb  stepper.o [1]
stepper::microstepSet(microsteps)
                        0x000017ed    0x54  Code  Gb  stepper.o [1]
stepper::moveAbsolute(int)
                        0x00001527   0x150  Code  Gb  stepper.o [1]
stepper::moveAbsoluteDegreex10k(unsigned int)
                        0x000025bf    0x18  Code  Gb  interpret.o [1]
stepper::moveRelative(int)
                        0x0000257d    0x14  Code  Gb  interpret.o [1]
stepper::moveRelativeDegreex10k(unsigned int)
                        0x000025d7    0x18  Code  Gb  interpret.o [1]
stepper::state() const  0x000025ef     0x6  Code  Gb  interpret.o [1]
stepper::step()         0x00002bdd    0x3c  Code  Gb  stepper.o [1]
stepper::stepper()      0x000014b9    0x2e  Code  Gb  stepper.o [1]
stepper::~stepper()     0x000075bb    0x16  Code  Gb  interpret.o [1]
stepperISR              0x00001491    0x28  Code  Gb  stepper.o [1]
stepper_init            0x000014e7    0x40  Code  Gb  stepper.o [1]
stmtNestingLevel        0x2000492c     0x4  Data  Lc  interpret.o [1]
stmtPosition            0x20004814    0x20  Data  Lc  interpret.o [1]
stmtType                0x20004834    0x20  Data  Lc  interpret.o [1]
stmtValue               0x20004930     0x4  Data  Lc  interpret.o [1]
strchr                  0x000048c1          Code  Gb  strchr.o [7]
strcmp                  0x00002239          Code  Gb  strcmp.o [7]
stringToNodePosition(char const *)
                        0x0000032f    0x2c  Code  Gb  interpret.o [1]
stringToNodeType(char const *)
                        0x0000035b   0x114  Code  Gb  interpret.o [1]
strlen                  0x00002045          Code  Gb  strlen.o [7]
strstr(char const *, char const *)
                        0x000022ed    0x10  Code  Gb  interpret.o [1]
successMsg()            0x000002e5    0x1a  Code  Gb  interpret.o [1]
symbFcnLink             0x2000493c     0x4  Data  Lc  interpret.o [1]
symbType                0x20004934     0x4  Data  Lc  interpret.o [1]
symbValue               0x20004938     0x4  Data  Lc  interpret.o [1]
symbolTableEntry::dumpEntry()
                        0x000023dd     0x2  Code  Gb  symbolTableEntry.o [1]
symbolTableEntry::fcnLink() const
                        0x00002579     0x4  Code  Gb  symbolTableEntry.o [1]
symbolTableEntry::fcnLink(int)
                        0x000023e7     0x4  Code  Gb  symbolTableEntry.o [1]
symbolTableEntry::operator =(const symbolTableEntry&)
                        0x000023a3    0x3a  Code  Gb  symbolTableEntry.o [1]
symbolTableEntry::symbolTableEntry()
                        0x0000238b     0xe  Code  Gb  symbolTableEntry.o [1]
symbolTableEntry::symbolTableEntry(nodeType, int)
                        0x00002399     0xa  Code  Gb  symbolTableEntry.o [1]
symbolTableEntry::type() const
                        0x00002695     0x4  Code  Gb  symbolTableEntry.o [1]
symbolTableEntry::type(nodeType)
                        0x000023df     0x4  Code  Gb  symbolTableEntry.o [1]
symbolTableEntry::value() const
                        0x000024f3     0x4  Code  Gb  symbolTableEntry.o [1]
symbolTableEntry::value(int)
                        0x000023e3     0x4  Code  Gb  symbolTableEntry.o [1]
symbolTableEntry::~symbolTableEntry()
                        0x000023eb     0x2  Code  Gb  interpret.o [1]
tempBuf                 0x20004854    0x20  Data  Lc  interpret.o [1]
tickCount               0x20004928     0x4  Data  Lc  interpret.o [1]
tinyQueue<int>::empty() const
                        0x00002427    0x16  Code  Gb  interpret.o [1]
tinyQueue<int>::front() const
                        0x000024fd     0xa  Code  Gb  interpret.o [1]
tinyQueue<int>::peekAtIndex(unsigned int) const
                        0x000024ed     0x6  Code  Gb  interpret.o [1]
tinyQueue<int>::pop_front()
                        0x00002657    0x28  Code  Gb  interpret.o [1]
tinyQueue<int>::push_front(int)
                        0x000024b9    0x34  Code  Gb  interpret.o [1]
tinyQueue<int>::size() const
                        0x00003d99    0x10  Code  Gb  interpret.o [1]
tinyQueue<int>::spaceAvail() const
                        0x00003e4f    0x2a  Code  Gb  interpret.o [1]
tinyQueue<int>::stackFrameIndex() const
                        0x00002573     0x6  Code  Gb  interpret.o [1]
tinyQueue<int>::stackFrameIndex(unsigned int)
                        0x000024f7     0x6  Code  Gb  interpret.o [1]
tinyQueue<int>::tinyQueue()
                        0x000023fb     0xe  Code  Gb  interpret.o [1]
tinyQueue<int>::~tinyQueue()
                        0x000075d1     0x2  Code  Gb  interpret.o [1]
tinyQueue<unsigned char>::clear()
                        0x000022df     0xc  Code  Gb  interpret.o [1]
tinyQueue<unsigned char>::getBuffer()
                        0x000022eb     0x2  Code  Gb  interpret.o [1]
tinyQueue<unsigned char>::push(unsigned char)
                        0x00002285    0x30  Code  Gb  interpret.o [1]
tinyQueue<unsigned char>::spaceAvail() const
                        0x000022b5    0x2a  Code  Gb  interpret.o [1]
tinyQueue<unsigned char>::tinyQueue(int)
                        0x0000227b     0xa  Code  Gb  interpret.o [1]
tinyQueue<unsigned char>::~tinyQueue()
                        0x0000274f     0x2  Code  Gb  interpret.o [1]
uDMAChannelAttributeDisable
                        0x000066cd    0x26  Code  Gb  udma.o [5]
uDMAChannelControlSet   0x000066f3    0x18  Code  Gb  udma.o [5]
uDMAChannelDisable      0x000066bd    0x10  Code  Gb  udma.o [5]
uDMAChannelEnable       0x000066ad    0x10  Code  Gb  udma.o [5]
uDMAChannelModeGet      0x00006789    0x28  Code  Gb  udma.o [5]
uDMAChannelTransferSet  0x0000670b    0x7e  Code  Gb  udma.o [5]
uDMAUSBArbSizeSet       0x00006191    0x60  Code  Lc  usbdma.o [9]
uDMAUSBChannelAllocate  0x00006047    0xa6  Code  Lc  usbdma.o [9]
uDMAUSBChannelDisable   0x00005f2f    0x46  Code  Lc  usbdma.o [9]
uDMAUSBChannelEnable    0x00005edd    0x52  Code  Lc  usbdma.o [9]
uDMAUSBChannelIntDisable
                        0x00005f83     0x2  Code  Lc  usbdma.o [9]
uDMAUSBChannelIntEnable
                        0x00005f81     0x2  Code  Lc  usbdma.o [9]
uDMAUSBChannelRelease   0x000060ed    0x5a  Code  Lc  usbdma.o [9]
uDMAUSBChannelStatus    0x00005e51    0x24  Code  Lc  usbdma.o [9]
uDMAUSBIntStatus        0x00005e75    0x2a  Code  Lc  usbdma.o [9]
uDMAUSBTransfer         0x00005f85    0xa6  Code  Lc  usbdma.o [9]
uDMAUSBUnitSizeSet      0x00006147    0x4a  Code  Lc  usbdma.o [9]
ucHeap                  0x200000d0  0x2ee0  Data  Lc  heap_2.o [1]
ucMaxSysCallPriority    0x200049a3     0x1  Data  Lc  port.o [1]
ulMaxPRIGROUPValue      0x20004944     0x4  Data  Lc  port.o [1]
ulPortSetInterruptMask  0x00003133          Code  Gb  portasm.o [1]
uxCriticalNesting       0x200000c8     0x4  Data  Lc  port.o [1]
uxCurrentNumberOfTasks  0x2000495c     0x4  Data  Lc  tasks.o [1]
uxListRemove            0x000030bf    0x2a  Code  Gb  list.o [1]
uxPendedTicks           0x20004970     0x4  Data  Lc  tasks.o [1]
uxSchedulerSuspended    0x2000496c     0x4  Data  Lc  tasks.o [1]
uxTaskGetStackHighWaterMark
                        0x00001fcf    0x20  Code  Gb  tasks.o [1]
uxTaskNumber            0x2000497c     0x4  Data  Lc  tasks.o [1]
uxTasksDeleted          0x20004958     0x4  Data  Lc  tasks.o [1]
uxTopReadyPriority      0x20004964     0x4  Data  Lc  tasks.o [1]
vApplicationStackOverflowHook
                        0x00002219     0x2  Code  Gb  main.o [1]
vApplicationTickHook    0x00002217     0x2  Code  Gb  main.o [1]
vIdleTask               0x00002185    0x28  Code  Lc  main.o [1]
vInterpretTask          0x000021fd    0x1a  Code  Lc  main.o [1]
vListInitialise         0x00003045    0x1e  Code  Gb  list.o [1]
vListInitialiseItem     0x00003063     0x6  Code  Gb  list.o [1]
vListInsert             0x00003083    0x3c  Code  Gb  list.o [1]
vListInsertEnd          0x00003069    0x1a  Code  Gb  list.o [1]
vPortClearInterruptMask
                        0x00003141          Code  Gb  portasm.o [1]
vPortEnableVFP          0x0000316d          Code  Gb  portasm.o [1]
vPortEnterCritical      0x00002fb9    0x1a  Code  Gb  port.o [1]
vPortExitCritical       0x00002fd3    0x1c  Code  Gb  port.o [1]
vPortFree               0x000032af    0x44  Code  Gb  heap_2.o [1]
vPortSVCHandler         0x00003147          Code  Gb  portasm.o [1]
vPortSetupTimerInterrupt
                        0x0000300f    0x10  Code  Wk  port.o [1]
vPortStartFirstTask     0x0000315f          Code  Gb  portasm.o [1]
vPortYield              0x00002fa7    0x12  Code  Gb  port.o [1]
vSetupHighFrequencyTimer
                        0x0000210d    0x38  Code  Gb  main.o [1]
vStartIdleTask          0x0000215f    0x22  Code  Gb  main.o [1]
vStartInterpretTask     0x000021ad    0x24  Code  Gb  main.o [1]
vTaskDelay              0x00001a45    0x3c  Code  Gb  tasks.o [1]
vTaskDelayUntil         0x000019c5    0x80  Code  Gb  tasks.o [1]
vTaskStartScheduler     0x00001a81    0x4c  Code  Gb  tasks.o [1]
vTaskSuspendAll         0x00001acd    0x10  Code  Gb  tasks.o [1]
vTaskSwitchContext      0x00001d41    0xc6  Code  Gb  tasks.o [1]
xDelayedTaskList1       0x200048a4    0x14  Data  Lc  tasks.o [1]
xDelayedTaskList2       0x200048b8    0x14  Data  Lc  tasks.o [1]
xEnd                    0x20004910     0x8  Data  Lc  heap_2.o [1]
xFreeBytesRemaining     0x200000bc     0x4  Data  Lc  heap_2.o [1]
xNextTaskUnblockTime    0x200000cc     0x4  Data  Lc  tasks.o [1]
xNumOfOverflows         0x20004978     0x4  Data  Lc  tasks.o [1]
xPendingReadyList       0x200048cc    0x14  Data  Lc  tasks.o [1]
xPortPendSVHandler      0x000030e9          Code  Gb  portasm.o [1]
xPortStartScheduler     0x00002f0f    0x98  Code  Gb  port.o [1]
xPortSysTickHandler     0x00002fef    0x20  Code  Gb  port.o [1]
xSchedulerRunning       0x20004968     0x4  Data  Lc  tasks.o [1]
xStart                  0x20004908     0x8  Data  Lc  heap_2.o [1]
xSuspendedTaskList      0x200048f4    0x14  Data  Lc  tasks.o [1]
xTaskGenericCreate      0x0000187d   0x148  Code  Gb  tasks.o [1]
xTaskGetTickCount       0x00001bcb    0x16  Code  Gb  tasks.o [1]
xTaskIdleWaitCurrentTime
                        0x20004924     0x4  Data  Lc  interpret.o [1]
xTaskIdleWaitStartTime  0x20004920     0x4  Data  Lc  interpret.o [1]
xTaskIncrementTick      0x00001be1   0x160  Code  Gb  tasks.o [1]
xTaskResumeAll          0x00001add    0xee  Code  Gb  tasks.o [1]
xTaskWakeTime           0x2000491c     0x4  Data  Lc  interpret.o [1]
xTasksWaitingTermination
                        0x200048e0    0x14  Data  Lc  tasks.o [1]
xTickCount              0x20004960     0x4  Data  Lc  tasks.o [1]
xYieldPending           0x20004974     0x4  Data  Lc  tasks.o [1]


[1] = C:\dev\docs\scottdesign\motor\Debug\Obj
[2] = command line
[3] = dl7M_tln.a
[4] = dlpp7M_tl_ne.a
[5] = driverlib.a
[6] = m7M_tlv.a
[7] = rt7M_tl.a
[8] = shb_l.a
[9] = usblib.a

  29 650 bytes of readonly  code memory
   2 042 bytes of readonly  data memory
  20 310 bytes of readwrite data memory

Errors: none
Warnings: none
