###############################################################################
#                                                                             #
# IAR ELF Linker V5.50.0.51878/W32 for ARM              06/Jun/2013  21:56:02 #
# Copyright (C) 2007-2010 IAR Systems AB.                                     #
#                                                                             #
#    Output file  =  C:\dev\docs\scottdesign\motor\Debug\Exe\motor.out        #
#    Map file     =  C:\dev\docs\scottdesign\motor\Debug\List\motor.map       #
#    Command line =  C:\DriverLib\grlib\ewarm\Exe\grlib.a                     #
#                    C:\DriverLib\src\ewarm\Exe\driverlib.a                   #
#                    C:\dev\docs\scottdesign\motor\Debug\Obj\IntQueue.o       #
#                    C:\dev\docs\scottdesign\motor\Debug\Obj\IntQueueTimer.o  #
#                    C:\dev\docs\scottdesign\motor\Debug\Obj\accel.o          #
#                    C:\dev\docs\scottdesign\motor\Debug\Obj\formike128x128x1 #
#                    6.o C:\dev\docs\scottdesign\motor\Debug\Obj\heap_2.o     #
#                    C:\dev\docs\scottdesign\motor\Debug\Obj\interpret.o      #
#                    C:\dev\docs\scottdesign\motor\Debug\Obj\list.o           #
#                    C:\dev\docs\scottdesign\motor\Debug\Obj\main.o           #
#                    C:\dev\docs\scottdesign\motor\Debug\Obj\motor.o          #
#                    C:\dev\docs\scottdesign\motor\Debug\Obj\motor.tab.o      #
#                    C:\dev\docs\scottdesign\motor\Debug\Obj\parseTreeEntry.o #
#                     C:\dev\docs\scottdesign\motor\Debug\Obj\port.o          #
#                    C:\dev\docs\scottdesign\motor\Debug\Obj\portasm.o        #
#                    C:\dev\docs\scottdesign\motor\Debug\Obj\queue.o          #
#                    C:\dev\docs\scottdesign\motor\Debug\Obj\startup_ewarm.o  #
#                    C:\dev\docs\scottdesign\motor\Debug\Obj\stepper.o        #
#                    C:\dev\docs\scottdesign\motor\Debug\Obj\symbolTableEntry #
#                    .o C:\dev\docs\scottdesign\motor\Debug\Obj\tasks.o       #
#                    C:\dev\docs\scottdesign\motor\Debug\Obj\timertest.o      #
#                    --redirect _Printf=_PrintfTiny --redirect                #
#                    _Scanf=_ScanfSmall -o C:\dev\docs\scottdesign\motor\Debu #
#                    g\Exe\motor.out --map C:\dev\docs\scottdesign\motor\Debu #
#                    g\List\motor.map --config "C:\Program Files\IAR          #
#                    Systems\Embedded Workbench 5.4_3\arm\CONFIG\generic_cort #
#                    ex.icf" --semihosting --entry __iar_program_start        #
#                                                                             #
#                                                                             #
###############################################################################

*******************************************************************************
*** PLACEMENT SUMMARY
***

"A1":  place at 0x00000000 { ro section .intvec };
"P1":  place in [from 0x00000000 to 0x0007ffff] { ro };
"P2":  place in [from 0x20000000 to 0x2000ffff] {
          rw, block CSTACK, block HEAP };

  Section             Kind        Address    Size  Object
  -------             ----        -------    ----  ------
"A1":                                       0x100
  .intvec             const    0x00000000   0x100  startup_ewarm.o [1]
                             - 0x00000100   0x100

"P1":                                      0x5dec
  .text               ro code  0x00000100   0xf18  interpret.o [1]
  .text               ro code  0x00001018   0x850  tasks.o [1]
  .text               ro code  0x00001868   0x616  xscanfsmall.o [3]
  .text               ro code  0x00001e80   0x578  stepper.o [1]
  .text               ro code  0x000023f8   0x314  IntQueue.o [1]
  .text               ro code  0x0000270c   0x278  accel.o [1]
  .text               ro code  0x00002984   0x246  DblDiv.o [5]
  .text               ro code  0x00002bcc   0x238  main.o [1]
  .text               ro code  0x00002e04   0x1a2  DblMul.o [5]
  .text               ro code  0x00002fa8   0x17e  DblSub.o [5]
  .text               ro code  0x00003128   0x172  queue.o [1]
  .text               ro code  0x0000329c   0x160  xfexp.o [3]
  .text               ro code  0x000033fc   0x144  heap_2.o [1]
  .text               ro code  0x00003540   0x126  xprintftiny.o [3]
  .text               ro code  0x00003668   0x114  xstoul.o [3]
  .text               ro code  0x0000377c    0xfc  FltDiv.o [5]
  .text               ro code  0x00003878    0xe6  DblAdd.o [5]
  .text               ro code  0x00003960    0xe4  FltSub.o [5]
  .text               ro code  0x00003a44    0xda  gpio.o [4]
  .text               ro code  0x00003b20    0xd8  FltMul.o [5]
  .text               ro code  0x00003bf8    0xc0  port.o [1]
  .text               ro code  0x00003cb8    0xc0  xfdscale.o [3]
  .text               ro code  0x00003d78    0xbc  xxmemxmalloc.o [3]
  .text               ro code  0x00003e34    0xac  fflush.o [3]
  .text               ro code  0x00003ee0    0xa8  motor.o [1]
  .text               ro code  0x00003f88    0xa8  fclose.o [3]
  .text               ro code  0x00004030    0xa8  packbits_init3.o [5]
  .text               ro code  0x000040d8    0xa4  list.o [1]
  .text               ro code  0x0000417c    0xa2  xfwprep.o [3]
  .text               ro code  0x00004220    0x9c  interrupt.o [4]
  .text               ro code  0x000042bc    0x90  timertest.o [1]
  .text               ro code  0x0000434c    0x90  DblToFlt.o [5]
  .text               ro code  0x000043dc    0x8c  FltAdd.o [5]
  CODE                ro code  0x00004468    0x8c  portasm.o [1]
  .text               ro code  0x000044f4    0x88  cppinit.o [3]
  .text               ro code  0x0000457c    0x88  xxmemxfree.o [3]
  .text               ro code  0x00004604    0x88  xsyslock.o [3]
  .text               ro code  0x0000468c    0x84  xreportassert.o [3]
  .text               ro code  0x00004710    0x82  xfdnorm.o [3]
  .text               ro code  0x00004792    0x80  strtol.o [3]
  .text               ro code  0x00004812    0x72  parseTreeEntry.o [1]
  .text               ro code  0x00004884    0x70  ABImemcpy.o [5]
  .text               ro code  0x000048f4    0x6e  symbolTableEntry.o [1]
  .text               ro code  0x00004964    0x6c  strncpy.o [5]
  .text               ro code  0x000049d0    0x68  iarttio.o [6]
  .text               ro code  0x00004a38    0x68  expf.o [3]
  .text               ro code  0x00004aa0    0x66  timer.o [4]
  .text               ro code  0x00004b08    0x66  ABImemset.o [5]
  .text               ro code  0x00004b70    0x62  memcmp.o [5]
  .text               ro code  0x00004bd4    0x58  memchr.o [5]
  .rodata             const    0x00004c2c    0x50  xstoul.o [3]
  .text               ro code  0x00004c7c    0x50  xencoding_sb.o [3]
  .text               ro code  0x00004ccc    0x50  fputc.o [3]
  .text               ro code  0x00004d1c    0x4e  FltToDbl.o [5]
  .text               ro code  0x00004d6c    0x48  interpret.o [1]
  .text               ro code  0x00004db4    0x48  MtxWrapper.o [3]
  .text               ro code  0x00004dfc    0x48  xassert.o [3]
  .text               ro code  0x00004e44    0x44  FltToS32.o [5]
  .text               ro code  0x00004e88    0x42  strcmp.o [5]
  .rodata             const    0x00004ecc    0x40  interrupt.o [4]
  .text               ro code  0x00004f0c    0x3c  interpret.o [1]
  .text               ro code  0x00004f48    0x3c  stepper.o [1]
  .text               ro code  0x00004f84    0x38  IntQueueTimer.o [1]
  .text               ro code  0x00004fbc    0x38  xwctob.o [3]
  .text               ro code  0x00004ff4    0x36  strlen.o [5]
  .text               ro code  0x0000502a    0x34  interpret.o [1]
  .rodata             const    0x00005060    0x30  interpret.o [1]
  .rodata             const    0x00005090    0x30  xreportassert.o [3]
  .text               ro code  0x000050c0    0x30  I32ToFlt.o [5]
  .text               ro code  0x000050f0    0x30  sprintf.o [3]
  .text               ro code  0x00005120    0x30  interpret.o [1]
  .text               ro code  0x00005150    0x30  stepper.o [1]
  .text               ro code  0x00005180    0x30  stepper.o [1]
  .text               ro code  0x000051b0    0x30  strstr.o [3]
  .text               ro code  0x000051e0    0x2e  I32ToDbl.o [5]
  .text               ro code  0x0000520e    0x2e  stepper.o [1]
  .rodata             const    0x0000523c    0x2c  interpret.o [1]
  .rodata             const    0x00005268    0x2c  interpret.o [1]
  .text               ro code  0x00005294    0x2c  data_init3.o [5]
  .text               ro code  0x000052c0    0x2a  interpret.o [1]
  .text               ro code  0x000052ea    0x2a  interpret.o [1]
  .text               ro code  0x00005314    0x2a  stepper.o [1]
  .text               ro code  0x0000533e    0x2a  stepper.o [1]
  .text               ro code  0x00005368    0x28  xgetmemchunk.o [3]
  .text               ro code  0x00005390    0x28  setlocale.o [3]
  .text               ro code  0x000053b8    0x28  xcloseall.o [3]
  .text               ro code  0x000053e0    0x28  interpret.o [1]
  .text               ro code  0x00005408    0x26  sysctl.o [4]
  .text               ro code  0x0000542e    0x26  accel.o [1]
  .text               ro code  0x00005454    0x26  motor.o [1]
  .text               ro code  0x0000547c    0x24  FltToU32.o [5]
  .text               ro code  0x000054a0    0x24  FltCmpLe.o [5]
  .text               ro code  0x000054c4    0x24  FltCmpGe.o [5]
  .text               ro code  0x000054e8    0x24  targetabi.o [3]
  .text               ro code  0x0000550c    0x24  zero_init3.o [5]
  .text               ro code  0x00005530    0x22  accel.o [1]
  .text               ro code  0x00005552    0x22  motor.o [1]
  .text               ro code  0x00005574    0x22  iarwrite.o [6]
  .iar.init_table     const    0x00005598    0x30  - Linker created -
  .rodata             const    0x000055c8    0x20  interpret.o [1]
  .rodata             const    0x000055e8    0x20  interpret.o [1]
  .text               ro code  0x00005608    0x20  sscanf.o [3]
  .text               ro code  0x00005628    0x20  cmain_call_ctors.o [5]
  .text               ro code  0x00005648    0x20  targetabi.o [3]
  .text               ro code  0x00005668    0x20  xsscin.o [3]
  .text               ro code  0x00005688    0x20  xmbtowc.o [3]
  .text               ro code  0x000056a8    0x20  iarwstd.o [6]
  .text               ro code  0x000056c8    0x1e  interpret.o [1]
  .text               ro code  0x000056e6    0x1e  dwrite.o [6]
  .rodata             const    0x00005704    0x1c  interpret.o [1]
  .text               ro code  0x00005720    0x1c  interpret.o [1]
  .text               ro code  0x0000573c    0x1c  interpret.o [1]
  .text               ro code  0x00005758    0x1c  motor.o [1]
  .text               ro code  0x00005774    0x1c  stepper.o [1]
  .text               ro code  0x00005790    0x1c  FltCmpEq.o [5]
  .text               ro code  0x000057ac    0x1c  interpret.o [1]
  .text               ro code  0x000057c8    0x1a  interpret.o [1]
  .text               ro code  0x000057e2    0x1a  xwctomb.o [3]
  .text               ro code  0x000057fc    0x1a  close.o [6]
  .rodata             const    0x00005818    0x18  xscanfsmall.o [3]
  .text               ro code  0x00005830    0x18  accel.o [1]
  .text               ro code  0x00005848    0x18  accel.o [1]
  .text               ro code  0x00005860    0x18  stepper.o [1]
  .text               ro code  0x00005878    0x16  cmain.o [5]
  .text               ro code  0x00005890    0x16  strchr.o [5]
  .text               ro code  0x000058a6    0x16  IntQueue.o [1]
  .text               ro code  0x000058bc    0x16  interpret.o [1]
  .text               ro code  0x000058d2    0x16  interpret.o [1]
  .text               ro code  0x000058e8    0x16  stepper.o [1]
  .text               ro code  0x000058fe    0x16  remove.o [6]
  .rodata             const    0x00005914    0x14  tasks.o [1]
  .text               ro code  0x00005928    0x14  errno.o [3]
  .text               ro code  0x0000593c    0x14  exit.o [6]
  CODE                ro code  0x00005950    0x14  cpu.o [4]
  .text               ro code  0x00005964    0x14  interpret.o [1]
  .text               ro code  0x00005978    0x14  interpret.o [1]
  .text               ro code  0x0000598c    0x14  interpret.o [1]
  .text               ro code  0x000059a0    0x14  motor.o [1]
  .text               ro code  0x000059b4    0x14  isxxx.o [3]
  .text               ro code  0x000059c8    0x14  tolower.o [3]
  .text               ro code  0x000059dc    0x14  xlocale_c.o [3]
  .text               ro code  0x000059f0    0x12  uart.o [4]
  .text               ro code  0x00005a04    0x12  cexit.o [5]
  .text               ro code  0x00005a16    0x12  interpret.o [1]
  .text               ro code  0x00005a28    0x12  stepper.o [1]
  .text               ro code  0x00005a3a    0x12  stepper.o [1]
  .rodata             const    0x00005a4c    0x10  interpret.o [1]
  .rodata             const    0x00005a5c    0x10  interpret.o [1]
  .text               ro code  0x00005a6c    0x10  interpret.o [1]
  .text               ro code  0x00005a7c    0x10  interpret.o [1]
  .text               ro code  0x00005a8c    0x10  interpret.o [1]
  .text               ro code  0x00005a9c    0x10  interpret.o [1]
  .text               ro code  0x00005aac    0x10  motor.o [1]
  .text               ro code  0x00005abc    0x10  motor.o [1]
  .text               ro code  0x00005acc    0x10  write.o [6]
  .text               ro code  0x00005adc     0xe  interpret.o [1]
  .text               ro code  0x00005aea     0xe  interpret.o [1]
  .text               ro code  0x00005af8     0xe  interpret.o [1]
  .text               ro code  0x00005b06     0xe  interpret.o [1]
  .text               ro code  0x00005b14     0xe  interpret.o [1]
  .text               ro code  0x00005b22     0xe  interpret.o [1]
  .text               ro code  0x00005b30     0xe  interpret.o [1]
  .text               ro code  0x00005b3e     0xe  interpret.o [1]
  .text               ro code  0x00005b4c     0xe  interpret.o [1]
  .text               ro code  0x00005b5a     0xe  interpret.o [1]
  .rodata             const    0x00005b68     0xc  interpret.o [1]
  .rodata             const    0x00005b74     0xc  interpret.o [1]
  .rodata             const    0x00005b80     0xc  interpret.o [1]
  .rodata             const    0x00005b8c     0xc  interpret.o [1]
  .rodata             const    0x00005b98     0xc  interpret.o [1]
  .rodata             const    0x00005ba4     0xc  interpret.o [1]
  .rodata             const    0x00005bb0     0xc  interpret.o [1]
  .rodata             const    0x00005bbc     0xc  interpret.o [1]
  .rodata             const    0x00005bc8     0xc  stepper.o [1]
  .rodata             const    0x00005bd4     0xc  sysctl.o [4]
  .text               ro code  0x00005be0     0xc  interpret.o [1]
  .text               ro code  0x00005bec     0xc  motor.o [1]
  .text               ro code  0x00005bf8     0xc  accel.o [1]
  .text               ro code  0x00005c04     0xc  interpret.o [1]
  .text               ro code  0x00005c10     0xc  interpret.o [1]
  .text               ro code  0x00005c1c     0xc  interpret.o [1]
  .text               ro code  0x00005c28     0xc  motor.o [1]
  .text               ro code  0x00005c34     0xc  cstartup_M.o [5]
  .text               ro code  0x00005c40     0xc  xlocale_c.o [3]
  .text               ro code  0x00005c4c     0xa  accel.o [1]
  .text               ro code  0x00005c56     0xa  interpret.o [1]
  .text               ro code  0x00005c60     0xa  interpret.o [1]
  .text               ro code  0x00005c6a     0xa  interpret.o [1]
  .text               ro code  0x00005c74     0xa  targetabi.o [3]
  .text               ro code  0x00005c7e     0xa  xsprout.o [3]
  .rodata             const    0x00005c88     0x8  interpret.o [1]
  .rodata             const    0x00005c90     0x8  interpret.o [1]
  .rodata             const    0x00005c98     0x8  interpret.o [1]
  .rodata             const    0x00005ca0     0x8  interpret.o [1]
  .rodata             const    0x00005ca8     0x8  interpret.o [1]
  .rodata             const    0x00005cb0     0x8  interpret.o [1]
  .rodata             const    0x00005cb8     0x8  interpret.o [1]
  .rodata             const    0x00005cc0     0x8  interpret.o [1]
  .rodata             const    0x00005cc8     0x8  interpret.o [1]
  .rodata             const    0x00005cd0     0x8  interpret.o [1]
  .rodata             const    0x00005cd8     0x8  interpret.o [1]
  .rodata             const    0x00005ce0     0x8  interpret.o [1]
  .rodata             const    0x00005ce8     0x8  interpret.o [1]
  .rodata             const    0x00005cf0     0x8  main.o [1]
  .rodata             const    0x00005cf8     0x8  main.o [1]
  .rodata             const    0x00005d00     0x8  main.o [1]
  .rodata             const    0x00005d08     0x8  stepper.o [1]
  .rodata             const    0x00005d10     0x8  stepper.o [1]
  .rodata             const    0x00005d18     0x8  stepper.o [1]
  .rodata             const    0x00005d20     0x8  stepper.o [1]
  .rodata             const    0x00005d28     0x8  stepper.o [1]
  .rodata             const    0x00005d30     0x8  stepper.o [1]
  .rodata             const    0x00005d38     0x8  stepper.o [1]
  .rodata             const    0x00005d40     0x8  stepper.o [1]
  .rodata             const    0x00005d48     0x8  stepper.o [1]
  .rodata             const    0x00005d50     0x8  stepper.o [1]
  .rodata             const    0x00005d58     0x8  stepper.o [1]
  .rodata             const    0x00005d60     0x8  stepper.o [1]
  .rodata             const    0x00005d68     0x8  stepper.o [1]
  .rodata             const    0x00005d70     0x8  tasks.o [1]
  .rodata             const    0x00005d78     0x8  xscanfsmall.o [3]
  .rodata             const    0x00005d80     0x8  xwctob.o [3]
  .rodata             const    0x00005d88     0x8  xencoding_sb.o [3]
  .rodata             const    0x00005d90     0x8  xencoding_sb.o [3]
  .text               ro code  0x00005d98     0x8  XShttio.o [3]
  .text               ro code  0x00005da0     0x8  abort.o [3]
  .text               ro code  0x00005da8     0x6  accel.o [1]
  .text               ro code  0x00005dae     0x6  accel.o [1]
  .text               ro code  0x00005db4     0x6  interpret.o [1]
  .text               ro code  0x00005dba     0x6  interpret.o [1]
  .text               ro code  0x00005dc0     0x6  interpret.o [1]
  .text               ro code  0x00005dc6     0x6  motor.o [1]
  .text               ro code  0x00005dcc     0x6  motor.o [1]
  .text               ro code  0x00005dd2     0x6  motor.o [1]
  .text               ro code  0x00005dd8     0x6  motor.o [1]
  .text               ro code  0x00005dde     0x6  startup_ewarm.o [1]
  .text               ro code  0x00005de4     0x6  stepper.o [1]
  .text               ro code  0x00005dea     0x6  stepper.o [1]
  .text               ro code  0x00005df0     0x6  stepper.o [1]
  .text               ro code  0x00005df6     0x6  exit.o [3]
  .rodata             const    0x00005dfc     0x4  iarttio.o [6]
  SHT$$PREINIT_ARRAY           0x00005e00     0x0  <Block>
  SHT$$INIT_ARRAY              0x00005e00     0x4  <Block>
    .difunct          const    0x00005e00     0x4  interpret.o [1]
  .text               ro code  0x00005e04     0x4  interpret.o [1]
  .text               ro code  0x00005e08     0x4  interpret.o [1]
  .text               ro code  0x00005e0c     0x4  interpret.o [1]
  .text               ro code  0x00005e10     0x4  interpret.o [1]
  .text               ro code  0x00005e14     0x4  interpret.o [1]
  .text               ro code  0x00005e18     0x4  interpret.o [1]
  .text               ro code  0x00005e1c     0x4  interpret.o [1]
  .text               ro code  0x00005e20     0x4  interpret.o [1]
  .text               ro code  0x00005e24     0x4  interpret.o [1]
  .text               ro code  0x00005e28     0x4  interpret.o [1]
  .text               ro code  0x00005e2c     0x4  interpret.o [1]
  .text               ro code  0x00005e30     0x4  interpret.o [1]
  .text               ro code  0x00005e34     0x4  interpret.o [1]
  .text               ro code  0x00005e38     0x4  parseTreeEntry.o [1]
  .text               ro code  0x00005e3c     0x4  low_level_init.o [3]
  .rodata             const    0x00005e40     0x2  heap_2.o [1]
  .text               ro code  0x00005e42     0x2  interpret.o [1]
  .text               ro code  0x00005e44     0x2  interpret.o [1]
  .text               ro code  0x00005e46     0x2  interpret.o [1]
  .text               ro code  0x00005e48     0x2  interpret.o [1]
  .text               ro code  0x00005e4a     0x2  interpret.o [1]
  .text               ro code  0x00005e4c     0x2  interpret.o [1]
  .rodata             const    0x00005e4e     0x1  setlocale.o [3]
  Initializer bytes   ro data  0x00005e4f    0x9d  <for P2 s0>
                             - 0x00005eec  0x5dec

"P2", part 1 of 3:                         0x49a4
  .noinit             uninit   0x20000000  0x4000  startup_ewarm.o [1]
  HEAP                         0x20004000   0x800  <Block>
    HEAP              uninit   0x20004000   0x800  <Block tail>
  .iar.dynexit                 0x20004800   0x1a4  <Block>
    .iar.dynexit      uninit   0x20004800     0xc  cppinit.o [3]
    .iar.dynexit      uninit   0x2000480c   0x198  <Block tail>
                             - 0x200049a4  0x49a4

"P2", part 2 of 3:                          0x184
  P2 s0                        0x200049a4   0x184  <Init block>
    .data             inited   0x200049a4    0x80  setlocale.o [3]
    .data             inited   0x20004a24    0x40  xfiles.o [3]
    .data             inited   0x20004a64    0x40  xfiles.o [3]
    .data             inited   0x20004aa4    0x40  xfiles.o [3]
    .data             inited   0x20004ae4    0x20  xfiles.o [3]
    .data             inited   0x20004b04     0x8  XShttio.o [3]
    .data             inited   0x20004b0c     0x4  IntQueue.o [1]
    .data             inited   0x20004b10     0x4  heap_2.o [1]
    .data             inited   0x20004b14     0x4  interpret.o [1]
    .data             inited   0x20004b18     0x4  interpret.o [1]
    .data             inited   0x20004b1c     0x4  port.o [1]
    .data             inited   0x20004b20     0x4  tasks.o [1]
    .data             inited   0x20004b24     0x4  tasks.o [1]
                             - 0x20004b28   0x184

"P2", part 3 of 3:                         0x77b4
  .bss                zero     0x20004b28  0x5dc0  heap_2.o [1]
  .bss                zero     0x2000a8e8  0x14c0  interpret.o [1]
  .bss                zero     0x2000bda8   0x108  interpret.o [1]
  .bss                zero     0x2000beb0    0xc8  IntQueue.o [1]
  .bss                zero     0x2000bf78    0xc8  IntQueue.o [1]
  .bss                zero     0x2000c040    0x64  tasks.o [1]
  .bss                zero     0x2000c0a4    0x50  xfiles.o [3]
  .bss                zero     0x2000c0f4    0x50  xfiles.o [3]
  .bss                zero     0x2000c144    0x20  interpret.o [1]
  .bss                zero     0x2000c164    0x20  interpret.o [1]
  .bss                zero     0x2000c184    0x14  tasks.o [1]
  .bss                zero     0x2000c198    0x14  tasks.o [1]
  .bss                zero     0x2000c1ac    0x14  tasks.o [1]
  .bss                zero     0x2000c1c0    0x14  tasks.o [1]
  .bss                zero     0x2000c1d4    0x14  tasks.o [1]
  .bss                zero     0x2000c1e8    0x14  xsyslock.o [3]
  .bss                zero     0x2000c1fc     0x8  heap_2.o [1]
  .bss                zero     0x2000c204     0x8  heap_2.o [1]
  .bss                zero     0x2000c20c     0x8  errno.o [3]
  .bss                zero     0x2000c214     0x8  xxmemxmalloc.o [3]
  .bss                zero     0x2000c21c     0x4  IntQueue.o [1]
  .bss                zero     0x2000c220     0x4  IntQueue.o [1]
  .bss                zero     0x2000c224     0x4  IntQueue.o [1]
  .bss                zero     0x2000c228     0x4  IntQueue.o [1]
  .bss                zero     0x2000c22c     0x4  IntQueue.o [1]
  .bss                zero     0x2000c230     0x4  IntQueue.o [1]
  .bss                zero     0x2000c234     0x4  IntQueue.o [1]
  .bss                zero     0x2000c238     0x4  heap_2.o [1]
  .bss                zero     0x2000c23c     0x4  interpret.o [1]
  .bss                zero     0x2000c240     0x4  interpret.o [1]
  .bss                zero     0x2000c244     0x4  interpret.o [1]
  .bss                zero     0x2000c248     0x4  interpret.o [1]
  .bss                zero     0x2000c24c     0x4  interpret.o [1]
  .bss                zero     0x2000c250     0x4  motor.o [1]
  .bss                zero     0x2000c254     0x4  motor.tab.o [1]
  .bss                zero     0x2000c258     0x4  motor.tab.o [1]
  .bss                zero     0x2000c25c     0x4  motor.tab.o [1]
  .bss                zero     0x2000c260     0x4  motor.tab.o [1]
  .bss                zero     0x2000c264     0x4  motor.tab.o [1]
  .bss                zero     0x2000c268     0x4  motor.tab.o [1]
  .bss                zero     0x2000c26c     0x4  motor.tab.o [1]
  .bss                zero     0x2000c270     0x4  tasks.o [1]
  .bss                zero     0x2000c274     0x4  tasks.o [1]
  .bss                zero     0x2000c278     0x4  tasks.o [1]
  .bss                zero     0x2000c27c     0x4  tasks.o [1]
  .bss                zero     0x2000c280     0x4  tasks.o [1]
  .bss                zero     0x2000c284     0x4  tasks.o [1]
  .bss                zero     0x2000c288     0x4  tasks.o [1]
  .bss                zero     0x2000c28c     0x4  tasks.o [1]
  .bss                zero     0x2000c290     0x4  tasks.o [1]
  .bss                zero     0x2000c294     0x4  tasks.o [1]
  .bss                zero     0x2000c298     0x4  tasks.o [1]
  .bss                zero     0x2000c29c     0x4  tasks.o [1]
  .bss                zero     0x2000c2a0     0x4  tasks.o [1]
  .bss                zero     0x2000c2a4     0x4  tasks.o [1]
  .bss                zero     0x2000c2a8     0x4  tasks.o [1]
  .bss                zero     0x2000c2ac     0x4  tasks.o [1]
  .bss                zero     0x2000c2b0     0x4  tasks.o [1]
  .bss                zero     0x2000c2b4     0x4  timertest.o [1]
  .bss                zero     0x2000c2b8     0x4  cppinit.o [3]
  .bss                zero     0x2000c2bc     0x4  cppinit.o [3]
  .bss                zero     0x2000c2c0     0x4  MtxWrapper.o [3]
  .bss                zero     0x2000c2c4     0x4  MtxWrapper.o [3]
  .bss                zero     0x2000c2c8     0x4  MtxWrapper.o [3]
  .bss                zero     0x2000c2cc     0x4  MtxWrapper.o [3]
  .bss                zero     0x2000c2d0     0x4  xgetmemchunk.o [3]
  .bss                zero     0x2000c2d4     0x1  interpret.o [1]
  .bss                zero     0x2000c2d5     0x1  interpret.o [1]
  .bss                zero     0x2000c2d6     0x1  interpret.o [1]
  .bss                zero     0x2000c2d7     0x1  interpret.o [1]
  .bss                zero     0x2000c2d8     0x1  motor.tab.o [1]
                             - 0x2000c2d9  0x77b1


*******************************************************************************
*** INIT TABLE
***

          Address     Size
          -------     ----
Zero (__iar_zero_init3)
    1 destination range, total size 0x77b1:
          0x20004b28  0x77b1

Copy/packbits (__iar_packbits_init3)
    1 source range, total size 0x9d (40% of destination):
          0x00005e4f    0x9d
    1 destination range, total size 0x184:
          0x200049a4   0x184

Extra (__iar_cstart_call_ctors)


*******************************************************************************
*** MODULE SUMMARY
***

    Module              ro code  ro data  rw data
    ------              -------  -------  -------
C:\dev\docs\scottdesign\motor\Debug\Obj: [1]
    IntQueue.o              810        2      432
    IntQueueTimer.o          56
    accel.o                 786
    heap_2.o                324        3   24 024
    interpret.o           4 846      468    5 672
    list.o                  164
    main.o                  568       24
    motor.o                 368                 4
    motor.tab.o                                29
    parseTreeEntry.o        118
    port.o                  192        1        4
    portasm.o               140
    queue.o                 370
    startup_ewarm.o           6      256   16 384
    stepper.o             1 814      116
    symbolTableEntry.o      110
    tasks.o               2 128       32      276
    timertest.o             144                 4
    ---------------------------------------------
    Total:               12 944      902   46 829

command line: [2]
    ---------------------------------------------
    Total:

dl7M_tl_if.a: [3]
    MtxWrapper.o             72                16
    XShttio.o                 8        3        8
    abort.o                   8
    cppinit.o               136                20
    errno.o                  20                 8
    exit.o                    6
    expf.o                  104
    fclose.o                168
    fflush.o                172
    fputc.o                  80
    isxxx.o                  20
    low_level_init.o          4
    setlocale.o              40       52      128
    sprintf.o                48
    sscanf.o                 32
    strstr.o                 48
    strtol.o                128
    targetabi.o              78
    tolower.o                20
    xassert.o                72
    xcloseall.o              40
    xencoding_sb.o           80       16
    xfdnorm.o               130
    xfdscale.o              192
    xfexp.o                 352
    xfiles.o                          91      384
    xfwprep.o               162
    xgetmemchunk.o           40                 4
    xlocale_c.o              32
    xmbtowc.o                32
    xprintftiny.o           294
    xreportassert.o         132       48
    xscanfsmall.o         1 558       32
    xsprout.o                10
    xsscin.o                 32
    xstoul.o                276       80
    xsyslock.o              136                20
    xwctob.o                 56        8
    xwctomb.o                26
    xxmemxfree.o            136
    xxmemxmalloc.o          188                 8
    ---------------------------------------------
    Total:                5 168      330      596

driverlib.a: [4]
    cpu.o                    20
    gpio.o                  218
    interrupt.o             156       64
    sysctl.o                 38       12
    timer.o                 102
    uart.o                   18
    ---------------------------------------------
    Total:                  552       76

rt7M_tl.a: [5]
    ABImemcpy.o             112
    ABImemset.o             102
    DblAdd.o                230
    DblDiv.o                582
    DblMul.o                418
    DblSub.o                382
    DblToFlt.o              144
    FltAdd.o                140
    FltCmpEq.o               28
    FltCmpGe.o               36
    FltCmpLe.o               36
    FltDiv.o                252
    FltMul.o                216
    FltSub.o                228
    FltToDbl.o               78
    FltToS32.o               68
    FltToU32.o               36
    I32ToDbl.o               46
    I32ToFlt.o               48
    cexit.o                  18
    cmain.o                  22
    cmain_call_ctors.o       32
    cstartup_M.o             12
    data_init3.o             44
    memchr.o                 88
    memcmp.o                 98
    packbits_init3.o        168
    strchr.o                 22
    strcmp.o                 66
    strlen.o                 54
    strncpy.o               108
    zero_init3.o             36
    ---------------------------------------------
    Total:                3 950

shb_l.a: [6]
    close.o                  26
    dwrite.o                 30
    exit.o                   20
    iarttio.o               104        4
    iarwrite.o               34
    iarwstd.o                32
    remove.o                 22
    write.o                  16
    ---------------------------------------------
    Total:                  284        4

    Gaps                     34        8
    Linker created                    48    2 456
-------------------------------------------------
    Grand Total:         22 932    1 368   49 881


*******************************************************************************
*** ENTRY LIST
***

Entry                      Address    Size  Type      Object
-----                      -------    ----  ----      ------
.iar.dynexit$$Base      0x20004800           --   Gb  - Linker created -
.iar.dynexit$$Limit     0x200049a4           --   Gb  - Linker created -
CPUcpsid                0x00005951          Code  Gb  cpu.o [4]
CPUcpsie                0x00005959          Code  Gb  cpu.o [4]
CPUwfi                  0x00005961          Code  Gb  cpu.o [4]
DtorRecArray            0x20004800     0xc  Data  Lc  cppinit.o [3]
FaultISR                0x00005de1     0x2  Code  Lc  startup_ewarm.o [1]
GPIODirModeSet          0x00003a45    0x2c  Code  Gb  gpio.o [4]
GPIOPadConfigSet        0x00003a71    0xa8  Code  Gb  gpio.o [4]
GPIOPinWrite            0x00003b19     0x6  Code  Gb  gpio.o [4]
HEAP$$Base              0x20004000           --   Gb  - Linker created -
HEAP$$Limit             0x20004800           --   Gb  - Linker created -
IntDefaultHandler       0x00005de3     0x2  Code  Lc  startup_ewarm.o [1]
IntEnable               0x00004255    0x4c  Code  Gb  interrupt.o [4]
IntMasterEnable         0x00004221     0xa  Code  Gb  interrupt.o [4]
IntPrioritySet          0x0000422b    0x24  Code  Gb  interrupt.o [4]
LEDOff                  0x00002c55     0xe  Code  Gb  main.o [1]
LEDOn                   0x00002c47     0xe  Code  Gb  main.o [1]
NmiSR                   0x00005ddf     0x2  Code  Lc  startup_ewarm.o [1]
Region$$Table$$Base     0x00005598           --   Gb  - Linker created -
Region$$Table$$Limit    0x000055c8           --   Gb  - Linker created -
SHT$$INIT_ARRAY$$Base   0x00005e00           --   Gb  - Linker created -
SHT$$INIT_ARRAY$$Limit  0x00005e04           --   Gb  - Linker created -
SHT$$PREINIT_ARRAY$$Base
                        0x00005e00           --   Gb  - Linker created -
SHT$$PREINIT_ARRAY$$Limit
                        0x00005e00           --   Gb  - Linker created -
SysCtlPeripheralEnable  0x00005409     0x6  Code  Gb  sysctl.o [4]
Timer0IntHandler        0x00004327    0x10  Code  Gb  timertest.o [1]
TimerConfigure          0x00004ac9    0x24  Code  Gb  timer.o [4]
TimerDisable            0x00004ab5     0xc  Code  Gb  timer.o [4]
TimerEnable             0x00004aa1     0xc  Code  Gb  timer.o [4]
TimerIntClear           0x00004b03     0x4  Code  Gb  timer.o [4]
TimerIntEnable          0x00004afd     0x6  Code  Gb  timer.o [4]
TimerLoadSet            0x00004aed    0x10  Code  Gb  timer.o [4]
UARTCharsAvail          0x000059f1     0x8  Code  Gb  uart.o [4]
UARTIntHandler          0x00002bcd    0x3e  Code  Gb  main.o [1]
UARTSend                0x00002c0b    0x20  Code  Gb  main.o [1]
_Close_all              0x000053b9    0x28  Code  Gb  xcloseall.o [3]
_EncodingSb_Mbtowc      0x00004c97    0x2e  Code  Gb  xencoding_sb.o [3]
_EncodingSb_Wctomb      0x00004c7d    0x1a  Code  Gb  xencoding_sb.o [3]
_Files                  0x20004ae4    0x20  Data  Gb  xfiles.o [3]
_Fwprep                 0x0000417d    0xa2  Code  Gb  xfwprep.o [3]
_GetintSmall            0x00001c49   0x236  Code  Lc  xscanfsmall.o [3]
_GetstrSmall            0x00001a99   0x1a6  Code  Lc  xscanfsmall.o [3]
_IsdstStr               0x200049c8     0x4  Data  Gb  setlocale.o [3]
_LocaleC_isspace        0x000059dd    0x14  Code  Gb  xlocale_c.o [3]
_LocaleC_tolower        0x00005c41     0xc  Code  Gb  xlocale_c.o [3]
_LocaleEncoding         0x000053a5    0x10  Code  Gb  setlocale.o [3]
_LocaleForCat           0x00005391    0x14  Code  Gb  setlocale.o [3]
_LocaleReturnString     0x200049d4    0x50  Data  Lc  setlocale.o [3]
_Locale_Profile         0x200049a4    0x1c  Data  Gb  setlocale.o [3]
_Mbtowc                 0x00005689    0x20  Code  Gb  xmbtowc.o [3]
_PrintfTiny             0x00003541   0x126  Code  Gb  xprintftiny.o [3]
_SProut                 0x00005c7f     0xa  Code  Gb  xsprout.o [3]
_SScin                  0x00005669    0x20  Code  Gb  xsscin.o [3]
_ScanfSmall             0x00001869   0x230  Code  Gb  xscanfsmall.o [3]
_TzoneStr               0x200049c0     0x4  Data  Gb  setlocale.o [3]
_Wctomb                 0x000057e3    0x1a  Code  Gb  xwctomb.o [3]
__aeabi_assert          0x00004dff    0x46  Code  Gb  xassert.o [3]
__aeabi_atexit          0x00005c75     0xa  Code  Gb  targetabi.o [3]
__aeabi_cfcmpeq         0x00005791          Code  Gb  FltCmpEq.o [5]
__aeabi_cfcmple         0x000054a1          Code  Gb  FltCmpLe.o [5]
__aeabi_cfrcmple        0x000054c5          Code  Gb  FltCmpGe.o [5]
__aeabi_d2f             0x0000434d          Code  Gb  DblToFlt.o [5]
__aeabi_dadd            0x00003879          Code  Gb  DblAdd.o [5]
__aeabi_ddiv            0x00002985          Code  Gb  DblDiv.o [5]
__aeabi_dmul            0x00002e05          Code  Gb  DblMul.o [5]
__aeabi_dsub            0x00002fa9          Code  Gb  DblSub.o [5]
__aeabi_errno_addr      0x00005929    0x14  Code  Gb  errno.o [3]
__aeabi_f2d             0x00004d1d          Code  Gb  FltToDbl.o [5]
__aeabi_f2iz            0x00004e45          Code  Gb  FltToS32.o [5]
__aeabi_f2uiz           0x0000547d          Code  Gb  FltToU32.o [5]
__aeabi_fadd            0x000043dd          Code  Gb  FltAdd.o [5]
__aeabi_fdiv            0x0000377d          Code  Gb  FltDiv.o [5]
__aeabi_fmul            0x00003b21          Code  Gb  FltMul.o [5]
__aeabi_fsub            0x00003961          Code  Gb  FltSub.o [5]
__aeabi_i2d             0x000051e1          Code  Gb  I32ToDbl.o [5]
__aeabi_i2f             0x000050c1          Code  Gb  I32ToFlt.o [5]
__aeabi_memcpy          0x00004885          Code  Gb  ABImemcpy.o [5]
__aeabi_memcpy4         0x0000489f          Code  Gb  ABImemcpy.o [5]
__aeabi_memcpy8         0x0000489f          Code  Gb  ABImemcpy.o [5]
__aeabi_memset          0x00004b09          Code  Gb  ABImemset.o [5]
__aeabi_ui2d            0x000051f5          Code  Gb  I32ToDbl.o [5]
__aeabi_ui2f            0x000050d5          Code  Gb  I32ToFlt.o [5]
__aeabi_vec_ctor_nocookie_nodtor
                        0x000054e9    0x24  Code  Gb  targetabi.o [3]
__aeabi_vec_dtor        0x00005649    0x20  Code  Gb  targetabi.o [3]
__call_ctors            0x000044f5    0x18  Code  Gb  cppinit.o [3]
__call_dtors            0x00004539     0x2  Code  Gb  cppinit.o [3]
__close                 0x000057fd    0x1a  Code  Gb  close.o [6]
__cmain                 0x00005879          Code  Gb  cmain.o [5]
__cstart_call_dtors     0x00005a07          Code  Gb  cexit.o [5]
__cstart_closeall       0x00005a0b          Code  Gb  cexit.o [5]
__cxa_atexit            0x0000450d    0x2c  Code  Gb  cppinit.o [3]
__cxa_finalize          0x0000453b    0x36  Code  Gb  cppinit.o [3]
__data_Aldata           0x2000c214     0x8  Data  Gb  xxmemxmalloc.o [3]
__data_GetMemChunk      0x00005369    0x28  Code  Gb  xgetmemchunk.o [3]
__dso_handle            0x2000c2bc     0x4  Data  Gb  cppinit.o [3]
__dwrite                0x000056e7    0x1e  Code  Gb  dwrite.o [6]
__exit                  0x0000593d    0x14  Code  Gb  exit.o [6]
__iar_EmptyStepPoint    0x00004dfd     0x2  Code  Gb  xassert.o [3]
__iar_Errno             0x2000c210     0x4  Data  Gb  errno.o [3]
__iar_FDnorm            0x00004711    0x82  Code  Gb  xfdnorm.o [3]
__iar_FDscale           0x00003cb9    0xc0  Code  Gb  xfdscale.o [3]
__iar_FExp              0x0000329d   0x160  Code  Gb  xfexp.o [3]
__iar_Locksyslock       0x0000462b    0x46  Code  Gb  xsyslock.o [3]
__iar_Memchr            0x00004bd5          Code  Gb  memchr.o [5]
__iar_Memset            0x00004b09          Code  Gb  ABImemset.o [5]
__iar_Memset_word       0x00004b11          Code  Gb  ABImemset.o [5]
__iar_Mtxdst            0x00004dc3     0xe  Code  Gb  MtxWrapper.o [3]
__iar_Mtxinit           0x00004db5     0xe  Code  Gb  MtxWrapper.o [3]
__iar_Mtxlock           0x00004dd1     0xe  Code  Gb  MtxWrapper.o [3]
__iar_Mtxunlock         0x00004ddf     0xe  Code  Gb  MtxWrapper.o [3]
__iar_ReportAssert      0x000046a7    0x58  Code  Gb  xreportassert.o [3]
__iar_Stderr            0x20004aa4    0x40  Data  Gb  xfiles.o [3]
__iar_Stdin             0x20004a24    0x40  Data  Gb  xfiles.o [3]
__iar_Stdout            0x20004a64    0x40  Data  Gb  xfiles.o [3]
__iar_Stoul             0x00003669   0x114  Code  Gb  xstoul.o [3]
__iar_Strchr            0x00005891          Code  Gb  strchr.o [5]
__iar_Strstr            0x000051b1    0x30  Code  Gb  strstr.o [3]
__iar_Tls_setup__IsdstStr
                        0x200049cc     0x4  Data  Gb  setlocale.o [3]
__iar_Tls_setup__Locale_Profile
                        0x200049d0     0x4  Data  Gb  setlocale.o [3]
__iar_Tls_setup__TzoneStr
                        0x200049c4     0x4  Data  Gb  setlocale.o [3]
__iar_Tls_setup___iar_Errno
                        0x2000c20c     0x4  Data  Gb  errno.o [3]
__iar_Unlocksyslock     0x00004671    0x14  Code  Gb  xsyslock.o [3]
__iar_Wctob             0x00004fbd    0x38  Code  Gb  xwctob.o [3]
__iar_close_ttio        0x000049d1    0x26  Code  Gb  iarttio.o [6]
__iar_cstart_call_ctors
                        0x00005629    0x20  Code  Gb  cmain_call_ctors.o [5]
__iar_dadd              0x0000388b          Code  Gb  DblAdd.o [5]
__iar_data_init3        0x00005295    0x2c  Code  Gb  data_init3.o [5]
__iar_dsub              0x00002fbb          Code  Gb  DblSub.o [5]
__iar_dsubStart         0x00002fcd          Code  Gb  DblSub.o [5]
__iar_fadd              0x000043eb          Code  Gb  FltAdd.o [5]
__iar_fsub              0x0000396f          Code  Gb  FltSub.o [5]
__iar_fsubStart         0x0000397d          Code  Gb  FltSub.o [5]
__iar_get_ttio          0x000049f9    0x40  Code  Gb  iarttio.o [6]
__iar_lookup_ttioh      0x00005d99     0x8  Code  Gb  XShttio.o [3]
__iar_packbits_init3    0x00004031    0xa8  Code  Gb  packbits_init3.o [5]
__iar_program_start     0x00005c35          Code  Gb  cstartup_M.o [5]
__iar_sh_stdout         0x000056a9    0x20  Code  Gb  iarwstd.o [6]
__iar_sh_write          0x00005575    0x22  Code  Gb  iarwrite.o [6]
__iar_strcmp            0x00004e89          Code  Gb  strcmp.o [5]
__iar_ttio_handles      0x20004b04     0x8  Data  Lc  XShttio.o [3]
__iar_ui2d              0x000051f7          Code  Gb  I32ToDbl.o [5]
__iar_ui2f              0x000050d7          Code  Gb  I32ToFlt.o [5]
__iar_zero_init3        0x0000550d    0x24  Code  Gb  zero_init3.o [5]
__low_level_init        0x00005e3d     0x4  Code  Gb  low_level_init.o [3]
__vector_table          0x00000000   0x100  Data  Gb  startup_ewarm.o [1]
__write                 0x00005acd    0x10  Code  Gb  write.o [6]
_call_main              0x00005885          Code  Gb  cmain.o [5]
_exit                   0x00005a05          Code  Gb  cexit.o [5]
_main                   0x0000588b          Code  Gb  cmain.o [5]
abort                   0x00005da1     0x8  Code  Gb  abort.o [3]
accel::RPM(float, float)
                        0x00005455    0x26  Code  Gb  motor.o [1]
accel::_RPMtoFreq(float)
                        0x00005759    0x1c  Code  Gb  motor.o [1]
accel::_initUnitCurve(int)
                        0x00002811    0x82  Code  Gb  accel.o [1]
accel::_scaleYAxisToClockTicks()
                        0x0000290f    0x42  Code  Gb  accel.o [1]
accel::_scaleYAxisToFrequency()
                        0x000028a9    0x66  Code  Gb  accel.o [1]
accel::accel()          0x0000270d     0xc  Code  Gb  accel.o [1]
accel::accel() [internal]
                        0x00002719    0x4a  Code  Gb  accel.o [1]
accel::accelTime()      0x00005daf     0x6  Code  Gb  accel.o [1]
accel::accelTime(unsigned int)
                        0x00005da9     0x6  Code  Gb  accel.o [1]
accel::clockTicksToCurveIndex(unsigned int)
                        0x00005831    0x18  Code  Gb  accel.o [1]
accel::clockTicksToCurveIndexReverse(unsigned int)
                        0x00005861    0x18  Code  Gb  stepper.o [1]
accel::clockTicksToMicroSec(unsigned int)
                        0x00005849    0x18  Code  Gb  accel.o [1]
accel::curveIndexToClockTicks(unsigned int)
                        0x00005c4d     0xa  Code  Gb  accel.o [1]
accel::degreesPerMicrostep() const
                        0x00005dcd     0x6  Code  Gb  motor.o [1]
accel::degreesPerMicrostep(float)
                        0x00005dc7     0x6  Code  Gb  motor.o [1]
accel::fmax()           0x00005deb     0x6  Code  Gb  stepper.o [1]
accel::fmin()           0x00005de5     0x6  Code  Gb  stepper.o [1]
accel::freqCloseToStop(unsigned int)
                        0x00005a29    0x12  Code  Gb  stepper.o [1]
accel::freqFromClockTicks(unsigned int)
                        0x00005315    0x2a  Code  Gb  stepper.o [1]
accel::freqFromTime(unsigned int)
                        0x000058e9    0x16  Code  Gb  stepper.o [1]
accel::frequency(unsigned int, unsigned int)
                        0x00002951    0x34  Code  Gb  accel.o [1]
accel::initAccelTime(unsigned int)
                        0x00005531    0x22  Code  Gb  accel.o [1]
accel::microSecToCurveIndex(unsigned int)
                        0x0000542f    0x26  Code  Gb  accel.o [1]
accel::microSecToCurveIndexReverse(unsigned int)
                        0x0000533f    0x2a  Code  Gb  stepper.o [1]
accel::stepsToTime(unsigned int)
                        0x000027af    0x62  Code  Gb  accel.o [1]
accel::timeToSteps(unsigned int)
                        0x00002763    0x4c  Code  Gb  accel.o [1]
accel::updateClockPeriod()
                        0x00005151    0x30  Code  Gb  stepper.o [1]
accel::updateClockPeriodReverse()
                        0x00005181    0x30  Code  Gb  stepper.o [1]
accel::~accel()         0x00005af9     0xe  Code  Gb  interpret.o [1]
accel::~accel() [internal]
                        0x00005e47     0x2  Code  Gb  interpret.o [1]
bufferInput             0x0000030d   0x202  Code  Gb  interpret.o [1]
clearlocks              0x00004605    0x26  Code  Lc  xsyslock.o [3]
delay                   0x00002c2b    0x1c  Code  Gb  main.o [1]
digits                  0x00004c54    0x28  Data  Lc  xstoul.o [3]
ebuf                    0x2000c0a4    0x50  Data  Lc  xfiles.o [3]
errMsg()                0x0000015f    0x36  Code  Gb  interpret.o [1]
exit                    0x00005df7     0x6  Code  Gb  exit.o [3]
exp(float)              0x00005bf9     0xc  Code  Gb  accel.o [1]
expf                    0x00004a39    0x68  Code  Gb  expf.o [3]
fclose                  0x00003f89    0xa8  Code  Gb  fclose.o [3]
fflush                  0x00003ea5    0x38  Code  Gb  fflush.o [3]
fflushOne               0x00003e35    0x70  Code  Lc  fflush.o [3]
flashLED                0x00002c63    0x14  Code  Gb  main.o [1]
fputc                   0x00004ccd    0x50  Code  Gb  fputc.o [3]
free                    0x0000457d    0x84  Code  Gb  xxmemxfree.o [3]
g_pulRCGCRegs           0x00005bd4     0xc  Data  Lc  sysctl.o [4]
g_pulRegs               0x00004ecc    0x40  Data  Lc  interrupt.o [4]
heapSTRUCT_SIZE         0x00005e40     0x2  Data  Lc  heap_2.o [1]
interpret::_currentProgramNodeLevel() const
                        0x0000598d    0x14  Code  Gb  interpret.o [1]
interpret::_currentProgramNodeType() const
                        0x00005965    0x14  Code  Gb  interpret.o [1]
interpret::_currentProgramNodeValue() const
                        0x00005979    0x14  Code  Gb  interpret.o [1]
interpret::_evalValue()
                        0x00004f0d    0x3c  Code  Gb  interpret.o [1]
interpret::_evalValue()::string
                        0x000055c8    0x20  Data  Gb  interpret.o [1]
interpret::_evalValue()::string (instance 2)
                        0x0000523c    0x2c  Data  Gb  interpret.o [1]
interpret::_findFirstParseTreeEntry(const parseTreeEntry &, unsigned int)
                        0x00000b1d    0x6e  Code  Gb  interpret.o [1]
interpret::_programNodeType(unsigned int) const
                        0x00005a17    0x12  Code  Gb  interpret.o [1]
interpret::_pushTemporarySymbolOnEvaluationStack(unsigned int)
                        0x00000fa5    0x58  Code  Gb  interpret.o [1]
interpret::_resetSymbolTableTemporaryBoundary()
                        0x00005c6b     0xa  Code  Gb  interpret.o [1]
interpret::appendToProgram(const parseTreeEntry &)
                        0x00000575    0x2c  Code  Gb  interpret.o [1]
interpret::appendToSymbolTable(const symbolTableEntry &)
                        0x000005a1    0x2e  Code  Gb  interpret.o [1]
interpret::evaluate(unsigned int)
                        0x00000c69   0x336  Code  Gb  interpret.o [1]
interpret::interpret()  0x00000101     0xc  Code  Gb  interpret.o [1]
interpret::interpret() [internal]
                        0x0000050f    0x66  Code  Gb  interpret.o [1]
interpret::run()        0x000005e1   0x502  Code  Gb  interpret.o [1]
interpret::symbolFromIndex(int)
                        0x000057ad    0x1c  Code  Gb  interpret.o [1]
interpret::symbolTableIndexMorph(int)
                        0x00000b8b    0x72  Code  Gb  interpret.o [1]
interpret::~interpret()
                        0x00005b5b     0xe  Code  Gb  interpret.o [1]
interpret::~interpret() [internal]
                        0x00004d6d    0x48  Code  Gb  interpret.o [1]
interpreter             0x2000a8e8  0x14c0  Data  Gb  interpret.o [1]
isspace                 0x000059b5    0x14  Code  Gb  isxxx.o [3]
led::Off()              0x0000573d    0x1c  Code  Gb  interpret.o [1]
led::On()               0x00005721    0x1c  Code  Gb  interpret.o [1]
led::_enable            0x2000c2d4     0x1  Data  Gb  interpret.o [1]
led::enable()           0x00005be1     0xc  Code  Gb  interpret.o [1]
led::enable(bool)       0x00005bed     0xc  Code  Gb  motor.o [1]
led::led(bool)          0x00005b3f     0xe  Code  Gb  interpret.o [1]
led::led(bool) [internal]
                        0x000056c9    0x1e  Code  Gb  interpret.o [1]
led::set(unsigned int)  0x000057c9    0x1a  Code  Gb  interpret.o [1]
led::~led()             0x00005b4d     0xe  Code  Gb  interpret.o [1]
led::~led() [internal]  0x00005a8d    0x10  Code  Gb  interpret.o [1]
main                    0x00002c77    0xe0  Code  Gb  main.o [1]
mainA                   0x00003ef5    0x7a  Code  Gb  motor.o [1]
malloc                  0x00003d79    0xb6  Code  Gb  xxmemxmalloc.o [3]
memchr                  0x00004bd5          Code  Gb  memchr.o [5]
memcmp                  0x00004b71          Code  Gb  memcmp.o [5]
memcpy                  0x000058d3    0x16  Code  Gb  interpret.o [1]
memset                  0x000058a7    0x16  Code  Gb  IntQueue.o [1]
mtx                     0x2000c1ec    0x10  Data  Lc  xsyslock.o [3]
mtxdst                  0x2000c2c4     0x4  Data  Lc  MtxWrapper.o [3]
mtxinit                 0x2000c2c0     0x4  Data  Lc  MtxWrapper.o [3]
mtxlock                 0x2000c2c8     0x4  Data  Lc  MtxWrapper.o [3]
mtxunlock               0x2000c2cc     0x4  Data  Lc  MtxWrapper.o [3]
ndigs                   0x00004c2c    0x28  Data  Lc  xstoul.o [3]
net                     0x2000c2d8     0x1  Data  Gb  motor.tab.o [1]
next_abi_dtor_rec       0x2000c2b8     0x4  Data  Lc  cppinit.o [3]
obuf                    0x2000c0f4    0x50  Data  Lc  xfiles.o [3]
out                     0x0000468d    0x1a  Code  Lc  xreportassert.o [3]
parseTreeEntry::level() const
                        0x00005e05     0x4  Code  Gb  interpret.o [1]
parseTreeEntry::level(unsigned int)
                        0x00005e09     0x4  Code  Gb  interpret.o [1]
parseTreeEntry::operator =(const parseTreeEntry&)
                        0x0000483b    0x4a  Code  Gb  parseTreeEntry.o [1]
parseTreeEntry::parseTreeEntry()
                        0x00004813     0xc  Code  Gb  parseTreeEntry.o [1]
parseTreeEntry::parseTreeEntry() [internal]
                        0x0000482d     0x6  Code  Gb  parseTreeEntry.o [1]
parseTreeEntry::parseTreeEntry(nodeType, int, unsigned int)
                        0x0000481f     0xe  Code  Gb  parseTreeEntry.o [1]
parseTreeEntry::parseTreeEntry(nodeType, int, unsigned int) [internal]
                        0x00004833     0x8  Code  Gb  parseTreeEntry.o [1]
parseTreeEntry::position() const
                        0x00005e39     0x4  Code  Gb  parseTreeEntry.o [1]
parseTreeEntry::position(nodePosition)
                        0x00005e1d     0x4  Code  Gb  interpret.o [1]
parseTreeEntry::type() const
                        0x00005e15     0x4  Code  Gb  interpret.o [1]
parseTreeEntry::type(nodeType)
                        0x00005e19     0x4  Code  Gb  interpret.o [1]
parseTreeEntry::value() const
                        0x00005e0d     0x4  Code  Gb  interpret.o [1]
parseTreeEntry::value(int)
                        0x00005e11     0x4  Code  Gb  interpret.o [1]
parseTreeEntry::~parseTreeEntry()
                        0x00005add     0xe  Code  Gb  interpret.o [1]
parseTreeEntry::~parseTreeEntry() [internal]
                        0x00005e43     0x2  Code  Gb  interpret.o [1]
pcTraceBuffer           0x2000c2a8     0x4  Data  Lc  tasks.o [1]
pcTraceBufferEnd        0x2000c2ac     0x4  Data  Lc  tasks.o [1]
postMsg(bool)           0x00000195    0x32  Code  Gb  interpret.o [1]
prvAddCurrentTaskToDelayedList
                        0x0000171d    0x3e  Code  Lc  tasks.o [1]
prvAllocateTCBAndStack  0x00001769    0x46  Code  Lc  tasks.o [1]
prvCheckTasksWaitingTermination
                        0x000016b5    0x58  Code  Lc  tasks.o [1]
prvCopyDataFromQueue    0x0000325b    0x2c  Code  Lc  queue.o [1]
prvCopyDataToQueue      0x000031e9    0x72  Code  Lc  queue.o [1]
prvDeleteTCB            0x000017b5    0x12  Code  Lc  tasks.o [1]
prvIdleTask             0x00001617     0xa  Code  Lc  tasks.o [1]
prvInitialiseTCBVariables
                        0x00001621    0x48  Code  Lc  tasks.o [1]
prvInitialiseTaskLists  0x00001669    0x46  Code  Lc  tasks.o [1]
prvQueueAccessLogError  0x0000243f    0x10  Code  Lc  IntQueue.o [1]
prvRecordValue_NormallyEmpty
                        0x0000241b    0x24  Code  Lc  IntQueue.o [1]
prvRecordValue_NormallyFull
                        0x000023f9    0x22  Code  Lc  IntQueue.o [1]
prvSetupTimerInterrupt  0x00003c91    0x10  Code  Lc  port.o [1]
pulStack                0x20000000  0x4000  Data  Lc  startup_ewarm.o [1]
pvPortMalloc            0x000033fd    0xe6  Code  Gb  heap_2.o [1]
pxCurrentTCB            0x2000c270     0x4  Data  Gb  tasks.o [1]
pxDelayedTaskList       0x2000c274     0x4  Data  Lc  tasks.o [1]
pxOverflowDelayedTaskList
                        0x2000c278     0x4  Data  Lc  tasks.o [1]
pxPortInitialiseStack   0x00003bf9    0x1a  Code  Gb  port.o [1]
pxReadyTasksLists       0x2000c040    0x64  Data  Lc  tasks.o [1]
remove                  0x000058ff    0x16  Code  Gb  remove.o [6]
sp                      0x2000c250     0x4  Data  Gb  motor.o [1]
sprintf                 0x000050f1    0x30  Code  Gb  sprintf.o [3]
sscanf                  0x00005609    0x20  Code  Gb  sscanf.o [3]
statementNestingLevel   0x2000c254     0x4  Data  Gb  motor.tab.o [1]
statementPosition       0x2000c258     0x4  Data  Gb  motor.tab.o [1]
statementType           0x2000c25c     0x4  Data  Gb  motor.tab.o [1]
statementValue          0x2000c260     0x4  Data  Gb  motor.tab.o [1]
stepper::RPM(float, float)
                        0x000059a1    0x14  Code  Gb  motor.o [1]
stepper::_timer()       0x00005df1     0x6  Code  Gb  stepper.o [1]
stepper::_timer(unsigned long)
                        0x00005775    0x1c  Code  Gb  stepper.o [1]
stepper::_timerStart(bool)
                        0x0000236b    0x4e  Code  Gb  stepper.o [1]
stepper::accelerationTimeMicrosecs(unsigned int)
                        0x00005aad    0x10  Code  Gb  motor.o [1]
stepper::degreesPerMicrostep() const
                        0x00005c29     0xc  Code  Gb  motor.o [1]
stepper::degreesPerMicrostep(float)
                        0x00005abd    0x10  Code  Gb  motor.o [1]
stepper::directionPositive(bool)
                        0x0000520f    0x2e  Code  Gb  stepper.o [1]
stepper::enable()       0x00005a3b    0x12  Code  Gb  stepper.o [1]
stepper::isr()          0x00002065   0x306  Code  Gb  stepper.o [1]
stepper::moveAbsolute(int)
                        0x00001eb3   0x19e  Code  Gb  stepper.o [1]
stepper::moveAbsoluteDegree(float)
                        0x00005553    0x22  Code  Gb  motor.o [1]
stepper::moveRelative(int)
                        0x00002051    0x14  Code  Gb  stepper.o [1]
stepper::positionSteps(int)
                        0x00005dd3     0x6  Code  Gb  motor.o [1]
stepper::state() const  0x00005dd9     0x6  Code  Gb  motor.o [1]
stepper::step()         0x00004f49    0x3c  Code  Gb  stepper.o [1]
stepper::stepper()      0x00001e81     0xc  Code  Gb  stepper.o [1]
stepper::stepper() [internal]
                        0x00001e8d    0x26  Code  Gb  stepper.o [1]
stepper::~stepper()     0x00005b07     0xe  Code  Gb  interpret.o [1]
stepper::~stepper() [internal]
                        0x00005a6d    0x10  Code  Gb  interpret.o [1]
stepperISR              0x00003ee1    0x14  Code  Gb  motor.o [1]
stmtNestingLevel        0x2000c248     0x4  Data  Lc  interpret.o [1]
stmtPosition            0x2000c144    0x20  Data  Lc  interpret.o [1]
stmtType                0x2000c164    0x20  Data  Lc  interpret.o [1]
stmtValue               0x2000c24c     0x4  Data  Lc  interpret.o [1]
strchr                  0x00005891          Code  Gb  strchr.o [5]
strcmp                  0x00004e89          Code  Gb  strcmp.o [5]
stringToNodePosition(const char *)
                        0x000001c7    0x2c  Code  Gb  interpret.o [1]
stringToNodeType(const char *)
                        0x000001f3   0x114  Code  Gb  interpret.o [1]
strlen                  0x00004ff5          Code  Gb  strlen.o [5]
strncpy                 0x00004965          Code  Gb  strncpy.o [5]
strstr(const char *, const char *)
                        0x00005a9d    0x10  Code  Gb  interpret.o [1]
strtol                  0x00004793    0x80  Code  Gb  strtol.o [3]
successMsg()            0x00000129    0x36  Code  Gb  interpret.o [1]
symbolFcnLink           0x2000c26c     0x4  Data  Gb  motor.tab.o [1]
symbolTableEntry::dumpEntry()
                        0x00004961     0x2  Code  Gb  symbolTableEntry.o [1]
symbolTableEntry::fcnLink() const
                        0x00005e31     0x4  Code  Gb  interpret.o [1]
symbolTableEntry::fcnLink(int)
                        0x00005e35     0x4  Code  Gb  interpret.o [1]
symbolTableEntry::operator =(const symbolTableEntry&)
                        0x00004927    0x3a  Code  Gb  symbolTableEntry.o [1]
symbolTableEntry::symbolTableEntry()
                        0x000048f5     0xc  Code  Gb  symbolTableEntry.o [1]
symbolTableEntry::symbolTableEntry() [internal]
                        0x0000490f     0xe  Code  Gb  symbolTableEntry.o [1]
symbolTableEntry::symbolTableEntry(nodeType, int)
                        0x00004901     0xe  Code  Gb  symbolTableEntry.o [1]
symbolTableEntry::symbolTableEntry(nodeType, int) [internal]
                        0x0000491d     0xa  Code  Gb  symbolTableEntry.o [1]
symbolTableEntry::type() const
                        0x00005e29     0x4  Code  Gb  interpret.o [1]
symbolTableEntry::type(nodeType)
                        0x00005e2d     0x4  Code  Gb  interpret.o [1]
symbolTableEntry::value() const
                        0x00005e21     0x4  Code  Gb  interpret.o [1]
symbolTableEntry::value(int)
                        0x00005e25     0x4  Code  Gb  interpret.o [1]
symbolTableEntry::~symbolTableEntry()
                        0x00005aeb     0xe  Code  Gb  interpret.o [1]
symbolTableEntry::~symbolTableEntry() [internal]
                        0x00005e45     0x2  Code  Gb  interpret.o [1]
symbolType              0x2000c264     0x4  Data  Gb  motor.tab.o [1]
symbolValue             0x2000c268     0x4  Data  Gb  motor.tab.o [1]
syslock_o               0x2000c1e8     0x4  Data  Lc  xsyslock.o [3]
tinyQueue<int>::empty() const
                        0x000058bd    0x16  Code  Gb  interpret.o [1]
tinyQueue<int>::front() const
                        0x00005c61     0xa  Code  Gb  interpret.o [1]
tinyQueue<int>::peekAtIndex(unsigned int) const
                        0x00005dc1     0x6  Code  Gb  interpret.o [1]
tinyQueue<int>::pop_front()
                        0x000053e1    0x28  Code  Gb  interpret.o [1]
tinyQueue<int>::push_front(int)
                        0x0000502b    0x34  Code  Gb  interpret.o [1]
tinyQueue<int>::size() const
                        0x00005a7d    0x10  Code  Gb  interpret.o [1]
tinyQueue<int>::spaceAvail() const
                        0x000052c1    0x2a  Code  Gb  interpret.o [1]
tinyQueue<int>::stackFrameIndex() const
                        0x00005db5     0x6  Code  Gb  interpret.o [1]
tinyQueue<int>::stackFrameIndex(unsigned int)
                        0x00005dbb     0x6  Code  Gb  interpret.o [1]
tinyQueue<int>::tinyQueue()
                        0x00005c05     0xc  Code  Gb  interpret.o [1]
tinyQueue<int>::tinyQueue() [internal]
                        0x00005b15     0xe  Code  Gb  interpret.o [1]
tinyQueue<int>::~tinyQueue()
                        0x00005b23     0xe  Code  Gb  interpret.o [1]
tinyQueue<int>::~tinyQueue() [internal]
                        0x00005e49     0x2  Code  Gb  interpret.o [1]
tinyQueue<unsigned char>::clear()
                        0x00005c1d     0xc  Code  Gb  interpret.o [1]
tinyQueue<unsigned char>::getBuffer()
                        0x00005e4d     0x2  Code  Gb  interpret.o [1]
tinyQueue<unsigned char>::push(unsigned char)
                        0x00005121    0x30  Code  Gb  interpret.o [1]
tinyQueue<unsigned char>::spaceAvail() const
                        0x000052eb    0x2a  Code  Gb  interpret.o [1]
tinyQueue<unsigned char>::tinyQueue(int)
                        0x00005c11     0xc  Code  Gb  interpret.o [1]
tinyQueue<unsigned char>::tinyQueue(int) [internal]
                        0x00005c57     0xa  Code  Gb  interpret.o [1]
tinyQueue<unsigned char>::~tinyQueue()
                        0x00005b31     0xe  Code  Gb  interpret.o [1]
tinyQueue<unsigned char>::~tinyQueue() [internal]
                        0x00005e4b     0x2  Code  Gb  interpret.o [1]
tolower                 0x000059c9    0x14  Code  Gb  tolower.o [3]
ucNormallyEmptyReceivedValues
                        0x2000beb0    0xc8  Data  Lc  IntQueue.o [1]
ucNormallyFullReceivedValues
                        0x2000bf78    0xc8  Data  Lc  IntQueue.o [1]
ulTimerCount            0x2000c2b4     0x4  Data  Lc  timertest.o [1]
uxCriticalNesting       0x20004b1c     0x4  Data  Lc  port.o [1]
uxCurrentNumberOfTasks  0x2000c280     0x4  Data  Lc  tasks.o [1]
uxMissedTicks           0x2000c298     0x4  Data  Lc  tasks.o [1]
uxPreviousTask          0x20004b24     0x4  Data  Lc  tasks.o [1]
uxSchedulerSuspended    0x2000c294     0x4  Data  Lc  tasks.o [1]
uxTaskNumber            0x2000c2a4     0x4  Data  Lc  tasks.o [1]
uxTasksDeleted          0x2000c27c     0x4  Data  Lc  tasks.o [1]
uxTopReadyPriority      0x2000c28c     0x4  Data  Lc  tasks.o [1]
uxTopUsedPriority       0x2000c288     0x4  Data  Lc  tasks.o [1]
uxValueForNormallyEmptyQueue
                        0x2000c228     0x4  Data  Gb  IntQueue.o [1]
uxValueForNormallyFullQueue
                        0x2000c22c     0x4  Data  Gb  IntQueue.o [1]
vApplicationStackOverflowHook
                        0x00002e03     0x2  Code  Gb  main.o [1]
vApplicationTickHook    0x00002e01     0x2  Code  Gb  main.o [1]
vLEDOnTask              0x00002d79    0x12  Code  Lc  main.o [1]
vListInitialise         0x000040d9    0x1e  Code  Gb  list.o [1]
vListInitialiseItem     0x000040f7     0x6  Code  Gb  list.o [1]
vListInsert             0x0000411b    0x3c  Code  Gb  list.o [1]
vListInsertEnd          0x000040fd    0x1e  Code  Gb  list.o [1]
vListRemove             0x00004157    0x26  Code  Gb  list.o [1]
vPortClearInterruptMask
                        0x000044b3          Code  Gb  portasm.o [1]
vPortEnterCritical      0x00003c49    0x12  Code  Gb  port.o [1]
vPortExitCritical       0x00003c5b    0x1a  Code  Gb  port.o [1]
vPortFree               0x000034e3    0x44  Code  Gb  heap_2.o [1]
vPortSVCHandler         0x000044c1          Code  Gb  portasm.o [1]
vPortSetInterruptMask   0x000044a5          Code  Gb  portasm.o [1]
vPortStartFirstTask     0x000044dd          Code  Gb  portasm.o [1]
vPortYieldFromISR       0x00003c3f     0xa  Code  Gb  port.o [1]
vSetMSP                 0x00004469          Code  Gb  portasm.o [1]
vSetupHighFrequencyTimer
                        0x000042bd    0x6a  Code  Gb  timertest.o [1]
vStartLEDOnTasks        0x00002d57    0x22  Code  Gb  main.o [1]
vStartUARTTasks         0x00002d8b    0x22  Code  Gb  main.o [1]
vT2InterruptHandler     0x00004f85    0x18  Code  Gb  IntQueueTimer.o [1]
vT3InterruptHandler     0x00004f9d    0x18  Code  Gb  IntQueueTimer.o [1]
vTaskDelay              0x000011d9    0x3c  Code  Gb  tasks.o [1]
vTaskDelayUntil         0x00001161    0x78  Code  Gb  tasks.o [1]
vTaskIncrementTick      0x0000135b   0x120  Code  Gb  tasks.o [1]
vTaskPriorityDisinherit
                        0x000017cd    0x46  Code  Gb  tasks.o [1]
vTaskStartScheduler     0x00001215    0x42  Code  Gb  tasks.o [1]
vTaskSuspendAll         0x00001257    0x10  Code  Gb  tasks.o [1]
vTaskSwitchContext      0x0000147d   0x130  Code  Gb  tasks.o [1]
vUARTTask               0x00002ded    0x14  Code  Lc  main.o [1]
xDelayedTaskList1       0x2000c184    0x14  Data  Lc  tasks.o [1]
xDelayedTaskList2       0x2000c198    0x14  Data  Lc  tasks.o [1]
xEnd                    0x2000c204     0x8  Data  Lc  heap_2.o [1]
xErrorLine              0x2000c224     0x4  Data  Lc  IntQueue.o [1]
xErrorStatus            0x20004b0c     0x4  Data  Lc  IntQueue.o [1]
xFirstTimerHandler      0x0000244f    0xfc  Code  Gb  IntQueue.o [1]
xFreeBytesRemaining     0x20004b10     0x4  Data  Lc  heap_2.o [1]
xHeap                   0x20004b28  0x5dc0  Data  Lc  heap_2.o [1]
xMissedYield            0x2000c29c     0x4  Data  Lc  tasks.o [1]
xNextTaskUnblockTime    0x20004b20     0x4  Data  Lc  tasks.o [1]
xNormallyEmptyQueue     0x2000c21c     0x4  Data  Lc  IntQueue.o [1]
xNormallyFullQueue      0x2000c220     0x4  Data  Lc  IntQueue.o [1]
xNumOfOverflows         0x2000c2a0     0x4  Data  Lc  tasks.o [1]
xPendingReadyList       0x2000c1ac    0x14  Data  Lc  tasks.o [1]
xPortPendSVHandler      0x0000446f          Code  Gb  portasm.o [1]
xPortStartScheduler     0x00003c13    0x2c  Code  Gb  port.o [1]
xPortSysTickHandler     0x00003c75    0x1c  Code  Gb  port.o [1]
xQueueGenericSendFromISR
                        0x00003129    0x60  Code  Gb  queue.o [1]
xQueueIsQueueFullFromISR
                        0x00003287    0x14  Code  Gb  queue.o [1]
xQueueReceiveFromISR    0x00003189    0x60  Code  Gb  queue.o [1]
xSchedulerRunning       0x2000c290     0x4  Data  Lc  tasks.o [1]
xSecondTimerHandler     0x0000254b   0x19a  Code  Gb  IntQueue.o [1]
xStart                  0x2000c1fc     0x8  Data  Lc  heap_2.o [1]
xSuspendedTaskList      0x2000c1d4    0x14  Data  Lc  tasks.o [1]
xTaskGenericCreate      0x00001019   0x148  Code  Gb  tasks.o [1]
xTaskGetTickCount       0x00001345    0x16  Code  Gb  tasks.o [1]
xTaskRemoveFromEventList
                        0x000015ad    0x6a  Code  Gb  tasks.o [1]
xTaskResumeAll          0x00001267    0xde  Code  Gb  tasks.o [1]
xTaskWakeTime           0x2000c23c     0x4  Data  Lc  interpret.o [1]
xTasksWaitingTermination
                        0x2000c1c0    0x14  Data  Lc  tasks.o [1]
xTickCount              0x2000c284     0x4  Data  Lc  tasks.o [1]
xTracing                0x2000c2b0     0x4  Data  Lc  tasks.o [1]


[1] = C:\dev\docs\scottdesign\motor\Debug\Obj
[2] = command line
[3] = dl7M_tl_if.a
[4] = driverlib.a
[5] = rt7M_tl.a
[6] = shb_l.a

  22 932 bytes of readonly  code memory
   1 368 bytes of readonly  data memory
  49 881 bytes of readwrite data memory

Errors: none
Warnings: none
