###############################################################################
#                                                                             #
# IAR ELF Linker V6.40.1.53790/W32 for ARM              04/Oct/2013  17:48:41 #
# Copyright 2007-2012 IAR Systems AB.                                         #
#                                                                             #
#    Output file  =  C:\dev\docs\scottdesign\motor\Debug\Exe\motorTiva.out    #
#    Map file     =  C:\dev\docs\scottdesign\motor\Debug\List\motorTiva.map   #
#    Command line =  C:\dev\docs\scottdesign\motor\Debug\Obj\accel.o          #
#                    C:\dev\docs\scottdesign\motor\Debug\Obj\flashio.o        #
#                    C:\dev\docs\scottdesign\motor\Debug\Obj\heap_2.o         #
#                    C:\dev\docs\scottdesign\motor\Debug\Obj\interpret.o      #
#                    C:\dev\docs\scottdesign\motor\Debug\Obj\list.o           #
#                    C:\dev\docs\scottdesign\motor\Debug\Obj\main.o           #
#                    C:\dev\docs\scottdesign\motor\Debug\Obj\parseTreeEntry.o #
#                     C:\dev\docs\scottdesign\motor\Debug\Obj\port.o          #
#                    C:\dev\docs\scottdesign\motor\Debug\Obj\portasm.o        #
#                    C:\dev\docs\scottdesign\motor\Debug\Obj\queue.o          #
#                    C:\dev\docs\scottdesign\motor\Debug\Obj\startup_ewarm.o  #
#                    C:\dev\docs\scottdesign\motor\Debug\Obj\stepper.o        #
#                    C:\dev\docs\scottdesign\motor\Debug\Obj\symbolTableEntry #
#                    .o C:\dev\docs\scottdesign\motor\Debug\Obj\tasks.o       #
#                    C:\dev\docs\scottdesign\motor\Debug\Obj\uartstdio.o      #
#                    C:\dev\docs\scottdesign\motor\Debug\Obj\usb_dev_serial.o #
#                     C:\dev\docs\scottdesign\motor\Debug\Obj\usb_serial_stru #
#                    cts.o C:\dev\docs\scottdesign\motor\Debug\Obj\ustdlib.o  #
#                    C:\ti\TivaWare_C_Series-1.0\driverlib\ewarm\Exe\driverli #
#                    b.a C:\ti\TivaWare_C_Series-1.0\usblib\ewarm\Exe\usblib. #
#                    a --redirect _Printf=_PrintfTiny --redirect              #
#                    _Scanf=_ScanfSmall -o C:\dev\docs\scottdesign\motor\Debu #
#                    g\Exe\motorTiva.out --map C:\dev\docs\scottdesign\motor\ #
#                    Debug\List\motorTiva.map --config                        #
#                    C:\dev\docs\scottdesign\motor\motorTiva.icf              #
#                    --semihosting --entry __iar_program_start --vfe          #
#                                                                             #
#                                                                             #
###############################################################################

*******************************************************************************
*** RUNTIME MODEL ATTRIBUTES
***

CppFlavor                     = *
__CPP_Language                = EC++
__Heap_Handler                = Basic
__SystemLibrary               = DLib
__dlib_dynamic_initialization = normal


*******************************************************************************
*** PLACEMENT SUMMARY
***

"A1":  place at start of [0x00000000-0x0000ffff] { ro section .intvec };
"P1":  place in [from 0x00000000 to 0x0000ffff] { ro };
"P2":  place in [from 0x20000000 to 0x20005fff] { rw, block HEAP };

  Section             Kind        Address    Size  Object
  -------             ----        -------    ----  ------
"A1":                                       0x26c
  .intvec             const    0x00000000   0x26c  startup_ewarm.o [1]
                             - 0x0000026c   0x26c

"P1":                                      0x6fcc
  .text               ro code  0x0000026c   0xf7c  interpret.o [1]
  .text               ro code  0x000011e8    0x50  cxxabi.o [4]
  .text               ro code  0x00001238     0x6  interpret.o [1]
  .text               ro code  0x0000123e    0x2e  copy_init3.o [7]
  .text               ro code  0x0000126c     0xc  interpret.o [1]
  .text               ro code  0x00001278   0x7c8  tasks.o [1]
  .text               ro code  0x00001a40    0x36  strlen.o [7]
  .text               ro code  0x00001a76    0x22  zero_init3.o [7]
  .text               ro code  0x00001a98   0x18e  main.o [1]
  .text               ro code  0x00001c26    0x1e  xsscin.o [3]
  .text               ro code  0x00001c44    0x42  strcmp.o [7]
  .text               ro code  0x00001c86     0xa  interpret.o [1]
  .text               ro code  0x00001c90    0x30  interpret.o [1]
  .text               ro code  0x00001cc0    0x2a  interpret.o [1]
  .text               ro code  0x00001cea     0xc  interpret.o [1]
  .text               ro code  0x00001cf6     0x2  interpret.o [1]
  .text               ro code  0x00001cf8    0x10  interpret.o [1]
  .text               ro code  0x00001d08    0x24  sscanf.o [3]
  .text               ro code  0x00001d2c    0x58  parseTreeEntry.o [1]
  .text               ro code  0x00001d84     0x4  parseTreeEntry.o [1]
  .text               ro code  0x00001d88     0x4  parseTreeEntry.o [1]
  .text               ro code  0x00001d8c     0x4  parseTreeEntry.o [1]
  .text               ro code  0x00001d90     0x4  parseTreeEntry.o [1]
  .text               ro code  0x00001d94     0x2  interpret.o [1]
  .text               ro code  0x00001d96    0x54  symbolTableEntry.o [1]
  .text               ro code  0x00001dea     0x4  symbolTableEntry.o [1]
  .text               ro code  0x00001dee     0x4  symbolTableEntry.o [1]
  .text               ro code  0x00001df2     0x4  symbolTableEntry.o [1]
  .text               ro code  0x00001df6     0x2  interpret.o [1]
  .text               ro code  0x00001df8     0xc  interpret.o [1]
  .text               ro code  0x00001e04     0x2  flashio.o [1]
  .text               ro code  0x00001e06     0xe  interpret.o [1]
  .text               ro code  0x00001e14   0x46c  stepper.o [1]
  .text               ro code  0x00002280    0x1e  interpret.o [1]
  .text               ro code  0x0000229e    0x16  interpret.o [1]
  .text               ro code  0x000022b4    0x4c  xassert.o [3]
  .text               ro code  0x00002300     0x4  parseTreeEntry.o [1]
  .text               ro code  0x00002304    0x16  interpret.o [1]
  .text               ro code  0x0000231a    0x16  interpret.o [1]
  .text               ro code  0x00002330    0x34  interpret.o [1]
  .text               ro code  0x00002364     0x6  interpret.o [1]
  .text               ro code  0x0000236a     0x4  symbolTableEntry.o [1]
  .text               ro code  0x0000236e     0x6  interpret.o [1]
  .text               ro code  0x00002374     0xa  interpret.o [1]
  .rodata             const    0x0000237e     0x2  heap_2.o [1]
  .text               ro code  0x00002380    0x3c  interpret.o [1]
  .text               ro code  0x000023bc    0x26  interpret.o [1]
  .text               ro code  0x000023e2     0x6  interpret.o [1]
  .text               ro code  0x000023e8     0x4  symbolTableEntry.o [1]
  .text               ro code  0x000023ec    0x1a  interpret.o [1]
  .text               ro code  0x00002406     0xa  interpret.o [1]
  .text               ro code  0x00002410    0x16  interpret.o [1]
  .text               ro code  0x00002426     0xe  interpret.o [1]
  .text               ro code  0x00002434    0x28  interpret.o [1]
  .text               ro code  0x0000245c    0x16  interpret.o [1]
  .text               ro code  0x00002472     0x4  symbolTableEntry.o [1]
  .text               ro code  0x00002476    0x14  interpret.o [1]
  .text               ro code  0x0000248a     0x4  parseTreeEntry.o [1]
  .text               ro code  0x0000248e     0x4  parseTreeEntry.o [1]
  .text               ro code  0x00002492    0x1c  interpret.o [1]
  .text               ro code  0x000024ae     0x6  interpret.o [1]
  .text               ro code  0x000024b4    0x76  ABImemcpy.o [7]
  .text               ro code  0x0000252a     0x2  interpret.o [1]
  .text               ro code  0x0000252c    0x98  cppinit.o [3]
  .text               ro code  0x000025c4   0x158  port.o [1]
  .text               ro code  0x0000271c    0xa4  list.o [1]
  CODE                ro code  0x000027c0    0xa0  portasm.o [1]
  .text               ro code  0x00002860    0x62  memcmp.o [7]
  .text               ro code  0x000028c4   0x14c  heap_2.o [1]
  .text               ro code  0x00002a10    0x16  tasks.o [1]
  .text               ro code  0x00002a26   0x24c  usbbuffer.o [9]
  .text               ro code  0x00002c74     0x6  gpio.o [5]
  .text               ro code  0x00002c7c    0x74  sysctl.o [5]
  .text               ro code  0x00002cf0    0x66  timer.o [5]
  .text               ro code  0x00002d58   0x214  interrupt.o [5]
  .text               ro code  0x00002f6c    0x2c  strstr.o [3]
  .text               ro code  0x00002f98   0x504  xscanfsmall.o [3]
  .text               ro code  0x0000349c     0x4  parseTreeEntry.o [1]
  .text               ro code  0x000034a0   0x24a  accel.o [1]
  .text               ro code  0x000036ec    0x30  stepper.o [1]
  .text               ro code  0x0000371c     0x6  stepper.o [1]
  .text               ro code  0x00003722    0x22  stepper.o [1]
  .text               ro code  0x00003744    0x26  stepper.o [1]
  .text               ro code  0x0000376a     0xa  stepper.o [1]
  .text               ro code  0x00003774    0x1a  stepper.o [1]
  .text               ro code  0x0000378e     0x6  stepper.o [1]
  .text               ro code  0x00003794     0x6  stepper.o [1]
  .text               ro code  0x0000379a    0x16  stepper.o [1]
  .text               ro code  0x000037b0    0x3c  stepper.o [1]
  .text               ro code  0x000037ec    0x30  stepper.o [1]
  .text               ro code  0x0000381c    0x1c  stepper.o [1]
  .text               ro code  0x00003838    0x30  stepper.o [1]
  .text               ro code  0x00003868     0x6  stepper.o [1]
  .text               ro code  0x0000386e    0x2a  stepper.o [1]
  .text               ro code  0x00003898    0x12  stepper.o [1]
  .text               ro code  0x000038aa    0x12  stepper.o [1]
  .text               ro code  0x000038bc    0x1c  interpret.o [1]
  .text               ro code  0x000038d8    0x1c  interpret.o [1]
  .text               ro code  0x000038f4    0x10  interpret.o [1]
  .text               ro code  0x00003904    0xa0  xreportassert.o [3]
  .text               ro code  0x000039a4     0x6  abort.o [3]
  .text               ro code  0x000039aa    0x2a  interpret.o [1]
  .text               ro code  0x000039d4    0x66  ABImemset.o [7]
  .text               ro code  0x00003a3a   0x152  usbringbuf.o [9]
  .text               ro code  0x00003b8c    0x10  cpu.o [5]
  .text               ro code  0x00003b9c    0x16  strchr.o [7]
  .text               ro code  0x00003bb2    0x86  xstol.o [3]
  .text               ro code  0x00003c38   0x174  xstoul.o [3]
  .text               ro code  0x00003dac    0x18  stepper.o [1]
  .text               ro code  0x00003dc4     0x6  stepper.o [1]
  .text               ro code  0x00003dcc    0x2c  I32ToDbl.o [6]
  .text               ro code  0x00003df8   0x1a2  DblMul.o [6]
  .text               ro code  0x00003f9c   0x246  DblDiv.o [6]
  .text               ro code  0x000041e4    0x90  DblToFlt.o [6]
  .text               ro code  0x00004274    0x50  expf.o [6]
  .text               ro code  0x000042c4    0x18  stepper.o [1]
  .text               ro code  0x000042dc     0xc  interpret.o [1]
  .text               ro code  0x000042e8    0x28  putchar.o [3]
  .text               ro code  0x00004310    0x14  exit.o [8]
  .text               ro code  0x00004324     0xc  errno.o [3]
  .text               ro code  0x00004330    0x58  memchr.o [7]
  .text               ro code  0x00004388   0x21c  xfexp.o [6]
  .text               ro code  0x000045a4    0x2a  stepper.o [1]
  .text               ro code  0x000045ce    0x10  write.o [8]
  .text               ro code  0x000045e0    0x6c  iarttio.o [8]
  .text               ro code  0x0000464c     0x2  xtls.o [3]
  .text               ro code  0x00004650    0xc8  xfdscale.o [6]
  .text               ro code  0x00004718    0x1e  dwrite.o [8]
  .text               ro code  0x00004738     0x8  XShttio.o [3]
  .text               ro code  0x00004740    0x26  xfdnorm.o [6]
  .text               ro code  0x00004766    0x20  iarwstd.o [8]
  .text               ro code  0x00004786    0x22  iarwrite.o [8]
  .text               ro code  0x000047a8   0x96c  usbdenum.o [9]
  .text               ro code  0x00005114   0x3f6  usb.o [5]
  .text               ro code  0x0000550c   0x478  usbdma.o [9]
  .text               ro code  0x00005984    0x6c  usbtick.o [9]
  .text               ro code  0x000059f0   0x150  usbdcdesc.o [9]
  .text               ro code  0x00005b40   0x228  usbdconfig.o [9]
  .text               ro code  0x00005d68   0x11c  udma.o [5]
  .text               ro code  0x00005e84    0x54  usbdesc.o [9]
  .text               ro code  0x00005ed8   0x750  usbdcdc.o [9]
  .text               ro code  0x00006628   0x56c  usb_dev_serial.o [1]
  .text               ro code  0x00006b94    0x1c  usbmode.o [9]
  .rodata             const    0x00006bb0    0x6c  usbdcdc.o [9]
  .text               ro code  0x00006c1c    0x4c  interpret.o [1]
  .text               ro code  0x00006c68     0xe  interpret.o [1]
  .text               ro code  0x00006c76     0xe  interpret.o [1]
  .text               ro code  0x00006c84     0x2  interpret.o [1]
  .text               ro code  0x00006c86     0x2  interpret.o [1]
  .text               ro code  0x00006c88     0x2  interpret.o [1]
  .rodata             const    0x00006c8c    0x48  interpret.o [1]
  .rodata             const    0x00006cd4    0x38  usb_serial_structs.o [1]
  .rodata             const    0x00006d0c    0x30  interpret.o [1]
  .rodata             const    0x00006d3c    0x2c  interpret.o [1]
  .rodata             const    0x00006d68    0x2c  interpret.o [1]
  .rodata             const    0x00006d94    0x2c  usb_serial_structs.o [1]
  .rodata             const    0x00006dc0    0x28  main.o [1]
  .text               ro code  0x00006de8    0x28  data_init3.o [7]
  .rodata             const    0x00006e10    0x24  usb_serial_structs.o [1]
  .rodata             const    0x00006e34    0x24  usb_serial_structs.o [1]
  .rodata             const    0x00006e58    0x24  usb_serial_structs.o [1]
  .rodata             const    0x00006e7c    0x24  usb_serial_structs.o [1]
  .iar.init_table     const    0x00006ea0    0x28  - Linker created -
  .rodata             const    0x00006ec8    0x20  interpret.o [1]
  .rodata             const    0x00006ee8    0x20  interpret.o [1]
  .text               ro code  0x00006f08    0x20  cmain_call_ctors.o [7]
  .text               ro code  0x00006f28    0x1e  startup_ewarm.o [1]
  .text               ro code  0x00006f46     0xc  cstartup_M.o [7]
  .text               ro code  0x00006f54    0x1a  fpinit_M.o [6]
  .text               ro code  0x00006f70    0x16  cmain.o [7]
  .text               ro code  0x00006f86     0x4  low_level_init.o [3]
  .text               ro code  0x00006f8a     0x4  exit.o [3]
  .text               ro code  0x00006f90     0xe  cexit.o [7]
  .rodata             const    0x00006fa0    0x1c  interpret.o [1]
  .rodata             const    0x00006fbc    0x18  usb_serial_structs.o [1]
  .text               ro code  0x00006fd4    0x18  usbdhandler.o [9]
  .rodata             const    0x00006fec    0x14  tasks.o [1]
  .rodata             const    0x00007000    0x14  usb_serial_structs.o [1]
  .rodata             const    0x00007014    0x10  interpret.o [1]
  .rodata             const    0x00007024    0x10  interpret.o [1]
  .rodata             const    0x00007034    0x10  usb_dev_serial.o [1]
  .rodata             const    0x00007044     0xc  interpret.o [1]
  .rodata             const    0x00007050     0xc  interpret.o [1]
  .rodata             const    0x0000705c     0xc  interpret.o [1]
  .rodata             const    0x00007068     0xc  interpret.o [1]
  .rodata             const    0x00007074     0xc  interpret.o [1]
  .rodata             const    0x00007080     0xc  interpret.o [1]
  .rodata             const    0x0000708c     0xc  interpret.o [1]
  .rodata             const    0x00007098     0xc  interpret.o [1]
  .rodata             const    0x000070a4     0xc  interpret.o [1]
  .rodata             const    0x000070b0     0xc  main.o [1]
  .rodata             const    0x000070bc     0xc  usb_dev_serial.o [1]
  .rodata             const    0x000070c8     0x8  interpret.o [1]
  .rodata             const    0x000070d0     0x8  interpret.o [1]
  .rodata             const    0x000070d8     0x8  interpret.o [1]
  .rodata             const    0x000070e0     0x8  interpret.o [1]
  .rodata             const    0x000070e8     0x8  interpret.o [1]
  .rodata             const    0x000070f0     0x8  interpret.o [1]
  .rodata             const    0x000070f8     0x8  interpret.o [1]
  .rodata             const    0x00007100     0x8  interpret.o [1]
  .rodata             const    0x00007108     0x8  interpret.o [1]
  .rodata             const    0x00007110     0x8  interpret.o [1]
  .rodata             const    0x00007118     0x8  interpret.o [1]
  .rodata             const    0x00007120     0x8  interpret.o [1]
  .rodata             const    0x00007128     0x8  interpret.o [1]
  .rodata             const    0x00007130     0x8  interpret.o [1]
  .rodata             const    0x00007138     0x8  interpret.o [1]
  .rodata             const    0x00007140     0x8  interpret.o [1]
  .rodata             const    0x00007148     0x8  main.o [1]
  .rodata             const    0x00007150     0x8  main.o [1]
  .rodata             const    0x00007158     0x8  tasks.o [1]
  .rodata             const    0x00007160     0x4  usb_serial_structs.o [1]
  SHT$$PREINIT_ARRAY           0x00007164     0x0  <Block>
  SHT$$INIT_ARRAY              0x00007164     0x4  <Block>
    .init_array       const    0x00007164     0x4  interpret.o [1]
  .text               ro code  0x00007168     0x0  cstart_call_dtors.o [7]
  .rodata             const    0x00007168     0x0  zero_init3.o [7]
  .rodata             const    0x00007168     0x0  copy_init3.o [7]
  Initializer bytes   ro data  0x00007168    0xd0  <for P2 s0>
                             - 0x00007238  0x6fcc

"P2", part 1 of 3:                           0xd0
  P2 s0                        0x20000000    0xd0  <Init block>
    .data             inited   0x20000000    0x60  usb_serial_structs.o [1]
    .data             inited   0x20000060    0x20  usbdcdc.o [9]
    .data             inited   0x20000080    0x10  usbdcdc.o [9]
    .data             inited   0x20000090    0x10  usbmode.o [9]
    .data             inited   0x200000a0     0xc  usbdcdc.o [9]
    .data             inited   0x200000ac     0x8  usbdcdc.o [9]
    .data             inited   0x200000b4     0x8  XShttio.o [3]
    .data             inited   0x200000bc     0x4  heap_2.o [1]
    .data             inited   0x200000c0     0x4  interpret.o [1]
    .data             inited   0x200000c4     0x4  interpret.o [1]
    .data             inited   0x200000c8     0x4  port.o [1]
    .data             inited   0x200000cc     0x4  tasks.o [1]
                             - 0x200000d0    0xd0

"P2", part 2 of 3:                         0x4a4c
  .bss                zero     0x200000d0  0x2ee0  heap_2.o [1]
  .bss                zero     0x20002fb0  0x14c0  interpret.o [1]
  .bss                zero     0x20004470   0x110  usbdma.o [9]
  .bss                zero     0x20004580   0x108  interpret.o [1]
  .bss                zero     0x20004688   0x100  usb_serial_structs.o [1]
  .bss                zero     0x20004788   0x100  usb_serial_structs.o [1]
  .bss                zero     0x20004888    0x64  tasks.o [1]
  .bss                zero     0x200048ec    0x50  usbdenum.o [9]
  .bss                zero     0x2000493c    0x40  usbdenum.o [9]
  .bss                zero     0x2000497c    0x38  usbtick.o [9]
  .bss                zero     0x200049b4    0x20  interpret.o [1]
  .bss                zero     0x200049d4    0x20  interpret.o [1]
  .bss                zero     0x200049f4    0x18  usb_serial_structs.o [1]
  .bss                zero     0x20004a0c    0x18  usb_serial_structs.o [1]
  .bss                zero     0x20004a24    0x14  tasks.o [1]
  .bss                zero     0x20004a38    0x14  tasks.o [1]
  .bss                zero     0x20004a4c    0x14  tasks.o [1]
  .bss                zero     0x20004a60    0x14  tasks.o [1]
  .bss                zero     0x20004a74    0x14  tasks.o [1]
  .bss                zero     0x20004a88     0x8  heap_2.o [1]
  .bss                zero     0x20004a90     0x8  heap_2.o [1]
  .bss                zero     0x20004a98     0x4  heap_2.o [1]
  .bss                zero     0x20004a9c     0x4  interpret.o [1]
  .bss                zero     0x20004aa0     0x4  interpret.o [1]
  .bss                zero     0x20004aa4     0x4  interpret.o [1]
  .bss                zero     0x20004aa8     0x4  interpret.o [1]
  .bss                zero     0x20004aac     0x4  interpret.o [1]
  .bss                zero     0x20004ab0     0x4  interpret.o [1]
  .bss                zero     0x20004ab4     0x4  interpret.o [1]
  .bss                zero     0x20004ab8     0x4  port.o [1]
  .bss                zero     0x20004abc     0x4  stepper.o [1]
  .bss                zero     0x20004ac0     0x4  tasks.o [1]
  .bss                zero     0x20004ac4     0x4  tasks.o [1]
  .bss                zero     0x20004ac8     0x4  tasks.o [1]
  .bss                zero     0x20004acc     0x4  tasks.o [1]
  .bss                zero     0x20004ad0     0x4  tasks.o [1]
  .bss                zero     0x20004ad4     0x4  tasks.o [1]
  .bss                zero     0x20004ad8     0x4  tasks.o [1]
  .bss                zero     0x20004adc     0x4  tasks.o [1]
  .bss                zero     0x20004ae0     0x4  tasks.o [1]
  .bss                zero     0x20004ae4     0x4  tasks.o [1]
  .bss                zero     0x20004ae8     0x4  tasks.o [1]
  .bss                zero     0x20004aec     0x4  tasks.o [1]
  .bss                zero     0x20004af0     0x4  tasks.o [1]
  .bss                zero     0x20004af4     0x4  usb_dev_serial.o [1]
  .bss                zero     0x20004af8     0x4  usb_dev_serial.o [1]
  .bss                zero     0x20004afc     0x4  usb_dev_serial.o [1]
  .bss                zero     0x20004b00     0x4  usb_dev_serial.o [1]
  .bss                zero     0x20004b04     0x4  usbtick.o [9]
  .bss                zero     0x20004b08     0x4  cppinit.o [3]
  .bss                zero     0x20004b0c     0x4  cppinit.o [3]
  __DLIB_PERTHREAD    zero     0x20004b10     0x4  errno.o [3]
  .bss                zero     0x20004b14     0x1  interpret.o [1]
  .bss                zero     0x20004b15     0x1  interpret.o [1]
  .bss                zero     0x20004b16     0x1  interpret.o [1]
  .bss                zero     0x20004b17     0x1  port.o [1]
  .bss                zero     0x20004b18     0x1  usb_dev_serial.o [1]
  .bss                zero     0x20004b19     0x1  usb_dev_serial.o [1]
                             - 0x20004b1a  0x4a4a

"P2", part 3 of 3:                          0x5b0
  .noinit             uninit   0x20004b1c   0x400  startup_ewarm.o [1]
  .iar.dynexit                 0x20004f1c   0x1b0  <Block>
    .iar.dynexit      uninit   0x20004f1c     0xc  cppinit.o [3]
    .iar.dynexit      uninit   0x20004f28   0x1a4  <Block tail>
                             - 0x200050cc   0x5b0


*******************************************************************************
*** INIT TABLE
***

          Address     Size
          -------     ----
Zero (__iar_zero_init3)
    1 destination range, total size 0x4a4a:
          0x200000d0  0x4a4a

Copy (__iar_copy_init3)
    1 source range, total size 0xd0:
          0x00007168    0xd0
    1 destination range, total size 0xd0:
          0x20000000    0xd0

Extra (__iar_cstart_call_ctors)



*******************************************************************************
*** MODULE SUMMARY
***

    Module                ro code  ro data  rw data
    ------                -------  -------  -------
C:\dev\docs\scottdesign\motor\Debug\Obj: [1]
    accel.o                   586
    flashio.o                   2
    heap_2.o                  332        6   12 024
    interpret.o             4 842      580    5 679
    list.o                    164
    main.o                    398       68
    parseTreeEntry.o          120
    port.o                    344        4        9
    portasm.o                 160
    startup_ewarm.o            30      620    1 024
    stepper.o               1 692                 4
    symbolTableEntry.o        108
    tasks.o                 2 014       32      256
    usb_dev_serial.o        1 388       28       18
    usb_serial_structs.o               388      656
    -----------------------------------------------
    Total:                 12 180    1 726   19 670

command line: [2]
    -----------------------------------------------
    Total:

dl7M_tln.a: [3]
    XShttio.o                   8        8        8
    abort.o                     6
    cppinit.o                 152                20
    errno.o                    12                 4
    exit.o                      4
    low_level_init.o            4
    putchar.o                  40
    sscanf.o                   36
    strstr.o                   44
    xassert.o                  76
    xreportassert.o           160
    xscanfsmall.o           1 284
    xsscin.o                   30
    xstol.o                   134
    xstoul.o                  372
    xtls.o                      2
    -----------------------------------------------
    Total:                  2 364        8       32

dlpp7M_tl_ne.a: [4]
    cxxabi.o                   80
    -----------------------------------------------
    Total:                     80

driverlib.a: [5]
    cpu.o                      16
    gpio.o                      6
    interrupt.o               532
    sysctl.o                  116
    timer.o                   102
    udma.o                    284
    usb.o                   1 014
    -----------------------------------------------
    Total:                  2 070

m7M_tlv.a: [6]
    DblDiv.o                  582
    DblMul.o                  418
    DblToFlt.o                144
    I32ToDbl.o                 44
    expf.o                     80
    fpinit_M.o                 26
    xfdnorm.o                  38
    xfdscale.o                200
    xfexp.o                   540
    -----------------------------------------------
    Total:                  2 072

rt7M_tl.a: [7]
    ABImemcpy.o               118
    ABImemset.o               102
    cexit.o                    14
    cmain.o                    22
    cmain_call_ctors.o         32
    copy_init3.o               46
    cstart_call_dtors.o
    cstartup_M.o               12
    data_init3.o               40
    memchr.o                   88
    memcmp.o                   98
    strchr.o                   22
    strcmp.o                   66
    strlen.o                   54
    zero_init3.o               34
    -----------------------------------------------
    Total:                    748

shb_l.a: [8]
    dwrite.o                   30
    exit.o                     20
    iarttio.o                 108
    iarwrite.o                 34
    iarwstd.o                  32
    write.o                    16
    -----------------------------------------------
    Total:                    240

usblib.a: [9]
    usbbuffer.o               588
    usbdcdc.o               1 872      176       68
    usbdcdesc.o               336
    usbdconfig.o              552
    usbdenum.o              2 412               144
    usbdesc.o                  84
    usbdhandler.o              24
    usbdma.o                1 144               272
    usbmode.o                  28       16       16
    usbringbuf.o              338
    usbtick.o                 108                60
    -----------------------------------------------
    Total:                  7 486      192      560

    Gaps                       30        4
    Linker created                      40      420
---------------------------------------------------
    Grand Total:           27 270    1 970   20 682


*******************************************************************************
*** ENTRY LIST
***

Entry                      Address    Size  Type      Object
-----                      -------    ----  ----      ------
.iar.dynexit$$Base      0x20004f1c           --   Gb  - Linker created -
.iar.dynexit$$Limit     0x200050cc           --   Gb  - Linker created -
?main                   0x00006f71          Code  Gb  cmain.o [7]
CDCTickHandler          0x0000633d    0x7a  Code  Lc  usbdcdc.o [9]
CPUcpsid                0x00003b8d     0x8  Code  Gb  cpu.o [5]
CPUcpsie                0x00003b95     0x8  Code  Gb  cpu.o [5]
CheckForSerialStateChange
                        0x00006629    0x3a  Code  Lc  usb_dev_serial.o [1]
ControlHandler          0x00006901    0xd8  Code  Gb  usb_dev_serial.o [1]
DMAUSBIntHandler        0x00005569    0x30  Code  Lc  usbdma.o [9]
DMAUSBIntStatusClear    0x0000555b     0xe  Code  Lc  usbdma.o [9]
DMAUSBStatus            0x000058b5     0x4  Code  Lc  usbdma.o [9]
DeviceConsumedAllData   0x00005ef1    0x18  Code  Lc  usbdcdc.o [9]
DtorRecArray            0x20004f1c     0xc  Data  Lc  cppinit.o [3]
FaultISR                0x00006f43     0x2  Code  Lc  startup_ewarm.o [1]
GPIOPinWrite            0x00002c75     0x6  Code  Gb  gpio.o [5]
GetEPDescriptorType     0x00005b5d    0x46  Code  Lc  usbdconfig.o [9]
GetEndpointFIFOSize     0x00005b41    0x1c  Code  Lc  usbdconfig.o [9]
GetLineCoding           0x0000682b    0xa4  Code  Lc  usb_dev_serial.o [1]
HandleConfigChange      0x00006151    0x2c  Code  Lc  usbdcdc.o [9]
HandleDevice            0x000061cb    0x62  Code  Lc  usbdcdc.o [9]
HandleDisconnect        0x000062f7    0x22  Code  Lc  usbdcdc.o [9]
HandleEP0Data           0x0000617d    0x46  Code  Lc  usbdcdc.o [9]
HandleEndpoints         0x000060ff    0x52  Code  Lc  usbdcdc.o [9]
HandleRequests          0x0000622d    0xb8  Code  Lc  usbdcdc.o [9]
HandleResume            0x00006325     0xc  Code  Lc  usbdcdc.o [9]
HandleRxAvailable       0x00002ab5    0xb2  Code  Lc  usbbuffer.o [9]
HandleSuspend           0x00006319     0xc  Code  Lc  usbdcdc.o [9]
IntDefaultHandler       0x00006f45     0x2  Code  Lc  startup_ewarm.o [1]
IntDisable              0x00002deb    0x58  Code  Gb  interrupt.o [5]
IntEnable               0x00002d93    0x58  Code  Gb  interrupt.o [5]
IntIsEnabled            0x00002e43    0x5c  Code  Gb  interrupt.o [5]
IntMasterDisable        0x00002d61     0x6  Code  Gb  interrupt.o [5]
IntMasterEnable         0x00002d59     0x8  Code  Gb  interrupt.o [5]
IntPrioritySet          0x00002d6f    0x24  Code  Gb  interrupt.o [5]
InternalUSBRegisterTickHandler
                        0x000059a1    0x24  Code  Gb  usbtick.o [9]
InternalUSBStartOfFrameTick
                        0x000059c5    0x26  Code  Gb  usbtick.o [9]
InternalUSBTickInit     0x00005985    0x1c  Code  Gb  usbtick.o [9]
NextConfigDescGet       0x000059f1    0x2e  Code  Lc  usbdcdesc.o [9]
NmiSR                   0x00006f41     0x2  Code  Lc  startup_ewarm.o [1]
ProcessDataFromHost     0x00006003    0x5e  Code  Gb  usbdcdc.o [9]
ProcessDataToHost       0x000060a5    0x52  Code  Gb  usbdcdc.o [9]
ProcessNotificationToHost
                        0x0000606f    0x36  Code  Gb  usbdcdc.o [9]
ReadUARTData            0x00006663    0x64  Code  Lc  usb_dev_serial.o [1]
Region$$Table$$Base     0x00006ea0           --   Gb  - Linker created -
Region$$Table$$Limit    0x00006ec8           --   Gb  - Linker created -
ResetISR                0x00006f29    0x14  Code  Gb  startup_ewarm.o [1]
RxHandler               0x000069e7    0x48  Code  Gb  usb_dev_serial.o [1]
SHT$$INIT_ARRAY$$Base   0x00007164           --   Gb  - Linker created -
SHT$$INIT_ARRAY$$Limit  0x00007168           --   Gb  - Linker created -
SHT$$PREINIT_ARRAY$$Base
                        0x00007164           --   Gb  - Linker created -
SHT$$PREINIT_ARRAY$$Limit
                        0x00007164           --   Gb  - Linker created -
ScheduleNextTransmission
                        0x00002a27    0x8e  Code  Lc  usbbuffer.o [9]
SendBreak               0x000068cf    0x32  Code  Lc  usb_dev_serial.o [1]
SendBreak               0x00005f09    0x3a  Code  Lc  usbdcdc.o [9]
SendLineCodingChange    0x00005f43    0x1e  Code  Lc  usbdcdc.o [9]
SendLineStateChange     0x00005f61    0x1e  Code  Lc  usbdcdc.o [9]
SendSerialState         0x00005f7f    0x84  Code  Lc  usbdcdc.o [9]
SetControlLineState     0x0000677f     0x2  Code  Lc  usb_dev_serial.o [1]
SetDeferredOpFlag       0x00005ed9    0x18  Code  Lc  usbdcdc.o [9]
SetLineCoding           0x00006781    0xaa  Code  Lc  usb_dev_serial.o [1]
SysCtlPeripheralEnable  0x00002cbd     0x8  Code  Gb  sysctl.o [5]
SysCtlPeripheralReset   0x00002c7d    0x40  Code  Gb  sysctl.o [5]
SysCtlUSBPLLEnable      0x00002cd9     0xc  Code  Gb  sysctl.o [5]
TimerConfigure          0x00002d09    0x26  Code  Gb  timer.o [5]
TimerDisable            0x00002cfd     0xc  Code  Gb  timer.o [5]
TimerEnable             0x00002cf1     0xc  Code  Gb  timer.o [5]
TimerIntEnable          0x00002d45     0x4  Code  Gb  timer.o [5]
TimerLoadSet            0x00002d35    0x10  Code  Gb  timer.o [5]
TxHandler               0x000069d9     0xe  Code  Gb  usb_dev_serial.o [1]
UARTSend                0x00001aab    0x12  Code  Gb  main.o [1]
USB0DeviceIntHandler    0x00006fd5    0x18  Code  Gb  usbdhandler.o [9]
USBBufferDataAvailable  0x00002bdb     0x6  Code  Gb  usbbuffer.o [9]
USBBufferEventCallback  0x00002be7    0x8c  Code  Gb  usbbuffer.o [9]
USBBufferFlush          0x00002baf     0x6  Code  Gb  usbbuffer.o [9]
USBBufferInit           0x00002b67    0x16  Code  Gb  usbbuffer.o [9]
USBBufferRead           0x00002bb5    0x26  Code  Gb  usbbuffer.o [9]
USBBufferSpaceAvailable
                        0x00002be1     0x6  Code  Gb  usbbuffer.o [9]
USBBufferWrite          0x00002b7d    0x32  Code  Gb  usbbuffer.o [9]
USBDCDCCompositeInit    0x000063cd    0x8e  Code  Gb  usbdcdc.o [9]
USBDCDCInit             0x0000645b    0x42  Code  Gb  usbdcdc.o [9]
USBDCDCPacketRead       0x000064f9    0x7e  Code  Gb  usbdcdc.o [9]
USBDCDCPacketWrite      0x000064ad    0x4c  Code  Gb  usbdcdc.o [9]
USBDCDCRxPacketAvailable
                        0x00006587    0x32  Code  Gb  usbdcdc.o [9]
USBDCDCSerialStateChange
                        0x000065c1    0x2e  Code  Gb  usbdcdc.o [9]
USBDCDCTxPacketAvailable
                        0x00006577    0x10  Code  Gb  usbdcdc.o [9]
USBDCDConfigDescGet     0x00005a67    0x54  Code  Gb  usbdcdesc.o [9]
USBDCDConfigDescGetNum  0x00005a3d    0x2a  Code  Gb  usbdcdesc.o [9]
USBDCDConfigDescGetSize
                        0x00005a1f    0x1e  Code  Gb  usbdcdesc.o [9]
USBDCDConfigGetInterface
                        0x00005abb    0x4c  Code  Gb  usbdcdesc.o [9]
USBDCDConfigGetInterfaceEndpoint
                        0x00005b0f    0x32  Code  Gb  usbdcdesc.o [9]
USBDCDDeviceInfoInit    0x000047a9    0x1a  Code  Gb  usbdenum.o [9]
USBDCDInit              0x000047c3    0xb8  Code  Gb  usbdenum.o [9]
USBDCDRequestDataEP0    0x0000487b    0x10  Code  Gb  usbdenum.o [9]
USBDCDSendDataEP0       0x0000488b     0xa  Code  Gb  usbdenum.o [9]
USBDCDStallEP0          0x00004899    0x18  Code  Gb  usbdenum.o [9]
USBDClearFeature        0x00004aab    0x72  Code  Lc  usbdenum.o [9]
USBDEP0StateTx          0x00004e5b    0x66  Code  Lc  usbdenum.o [9]
USBDEP0StateTxConfig    0x00004ec1   0x13e  Code  Lc  usbdenum.o [9]
USBDGetConfiguration    0x00004ccf    0x22  Code  Lc  usbdenum.o [9]
USBDGetDescriptor       0x00004ba1   0x128  Code  Lc  usbdenum.o [9]
USBDGetInterface        0x00004d87    0x24  Code  Lc  usbdenum.o [9]
USBDGetStatus           0x00004a5b    0x50  Code  Lc  usbdenum.o [9]
USBDReadAndDispatchRequest
                        0x000048fb    0x56  Code  Lc  usbdenum.o [9]
USBDSetAddress          0x00004b87    0x1a  Code  Lc  usbdenum.o [9]
USBDSetConfiguration    0x00004d01    0x7e  Code  Lc  usbdenum.o [9]
USBDSetDescriptor       0x00004cc9     0x6  Code  Lc  usbdenum.o [9]
USBDSetFeature          0x00004b27    0x60  Code  Lc  usbdenum.o [9]
USBDSetInterface        0x00004dc3    0x88  Code  Lc  usbdenum.o [9]
USBDSyncFrame           0x00004e4b     0x4  Code  Lc  usbdenum.o [9]
USBDescGet              0x00005eab    0x2e  Code  Gb  usbdesc.o [9]
USBDescGetNum           0x00005e85    0x26  Code  Gb  usbdesc.o [9]
USBDevAddrSet           0x000052ab     0x4  Code  Gb  usb.o [5]
USBDevConnect           0x00005293     0xc  Code  Gb  usb.o [5]
USBDevDisconnect        0x0000529f     0xc  Code  Gb  usb.o [5]
USBDevEndpointConfigSet
                        0x000052af    0x74  Code  Gb  usb.o [5]
USBDevEndpointDataAck   0x00005451    0x20  Code  Gb  usb.o [5]
USBDevEndpointStall     0x00005223    0x30  Code  Gb  usb.o [5]
USBDevEndpointStallClear
                        0x00005253    0x40  Code  Gb  usb.o [5]
USBDevEndpointStatusClear
                        0x000051d5    0x4e  Code  Gb  usb.o [5]
USBDevMode              0x000054f5     0x2  Code  Gb  usb.o [5]
USBDeviceConfig         0x00005ba3   0x136  Code  Gb  usbdconfig.o [9]
USBDeviceConfigAlternate
                        0x00005ce5    0x7e  Code  Gb  usbdconfig.o [9]
USBDeviceEnumHandler    0x00004955    0xca  Code  Gb  usbdenum.o [9]
USBDeviceEnumResetHandler
                        0x00004a1f    0x3c  Code  Gb  usbdenum.o [9]
USBDeviceIntHandlerInternal
                        0x00004fff    0xc8  Code  Gb  usbdenum.o [9]
USBDeviceResumeTickHandler
                        0x000048b1    0x4a  Code  Gb  usbdenum.o [9]
USBEndpointDMAChannel   0x000054db    0x1a  Code  Gb  usb.o [5]
USBEndpointDMAConfigSet
                        0x00005365    0x48  Code  Gb  usb.o [5]
USBEndpointDMADisable   0x000053cd    0x20  Code  Gb  usb.o [5]
USBEndpointDMAEnable    0x000053ad    0x20  Code  Gb  usb.o [5]
USBEndpointDataAvail    0x000053ed    0x20  Code  Gb  usb.o [5]
USBEndpointDataGet      0x0000540d    0x44  Code  Gb  usb.o [5]
USBEndpointDataPut      0x00005471    0x30  Code  Gb  usb.o [5]
USBEndpointDataSend     0x000054a7    0x2c  Code  Gb  usb.o [5]
USBEndpointPacketCountSet
                        0x000054fd     0xe  Code  Gb  usb.o [5]
USBEndpointStatus       0x000051c1     0xe  Code  Gb  usb.o [5]
USBFIFOAddrGet          0x000054d3     0x8  Code  Gb  usb.o [5]
USBFIFOConfigSet        0x00005323    0x3c  Code  Gb  usb.o [5]
USBHostResume           0x0000512f    0x14  Code  Gb  usb.o [5]
USBIndexWrite           0x00005115    0x1a  Code  Lc  usb.o [5]
USBIntEnableControl     0x00005143    0x26  Code  Gb  usb.o [5]
USBIntEnableEndpoint    0x00005199    0x1a  Code  Gb  usb.o [5]
USBIntStatusControl     0x00005169    0x30  Code  Gb  usb.o [5]
USBIntStatusEndpoint    0x000051b3     0x6  Code  Gb  usb.o [5]
USBLibDMAInit           0x000058b9    0x84  Code  Gb  usbdma.o [9]
USBRingBufAdvanceRead   0x00003b03    0x1e  Code  Gb  usbringbuf.o [9]
USBRingBufAdvanceWrite  0x00003b21    0x36  Code  Gb  usbringbuf.o [9]
USBRingBufContigFree    0x00003ab5    0x1c  Code  Gb  usbringbuf.o [9]
USBRingBufContigUsed    0x00003aa3    0x12  Code  Gb  usbringbuf.o [9]
USBRingBufFlush         0x00003a67    0x1a  Code  Gb  usbringbuf.o [9]
USBRingBufFree          0x00003a95     0xe  Code  Gb  usbringbuf.o [9]
USBRingBufInit          0x00003b81     0xc  Code  Gb  usbringbuf.o [9]
USBRingBufRead          0x00003ae7    0x1c  Code  Gb  usbringbuf.o [9]
USBRingBufReadOne       0x00003ad1    0x16  Code  Gb  usbringbuf.o [9]
USBRingBufUsed          0x00003a81    0x14  Code  Gb  usbringbuf.o [9]
USBRingBufWrite         0x00003b65    0x1c  Code  Gb  usbringbuf.o [9]
USBRingBufWriteOne      0x00003b57     0xe  Code  Gb  usbringbuf.o [9]
USBStackModeSet         0x00006b95    0x18  Code  Gb  usbmode.o [9]
USBUARTIntHandler       0x0000671b    0x64  Code  Gb  usb_dev_serial.o [1]
USBUARTPrimeTransmit    0x000066c7    0x54  Code  Lc  usb_dev_serial.o [1]
UpdateIndexAtomic       0x00003a3b    0x2c  Code  Lc  usbringbuf.o [9]
_GetintSmall            0x00003255   0x230  Code  Lc  xscanfsmall.o [3]
_GetstrSmall            0x00003195    0xc0  Code  Lc  xscanfsmall.o [3]
_SScin                  0x00001c27    0x1e  Code  Gb  xsscin.o [3]
_ScanfSmall             0x00002f99   0x1f6  Code  Gb  xscanfsmall.o [3]
__aeabi_assert          0x000022b7    0x4a  Code  Gb  xassert.o [3]
__aeabi_atexit          0x00001229     0xa  Code  Gb  cxxabi.o [4]
__aeabi_d2f             0x000041e5          Code  Gb  DblToFlt.o [6]
__aeabi_ddiv            0x00003f9d          Code  Gb  DblDiv.o [6]
__aeabi_dmul            0x00003df9          Code  Gb  DblMul.o [6]
__aeabi_errno_addr      0x00004325     0x6  Code  Gb  errno.o [3]
__aeabi_i2d             0x00003dcd          Code  Gb  I32ToDbl.o [6]
__aeabi_memcpy          0x000024b5          Code  Gb  ABImemcpy.o [7]
__aeabi_memcpy4         0x000024d5          Code  Gb  ABImemcpy.o [7]
__aeabi_memcpy8         0x000024d5          Code  Gb  ABImemcpy.o [7]
__aeabi_memset          0x000039d5          Code  Gb  ABImemset.o [7]
__aeabi_vec_ctor_nocookie_nodtor
                        0x000011e9    0x22  Code  Gb  cxxabi.o [4]
__aeabi_vec_dtor        0x0000120b    0x1e  Code  Gb  cxxabi.o [4]
__call_ctors            0x0000252d    0x18  Code  Gb  cppinit.o [3]
__call_dtors            0x0000257f     0x2  Code  Gb  cppinit.o [3]
__cexit_call_dtors      0x00006f93          Code  Gb  cexit.o [7]
__cmain                 0x00006f71          Code  Gb  cmain.o [7]
__cstart_call_dtors     0x00007168          Data  Gb  cstart_call_dtors.o [7]
__cxa_atexit            0x00002545    0x3a  Code  Gb  cppinit.o [3]
__cxa_finalize          0x00002581    0x38  Code  Gb  cppinit.o [3]
__dso_handle            0x20004b0c     0x4  Data  Gb  cppinit.o [3]
__dwrite                0x00004719    0x1e  Code  Gb  dwrite.o [8]
__exit                  0x00004311    0x14  Code  Gb  exit.o [8]
__iar_EmptyStepPoint    0x000022b5     0x2  Code  Gb  xassert.o [3]
__iar_Errno             0x20004b10     0x4  Data  Gb  errno.o [3]
__iar_FDnorm            0x00004741    0x26  Code  Gb  xfdnorm.o [6]
__iar_FDscale           0x00004651    0xc8  Code  Gb  xfdscale.o [6]
__iar_FExp              0x00004389   0x1ea  Code  Gb  xfexp.o [6]
__iar_Memchr            0x00004331          Code  Gb  memchr.o [7]
__iar_Memset            0x000039d5          Code  Gb  ABImemset.o [7]
__iar_Memset_word       0x000039dd          Code  Gb  ABImemset.o [7]
__iar_ReportAssert      0x0000391b    0x50  Code  Gb  xreportassert.o [3]
__iar_Stolx             0x00003bb3    0x86  Code  Gb  xstol.o [3]
__iar_Stoul             0x00003d57     0x4  Code  Gb  xstoul.o [3]
__iar_Stoulx            0x00003c39   0x118  Code  Gb  xstoul.o [3]
__iar_Strchr            0x00003b9d          Code  Gb  strchr.o [7]
__iar_Strstr            0x00002f6d    0x2c  Code  Gb  strstr.o [3]
__iar_close_ttio        0x000045e1    0x2e  Code  Gb  iarttio.o [8]
__iar_copy_init3        0x0000123f    0x2e  Code  Gb  copy_init3.o [7]
__iar_cstart_call_ctors
                        0x00006f09    0x20  Code  Gb  cmain_call_ctors.o [7]
__iar_data_init3        0x00006de9    0x28  Code  Gb  data_init3.o [7]
__iar_dlib_perthread_access
                        0x0000464d     0x2  Code  Gb  xtls.o [3]
__iar_get_ttio          0x00004611    0x38  Code  Gb  iarttio.o [8]
__iar_init_vfp          0x00006f55          Code  Gb  fpinit_M.o [6]
__iar_lookup_ttioh      0x00004739     0x8  Code  Gb  XShttio.o [3]
__iar_program_start     0x00006f47          Code  Gb  cstartup_M.o [7]
__iar_sh_stdout         0x00004767    0x20  Code  Gb  iarwstd.o [8]
__iar_sh_write          0x00004787    0x22  Code  Gb  iarwrite.o [8]
__iar_strcmp            0x00001c45          Code  Gb  strcmp.o [7]
__iar_ttio_handles      0x200000b4     0x8  Data  Lc  XShttio.o [3]
__iar_ui2d              0x00003de1          Code  Gb  I32ToDbl.o [6]
__iar_zero_init3        0x00001a77    0x22  Code  Gb  zero_init3.o [7]
__low_level_init        0x00006f87     0x4  Code  Gb  low_level_init.o [3]
__sti__routine          0x0000026d    0x18  Code  Lc  interpret.o [1]
__vector_table          0x00000000   0x26c  Data  Gb  startup_ewarm.o [1]
__write                 0x000045cf    0x10  Code  Gb  write.o [8]
_call_main              0x00006f7d          Code  Gb  cmain.o [7]
_exit                   0x00006f91          Code  Gb  cexit.o [7]
_main                   0x00006f83          Code  Gb  cmain.o [7]
abort                   0x000039a5     0x6  Code  Gb  abort.o [3]
accel::_initUnitCurve(int)
                        0x00003591    0x7e  Code  Gb  accel.o [1]
accel::_scaleYAxisToClockTicks()
                        0x0000367b    0x3c  Code  Gb  accel.o [1]
accel::_scaleYAxisToFrequency()
                        0x00003625    0x56  Code  Gb  accel.o [1]
accel::accel()          0x000034a1    0x48  Code  Gb  accel.o [1]
accel::accelTime()      0x0000371d     0x6  Code  Gb  stepper.o [1]
accel::accelTime(unsigned int)
                        0x00003dc5     0x6  Code  Gb  stepper.o [1]
accel::clockTicksToCurveIndex(unsigned int)
                        0x00003dad    0x18  Code  Gb  stepper.o [1]
accel::clockTicksToCurveIndexReverse(unsigned int)
                        0x000042c5    0x18  Code  Gb  stepper.o [1]
accel::clockTicksToMicroSec(unsigned int)
                        0x00003775    0x1a  Code  Gb  stepper.o [1]
accel::curveIndexToClockTicks(unsigned int)
                        0x0000376b     0xa  Code  Gb  stepper.o [1]
accel::fmax()           0x00003795     0x6  Code  Gb  stepper.o [1]
accel::fmin()           0x0000378f     0x6  Code  Gb  stepper.o [1]
accel::freqCloseToStop(unsigned int)
                        0x00003899    0x12  Code  Gb  stepper.o [1]
accel::freqFromClockTicks(unsigned int)
                        0x0000386f    0x2a  Code  Gb  stepper.o [1]
accel::freqFromTime(unsigned int)
                        0x0000379b    0x16  Code  Gb  stepper.o [1]
accel::frequency(unsigned int, unsigned int)
                        0x000036b7    0x34  Code  Gb  accel.o [1]
accel::initAccelTime(unsigned int)
                        0x00003723    0x22  Code  Gb  stepper.o [1]
accel::microSecToCurveIndex(unsigned int)
                        0x00003745    0x26  Code  Gb  stepper.o [1]
accel::microSecToCurveIndexReverse(unsigned int)
                        0x000045a5    0x2a  Code  Gb  stepper.o [1]
accel::stepsToTime(unsigned int)
                        0x00003533    0x5e  Code  Gb  accel.o [1]
accel::timeToSteps(unsigned int)
                        0x000034e9    0x4a  Code  Gb  accel.o [1]
accel::updateClockPeriod()
                        0x000037ed    0x30  Code  Gb  stepper.o [1]
accel::updateClockPeriodReverse()
                        0x00003839    0x30  Code  Gb  stepper.o [1]
accel::~accel()         0x00006c89     0x2  Code  Gb  interpret.o [1]
bufferInput             0x000004af   0x20a  Code  Gb  interpret.o [1]
delay                   0x00001abd    0x1c  Code  Gb  main.o [1]
digits                  0x00003d5c    0x28  Data  Lc  xstoul.o [3]
enable                  0x00001ad9     0xe  Code  Gb  main.o [1]
errMsg()                0x000002d7    0x1a  Code  Gb  interpret.o [1]
exit                    0x00006f8b     0x4  Code  Gb  exit.o [3]
expf                    0x00004275    0x4c  Code  Gb  expf.o [6]
flashLED                0x00001b07     0x2  Code  Gb  main.o [1]
flashio::flashio()      0x00001e05     0x2  Code  Gb  flashio.o [1]
flashio::~flashio()     0x00006c87     0x2  Code  Gb  interpret.o [1]
g_bSendingBreak         0x20004b18     0x1  Data  Lc  usb_dev_serial.o [1]
g_bUSBConfigured        0x20004b19     0x1  Data  Lc  usb_dev_serial.o [1]
g_bUSBTimerInitialized  0x2000497c     0x1  Data  Gb  usbtick.o [9]
g_eOTGModeState         0x20000091     0x1  Data  Gb  usbmode.o [9]
g_iDualMode             0x20000092     0x1  Data  Lc  usbmode.o [9]
g_iUSBMode              0x20000090     0x1  Data  Gb  usbmode.o [9]
g_pCDCCompSerConfigDescriptors
                        0x000065f4     0x4  Data  Gb  usbdcdc.o [9]
g_pcStatus              0x20004b00     0x4  Data  Gb  usb_dev_serial.o [1]
g_pfnTickHandlers       0x20004980    0x18  Data  Gb  usbtick.o [9]
g_pfnUSBModeCallback    0x2000009c     0x4  Data  Lc  usbmode.o [9]
g_ppCDCSerConfigDescriptors
                        0x000065f0     0x4  Data  Gb  usbdcdc.o [9]
g_ppsDevInfo            0x20004934     0x4  Data  Gb  usbdenum.o [9]
g_ppui8StringDescriptors
                        0x00006fbc    0x18  Data  Gb  usb_serial_structs.o [1]
g_psCDCCompSerSections  0x20000080    0x10  Data  Gb  usbdcdc.o [9]
g_psCDCSerSections      0x200000a0     0xc  Data  Gb  usbdcdc.o [9]
g_psDCDInst             0x200048ec    0x48  Data  Gb  usbdenum.o [9]
g_psUSBDMAInst          0x20004470   0x110  Data  Lc  usbdma.o [9]
g_psUSBDStdRequests     0x000050e0    0x34  Data  Lc  usbdenum.o [9]
g_pui32Dii16Regs        0x00002f58    0x14  Data  Lc  interrupt.o [5]
g_pui32EnRegs           0x00002f44    0x14  Data  Lc  interrupt.o [5]
g_pui32Regs             0x00002ea8    0x9c  Data  Lc  interrupt.o [5]
g_pui8CDCSerCommInterface
                        0x00006bc0    0x24  Data  Gb  usbdcdc.o [9]
g_pui8CDCSerDataInterface
                        0x00006bec    0x18  Data  Gb  usbdcdc.o [9]
g_pui8CDCSerDescriptor  0x20000060     0xc  Data  Gb  usbdcdc.o [9]
g_pui8CDCSerDeviceDescriptor
                        0x2000006c    0x14  Data  Gb  usbdcdc.o [9]
g_pui8ConfigString      0x00006cd4    0x38  Data  Gb  usb_serial_structs.o [1]
g_pui8ControlInterfaceString
                        0x00006d94    0x2c  Data  Gb  usb_serial_structs.o [1]
g_pui8DataBufferIn      0x2000493c    0x40  Data  Lc  usbdenum.o [9]
g_pui8IADSerDescriptor  0x200000ac     0x8  Data  Gb  usbdcdc.o [9]
g_pui8LangDescriptor    0x00007160     0x4  Data  Gb  usb_serial_structs.o [1]
g_pui8ManufacturerString
                        0x00006e10    0x24  Data  Gb  usb_serial_structs.o [1]
g_pui8ProductString     0x00006e34    0x24  Data  Gb  usb_serial_structs.o [1]
g_pui8RxBufferWorkspace
                        0x200049f4    0x18  Data  Gb  usb_serial_structs.o [1]
g_pui8SerialNumberString
                        0x00007000    0x14  Data  Gb  usb_serial_structs.o [1]
g_pui8TxBufferWorkspace
                        0x20004a0c    0x18  Data  Gb  usb_serial_structs.o [1]
g_pui8USBRxBuffer       0x20004688   0x100  Data  Gb  usb_serial_structs.o [1]
g_pui8USBTxBuffer       0x20004788   0x100  Data  Gb  usb_serial_structs.o [1]
g_pvTickInstance        0x20004998    0x18  Data  Gb  usbtick.o [9]
g_sCDCCompSerConfigHeader
                        0x00006c14     0x8  Data  Gb  usbdcdc.o [9]
g_sCDCDevice            0x20000000    0x60  Data  Gb  usb_serial_structs.o [1]
g_sCDCHandlers          0x000065f8    0x30  Data  Gb  usbdcdc.o [9]
g_sCDCSerCommInterfaceSection
                        0x00006be4     0x8  Data  Gb  usbdcdc.o [9]
g_sCDCSerConfigHeader   0x00006c0c     0x8  Data  Gb  usbdcdc.o [9]
g_sCDCSerConfigSection  0x00006bb0     0x8  Data  Gb  usbdcdc.o [9]
g_sCDCSerDataInterfaceSection
                        0x00006c04     0x8  Data  Gb  usbdcdc.o [9]
g_sIADSerConfigSection  0x00006bb8     0x8  Data  Gb  usbdcdc.o [9]
g_sRxBuffer             0x00006e58    0x24  Data  Gb  usb_serial_structs.o [1]
g_sTxBuffer             0x00006e7c    0x24  Data  Gb  usb_serial_structs.o [1]
g_ui32CurrentUSBTick    0x200049b0     0x4  Data  Gb  usbtick.o [9]
g_ui32Flags             0x20004afc     0x4  Data  Gb  usb_dev_serial.o [1]
g_ui32PollRate          0x20000094     0x4  Data  Gb  usbmode.o [9]
g_ui32UARTRxCount       0x20004af8     0x4  Data  Gb  usb_dev_serial.o [1]
g_ui32UARTTxCount       0x20004af4     0x4  Data  Gb  usb_dev_serial.o [1]
g_ui32USBSOFCount       0x20004b04     0x4  Data  Gb  usbtick.o [9]
g_ui32WaitTicks         0x20000098     0x4  Data  Gb  usbmode.o [9]
heapSTRUCT_SIZE         0x0000237e     0x2  Data  Lc  heap_2.o [1]
intToNodeType(int)      0x0000044d    0x62  Code  Gb  interpret.o [1]
interpret::_cleanUpEvaluationStack(unsigned int)
                        0x00000b93    0x34  Code  Gb  interpret.o [1]
interpret::_cleanUpSymbolTable()
                        0x00000bc7    0x28  Code  Gb  interpret.o [1]
interpret::_currentProgramNodeLevel() const
                        0x00002411    0x16  Code  Gb  interpret.o [1]
interpret::_currentProgramNodeType() const
                        0x00002305    0x16  Code  Gb  interpret.o [1]
interpret::_currentProgramNodeValue() const
                        0x0000231b    0x16  Code  Gb  interpret.o [1]
interpret::_evalValue()
                        0x00002381    0x3c  Code  Gb  interpret.o [1]
interpret::_evalValue()::string
                        0x00006ec8    0x20  Data  Gb  interpret.o [1]
interpret::_evalValue()::string (instance 2)
                        0x00006d3c    0x2c  Data  Gb  interpret.o [1]
interpret::_evalValuePeek() const
                        0x00002427     0xe  Code  Gb  interpret.o [1]
interpret::_findFirstAvailableNodeInSymbolTable()
                        0x000010f7    0x7e  Code  Gb  interpret.o [1]
interpret::_findFirstParseTreeEntry(parseTreeEntry const &, unsigned int)
                        0x00000bef    0x74  Code  Gb  interpret.o [1]
interpret::_getLastSymbolTableIndex()
                        0x0000245d    0x16  Code  Gb  interpret.o [1]
interpret::_programNodeType(unsigned int) const
                        0x00002477    0x14  Code  Gb  interpret.o [1]
interpret::_pushTemporarySymbolOnEvaluationStack(unsigned int)
                        0x00001075    0x82  Code  Gb  interpret.o [1]
interpret::_resetSymbolTableTemporaryBoundary()
                        0x00002407     0xa  Code  Gb  interpret.o [1]
interpret::_returnSymbolToAvailablePool(unsigned int)
                        0x000023bd    0x26  Code  Gb  interpret.o [1]
interpret::_updateProgramIndex(nodeType, int)
                        0x00000b35    0x5e  Code  Gb  interpret.o [1]
interpret::appendToProgram(parseTreeEntry const &)
                        0x0000071f    0x2e  Code  Gb  interpret.o [1]
interpret::appendToSymbolTable(symbolTableEntry const &)
                        0x0000074d    0x2e  Code  Gb  interpret.o [1]
interpret::evaluateOperator(unsigned int)
                        0x00000d11   0x348  Code  Gb  interpret.o [1]
interpret::getLowWaterMarkForTemporarySymbolSearch() const
                        0x000024af     0x6  Code  Gb  interpret.o [1]
interpret::getStepper()
                        0x00001239     0x6  Code  Gb  interpret.o [1]
interpret::interpret()  0x000006b9    0x66  Code  Gb  interpret.o [1]
interpret::run()        0x0000077b   0x3ba  Code  Gb  interpret.o [1]
interpret::setLowWaterMarkForTemporarySymbolSearch()
                        0x00001df9     0xc  Code  Gb  interpret.o [1]
interpret::symbolFromIndex(int)
                        0x00002493    0x1c  Code  Gb  interpret.o [1]
interpret::symbolTableIndexMorph(int)
                        0x00000c63    0x70  Code  Gb  interpret.o [1]
interpret::~interpret()
                        0x00006c1d    0x4c  Code  Gb  interpret.o [1]
interpretRun            0x00000285    0x38  Code  Gb  interpret.o [1]
interpreter             0x20002fb0  0x14c0  Data  Gb  interpret.o [1]
interpreterRunBool      0x20004b15     0x1  Data  Lc  interpret.o [1]
led::Off()              0x000038d9    0x1c  Code  Gb  interpret.o [1]
led::On()               0x000038bd    0x1c  Code  Gb  interpret.o [1]
led::_enable            0x20004b14     0x1  Data  Gb  interpret.o [1]
led::enable()           0x000042dd     0xc  Code  Gb  interpret.o [1]
led::enable(bool)       0x0000126d     0xc  Code  Gb  interpret.o [1]
led::led(bool)          0x00002281    0x1e  Code  Gb  interpret.o [1]
led::set(unsigned int)  0x000023ed    0x1a  Code  Gb  interpret.o [1]
led::~led()             0x00006c69     0xe  Code  Gb  interpret.o [1]
localAssert             0x00001a99    0x12  Code  Gb  main.o [1]
main                    0x00006a2f   0x106  Code  Gb  usb_dev_serial.o [1]
mainA                   0x00001b4f    0x1a  Code  Gb  main.o [1]
memchr                  0x00004331          Code  Gb  memchr.o [7]
memcmp                  0x00002861          Code  Gb  memcmp.o [7]
memset                  0x00002a11    0x16  Code  Gb  tasks.o [1]
motorStep               0x00001ae7    0x20  Code  Gb  main.o [1]
ndigs                   0x00003d84    0x28  Data  Lc  xstoul.o [3]
next_abi_dtor_rec       0x20004b08     0x4  Data  Lc  cppinit.o [3]
out                     0x00003905    0x16  Code  Lc  xreportassert.o [3]
parseTreeEntry::level() const
                        0x0000248b     0x4  Code  Gb  parseTreeEntry.o [1]
parseTreeEntry::level(unsigned int)
                        0x00001d85     0x4  Code  Gb  parseTreeEntry.o [1]
parseTreeEntry::operator =(const parseTreeEntry&)
                        0x00001d3b    0x4a  Code  Gb  parseTreeEntry.o [1]
parseTreeEntry::parseTreeEntry()
                        0x00001d2d     0x6  Code  Gb  parseTreeEntry.o [1]
parseTreeEntry::parseTreeEntry(nodeType, int, unsigned int)
                        0x00001d33     0x8  Code  Gb  parseTreeEntry.o [1]
parseTreeEntry::position() const
                        0x0000349d     0x4  Code  Gb  parseTreeEntry.o [1]
parseTreeEntry::position(nodePosition)
                        0x00001d89     0x4  Code  Gb  parseTreeEntry.o [1]
parseTreeEntry::type() const
                        0x00002301     0x4  Code  Gb  parseTreeEntry.o [1]
parseTreeEntry::type(nodeType)
                        0x00001d91     0x4  Code  Gb  parseTreeEntry.o [1]
parseTreeEntry::value() const
                        0x0000248f     0x4  Code  Gb  parseTreeEntry.o [1]
parseTreeEntry::value(int)
                        0x00001d8d     0x4  Code  Gb  parseTreeEntry.o [1]
parseTreeEntry::~parseTreeEntry()
                        0x00001d95     0x2  Code  Gb  interpret.o [1]
postMsg(bool)           0x000002f1    0x16  Code  Gb  interpret.o [1]
prvAddCurrentTaskToDelayedList
                        0x00001921    0x3e  Code  Lc  tasks.o [1]
prvAllocateTCBAndStack  0x0000196d    0x46  Code  Lc  tasks.o [1]
prvCheckTasksWaitingTermination
                        0x000018b9    0x5c  Code  Lc  tasks.o [1]
prvDeleteTCB            0x000019eb    0x12  Code  Lc  tasks.o [1]
prvHeapInit             0x000029cb    0x2e  Code  Lc  heap_2.o [1]
prvIdleTask             0x00001805     0x8  Code  Lc  tasks.o [1]
prvInitialiseTCBVariables
                        0x0000180d    0x60  Code  Lc  tasks.o [1]
prvInitialiseTaskLists  0x0000186d    0x46  Code  Lc  tasks.o [1]
prvTaskCheckFreeStackSpace
                        0x000019b3    0x18  Code  Lc  tasks.o [1]
pui32Stack              0x20004b1c   0x400  Data  Lc  startup_ewarm.o [1]
putchar                 0x000042e9    0x28  Code  Gb  putchar.o [3]
pvPortMalloc            0x000028c5    0xc2  Code  Gb  heap_2.o [1]
pxCurrentTCB            0x20004ac0     0x4  Data  Gb  tasks.o [1]
pxDelayedTaskList       0x20004ac4     0x4  Data  Lc  tasks.o [1]
pxOverflowDelayedTaskList
                        0x20004ac8     0x4  Data  Lc  tasks.o [1]
pxPortInitialiseStack   0x000025c5    0x22  Code  Gb  port.o [1]
pxReadyTasksLists       0x20004888    0x64  Data  Lc  tasks.o [1]
sp                      0x20004abc     0x4  Data  Gb  stepper.o [1]
sscanf                  0x00001d09    0x24  Code  Gb  sscanf.o [3]
stepper::_timer()       0x00003869     0x6  Code  Gb  stepper.o [1]
stepper::_timer(unsigned long)
                        0x0000381d    0x1c  Code  Gb  stepper.o [1]
stepper::_timerStart(bool)
                        0x0000220d    0x4e  Code  Gb  stepper.o [1]
stepper::directionPositive(bool)
                        0x000036ed    0x30  Code  Gb  stepper.o [1]
stepper::enable()       0x000038ab    0x12  Code  Gb  stepper.o [1]
stepper::isr()          0x0000200d   0x200  Code  Gb  stepper.o [1]
stepper::moveAbsolute(int)
                        0x00001ea3   0x156  Code  Gb  stepper.o [1]
stepper::moveRelative(int)
                        0x00001ff9    0x14  Code  Gb  stepper.o [1]
stepper::step()         0x000037b1    0x3c  Code  Gb  stepper.o [1]
stepper::stepper()      0x00001e3d    0x26  Code  Gb  stepper.o [1]
stepper::~stepper()     0x00006c77     0xe  Code  Gb  interpret.o [1]
stepperISR              0x00001e15    0x28  Code  Gb  stepper.o [1]
stepper_init            0x00001e63    0x40  Code  Gb  stepper.o [1]
stmtNestingLevel        0x20004aa0     0x4  Data  Lc  interpret.o [1]
stmtPosition            0x200049b4    0x20  Data  Lc  interpret.o [1]
stmtType                0x200049d4    0x20  Data  Lc  interpret.o [1]
stmtValue               0x20004aa4     0x4  Data  Lc  interpret.o [1]
strchr                  0x00003b9d          Code  Gb  strchr.o [7]
strcmp                  0x00001c45          Code  Gb  strcmp.o [7]
stringToNodePosition(char const *)
                        0x00000307    0x2c  Code  Gb  interpret.o [1]
stringToNodeType(char const *)
                        0x00000333   0x114  Code  Gb  interpret.o [1]
strlen                  0x00001a41          Code  Gb  strlen.o [7]
strstr(char const *, char const *)
                        0x00001cf9    0x10  Code  Gb  interpret.o [1]
successMsg()            0x000002bd    0x1a  Code  Gb  interpret.o [1]
symbFcnLink             0x20004ab0     0x4  Data  Lc  interpret.o [1]
symbType                0x20004aa8     0x4  Data  Lc  interpret.o [1]
symbValue               0x20004aac     0x4  Data  Lc  interpret.o [1]
symbolTableEntry::dumpEntry()
                        0x00001de9     0x2  Code  Gb  symbolTableEntry.o [1]
symbolTableEntry::fcnLink() const
                        0x000023e9     0x4  Code  Gb  symbolTableEntry.o [1]
symbolTableEntry::fcnLink(int)
                        0x00001df3     0x4  Code  Gb  symbolTableEntry.o [1]
symbolTableEntry::operator =(const symbolTableEntry&)
                        0x00001daf    0x3a  Code  Gb  symbolTableEntry.o [1]
symbolTableEntry::symbolTableEntry()
                        0x00001d97     0xe  Code  Gb  symbolTableEntry.o [1]
symbolTableEntry::symbolTableEntry(nodeType, int)
                        0x00001da5     0xa  Code  Gb  symbolTableEntry.o [1]
symbolTableEntry::type() const
                        0x00002473     0x4  Code  Gb  symbolTableEntry.o [1]
symbolTableEntry::type(nodeType)
                        0x00001deb     0x4  Code  Gb  symbolTableEntry.o [1]
symbolTableEntry::value() const
                        0x0000236b     0x4  Code  Gb  symbolTableEntry.o [1]
symbolTableEntry::value(int)
                        0x00001def     0x4  Code  Gb  symbolTableEntry.o [1]
symbolTableEntry::~symbolTableEntry()
                        0x00001df7     0x2  Code  Gb  interpret.o [1]
tinyQueue<int>::empty() const
                        0x0000229f    0x16  Code  Gb  interpret.o [1]
tinyQueue<int>::front() const
                        0x00002375     0xa  Code  Gb  interpret.o [1]
tinyQueue<int>::peekAtIndex(unsigned int) const
                        0x00002365     0x6  Code  Gb  interpret.o [1]
tinyQueue<int>::pop_front()
                        0x00002435    0x28  Code  Gb  interpret.o [1]
tinyQueue<int>::push_front(int)
                        0x00002331    0x34  Code  Gb  interpret.o [1]
tinyQueue<int>::size() const
                        0x000038f5    0x10  Code  Gb  interpret.o [1]
tinyQueue<int>::spaceAvail() const
                        0x000039ab    0x2a  Code  Gb  interpret.o [1]
tinyQueue<int>::stackFrameIndex() const
                        0x000023e3     0x6  Code  Gb  interpret.o [1]
tinyQueue<int>::stackFrameIndex(unsigned int)
                        0x0000236f     0x6  Code  Gb  interpret.o [1]
tinyQueue<int>::tinyQueue()
                        0x00001e07     0xe  Code  Gb  interpret.o [1]
tinyQueue<int>::~tinyQueue()
                        0x00006c85     0x2  Code  Gb  interpret.o [1]
tinyQueue<unsigned char>::clear()
                        0x00001ceb     0xc  Code  Gb  interpret.o [1]
tinyQueue<unsigned char>::getBuffer()
                        0x00001cf7     0x2  Code  Gb  interpret.o [1]
tinyQueue<unsigned char>::push(unsigned char)
                        0x00001c91    0x30  Code  Gb  interpret.o [1]
tinyQueue<unsigned char>::spaceAvail() const
                        0x00001cc1    0x2a  Code  Gb  interpret.o [1]
tinyQueue<unsigned char>::tinyQueue(int)
                        0x00001c87     0xa  Code  Gb  interpret.o [1]
tinyQueue<unsigned char>::~tinyQueue()
                        0x0000252b     0x2  Code  Gb  interpret.o [1]
uDMAChannelAttributeDisable
                        0x00005d89    0x26  Code  Gb  udma.o [5]
uDMAChannelControlSet   0x00005daf    0x18  Code  Gb  udma.o [5]
uDMAChannelDisable      0x00005d79    0x10  Code  Gb  udma.o [5]
uDMAChannelEnable       0x00005d69    0x10  Code  Gb  udma.o [5]
uDMAChannelModeGet      0x00005e45    0x28  Code  Gb  udma.o [5]
uDMAChannelTransferSet  0x00005dc7    0x7e  Code  Gb  udma.o [5]
uDMAUSBArbSizeSet       0x0000584d    0x60  Code  Lc  usbdma.o [9]
uDMAUSBChannelAllocate  0x00005703    0xa6  Code  Lc  usbdma.o [9]
uDMAUSBChannelDisable   0x000055eb    0x46  Code  Lc  usbdma.o [9]
uDMAUSBChannelEnable    0x00005599    0x52  Code  Lc  usbdma.o [9]
uDMAUSBChannelIntDisable
                        0x0000563f     0x2  Code  Lc  usbdma.o [9]
uDMAUSBChannelIntEnable
                        0x0000563d     0x2  Code  Lc  usbdma.o [9]
uDMAUSBChannelRelease   0x000057a9    0x5a  Code  Lc  usbdma.o [9]
uDMAUSBChannelStatus    0x0000550d    0x24  Code  Lc  usbdma.o [9]
uDMAUSBIntStatus        0x00005531    0x2a  Code  Lc  usbdma.o [9]
uDMAUSBTransfer         0x00005641    0xa6  Code  Lc  usbdma.o [9]
uDMAUSBUnitSizeSet      0x00005803    0x4a  Code  Lc  usbdma.o [9]
ucHeap                  0x200000d0  0x2ee0  Data  Lc  heap_2.o [1]
ucMaxSysCallPriority    0x20004b17     0x1  Data  Lc  port.o [1]
ulMaxPRIGROUPValue      0x20004ab8     0x4  Data  Lc  port.o [1]
ulPortSetInterruptMask  0x0000280b          Code  Gb  portasm.o [1]
uxCriticalNesting       0x200000c8     0x4  Data  Lc  port.o [1]
uxCurrentNumberOfTasks  0x20004ad0     0x4  Data  Lc  tasks.o [1]
uxListRemove            0x00002797    0x2a  Code  Gb  list.o [1]
uxPendedTicks           0x20004ae4     0x4  Data  Lc  tasks.o [1]
uxSchedulerSuspended    0x20004ae0     0x4  Data  Lc  tasks.o [1]
uxTaskGetStackHighWaterMark
                        0x000019cb    0x20  Code  Gb  tasks.o [1]
uxTaskNumber            0x20004af0     0x4  Data  Lc  tasks.o [1]
uxTasksDeleted          0x20004acc     0x4  Data  Lc  tasks.o [1]
uxTopReadyPriority      0x20004ad8     0x4  Data  Lc  tasks.o [1]
vApplicationStackOverflowHook
                        0x00001c25     0x2  Code  Gb  main.o [1]
vApplicationTickHook    0x00001c23     0x2  Code  Gb  main.o [1]
vIdleTask               0x00001b8d    0x28  Code  Lc  main.o [1]
vInterpretTask          0x00001c09    0x1a  Code  Lc  main.o [1]
vListInitialise         0x0000271d    0x1e  Code  Gb  list.o [1]
vListInitialiseItem     0x0000273b     0x6  Code  Gb  list.o [1]
vListInsert             0x0000275b    0x3c  Code  Gb  list.o [1]
vListInsertEnd          0x00002741    0x1a  Code  Gb  list.o [1]
vPortClearInterruptMask
                        0x00002819          Code  Gb  portasm.o [1]
vPortEnableVFP          0x00002845          Code  Gb  portasm.o [1]
vPortEnterCritical      0x00002691    0x1a  Code  Gb  port.o [1]
vPortExitCritical       0x000026ab    0x1c  Code  Gb  port.o [1]
vPortFree               0x00002987    0x44  Code  Gb  heap_2.o [1]
vPortSVCHandler         0x0000281f          Code  Gb  portasm.o [1]
vPortSetupTimerInterrupt
                        0x000026e7    0x10  Code  Wk  port.o [1]
vPortStartFirstTask     0x00002837          Code  Gb  portasm.o [1]
vPortYield              0x0000267f    0x12  Code  Gb  port.o [1]
vSetupHighFrequencyTimer
                        0x00001b09    0x46  Code  Gb  main.o [1]
vStartIdleTask          0x00001b69    0x22  Code  Gb  main.o [1]
vStartInterpretTask     0x00001bb5    0x24  Code  Gb  main.o [1]
vTaskDelay              0x00001441    0x3c  Code  Gb  tasks.o [1]
vTaskDelayUntil         0x000013c1    0x80  Code  Gb  tasks.o [1]
vTaskStartScheduler     0x0000147d    0x4c  Code  Gb  tasks.o [1]
vTaskSuspendAll         0x000014c9    0x10  Code  Gb  tasks.o [1]
vTaskSwitchContext      0x0000173d    0xc6  Code  Gb  tasks.o [1]
xDelayedTaskList1       0x20004a24    0x14  Data  Lc  tasks.o [1]
xDelayedTaskList2       0x20004a38    0x14  Data  Lc  tasks.o [1]
xEnd                    0x20004a90     0x8  Data  Lc  heap_2.o [1]
xFreeBytesRemaining     0x200000bc     0x4  Data  Lc  heap_2.o [1]
xNextTaskUnblockTime    0x200000cc     0x4  Data  Lc  tasks.o [1]
xNumOfOverflows         0x20004aec     0x4  Data  Lc  tasks.o [1]
xPendingReadyList       0x20004a4c    0x14  Data  Lc  tasks.o [1]
xPortPendSVHandler      0x000027c1          Code  Gb  portasm.o [1]
xPortStartScheduler     0x000025e7    0x98  Code  Gb  port.o [1]
xPortSysTickHandler     0x000026c7    0x20  Code  Gb  port.o [1]
xSchedulerRunning       0x20004adc     0x4  Data  Lc  tasks.o [1]
xStart                  0x20004a88     0x8  Data  Lc  heap_2.o [1]
xSuspendedTaskList      0x20004a74    0x14  Data  Lc  tasks.o [1]
xTaskGenericCreate      0x00001279   0x148  Code  Gb  tasks.o [1]
xTaskGetTickCount       0x000015c7    0x16  Code  Gb  tasks.o [1]
xTaskIncrementTick      0x000015dd   0x160  Code  Gb  tasks.o [1]
xTaskResumeAll          0x000014d9    0xee  Code  Gb  tasks.o [1]
xTaskWakeTime           0x20004a9c     0x4  Data  Lc  interpret.o [1]
xTasksWaitingTermination
                        0x20004a60    0x14  Data  Lc  tasks.o [1]
xTickCount              0x20004ad4     0x4  Data  Lc  tasks.o [1]
xYieldPending           0x20004ae8     0x4  Data  Lc  tasks.o [1]


[1] = C:\dev\docs\scottdesign\motor\Debug\Obj
[2] = command line
[3] = dl7M_tln.a
[4] = dlpp7M_tl_ne.a
[5] = driverlib.a
[6] = m7M_tlv.a
[7] = rt7M_tl.a
[8] = shb_l.a
[9] = usblib.a

  27 270 bytes of readonly  code memory
   1 970 bytes of readonly  data memory
  20 682 bytes of readwrite data memory

Errors: none
Warnings: none
