###############################################################################
#                                                                             #
# IAR ELF Linker V5.50.0.51878/W32 for ARM              03/Sep/2013  23:07:11 #
# Copyright (C) 2007-2010 IAR Systems AB.                                     #
#                                                                             #
#    Output file  =  C:\dev\docs\scottdesign\motor\Debug\Exe\motor.out        #
#    Map file     =  C:\dev\docs\scottdesign\motor\Debug\List\motor.map       #
#    Command line =  C:\DriverLib\grlib\ewarm\Exe\grlib.a                     #
#                    C:\DriverLib\src\ewarm\Exe\driverlib.a                   #
#                    C:\dev\docs\scottdesign\motor\Debug\Obj\IntQueue.o       #
#                    C:\dev\docs\scottdesign\motor\Debug\Obj\IntQueueTimer.o  #
#                    C:\dev\docs\scottdesign\motor\Debug\Obj\accel.o          #
#                    C:\dev\docs\scottdesign\motor\Debug\Obj\flashio.o        #
#                    C:\dev\docs\scottdesign\motor\Debug\Obj\formike128x128x1 #
#                    6.o C:\dev\docs\scottdesign\motor\Debug\Obj\heap_2.o     #
#                    C:\dev\docs\scottdesign\motor\Debug\Obj\interpret.o      #
#                    C:\dev\docs\scottdesign\motor\Debug\Obj\list.o           #
#                    C:\dev\docs\scottdesign\motor\Debug\Obj\main.o           #
#                    C:\dev\docs\scottdesign\motor\Debug\Obj\motor.o          #
#                    C:\dev\docs\scottdesign\motor\Debug\Obj\parseTreeEntry.o #
#                     C:\dev\docs\scottdesign\motor\Debug\Obj\port.o          #
#                    C:\dev\docs\scottdesign\motor\Debug\Obj\portasm.o        #
#                    C:\dev\docs\scottdesign\motor\Debug\Obj\queue.o          #
#                    C:\dev\docs\scottdesign\motor\Debug\Obj\startup_ewarm.o  #
#                    C:\dev\docs\scottdesign\motor\Debug\Obj\stepper.o        #
#                    C:\dev\docs\scottdesign\motor\Debug\Obj\symbolTableEntry #
#                    .o C:\dev\docs\scottdesign\motor\Debug\Obj\tasks.o       #
#                    C:\dev\docs\scottdesign\motor\Debug\Obj\timertest.o      #
#                    --redirect _Printf=_PrintfTiny --redirect                #
#                    _Scanf=_ScanfSmall -o C:\dev\docs\scottdesign\motor\Debu #
#                    g\Exe\motor.out --map C:\dev\docs\scottdesign\motor\Debu #
#                    g\List\motor.map --config "C:\Program Files\IAR          #
#                    Systems\Embedded Workbench 5.4_3\arm\CONFIG\generic_cort #
#                    ex.icf" --semihosting --entry __iar_program_start        #
#                                                                             #
#                                                                             #
###############################################################################

*******************************************************************************
*** PLACEMENT SUMMARY
***

"A1":  place at 0x00000000 { ro section .intvec };
"P1":  place in [from 0x00000000 to 0x0007ffff] { ro };
"P2":  place in [from 0x20000000 to 0x2000ffff] {
          rw, block CSTACK, block HEAP };

  Section             Kind        Address    Size  Object
  -------             ----        -------    ----  ------
"A1":                                       0x100
  .intvec             const    0x00000000   0x100  startup_ewarm.o [1]
                             - 0x00000100   0x100

"P1":                                      0x5ec8
  .text               ro code  0x00000100   0xf80  interpret.o [1]
  .text               ro code  0x00001080   0x850  tasks.o [1]
  .text               ro code  0x000018d0   0x616  xscanfsmall.o [3]
  .text               ro code  0x00001ee8   0x55c  stepper.o [1]
  .text               ro code  0x00002444   0x314  IntQueue.o [1]
  .text               ro code  0x00002758   0x278  accel.o [1]
  .text               ro code  0x000029d0   0x246  DblDiv.o [5]
  .text               ro code  0x00002c18   0x1f8  main.o [1]
  .text               ro code  0x00002e10   0x1a2  DblMul.o [5]
  .text               ro code  0x00002fb4   0x17e  DblSub.o [5]
  .text               ro code  0x00003134   0x172  queue.o [1]
  .text               ro code  0x000032a8   0x160  xfexp.o [3]
  .text               ro code  0x00003408   0x144  heap_2.o [1]
  .text               ro code  0x0000354c   0x126  xprintftiny.o [3]
  .text               ro code  0x00003674   0x114  xstoul.o [3]
  .text               ro code  0x00003788    0xfc  FltDiv.o [5]
  .text               ro code  0x00003884    0xe6  DblAdd.o [5]
  .text               ro code  0x0000396c    0xe4  FltSub.o [5]
  .text               ro code  0x00003a50    0xda  gpio.o [4]
  .text               ro code  0x00003b2c    0xd8  FltMul.o [5]
  .text               ro code  0x00003c04    0xc0  port.o [1]
  .text               ro code  0x00003cc4    0xc0  xfdscale.o [3]
  .text               ro code  0x00003d84    0xbc  xxmemxmalloc.o [3]
  .text               ro code  0x00003e40    0xac  fflush.o [3]
  .text               ro code  0x00003eec    0xa8  motor.o [1]
  .text               ro code  0x00003f94    0xa8  fclose.o [3]
  .text               ro code  0x0000403c    0xa8  packbits_init3.o [5]
  .text               ro code  0x000040e4    0xa4  list.o [1]
  .text               ro code  0x00004188    0xa2  xfwprep.o [3]
  .text               ro code  0x0000422c    0x9c  interrupt.o [4]
  .text               ro code  0x000042c8    0x90  timertest.o [1]
  .text               ro code  0x00004358    0x90  DblToFlt.o [5]
  .text               ro code  0x000043e8    0x8c  FltAdd.o [5]
  CODE                ro code  0x00004474    0x8c  portasm.o [1]
  .text               ro code  0x00004500    0x88  cppinit.o [3]
  .text               ro code  0x00004588    0x88  xsyslock.o [3]
  .text               ro code  0x00004610    0x88  xxmemxfree.o [3]
  .text               ro code  0x00004698    0x84  xreportassert.o [3]
  .text               ro code  0x0000471c    0x82  xfdnorm.o [3]
  .text               ro code  0x0000479e    0x80  strtol.o [3]
  .text               ro code  0x0000481e    0x72  parseTreeEntry.o [1]
  .text               ro code  0x00004890    0x70  ABImemcpy.o [5]
  .text               ro code  0x00004900    0x6e  symbolTableEntry.o [1]
  .text               ro code  0x00004970    0x6c  strncpy.o [5]
  .text               ro code  0x000049dc    0x68  iarttio.o [6]
  .text               ro code  0x00004a44    0x68  expf.o [3]
  .text               ro code  0x00004aac    0x66  timer.o [4]
  .text               ro code  0x00004b14    0x66  ABImemset.o [5]
  .text               ro code  0x00004b7c    0x62  memcmp.o [5]
  .text               ro code  0x00004be0    0x58  memchr.o [5]
  .rodata             const    0x00004c38    0x50  xstoul.o [3]
  .text               ro code  0x00004c88    0x50  xencoding_sb.o [3]
  .text               ro code  0x00004cd8    0x50  fputc.o [3]
  .text               ro code  0x00004d28    0x4e  FltToDbl.o [5]
  .rodata             const    0x00004d78    0x48  interpret.o [1]
  .text               ro code  0x00004dc0    0x48  interpret.o [1]
  .text               ro code  0x00004e08    0x48  MtxWrapper.o [3]
  .text               ro code  0x00004e50    0x48  xassert.o [3]
  .text               ro code  0x00004e98    0x44  FltToS32.o [5]
  .text               ro code  0x00004edc    0x42  strcmp.o [5]
  .rodata             const    0x00004f20    0x40  interrupt.o [4]
  .text               ro code  0x00004f60    0x3c  interpret.o [1]
  .text               ro code  0x00004f9c    0x3c  stepper.o [1]
  .text               ro code  0x00004fd8    0x38  IntQueueTimer.o [1]
  .text               ro code  0x00005010    0x38  xwctob.o [3]
  .text               ro code  0x00005048    0x36  strlen.o [5]
  .text               ro code  0x0000507e    0x34  interpret.o [1]
  .rodata             const    0x000050b4    0x30  interpret.o [1]
  .rodata             const    0x000050e4    0x30  xreportassert.o [3]
  .text               ro code  0x00005114    0x30  I32ToFlt.o [5]
  .text               ro code  0x00005144    0x30  sprintf.o [3]
  .text               ro code  0x00005174    0x30  interpret.o [1]
  .text               ro code  0x000051a4    0x30  stepper.o [1]
  .text               ro code  0x000051d4    0x30  stepper.o [1]
  .text               ro code  0x00005204    0x30  strstr.o [3]
  .text               ro code  0x00005234    0x2e  I32ToDbl.o [5]
  .text               ro code  0x00005262    0x2e  stepper.o [1]
  .rodata             const    0x00005290    0x2c  interpret.o [1]
  .rodata             const    0x000052bc    0x2c  interpret.o [1]
  .text               ro code  0x000052e8    0x2c  data_init3.o [5]
  .text               ro code  0x00005314    0x2a  interpret.o [1]
  .text               ro code  0x0000533e    0x2a  interpret.o [1]
  .text               ro code  0x00005368    0x2a  stepper.o [1]
  .text               ro code  0x00005392    0x2a  stepper.o [1]
  .text               ro code  0x000053bc    0x28  xcloseall.o [3]
  .text               ro code  0x000053e4    0x28  setlocale.o [3]
  .text               ro code  0x0000540c    0x28  xgetmemchunk.o [3]
  .text               ro code  0x00005434    0x28  interpret.o [1]
  .text               ro code  0x0000545c    0x26  sysctl.o [4]
  .text               ro code  0x00005482    0x26  accel.o [1]
  .text               ro code  0x000054a8    0x26  interpret.o [1]
  .text               ro code  0x000054ce    0x26  motor.o [1]
  .text               ro code  0x000054f4    0x24  FltToU32.o [5]
  .text               ro code  0x00005518    0x24  FltCmpLe.o [5]
  .text               ro code  0x0000553c    0x24  FltCmpGe.o [5]
  .text               ro code  0x00005560    0x24  targetabi.o [3]
  .text               ro code  0x00005584    0x24  zero_init3.o [5]
  .text               ro code  0x000055a8    0x22  accel.o [1]
  .text               ro code  0x000055ca    0x22  motor.o [1]
  .text               ro code  0x000055ec    0x22  iarwrite.o [6]
  .iar.init_table     const    0x00005610    0x30  - Linker created -
  .rodata             const    0x00005640    0x20  interpret.o [1]
  .rodata             const    0x00005660    0x20  interpret.o [1]
  .text               ro code  0x00005680    0x20  sscanf.o [3]
  .text               ro code  0x000056a0    0x20  cmain_call_ctors.o [5]
  .text               ro code  0x000056c0    0x20  targetabi.o [3]
  .text               ro code  0x000056e0    0x20  xsscin.o [3]
  .text               ro code  0x00005700    0x20  xmbtowc.o [3]
  .text               ro code  0x00005720    0x20  iarwstd.o [6]
  .text               ro code  0x00005740    0x1e  interpret.o [1]
  .text               ro code  0x0000575e    0x1e  dwrite.o [6]
  .rodata             const    0x0000577c    0x1c  interpret.o [1]
  .text               ro code  0x00005798    0x1c  interpret.o [1]
  .text               ro code  0x000057b4    0x1c  interpret.o [1]
  .text               ro code  0x000057d0    0x1c  motor.o [1]
  .text               ro code  0x000057ec    0x1c  stepper.o [1]
  .text               ro code  0x00005808    0x1c  FltCmpEq.o [5]
  .text               ro code  0x00005824    0x1c  interpret.o [1]
  .text               ro code  0x00005840    0x1a  interpret.o [1]
  .text               ro code  0x0000585a    0x1a  xwctomb.o [3]
  .text               ro code  0x00005874    0x1a  close.o [6]
  .rodata             const    0x00005890    0x18  xscanfsmall.o [3]
  .text               ro code  0x000058a8    0x18  accel.o [1]
  .text               ro code  0x000058c0    0x18  accel.o [1]
  .text               ro code  0x000058d8    0x18  stepper.o [1]
  .text               ro code  0x000058f0    0x16  cmain.o [5]
  .text               ro code  0x00005908    0x16  strchr.o [5]
  .text               ro code  0x0000591e    0x16  IntQueue.o [1]
  .text               ro code  0x00005934    0x16  interpret.o [1]
  .text               ro code  0x0000594a    0x16  interpret.o [1]
  .text               ro code  0x00005960    0x16  interpret.o [1]
  .text               ro code  0x00005976    0x16  interpret.o [1]
  .text               ro code  0x0000598c    0x16  interpret.o [1]
  .text               ro code  0x000059a2    0x16  queue.o [1]
  .text               ro code  0x000059b8    0x16  stepper.o [1]
  .text               ro code  0x000059ce    0x16  remove.o [6]
  .rodata             const    0x000059e4    0x14  tasks.o [1]
  .text               ro code  0x000059f8    0x14  errno.o [3]
  .text               ro code  0x00005a0c    0x14  exit.o [6]
  CODE                ro code  0x00005a20    0x14  cpu.o [4]
  .text               ro code  0x00005a34    0x14  interpret.o [1]
  .text               ro code  0x00005a48    0x14  motor.o [1]
  .text               ro code  0x00005a5c    0x14  isxxx.o [3]
  .text               ro code  0x00005a70    0x14  tolower.o [3]
  .text               ro code  0x00005a84    0x14  xlocale_c.o [3]
  .text               ro code  0x00005a98    0x12  uart.o [4]
  .text               ro code  0x00005aac    0x12  cexit.o [5]
  .text               ro code  0x00005abe    0x12  stepper.o [1]
  .text               ro code  0x00005ad0    0x12  stepper.o [1]
  .rodata             const    0x00005ae4    0x10  interpret.o [1]
  .rodata             const    0x00005af4    0x10  interpret.o [1]
  .text               ro code  0x00005b04    0x10  interpret.o [1]
  .text               ro code  0x00005b14    0x10  interpret.o [1]
  .text               ro code  0x00005b24    0x10  interpret.o [1]
  .text               ro code  0x00005b34    0x10  interpret.o [1]
  .text               ro code  0x00005b44    0x10  motor.o [1]
  .text               ro code  0x00005b54    0x10  motor.o [1]
  .text               ro code  0x00005b64    0x10  write.o [6]
  .text               ro code  0x00005b74     0xe  interpret.o [1]
  .text               ro code  0x00005b82     0xe  interpret.o [1]
  .text               ro code  0x00005b90     0xe  interpret.o [1]
  .text               ro code  0x00005b9e     0xe  interpret.o [1]
  .text               ro code  0x00005bac     0xe  interpret.o [1]
  .text               ro code  0x00005bba     0xe  interpret.o [1]
  .text               ro code  0x00005bc8     0xe  interpret.o [1]
  .text               ro code  0x00005bd6     0xe  interpret.o [1]
  .text               ro code  0x00005be4     0xe  interpret.o [1]
  .text               ro code  0x00005bf2     0xe  interpret.o [1]
  .text               ro code  0x00005c00     0xe  interpret.o [1]
  .rodata             const    0x00005c10     0xc  interpret.o [1]
  .rodata             const    0x00005c1c     0xc  interpret.o [1]
  .rodata             const    0x00005c28     0xc  interpret.o [1]
  .rodata             const    0x00005c34     0xc  interpret.o [1]
  .rodata             const    0x00005c40     0xc  interpret.o [1]
  .rodata             const    0x00005c4c     0xc  interpret.o [1]
  .rodata             const    0x00005c58     0xc  interpret.o [1]
  .rodata             const    0x00005c64     0xc  interpret.o [1]
  .rodata             const    0x00005c70     0xc  interpret.o [1]
  .rodata             const    0x00005c7c     0xc  stepper.o [1]
  .rodata             const    0x00005c88     0xc  sysctl.o [4]
  .text               ro code  0x00005c94     0xc  interpret.o [1]
  .text               ro code  0x00005ca0     0xc  interpret.o [1]
  .text               ro code  0x00005cac     0xc  accel.o [1]
  .text               ro code  0x00005cb8     0xc  interpret.o [1]
  .text               ro code  0x00005cc4     0xc  interpret.o [1]
  .text               ro code  0x00005cd0     0xc  interpret.o [1]
  .text               ro code  0x00005cdc     0xc  interpret.o [1]
  .text               ro code  0x00005ce8     0xc  motor.o [1]
  .text               ro code  0x00005cf4     0xc  cstartup_M.o [5]
  .text               ro code  0x00005d00     0xc  xlocale_c.o [3]
  .text               ro code  0x00005d0c     0xa  accel.o [1]
  .text               ro code  0x00005d16     0xa  interpret.o [1]
  .text               ro code  0x00005d20     0xa  interpret.o [1]
  .text               ro code  0x00005d2a     0xa  interpret.o [1]
  .text               ro code  0x00005d34     0xa  targetabi.o [3]
  .text               ro code  0x00005d3e     0xa  xsprout.o [3]
  .rodata             const    0x00005d48     0x8  interpret.o [1]
  .rodata             const    0x00005d50     0x8  interpret.o [1]
  .rodata             const    0x00005d58     0x8  interpret.o [1]
  .rodata             const    0x00005d60     0x8  interpret.o [1]
  .rodata             const    0x00005d68     0x8  interpret.o [1]
  .rodata             const    0x00005d70     0x8  interpret.o [1]
  .rodata             const    0x00005d78     0x8  interpret.o [1]
  .rodata             const    0x00005d80     0x8  interpret.o [1]
  .rodata             const    0x00005d88     0x8  interpret.o [1]
  .rodata             const    0x00005d90     0x8  interpret.o [1]
  .rodata             const    0x00005d98     0x8  interpret.o [1]
  .rodata             const    0x00005da0     0x8  interpret.o [1]
  .rodata             const    0x00005da8     0x8  interpret.o [1]
  .rodata             const    0x00005db0     0x8  interpret.o [1]
  .rodata             const    0x00005db8     0x8  interpret.o [1]
  .rodata             const    0x00005dc0     0x8  interpret.o [1]
  .rodata             const    0x00005dc8     0x8  main.o [1]
  .rodata             const    0x00005dd0     0x8  main.o [1]
  .rodata             const    0x00005dd8     0x8  stepper.o [1]
  .rodata             const    0x00005de0     0x8  stepper.o [1]
  .rodata             const    0x00005de8     0x8  stepper.o [1]
  .rodata             const    0x00005df0     0x8  stepper.o [1]
  .rodata             const    0x00005df8     0x8  stepper.o [1]
  .rodata             const    0x00005e00     0x8  stepper.o [1]
  .rodata             const    0x00005e08     0x8  stepper.o [1]
  .rodata             const    0x00005e10     0x8  stepper.o [1]
  .rodata             const    0x00005e18     0x8  stepper.o [1]
  .rodata             const    0x00005e20     0x8  stepper.o [1]
  .rodata             const    0x00005e28     0x8  stepper.o [1]
  .rodata             const    0x00005e30     0x8  stepper.o [1]
  .rodata             const    0x00005e38     0x8  stepper.o [1]
  .rodata             const    0x00005e40     0x8  tasks.o [1]
  .rodata             const    0x00005e48     0x8  xscanfsmall.o [3]
  .rodata             const    0x00005e50     0x8  xwctob.o [3]
  .rodata             const    0x00005e58     0x8  xencoding_sb.o [3]
  .rodata             const    0x00005e60     0x8  xencoding_sb.o [3]
  .text               ro code  0x00005e68     0x8  XShttio.o [3]
  .text               ro code  0x00005e70     0x8  abort.o [3]
  .text               ro code  0x00005e78     0x6  accel.o [1]
  .text               ro code  0x00005e7e     0x6  accel.o [1]
  .text               ro code  0x00005e84     0x6  interpret.o [1]
  .text               ro code  0x00005e8a     0x6  interpret.o [1]
  .text               ro code  0x00005e90     0x6  interpret.o [1]
  .text               ro code  0x00005e96     0x6  interpret.o [1]
  .text               ro code  0x00005e9c     0x6  interpret.o [1]
  .text               ro code  0x00005ea2     0x6  motor.o [1]
  .text               ro code  0x00005ea8     0x6  motor.o [1]
  .text               ro code  0x00005eae     0x6  motor.o [1]
  .text               ro code  0x00005eb4     0x6  motor.o [1]
  .text               ro code  0x00005eba     0x6  startup_ewarm.o [1]
  .text               ro code  0x00005ec0     0x6  stepper.o [1]
  .text               ro code  0x00005ec6     0x6  stepper.o [1]
  .text               ro code  0x00005ecc     0x6  stepper.o [1]
  .text               ro code  0x00005ed2     0x6  exit.o [3]
  .rodata             const    0x00005ed8     0x4  iarttio.o [6]
  SHT$$PREINIT_ARRAY           0x00005edc     0x0  <Block>
  SHT$$INIT_ARRAY              0x00005edc     0x4  <Block>
    .difunct          const    0x00005edc     0x4  interpret.o [1]
  .text               ro code  0x00005ee0     0x4  interpret.o [1]
  .text               ro code  0x00005ee4     0x4  interpret.o [1]
  .text               ro code  0x00005ee8     0x4  interpret.o [1]
  .text               ro code  0x00005eec     0x4  interpret.o [1]
  .text               ro code  0x00005ef0     0x4  interpret.o [1]
  .text               ro code  0x00005ef4     0x4  interpret.o [1]
  .text               ro code  0x00005ef8     0x4  interpret.o [1]
  .text               ro code  0x00005efc     0x4  interpret.o [1]
  .text               ro code  0x00005f00     0x4  interpret.o [1]
  .text               ro code  0x00005f04     0x4  interpret.o [1]
  .text               ro code  0x00005f08     0x4  interpret.o [1]
  .text               ro code  0x00005f0c     0x4  interpret.o [1]
  .text               ro code  0x00005f10     0x4  interpret.o [1]
  .text               ro code  0x00005f14     0x4  parseTreeEntry.o [1]
  .text               ro code  0x00005f18     0x4  low_level_init.o [3]
  .rodata             const    0x00005f1c     0x2  heap_2.o [1]
  .text               ro code  0x00005f1e     0x2  interpret.o [1]
  .text               ro code  0x00005f20     0x2  interpret.o [1]
  .text               ro code  0x00005f22     0x2  interpret.o [1]
  .text               ro code  0x00005f24     0x2  interpret.o [1]
  .text               ro code  0x00005f26     0x2  interpret.o [1]
  .text               ro code  0x00005f28     0x2  interpret.o [1]
  .rodata             const    0x00005f2a     0x1  setlocale.o [3]
  Initializer bytes   ro data  0x00005f2b    0x9d  <for P2 s0>
                             - 0x00005fc8  0x5ec8

"P2", part 1 of 3:                         0x49a4
  .noinit             uninit   0x20000000  0x4000  startup_ewarm.o [1]
  HEAP                         0x20004000   0x800  <Block>
    HEAP              uninit   0x20004000   0x800  <Block tail>
  .iar.dynexit                 0x20004800   0x1a4  <Block>
    .iar.dynexit      uninit   0x20004800     0xc  cppinit.o [3]
    .iar.dynexit      uninit   0x2000480c   0x198  <Block tail>
                             - 0x200049a4  0x49a4

"P2", part 2 of 3:                          0x184
  P2 s0                        0x200049a4   0x184  <Init block>
    .data             inited   0x200049a4    0x80  setlocale.o [3]
    .data             inited   0x20004a24    0x40  xfiles.o [3]
    .data             inited   0x20004a64    0x40  xfiles.o [3]
    .data             inited   0x20004aa4    0x40  xfiles.o [3]
    .data             inited   0x20004ae4    0x20  xfiles.o [3]
    .data             inited   0x20004b04     0x8  XShttio.o [3]
    .data             inited   0x20004b0c     0x4  IntQueue.o [1]
    .data             inited   0x20004b10     0x4  heap_2.o [1]
    .data             inited   0x20004b14     0x4  interpret.o [1]
    .data             inited   0x20004b18     0x4  interpret.o [1]
    .data             inited   0x20004b1c     0x4  port.o [1]
    .data             inited   0x20004b20     0x4  tasks.o [1]
    .data             inited   0x20004b24     0x4  tasks.o [1]
                             - 0x20004b28   0x184

"P2", part 3 of 3:                         0x77a0
  .bss                zero     0x20004b28  0x5dc0  heap_2.o [1]
  .bss                zero     0x2000a8e8  0x14c8  interpret.o [1]
  .bss                zero     0x2000bdb0   0x108  interpret.o [1]
  .bss                zero     0x2000beb8    0xc8  IntQueue.o [1]
  .bss                zero     0x2000bf80    0xc8  IntQueue.o [1]
  .bss                zero     0x2000c048    0x64  tasks.o [1]
  .bss                zero     0x2000c0ac    0x50  xfiles.o [3]
  .bss                zero     0x2000c0fc    0x50  xfiles.o [3]
  .bss                zero     0x2000c14c    0x20  interpret.o [1]
  .bss                zero     0x2000c16c    0x20  interpret.o [1]
  .bss                zero     0x2000c18c    0x14  tasks.o [1]
  .bss                zero     0x2000c1a0    0x14  tasks.o [1]
  .bss                zero     0x2000c1b4    0x14  tasks.o [1]
  .bss                zero     0x2000c1c8    0x14  tasks.o [1]
  .bss                zero     0x2000c1dc    0x14  tasks.o [1]
  .bss                zero     0x2000c1f0    0x14  xsyslock.o [3]
  .bss                zero     0x2000c204     0x8  heap_2.o [1]
  .bss                zero     0x2000c20c     0x8  heap_2.o [1]
  .bss                zero     0x2000c214     0x8  errno.o [3]
  .bss                zero     0x2000c21c     0x8  xxmemxmalloc.o [3]
  .bss                zero     0x2000c224     0x4  IntQueue.o [1]
  .bss                zero     0x2000c228     0x4  IntQueue.o [1]
  .bss                zero     0x2000c22c     0x4  IntQueue.o [1]
  .bss                zero     0x2000c230     0x4  IntQueue.o [1]
  .bss                zero     0x2000c234     0x4  IntQueue.o [1]
  .bss                zero     0x2000c238     0x4  IntQueue.o [1]
  .bss                zero     0x2000c23c     0x4  IntQueue.o [1]
  .bss                zero     0x2000c240     0x4  heap_2.o [1]
  .bss                zero     0x2000c244     0x4  interpret.o [1]
  .bss                zero     0x2000c248     0x4  interpret.o [1]
  .bss                zero     0x2000c24c     0x4  interpret.o [1]
  .bss                zero     0x2000c250     0x4  interpret.o [1]
  .bss                zero     0x2000c254     0x4  interpret.o [1]
  .bss                zero     0x2000c258     0x4  interpret.o [1]
  .bss                zero     0x2000c25c     0x4  motor.o [1]
  .bss                zero     0x2000c260     0x4  tasks.o [1]
  .bss                zero     0x2000c264     0x4  tasks.o [1]
  .bss                zero     0x2000c268     0x4  tasks.o [1]
  .bss                zero     0x2000c26c     0x4  tasks.o [1]
  .bss                zero     0x2000c270     0x4  tasks.o [1]
  .bss                zero     0x2000c274     0x4  tasks.o [1]
  .bss                zero     0x2000c278     0x4  tasks.o [1]
  .bss                zero     0x2000c27c     0x4  tasks.o [1]
  .bss                zero     0x2000c280     0x4  tasks.o [1]
  .bss                zero     0x2000c284     0x4  tasks.o [1]
  .bss                zero     0x2000c288     0x4  tasks.o [1]
  .bss                zero     0x2000c28c     0x4  tasks.o [1]
  .bss                zero     0x2000c290     0x4  tasks.o [1]
  .bss                zero     0x2000c294     0x4  tasks.o [1]
  .bss                zero     0x2000c298     0x4  tasks.o [1]
  .bss                zero     0x2000c29c     0x4  tasks.o [1]
  .bss                zero     0x2000c2a0     0x4  tasks.o [1]
  .bss                zero     0x2000c2a4     0x4  timertest.o [1]
  .bss                zero     0x2000c2a8     0x4  cppinit.o [3]
  .bss                zero     0x2000c2ac     0x4  cppinit.o [3]
  .bss                zero     0x2000c2b0     0x4  MtxWrapper.o [3]
  .bss                zero     0x2000c2b4     0x4  MtxWrapper.o [3]
  .bss                zero     0x2000c2b8     0x4  MtxWrapper.o [3]
  .bss                zero     0x2000c2bc     0x4  MtxWrapper.o [3]
  .bss                zero     0x2000c2c0     0x4  xgetmemchunk.o [3]
  .bss                zero     0x2000c2c4     0x1  interpret.o [1]
  .bss                zero     0x2000c2c5     0x1  interpret.o [1]
  .bss                zero     0x2000c2c6     0x1  interpret.o [1]
                             - 0x2000c2c7  0x779f


*******************************************************************************
*** INIT TABLE
***

          Address     Size
          -------     ----
Zero (__iar_zero_init3)
    1 destination range, total size 0x779f:
          0x20004b28  0x779f

Copy/packbits (__iar_packbits_init3)
    1 source range, total size 0x9d (40% of destination):
          0x00005f2b    0x9d
    1 destination range, total size 0x184:
          0x200049a4   0x184

Extra (__iar_cstart_call_ctors)


*******************************************************************************
*** MODULE SUMMARY
***

    Module              ro code  ro data  rw data
    ------              -------  -------  -------
C:\dev\docs\scottdesign\motor\Debug\Obj: [1]
    IntQueue.o              810        2      432
    IntQueueTimer.o          56
    accel.o                 786
    heap_2.o                324        3   24 024
    interpret.o           5 046      576    5 683
    list.o                  164
    main.o                  504       16
    motor.o                 356                 4
    parseTreeEntry.o        118
    port.o                  192        1        4
    portasm.o               140
    queue.o                 392
    startup_ewarm.o           6      256   16 384
    stepper.o             1 786      116
    symbolTableEntry.o      110
    tasks.o               2 128       32      276
    timertest.o             144                 4
    ---------------------------------------------
    Total:               13 062    1 002   46 811

command line: [2]
    ---------------------------------------------
    Total:

dl7M_tl_if.a: [3]
    MtxWrapper.o             72                16
    XShttio.o                 8        3        8
    abort.o                   8
    cppinit.o               136                20
    errno.o                  20                 8
    exit.o                    6
    expf.o                  104
    fclose.o                168
    fflush.o                172
    fputc.o                  80
    isxxx.o                  20
    low_level_init.o          4
    setlocale.o              40       52      128
    sprintf.o                48
    sscanf.o                 32
    strstr.o                 48
    strtol.o                128
    targetabi.o              78
    tolower.o                20
    xassert.o                72
    xcloseall.o              40
    xencoding_sb.o           80       16
    xfdnorm.o               130
    xfdscale.o              192
    xfexp.o                 352
    xfiles.o                          91      384
    xfwprep.o               162
    xgetmemchunk.o           40                 4
    xlocale_c.o              32
    xmbtowc.o                32
    xprintftiny.o           294
    xreportassert.o         132       48
    xscanfsmall.o         1 558       32
    xsprout.o                10
    xsscin.o                 32
    xstoul.o                276       80
    xsyslock.o              136                20
    xwctob.o                 56        8
    xwctomb.o                26
    xxmemxfree.o            136
    xxmemxmalloc.o          188                 8
    ---------------------------------------------
    Total:                5 168      330      596

driverlib.a: [4]
    cpu.o                    20
    gpio.o                  218
    interrupt.o             156       64
    sysctl.o                 38       12
    timer.o                 102
    uart.o                   18
    ---------------------------------------------
    Total:                  552       76

rt7M_tl.a: [5]
    ABImemcpy.o             112
    ABImemset.o             102
    DblAdd.o                230
    DblDiv.o                582
    DblMul.o                418
    DblSub.o                382
    DblToFlt.o              144
    FltAdd.o                140
    FltCmpEq.o               28
    FltCmpGe.o               36
    FltCmpLe.o               36
    FltDiv.o                252
    FltMul.o                216
    FltSub.o                228
    FltToDbl.o               78
    FltToS32.o               68
    FltToU32.o               36
    I32ToDbl.o               46
    I32ToFlt.o               48
    cexit.o                  18
    cmain.o                  22
    cmain_call_ctors.o       32
    cstartup_M.o             12
    data_init3.o             44
    memchr.o                 88
    memcmp.o                 98
    packbits_init3.o        168
    strchr.o                 22
    strcmp.o                 66
    strlen.o                 54
    strncpy.o               108
    zero_init3.o             36
    ---------------------------------------------
    Total:                3 950

shb_l.a: [6]
    close.o                  26
    dwrite.o                 30
    exit.o                   20
    iarttio.o               104        4
    iarwrite.o               34
    iarwstd.o                32
    remove.o                 22
    write.o                  16
    ---------------------------------------------
    Total:                  284        4

    Gaps                     30       14
    Linker created                    48    2 456
-------------------------------------------------
    Grand Total:         23 046    1 474   49 863


*******************************************************************************
*** ENTRY LIST
***

Entry                      Address    Size  Type      Object
-----                      -------    ----  ----      ------
.iar.dynexit$$Base      0x20004800           --   Gb  - Linker created -
.iar.dynexit$$Limit     0x200049a4           --   Gb  - Linker created -
CPUcpsid                0x00005a21          Code  Gb  cpu.o [4]
CPUcpsie                0x00005a29          Code  Gb  cpu.o [4]
CPUwfi                  0x00005a31          Code  Gb  cpu.o [4]
DtorRecArray            0x20004800     0xc  Data  Lc  cppinit.o [3]
FaultISR                0x00005ebd     0x2  Code  Lc  startup_ewarm.o [1]
GPIODirModeSet          0x00003a51    0x2c  Code  Gb  gpio.o [4]
GPIOPadConfigSet        0x00003a7d    0xa8  Code  Gb  gpio.o [4]
GPIOPinWrite            0x00003b25     0x6  Code  Gb  gpio.o [4]
HEAP$$Base              0x20004000           --   Gb  - Linker created -
HEAP$$Limit             0x20004800           --   Gb  - Linker created -
IntDefaultHandler       0x00005ebf     0x2  Code  Lc  startup_ewarm.o [1]
IntEnable               0x00004261    0x4c  Code  Gb  interrupt.o [4]
IntMasterEnable         0x0000422d     0xa  Code  Gb  interrupt.o [4]
IntPrioritySet          0x00004237    0x24  Code  Gb  interrupt.o [4]
LEDOff                  0x00002ca1     0xe  Code  Gb  main.o [1]
LEDOn                   0x00002c93     0xe  Code  Gb  main.o [1]
NmiSR                   0x00005ebb     0x2  Code  Lc  startup_ewarm.o [1]
Region$$Table$$Base     0x00005610           --   Gb  - Linker created -
Region$$Table$$Limit    0x00005640           --   Gb  - Linker created -
SHT$$INIT_ARRAY$$Base   0x00005edc           --   Gb  - Linker created -
SHT$$INIT_ARRAY$$Limit  0x00005ee0           --   Gb  - Linker created -
SHT$$PREINIT_ARRAY$$Base
                        0x00005edc           --   Gb  - Linker created -
SHT$$PREINIT_ARRAY$$Limit
                        0x00005edc           --   Gb  - Linker created -
SysCtlPeripheralEnable  0x0000545d     0x6  Code  Gb  sysctl.o [4]
Timer0IntHandler        0x00004333    0x10  Code  Gb  timertest.o [1]
TimerConfigure          0x00004ad5    0x24  Code  Gb  timer.o [4]
TimerDisable            0x00004ac1     0xc  Code  Gb  timer.o [4]
TimerEnable             0x00004aad     0xc  Code  Gb  timer.o [4]
TimerIntClear           0x00004b0f     0x4  Code  Gb  timer.o [4]
TimerIntEnable          0x00004b09     0x6  Code  Gb  timer.o [4]
TimerLoadSet            0x00004af9    0x10  Code  Gb  timer.o [4]
UARTCharsAvail          0x00005a99     0x8  Code  Gb  uart.o [4]
UARTIntHandler          0x00002c19    0x3e  Code  Gb  main.o [1]
UARTSend                0x00002c57    0x20  Code  Gb  main.o [1]
_Close_all              0x000053bd    0x28  Code  Gb  xcloseall.o [3]
_EncodingSb_Mbtowc      0x00004ca3    0x2e  Code  Gb  xencoding_sb.o [3]
_EncodingSb_Wctomb      0x00004c89    0x1a  Code  Gb  xencoding_sb.o [3]
_Files                  0x20004ae4    0x20  Data  Gb  xfiles.o [3]
_Fwprep                 0x00004189    0xa2  Code  Gb  xfwprep.o [3]
_GetintSmall            0x00001cb1   0x236  Code  Lc  xscanfsmall.o [3]
_GetstrSmall            0x00001b01   0x1a6  Code  Lc  xscanfsmall.o [3]
_IsdstStr               0x200049c8     0x4  Data  Gb  setlocale.o [3]
_LocaleC_isspace        0x00005a85    0x14  Code  Gb  xlocale_c.o [3]
_LocaleC_tolower        0x00005d01     0xc  Code  Gb  xlocale_c.o [3]
_LocaleEncoding         0x000053f9    0x10  Code  Gb  setlocale.o [3]
_LocaleForCat           0x000053e5    0x14  Code  Gb  setlocale.o [3]
_LocaleReturnString     0x200049d4    0x50  Data  Lc  setlocale.o [3]
_Locale_Profile         0x200049a4    0x1c  Data  Gb  setlocale.o [3]
_Mbtowc                 0x00005701    0x20  Code  Gb  xmbtowc.o [3]
_PrintfTiny             0x0000354d   0x126  Code  Gb  xprintftiny.o [3]
_SProut                 0x00005d3f     0xa  Code  Gb  xsprout.o [3]
_SScin                  0x000056e1    0x20  Code  Gb  xsscin.o [3]
_ScanfSmall             0x000018d1   0x230  Code  Gb  xscanfsmall.o [3]
_TzoneStr               0x200049c0     0x4  Data  Gb  setlocale.o [3]
_Wctomb                 0x0000585b    0x1a  Code  Gb  xwctomb.o [3]
__aeabi_assert          0x00004e53    0x46  Code  Gb  xassert.o [3]
__aeabi_atexit          0x00005d35     0xa  Code  Gb  targetabi.o [3]
__aeabi_cfcmpeq         0x00005809          Code  Gb  FltCmpEq.o [5]
__aeabi_cfcmple         0x00005519          Code  Gb  FltCmpLe.o [5]
__aeabi_cfrcmple        0x0000553d          Code  Gb  FltCmpGe.o [5]
__aeabi_d2f             0x00004359          Code  Gb  DblToFlt.o [5]
__aeabi_dadd            0x00003885          Code  Gb  DblAdd.o [5]
__aeabi_ddiv            0x000029d1          Code  Gb  DblDiv.o [5]
__aeabi_dmul            0x00002e11          Code  Gb  DblMul.o [5]
__aeabi_dsub            0x00002fb5          Code  Gb  DblSub.o [5]
__aeabi_errno_addr      0x000059f9    0x14  Code  Gb  errno.o [3]
__aeabi_f2d             0x00004d29          Code  Gb  FltToDbl.o [5]
__aeabi_f2iz            0x00004e99          Code  Gb  FltToS32.o [5]
__aeabi_f2uiz           0x000054f5          Code  Gb  FltToU32.o [5]
__aeabi_fadd            0x000043e9          Code  Gb  FltAdd.o [5]
__aeabi_fdiv            0x00003789          Code  Gb  FltDiv.o [5]
__aeabi_fmul            0x00003b2d          Code  Gb  FltMul.o [5]
__aeabi_fsub            0x0000396d          Code  Gb  FltSub.o [5]
__aeabi_i2d             0x00005235          Code  Gb  I32ToDbl.o [5]
__aeabi_i2f             0x00005115          Code  Gb  I32ToFlt.o [5]
__aeabi_memcpy          0x00004891          Code  Gb  ABImemcpy.o [5]
__aeabi_memcpy4         0x000048ab          Code  Gb  ABImemcpy.o [5]
__aeabi_memcpy8         0x000048ab          Code  Gb  ABImemcpy.o [5]
__aeabi_memset          0x00004b15          Code  Gb  ABImemset.o [5]
__aeabi_ui2d            0x00005249          Code  Gb  I32ToDbl.o [5]
__aeabi_ui2f            0x00005129          Code  Gb  I32ToFlt.o [5]
__aeabi_vec_ctor_nocookie_nodtor
                        0x00005561    0x24  Code  Gb  targetabi.o [3]
__aeabi_vec_dtor        0x000056c1    0x20  Code  Gb  targetabi.o [3]
__call_ctors            0x00004501    0x18  Code  Gb  cppinit.o [3]
__call_dtors            0x00004545     0x2  Code  Gb  cppinit.o [3]
__close                 0x00005875    0x1a  Code  Gb  close.o [6]
__cmain                 0x000058f1          Code  Gb  cmain.o [5]
__cstart_call_dtors     0x00005aaf          Code  Gb  cexit.o [5]
__cstart_closeall       0x00005ab3          Code  Gb  cexit.o [5]
__cxa_atexit            0x00004519    0x2c  Code  Gb  cppinit.o [3]
__cxa_finalize          0x00004547    0x36  Code  Gb  cppinit.o [3]
__data_Aldata           0x2000c21c     0x8  Data  Gb  xxmemxmalloc.o [3]
__data_GetMemChunk      0x0000540d    0x28  Code  Gb  xgetmemchunk.o [3]
__dso_handle            0x2000c2ac     0x4  Data  Gb  cppinit.o [3]
__dwrite                0x0000575f    0x1e  Code  Gb  dwrite.o [6]
__exit                  0x00005a0d    0x14  Code  Gb  exit.o [6]
__iar_EmptyStepPoint    0x00004e51     0x2  Code  Gb  xassert.o [3]
__iar_Errno             0x2000c218     0x4  Data  Gb  errno.o [3]
__iar_FDnorm            0x0000471d    0x82  Code  Gb  xfdnorm.o [3]
__iar_FDscale           0x00003cc5    0xc0  Code  Gb  xfdscale.o [3]
__iar_FExp              0x000032a9   0x160  Code  Gb  xfexp.o [3]
__iar_Locksyslock       0x000045af    0x46  Code  Gb  xsyslock.o [3]
__iar_Memchr            0x00004be1          Code  Gb  memchr.o [5]
__iar_Memset            0x00004b15          Code  Gb  ABImemset.o [5]
__iar_Memset_word       0x00004b1d          Code  Gb  ABImemset.o [5]
__iar_Mtxdst            0x00004e17     0xe  Code  Gb  MtxWrapper.o [3]
__iar_Mtxinit           0x00004e09     0xe  Code  Gb  MtxWrapper.o [3]
__iar_Mtxlock           0x00004e25     0xe  Code  Gb  MtxWrapper.o [3]
__iar_Mtxunlock         0x00004e33     0xe  Code  Gb  MtxWrapper.o [3]
__iar_ReportAssert      0x000046b3    0x58  Code  Gb  xreportassert.o [3]
__iar_Stderr            0x20004aa4    0x40  Data  Gb  xfiles.o [3]
__iar_Stdin             0x20004a24    0x40  Data  Gb  xfiles.o [3]
__iar_Stdout            0x20004a64    0x40  Data  Gb  xfiles.o [3]
__iar_Stoul             0x00003675   0x114  Code  Gb  xstoul.o [3]
__iar_Strchr            0x00005909          Code  Gb  strchr.o [5]
__iar_Strstr            0x00005205    0x30  Code  Gb  strstr.o [3]
__iar_Tls_setup__IsdstStr
                        0x200049cc     0x4  Data  Gb  setlocale.o [3]
__iar_Tls_setup__Locale_Profile
                        0x200049d0     0x4  Data  Gb  setlocale.o [3]
__iar_Tls_setup__TzoneStr
                        0x200049c4     0x4  Data  Gb  setlocale.o [3]
__iar_Tls_setup___iar_Errno
                        0x2000c214     0x4  Data  Gb  errno.o [3]
__iar_Unlocksyslock     0x000045f5    0x14  Code  Gb  xsyslock.o [3]
__iar_Wctob             0x00005011    0x38  Code  Gb  xwctob.o [3]
__iar_close_ttio        0x000049dd    0x26  Code  Gb  iarttio.o [6]
__iar_cstart_call_ctors
                        0x000056a1    0x20  Code  Gb  cmain_call_ctors.o [5]
__iar_dadd              0x00003897          Code  Gb  DblAdd.o [5]
__iar_data_init3        0x000052e9    0x2c  Code  Gb  data_init3.o [5]
__iar_dsub              0x00002fc7          Code  Gb  DblSub.o [5]
__iar_dsubStart         0x00002fd9          Code  Gb  DblSub.o [5]
__iar_fadd              0x000043f7          Code  Gb  FltAdd.o [5]
__iar_fsub              0x0000397b          Code  Gb  FltSub.o [5]
__iar_fsubStart         0x00003989          Code  Gb  FltSub.o [5]
__iar_get_ttio          0x00004a05    0x40  Code  Gb  iarttio.o [6]
__iar_lookup_ttioh      0x00005e69     0x8  Code  Gb  XShttio.o [3]
__iar_packbits_init3    0x0000403d    0xa8  Code  Gb  packbits_init3.o [5]
__iar_program_start     0x00005cf5          Code  Gb  cstartup_M.o [5]
__iar_sh_stdout         0x00005721    0x20  Code  Gb  iarwstd.o [6]
__iar_sh_write          0x000055ed    0x22  Code  Gb  iarwrite.o [6]
__iar_strcmp            0x00004edd          Code  Gb  strcmp.o [5]
__iar_ttio_handles      0x20004b04     0x8  Data  Lc  XShttio.o [3]
__iar_ui2d              0x0000524b          Code  Gb  I32ToDbl.o [5]
__iar_ui2f              0x0000512b          Code  Gb  I32ToFlt.o [5]
__iar_zero_init3        0x00005585    0x24  Code  Gb  zero_init3.o [5]
__low_level_init        0x00005f19     0x4  Code  Gb  low_level_init.o [3]
__vector_table          0x00000000   0x100  Data  Gb  startup_ewarm.o [1]
__write                 0x00005b65    0x10  Code  Gb  write.o [6]
_call_main              0x000058fd          Code  Gb  cmain.o [5]
_exit                   0x00005aad          Code  Gb  cexit.o [5]
_main                   0x00005903          Code  Gb  cmain.o [5]
abort                   0x00005e71     0x8  Code  Gb  abort.o [3]
accel::RPM(float, float)
                        0x000054cf    0x26  Code  Gb  motor.o [1]
accel::_RPMtoFreq(float)
                        0x000057d1    0x1c  Code  Gb  motor.o [1]
accel::_initUnitCurve(int)
                        0x0000285d    0x82  Code  Gb  accel.o [1]
accel::_scaleYAxisToClockTicks()
                        0x0000295b    0x42  Code  Gb  accel.o [1]
accel::_scaleYAxisToFrequency()
                        0x000028f5    0x66  Code  Gb  accel.o [1]
accel::accel()          0x00002759     0xc  Code  Gb  accel.o [1]
accel::accel() [internal]
                        0x00002765    0x4a  Code  Gb  accel.o [1]
accel::accelTime()      0x00005e7f     0x6  Code  Gb  accel.o [1]
accel::accelTime(unsigned int)
                        0x00005e79     0x6  Code  Gb  accel.o [1]
accel::clockTicksToCurveIndex(unsigned int)
                        0x000058a9    0x18  Code  Gb  accel.o [1]
accel::clockTicksToCurveIndexReverse(unsigned int)
                        0x000058d9    0x18  Code  Gb  stepper.o [1]
accel::clockTicksToMicroSec(unsigned int)
                        0x000058c1    0x18  Code  Gb  accel.o [1]
accel::curveIndexToClockTicks(unsigned int)
                        0x00005d0d     0xa  Code  Gb  accel.o [1]
accel::degreesPerMicrostep() const
                        0x00005ea9     0x6  Code  Gb  motor.o [1]
accel::degreesPerMicrostep(float)
                        0x00005ea3     0x6  Code  Gb  motor.o [1]
accel::fmax()           0x00005ec7     0x6  Code  Gb  stepper.o [1]
accel::fmin()           0x00005ec1     0x6  Code  Gb  stepper.o [1]
accel::freqCloseToStop(unsigned int)
                        0x00005abf    0x12  Code  Gb  stepper.o [1]
accel::freqFromClockTicks(unsigned int)
                        0x00005369    0x2a  Code  Gb  stepper.o [1]
accel::freqFromTime(unsigned int)
                        0x000059b9    0x16  Code  Gb  stepper.o [1]
accel::frequency(unsigned int, unsigned int)
                        0x0000299d    0x34  Code  Gb  accel.o [1]
accel::initAccelTime(unsigned int)
                        0x000055a9    0x22  Code  Gb  accel.o [1]
accel::microSecToCurveIndex(unsigned int)
                        0x00005483    0x26  Code  Gb  accel.o [1]
accel::microSecToCurveIndexReverse(unsigned int)
                        0x00005393    0x2a  Code  Gb  stepper.o [1]
accel::stepsToTime(unsigned int)
                        0x000027fb    0x62  Code  Gb  accel.o [1]
accel::timeToSteps(unsigned int)
                        0x000027af    0x4c  Code  Gb  accel.o [1]
accel::updateClockPeriod()
                        0x000051a5    0x30  Code  Gb  stepper.o [1]
accel::updateClockPeriodReverse()
                        0x000051d5    0x30  Code  Gb  stepper.o [1]
accel::~accel()         0x00005b91     0xe  Code  Gb  interpret.o [1]
accel::~accel() [internal]
                        0x00005f23     0x2  Code  Gb  interpret.o [1]
bufferInput             0x00000353   0x212  Code  Gb  interpret.o [1]
clearlocks              0x00004589    0x26  Code  Lc  xsyslock.o [3]
delay                   0x00002c77    0x1c  Code  Gb  main.o [1]
digits                  0x00004c60    0x28  Data  Lc  xstoul.o [3]
ebuf                    0x2000c0ac    0x50  Data  Lc  xfiles.o [3]
errMsg()                0x0000017d    0x1a  Code  Gb  interpret.o [1]
exit                    0x00005ed3     0x6  Code  Gb  exit.o [3]
exp(float)              0x00005cad     0xc  Code  Gb  accel.o [1]
expf                    0x00004a45    0x68  Code  Gb  expf.o [3]
fclose                  0x00003f95    0xa8  Code  Gb  fclose.o [3]
fflush                  0x00003eb1    0x38  Code  Gb  fflush.o [3]
fflushOne               0x00003e41    0x70  Code  Lc  fflush.o [3]
flashLED                0x00002caf    0x14  Code  Gb  main.o [1]
fputc                   0x00004cd9    0x50  Code  Gb  fputc.o [3]
free                    0x00004611    0x84  Code  Gb  xxmemxfree.o [3]
g_pulRCGCRegs           0x00005c88     0xc  Data  Lc  sysctl.o [4]
g_pulRegs               0x00004f20    0x40  Data  Lc  interrupt.o [4]
heapSTRUCT_SIZE         0x00005f1c     0x2  Data  Lc  heap_2.o [1]
intToNodeType(int)      0x000002f1    0x62  Code  Gb  interpret.o [1]
interpret::_cleanUpEvaluationStack(unsigned int)
                        0x00000a29    0x36  Code  Gb  interpret.o [1]
interpret::_cleanUpSymbolTable()
                        0x00000a5f    0x28  Code  Gb  interpret.o [1]
interpret::_currentProgramNodeLevel() const
                        0x00005977    0x16  Code  Gb  interpret.o [1]
interpret::_currentProgramNodeType() const
                        0x0000594b    0x16  Code  Gb  interpret.o [1]
interpret::_currentProgramNodeValue() const
                        0x00005961    0x16  Code  Gb  interpret.o [1]
interpret::_evalValue()
                        0x00004f61    0x3c  Code  Gb  interpret.o [1]
interpret::_evalValue()::string
                        0x00005640    0x20  Data  Gb  interpret.o [1]
interpret::_evalValue()::string (instance 2)
                        0x00005290    0x2c  Data  Gb  interpret.o [1]
interpret::_evalValuePeek() const
                        0x00005c01     0xe  Code  Gb  interpret.o [1]
interpret::_findFirstAvailableNodeInSymbolTable()
                        0x00000f91    0x7e  Code  Gb  interpret.o [1]
interpret::_findFirstParseTreeEntry(const parseTreeEntry &, unsigned int)
                        0x00000a87    0x74  Code  Gb  interpret.o [1]
interpret::_getLastSymbolTableIndex()
                        0x0000598d    0x16  Code  Gb  interpret.o [1]
interpret::_programNodeType(unsigned int) const
                        0x00005a35    0x14  Code  Gb  interpret.o [1]
interpret::_pushTemporarySymbolOnEvaluationStack(unsigned int)
                        0x00000f05    0x82  Code  Gb  interpret.o [1]
interpret::_resetSymbolTableTemporaryBoundary()
                        0x00005d2b     0xa  Code  Gb  interpret.o [1]
interpret::_returnSymbolToAvailablePool(unsigned int)
                        0x000054a9    0x26  Code  Gb  interpret.o [1]
interpret::_updateProgramIndex(nodeType, int)
                        0x000009c5    0x64  Code  Gb  interpret.o [1]
interpret::appendToProgram(const parseTreeEntry &)
                        0x000005c5    0x2e  Code  Gb  interpret.o [1]
interpret::appendToSymbolTable(const symbolTableEntry &)
                        0x000005f3    0x2e  Code  Gb  interpret.o [1]
interpret::evaluateOperator(unsigned int)
                        0x00000ba1   0x348  Code  Gb  interpret.o [1]
interpret::getLowWaterMarkForTemporarySymbolSearch() const
                        0x00005e9d     0x6  Code  Gb  interpret.o [1]
interpret::getStepper()
                        0x00005e97     0x6  Code  Gb  interpret.o [1]
interpret::interpret()  0x00000101     0xc  Code  Gb  interpret.o [1]
interpret::interpret() [internal]
                        0x00000565    0x60  Code  Gb  interpret.o [1]
interpret::run()        0x00000621   0x3a4  Code  Gb  interpret.o [1]
interpret::setLowWaterMarkForTemporarySymbolSearch()
                        0x00005cdd     0xc  Code  Gb  interpret.o [1]
interpret::symbolFromIndex(int)
                        0x00005825    0x1c  Code  Gb  interpret.o [1]
interpret::symbolTableIndexMorph(int)
                        0x00000afb    0x72  Code  Gb  interpret.o [1]
interpret::~interpret()
                        0x00005bf3     0xe  Code  Gb  interpret.o [1]
interpret::~interpret() [internal]
                        0x00004dc1    0x48  Code  Gb  interpret.o [1]
interpretRun            0x00000129    0x3a  Code  Gb  interpret.o [1]
interpreter             0x2000a8e8  0x14c8  Data  Gb  interpret.o [1]
interpreterRunBool      0x2000c2c5     0x1  Data  Lc  interpret.o [1]
isspace                 0x00005a5d    0x14  Code  Gb  isxxx.o [3]
led::Off()              0x000057b5    0x1c  Code  Gb  interpret.o [1]
led::On()               0x00005799    0x1c  Code  Gb  interpret.o [1]
led::_enable            0x2000c2c4     0x1  Data  Gb  interpret.o [1]
led::enable()           0x00005c95     0xc  Code  Gb  interpret.o [1]
led::enable(bool)       0x00005ca1     0xc  Code  Gb  interpret.o [1]
led::led(bool)          0x00005bd7     0xe  Code  Gb  interpret.o [1]
led::led(bool) [internal]
                        0x00005741    0x1e  Code  Gb  interpret.o [1]
led::set(unsigned int)  0x00005841    0x1a  Code  Gb  interpret.o [1]
led::~led()             0x00005be5     0xe  Code  Gb  interpret.o [1]
led::~led() [internal]  0x00005b25    0x10  Code  Gb  interpret.o [1]
main                    0x00002cc3    0xda  Code  Gb  main.o [1]
mainA                   0x00003f01    0x7a  Code  Gb  motor.o [1]
malloc                  0x00003d85    0xb6  Code  Gb  xxmemxmalloc.o [3]
memchr                  0x00004be1          Code  Gb  memchr.o [5]
memcmp                  0x00004b7d          Code  Gb  memcmp.o [5]
memcpy                  0x000059a3    0x16  Code  Gb  queue.o [1]
memset                  0x0000591f    0x16  Code  Gb  IntQueue.o [1]
mtx                     0x2000c1f4    0x10  Data  Lc  xsyslock.o [3]
mtxdst                  0x2000c2b4     0x4  Data  Lc  MtxWrapper.o [3]
mtxinit                 0x2000c2b0     0x4  Data  Lc  MtxWrapper.o [3]
mtxlock                 0x2000c2b8     0x4  Data  Lc  MtxWrapper.o [3]
mtxunlock               0x2000c2bc     0x4  Data  Lc  MtxWrapper.o [3]
ndigs                   0x00004c38    0x28  Data  Lc  xstoul.o [3]
next_abi_dtor_rec       0x2000c2a8     0x4  Data  Lc  cppinit.o [3]
obuf                    0x2000c0fc    0x50  Data  Lc  xfiles.o [3]
out                     0x00004699    0x1a  Code  Lc  xreportassert.o [3]
parseTreeEntry::level() const
                        0x00005ee1     0x4  Code  Gb  interpret.o [1]
parseTreeEntry::level(unsigned int)
                        0x00005ee5     0x4  Code  Gb  interpret.o [1]
parseTreeEntry::operator =(const parseTreeEntry&)
                        0x00004847    0x4a  Code  Gb  parseTreeEntry.o [1]
parseTreeEntry::parseTreeEntry()
                        0x0000481f     0xc  Code  Gb  parseTreeEntry.o [1]
parseTreeEntry::parseTreeEntry() [internal]
                        0x00004839     0x6  Code  Gb  parseTreeEntry.o [1]
parseTreeEntry::parseTreeEntry(nodeType, int, unsigned int)
                        0x0000482b     0xe  Code  Gb  parseTreeEntry.o [1]
parseTreeEntry::parseTreeEntry(nodeType, int, unsigned int) [internal]
                        0x0000483f     0x8  Code  Gb  parseTreeEntry.o [1]
parseTreeEntry::position() const
                        0x00005f15     0x4  Code  Gb  parseTreeEntry.o [1]
parseTreeEntry::position(nodePosition)
                        0x00005ef9     0x4  Code  Gb  interpret.o [1]
parseTreeEntry::type() const
                        0x00005ef1     0x4  Code  Gb  interpret.o [1]
parseTreeEntry::type(nodeType)
                        0x00005ef5     0x4  Code  Gb  interpret.o [1]
parseTreeEntry::value() const
                        0x00005ee9     0x4  Code  Gb  interpret.o [1]
parseTreeEntry::value(int)
                        0x00005eed     0x4  Code  Gb  interpret.o [1]
parseTreeEntry::~parseTreeEntry()
                        0x00005b75     0xe  Code  Gb  interpret.o [1]
parseTreeEntry::~parseTreeEntry() [internal]
                        0x00005f1f     0x2  Code  Gb  interpret.o [1]
pcTraceBuffer           0x2000c298     0x4  Data  Lc  tasks.o [1]
pcTraceBufferEnd        0x2000c29c     0x4  Data  Lc  tasks.o [1]
postMsg(bool)           0x00000197    0x16  Code  Gb  interpret.o [1]
prvAddCurrentTaskToDelayedList
                        0x00001785    0x3e  Code  Lc  tasks.o [1]
prvAllocateTCBAndStack  0x000017d1    0x46  Code  Lc  tasks.o [1]
prvCheckTasksWaitingTermination
                        0x0000171d    0x58  Code  Lc  tasks.o [1]
prvCopyDataFromQueue    0x00003267    0x2c  Code  Lc  queue.o [1]
prvCopyDataToQueue      0x000031f5    0x72  Code  Lc  queue.o [1]
prvDeleteTCB            0x0000181d    0x12  Code  Lc  tasks.o [1]
prvIdleTask             0x0000167f     0xa  Code  Lc  tasks.o [1]
prvInitialiseTCBVariables
                        0x00001689    0x48  Code  Lc  tasks.o [1]
prvInitialiseTaskLists  0x000016d1    0x46  Code  Lc  tasks.o [1]
prvQueueAccessLogError  0x0000248b    0x10  Code  Lc  IntQueue.o [1]
prvRecordValue_NormallyEmpty
                        0x00002467    0x24  Code  Lc  IntQueue.o [1]
prvRecordValue_NormallyFull
                        0x00002445    0x22  Code  Lc  IntQueue.o [1]
prvSetupTimerInterrupt  0x00003c9d    0x10  Code  Lc  port.o [1]
pulStack                0x20000000  0x4000  Data  Lc  startup_ewarm.o [1]
pvPortMalloc            0x00003409    0xe6  Code  Gb  heap_2.o [1]
pxCurrentTCB            0x2000c260     0x4  Data  Gb  tasks.o [1]
pxDelayedTaskList       0x2000c264     0x4  Data  Lc  tasks.o [1]
pxOverflowDelayedTaskList
                        0x2000c268     0x4  Data  Lc  tasks.o [1]
pxPortInitialiseStack   0x00003c05    0x1a  Code  Gb  port.o [1]
pxReadyTasksLists       0x2000c048    0x64  Data  Lc  tasks.o [1]
remove                  0x000059cf    0x16  Code  Gb  remove.o [6]
sp                      0x2000c25c     0x4  Data  Gb  motor.o [1]
sprintf                 0x00005145    0x30  Code  Gb  sprintf.o [3]
sscanf                  0x00005681    0x20  Code  Gb  sscanf.o [3]
stepper::RPM(float, float)
                        0x00005a49    0x14  Code  Gb  motor.o [1]
stepper::_timer()       0x00005ecd     0x6  Code  Gb  stepper.o [1]
stepper::_timer(unsigned long)
                        0x000057ed    0x1c  Code  Gb  stepper.o [1]
stepper::_timerStart(bool)
                        0x000023b7    0x4e  Code  Gb  stepper.o [1]
stepper::accelerationTimeMicrosecs(unsigned int)
                        0x00005b45    0x10  Code  Gb  motor.o [1]
stepper::degreesPerMicrostep() const
                        0x00005ce9     0xc  Code  Gb  motor.o [1]
stepper::degreesPerMicrostep(float)
                        0x00005b55    0x10  Code  Gb  motor.o [1]
stepper::directionPositive(bool)
                        0x00005263    0x2e  Code  Gb  stepper.o [1]
stepper::enable()       0x00005ad1    0x12  Code  Gb  stepper.o [1]
stepper::isr()          0x000020cd   0x2ea  Code  Gb  stepper.o [1]
stepper::moveAbsolute(int)
                        0x00001f1b   0x19e  Code  Gb  stepper.o [1]
stepper::moveAbsoluteDegree(float)
                        0x000055cb    0x22  Code  Gb  motor.o [1]
stepper::moveRelative(int)
                        0x000020b9    0x14  Code  Gb  stepper.o [1]
stepper::positionSteps(int)
                        0x00005eaf     0x6  Code  Gb  motor.o [1]
stepper::state() const  0x00005eb5     0x6  Code  Gb  motor.o [1]
stepper::step()         0x00004f9d    0x3c  Code  Gb  stepper.o [1]
stepper::stepper()      0x00001ee9     0xc  Code  Gb  stepper.o [1]
stepper::stepper() [internal]
                        0x00001ef5    0x26  Code  Gb  stepper.o [1]
stepper::~stepper()     0x00005b9f     0xe  Code  Gb  interpret.o [1]
stepper::~stepper() [internal]
                        0x00005b05    0x10  Code  Gb  interpret.o [1]
stepperISR              0x00003eed    0x14  Code  Gb  motor.o [1]
stmtNestingLevel        0x2000c248     0x4  Data  Lc  interpret.o [1]
stmtPosition            0x2000c14c    0x20  Data  Lc  interpret.o [1]
stmtType                0x2000c16c    0x20  Data  Lc  interpret.o [1]
stmtValue               0x2000c24c     0x4  Data  Lc  interpret.o [1]
strchr                  0x00005909          Code  Gb  strchr.o [5]
strcmp                  0x00004edd          Code  Gb  strcmp.o [5]
stringToNodePosition(const char *)
                        0x000001ad    0x2c  Code  Gb  interpret.o [1]
stringToNodeType(const char *)
                        0x000001d9   0x114  Code  Gb  interpret.o [1]
strlen                  0x00005049          Code  Gb  strlen.o [5]
strncpy                 0x00004971          Code  Gb  strncpy.o [5]
strstr(const char *, const char *)
                        0x00005b35    0x10  Code  Gb  interpret.o [1]
strtol                  0x0000479f    0x80  Code  Gb  strtol.o [3]
successMsg()            0x00000163    0x1a  Code  Gb  interpret.o [1]
symbFcnLink             0x2000c258     0x4  Data  Lc  interpret.o [1]
symbType                0x2000c250     0x4  Data  Lc  interpret.o [1]
symbValue               0x2000c254     0x4  Data  Lc  interpret.o [1]
symbolTableEntry::dumpEntry()
                        0x0000496d     0x2  Code  Gb  symbolTableEntry.o [1]
symbolTableEntry::fcnLink() const
                        0x00005f0d     0x4  Code  Gb  interpret.o [1]
symbolTableEntry::fcnLink(int)
                        0x00005f11     0x4  Code  Gb  interpret.o [1]
symbolTableEntry::operator =(const symbolTableEntry&)
                        0x00004933    0x3a  Code  Gb  symbolTableEntry.o [1]
symbolTableEntry::symbolTableEntry()
                        0x00004901     0xc  Code  Gb  symbolTableEntry.o [1]
symbolTableEntry::symbolTableEntry() [internal]
                        0x0000491b     0xe  Code  Gb  symbolTableEntry.o [1]
symbolTableEntry::symbolTableEntry(nodeType, int)
                        0x0000490d     0xe  Code  Gb  symbolTableEntry.o [1]
symbolTableEntry::symbolTableEntry(nodeType, int) [internal]
                        0x00004929     0xa  Code  Gb  symbolTableEntry.o [1]
symbolTableEntry::type() const
                        0x00005f05     0x4  Code  Gb  interpret.o [1]
symbolTableEntry::type(nodeType)
                        0x00005f09     0x4  Code  Gb  interpret.o [1]
symbolTableEntry::value() const
                        0x00005efd     0x4  Code  Gb  interpret.o [1]
symbolTableEntry::value(int)
                        0x00005f01     0x4  Code  Gb  interpret.o [1]
symbolTableEntry::~symbolTableEntry()
                        0x00005b83     0xe  Code  Gb  interpret.o [1]
symbolTableEntry::~symbolTableEntry() [internal]
                        0x00005f21     0x2  Code  Gb  interpret.o [1]
syslock_o               0x2000c1f0     0x4  Data  Lc  xsyslock.o [3]
tinyQueue<int>::empty() const
                        0x00005935    0x16  Code  Gb  interpret.o [1]
tinyQueue<int>::front() const
                        0x00005d21     0xa  Code  Gb  interpret.o [1]
tinyQueue<int>::peekAtIndex(unsigned int) const
                        0x00005e91     0x6  Code  Gb  interpret.o [1]
tinyQueue<int>::pop_front()
                        0x00005435    0x28  Code  Gb  interpret.o [1]
tinyQueue<int>::push_front(int)
                        0x0000507f    0x34  Code  Gb  interpret.o [1]
tinyQueue<int>::size() const
                        0x00005b15    0x10  Code  Gb  interpret.o [1]
tinyQueue<int>::spaceAvail() const
                        0x00005315    0x2a  Code  Gb  interpret.o [1]
tinyQueue<int>::stackFrameIndex() const
                        0x00005e85     0x6  Code  Gb  interpret.o [1]
tinyQueue<int>::stackFrameIndex(unsigned int)
                        0x00005e8b     0x6  Code  Gb  interpret.o [1]
tinyQueue<int>::tinyQueue()
                        0x00005cb9     0xc  Code  Gb  interpret.o [1]
tinyQueue<int>::tinyQueue() [internal]
                        0x00005bad     0xe  Code  Gb  interpret.o [1]
tinyQueue<int>::~tinyQueue()
                        0x00005bbb     0xe  Code  Gb  interpret.o [1]
tinyQueue<int>::~tinyQueue() [internal]
                        0x00005f25     0x2  Code  Gb  interpret.o [1]
tinyQueue<unsigned char>::clear()
                        0x00005cd1     0xc  Code  Gb  interpret.o [1]
tinyQueue<unsigned char>::getBuffer()
                        0x00005f29     0x2  Code  Gb  interpret.o [1]
tinyQueue<unsigned char>::push(unsigned char)
                        0x00005175    0x30  Code  Gb  interpret.o [1]
tinyQueue<unsigned char>::spaceAvail() const
                        0x0000533f    0x2a  Code  Gb  interpret.o [1]
tinyQueue<unsigned char>::tinyQueue(int)
                        0x00005cc5     0xc  Code  Gb  interpret.o [1]
tinyQueue<unsigned char>::tinyQueue(int) [internal]
                        0x00005d17     0xa  Code  Gb  interpret.o [1]
tinyQueue<unsigned char>::~tinyQueue()
                        0x00005bc9     0xe  Code  Gb  interpret.o [1]
tinyQueue<unsigned char>::~tinyQueue() [internal]
                        0x00005f27     0x2  Code  Gb  interpret.o [1]
tolower                 0x00005a71    0x14  Code  Gb  tolower.o [3]
ucNormallyEmptyReceivedValues
                        0x2000beb8    0xc8  Data  Lc  IntQueue.o [1]
ucNormallyFullReceivedValues
                        0x2000bf80    0xc8  Data  Lc  IntQueue.o [1]
ulTimerCount            0x2000c2a4     0x4  Data  Lc  timertest.o [1]
uxCriticalNesting       0x20004b1c     0x4  Data  Lc  port.o [1]
uxCurrentNumberOfTasks  0x2000c270     0x4  Data  Lc  tasks.o [1]
uxMissedTicks           0x2000c288     0x4  Data  Lc  tasks.o [1]
uxPreviousTask          0x20004b24     0x4  Data  Lc  tasks.o [1]
uxSchedulerSuspended    0x2000c284     0x4  Data  Lc  tasks.o [1]
uxTaskNumber            0x2000c294     0x4  Data  Lc  tasks.o [1]
uxTasksDeleted          0x2000c26c     0x4  Data  Lc  tasks.o [1]
uxTopReadyPriority      0x2000c27c     0x4  Data  Lc  tasks.o [1]
uxTopUsedPriority       0x2000c278     0x4  Data  Lc  tasks.o [1]
uxValueForNormallyEmptyQueue
                        0x2000c230     0x4  Data  Gb  IntQueue.o [1]
uxValueForNormallyFullQueue
                        0x2000c234     0x4  Data  Gb  IntQueue.o [1]
vApplicationStackOverflowHook
                        0x00002e0f     0x2  Code  Gb  main.o [1]
vApplicationTickHook    0x00002e0d     0x2  Code  Gb  main.o [1]
vLEDOnTask              0x00002dbf    0x16  Code  Lc  main.o [1]
vListInitialise         0x000040e5    0x1e  Code  Gb  list.o [1]
vListInitialiseItem     0x00004103     0x6  Code  Gb  list.o [1]
vListInsert             0x00004127    0x3c  Code  Gb  list.o [1]
vListInsertEnd          0x00004109    0x1e  Code  Gb  list.o [1]
vListRemove             0x00004163    0x26  Code  Gb  list.o [1]
vPortClearInterruptMask
                        0x000044bf          Code  Gb  portasm.o [1]
vPortEnterCritical      0x00003c55    0x12  Code  Gb  port.o [1]
vPortExitCritical       0x00003c67    0x1a  Code  Gb  port.o [1]
vPortFree               0x000034ef    0x44  Code  Gb  heap_2.o [1]
vPortSVCHandler         0x000044cd          Code  Gb  portasm.o [1]
vPortSetInterruptMask   0x000044b1          Code  Gb  portasm.o [1]
vPortStartFirstTask     0x000044e9          Code  Gb  portasm.o [1]
vPortYieldFromISR       0x00003c4b     0xa  Code  Gb  port.o [1]
vSetMSP                 0x00004475          Code  Gb  portasm.o [1]
vSetupHighFrequencyTimer
                        0x000042c9    0x6a  Code  Gb  timertest.o [1]
vStartLEDOnTasks        0x00002d9d    0x22  Code  Gb  main.o [1]
vT2InterruptHandler     0x00004fd9    0x18  Code  Gb  IntQueueTimer.o [1]
vT3InterruptHandler     0x00004ff1    0x18  Code  Gb  IntQueueTimer.o [1]
vTaskDelay              0x00001241    0x3c  Code  Gb  tasks.o [1]
vTaskDelayUntil         0x000011c9    0x78  Code  Gb  tasks.o [1]
vTaskIncrementTick      0x000013c3   0x120  Code  Gb  tasks.o [1]
vTaskPriorityDisinherit
                        0x00001835    0x46  Code  Gb  tasks.o [1]
vTaskStartScheduler     0x0000127d    0x42  Code  Gb  tasks.o [1]
vTaskSuspendAll         0x000012bf    0x10  Code  Gb  tasks.o [1]
vTaskSwitchContext      0x000014e5   0x130  Code  Gb  tasks.o [1]
xDelayedTaskList1       0x2000c18c    0x14  Data  Lc  tasks.o [1]
xDelayedTaskList2       0x2000c1a0    0x14  Data  Lc  tasks.o [1]
xEnd                    0x2000c20c     0x8  Data  Lc  heap_2.o [1]
xErrorLine              0x2000c22c     0x4  Data  Lc  IntQueue.o [1]
xErrorStatus            0x20004b0c     0x4  Data  Lc  IntQueue.o [1]
xFirstTimerHandler      0x0000249b    0xfc  Code  Gb  IntQueue.o [1]
xFreeBytesRemaining     0x20004b10     0x4  Data  Lc  heap_2.o [1]
xHeap                   0x20004b28  0x5dc0  Data  Lc  heap_2.o [1]
xMissedYield            0x2000c28c     0x4  Data  Lc  tasks.o [1]
xNextTaskUnblockTime    0x20004b20     0x4  Data  Lc  tasks.o [1]
xNormallyEmptyQueue     0x2000c224     0x4  Data  Lc  IntQueue.o [1]
xNormallyFullQueue      0x2000c228     0x4  Data  Lc  IntQueue.o [1]
xNumOfOverflows         0x2000c290     0x4  Data  Lc  tasks.o [1]
xPendingReadyList       0x2000c1b4    0x14  Data  Lc  tasks.o [1]
xPortPendSVHandler      0x0000447b          Code  Gb  portasm.o [1]
xPortStartScheduler     0x00003c1f    0x2c  Code  Gb  port.o [1]
xPortSysTickHandler     0x00003c81    0x1c  Code  Gb  port.o [1]
xQueueGenericSendFromISR
                        0x00003135    0x60  Code  Gb  queue.o [1]
xQueueIsQueueFullFromISR
                        0x00003293    0x14  Code  Gb  queue.o [1]
xQueueReceiveFromISR    0x00003195    0x60  Code  Gb  queue.o [1]
xSchedulerRunning       0x2000c280     0x4  Data  Lc  tasks.o [1]
xSecondTimerHandler     0x00002597   0x19a  Code  Gb  IntQueue.o [1]
xStart                  0x2000c204     0x8  Data  Lc  heap_2.o [1]
xSuspendedTaskList      0x2000c1dc    0x14  Data  Lc  tasks.o [1]
xTaskGenericCreate      0x00001081   0x148  Code  Gb  tasks.o [1]
xTaskGetTickCount       0x000013ad    0x16  Code  Gb  tasks.o [1]
xTaskRemoveFromEventList
                        0x00001615    0x6a  Code  Gb  tasks.o [1]
xTaskResumeAll          0x000012cf    0xde  Code  Gb  tasks.o [1]
xTaskWakeTime           0x2000c244     0x4  Data  Lc  interpret.o [1]
xTasksWaitingTermination
                        0x2000c1c8    0x14  Data  Lc  tasks.o [1]
xTickCount              0x2000c274     0x4  Data  Lc  tasks.o [1]
xTracing                0x2000c2a0     0x4  Data  Lc  tasks.o [1]


[1] = C:\dev\docs\scottdesign\motor\Debug\Obj
[2] = command line
[3] = dl7M_tl_if.a
[4] = driverlib.a
[5] = rt7M_tl.a
[6] = shb_l.a

  23 046 bytes of readonly  code memory
   1 474 bytes of readonly  data memory
  49 863 bytes of readwrite data memory

Errors: none
Warnings: none
