###############################################################################
#                                                                             #
# IAR ELF Linker V6.40.1.53790/W32 for ARM              30/Sep/2013  14:50:52 #
# Copyright 2007-2012 IAR Systems AB.                                         #
#                                                                             #
#    Output file  =  C:\dev\docs\scottdesign\motor\Debug\Exe\motorTiva.out    #
#    Map file     =  C:\dev\docs\scottdesign\motor\Debug\List\motorTiva.map   #
#    Command line =  C:\dev\docs\scottdesign\motor\Debug\Obj\accel.o          #
#                    C:\dev\docs\scottdesign\motor\Debug\Obj\flashio.o        #
#                    C:\dev\docs\scottdesign\motor\Debug\Obj\heap_2.o         #
#                    C:\dev\docs\scottdesign\motor\Debug\Obj\interpret.o      #
#                    C:\dev\docs\scottdesign\motor\Debug\Obj\list.o           #
#                    C:\dev\docs\scottdesign\motor\Debug\Obj\main.o           #
#                    C:\dev\docs\scottdesign\motor\Debug\Obj\parseTreeEntry.o #
#                     C:\dev\docs\scottdesign\motor\Debug\Obj\port.o          #
#                    C:\dev\docs\scottdesign\motor\Debug\Obj\portasm.o        #
#                    C:\dev\docs\scottdesign\motor\Debug\Obj\queue.o          #
#                    C:\dev\docs\scottdesign\motor\Debug\Obj\startup_ewarm.o  #
#                    C:\dev\docs\scottdesign\motor\Debug\Obj\stepper.o        #
#                    C:\dev\docs\scottdesign\motor\Debug\Obj\symbolTableEntry #
#                    .o C:\dev\docs\scottdesign\motor\Debug\Obj\tasks.o       #
#                    C:\dev\docs\scottdesign\motor\Debug\Obj\uartstdio.o      #
#                    C:\dev\docs\scottdesign\motor\Debug\Obj\usb_dev_serial.o #
#                     C:\dev\docs\scottdesign\motor\Debug\Obj\usb_serial_stru #
#                    cts.o C:\dev\docs\scottdesign\motor\Debug\Obj\ustdlib.o  #
#                    C:\ti\TivaWare_C_Series-1.0\driverlib\ewarm\Exe\driverli #
#                    b.a C:\ti\TivaWare_C_Series-1.0\usblib\ewarm\Exe\usblib. #
#                    a --redirect _Printf=_PrintfTiny --redirect              #
#                    _Scanf=_ScanfSmall -o C:\dev\docs\scottdesign\motor\Debu #
#                    g\Exe\motorTiva.out --map C:\dev\docs\scottdesign\motor\ #
#                    Debug\List\motorTiva.map --config                        #
#                    C:\dev\docs\scottdesign\motor\motorTiva.icf              #
#                    --semihosting --entry __iar_program_start --vfe          #
#                                                                             #
#                                                                             #
###############################################################################

*******************************************************************************
*** RUNTIME MODEL ATTRIBUTES
***

CppFlavor                     = *
__CPP_Language                = EC++
__Heap_Handler                = Basic
__SystemLibrary               = DLib
__dlib_dynamic_initialization = normal


*******************************************************************************
*** PLACEMENT SUMMARY
***

"A1":  place at start of [0x00000000-0x0000ffff] { ro section .intvec };
"P1":  place in [from 0x00000000 to 0x0000ffff] { ro };
"P2":  place in [from 0x20000000 to 0x20005fff] { rw, block HEAP };

  Section             Kind        Address    Size  Object
  -------             ----        -------    ----  ------
"A1":                                       0x26c
  .intvec             const    0x00000000   0x26c  startup_ewarm.o [1]
                             - 0x0000026c   0x26c

"P1":                                      0x6eac
  .text               ro code  0x0000026c   0xf54  interpret.o [1]
  .text               ro code  0x000011c0    0x50  cxxabi.o [4]
  .text               ro code  0x00001210     0x6  interpret.o [1]
  .text               ro code  0x00001216    0x2e  copy_init3.o [7]
  .text               ro code  0x00001244     0xc  interpret.o [1]
  .text               ro code  0x00001250   0x728  tasks.o [1]
  .text               ro code  0x00001978    0x36  strlen.o [7]
  .text               ro code  0x000019ae    0x22  zero_init3.o [7]
  .text               ro code  0x000019d0   0x1a0  main.o [1]
  .text               ro code  0x00001b70    0x42  strcmp.o [7]
  .text               ro code  0x00001bb2     0xa  interpret.o [1]
  .text               ro code  0x00001bbc    0x30  interpret.o [1]
  .text               ro code  0x00001bec    0x2a  interpret.o [1]
  .text               ro code  0x00001c16     0xc  interpret.o [1]
  .text               ro code  0x00001c22     0x2  interpret.o [1]
  .text               ro code  0x00001c24    0x10  interpret.o [1]
  .text               ro code  0x00001c34    0x24  sscanf.o [3]
  .text               ro code  0x00001c58    0x58  parseTreeEntry.o [1]
  .text               ro code  0x00001cb0     0x4  parseTreeEntry.o [1]
  .text               ro code  0x00001cb4     0x4  parseTreeEntry.o [1]
  .text               ro code  0x00001cb8     0x4  parseTreeEntry.o [1]
  .text               ro code  0x00001cbc     0x4  parseTreeEntry.o [1]
  .text               ro code  0x00001cc0     0x2  interpret.o [1]
  .text               ro code  0x00001cc2    0x54  symbolTableEntry.o [1]
  .text               ro code  0x00001d16     0x4  symbolTableEntry.o [1]
  .text               ro code  0x00001d1a     0x4  symbolTableEntry.o [1]
  .text               ro code  0x00001d1e     0x4  symbolTableEntry.o [1]
  .text               ro code  0x00001d22     0x2  interpret.o [1]
  .text               ro code  0x00001d24     0xc  interpret.o [1]
  .text               ro code  0x00001d30     0xe  interpret.o [1]
  .text               ro code  0x00001d3e    0x1e  xsscin.o [3]
  .text               ro code  0x00001d5c   0x414  stepper.o [1]
  .text               ro code  0x00002170    0x1e  interpret.o [1]
  .text               ro code  0x0000218e    0x16  interpret.o [1]
  .text               ro code  0x000021a4    0x4c  xassert.o [3]
  .text               ro code  0x000021f0     0x4  parseTreeEntry.o [1]
  .text               ro code  0x000021f4    0x16  interpret.o [1]
  .text               ro code  0x0000220a    0x16  interpret.o [1]
  .text               ro code  0x00002220    0x34  interpret.o [1]
  .text               ro code  0x00002254     0x6  interpret.o [1]
  .text               ro code  0x0000225a     0x4  symbolTableEntry.o [1]
  .text               ro code  0x0000225e     0x6  interpret.o [1]
  .text               ro code  0x00002264     0xa  interpret.o [1]
  .rodata             const    0x0000226e     0x2  heap_2.o [1]
  .text               ro code  0x00002270    0x3c  interpret.o [1]
  .text               ro code  0x000022ac    0x26  interpret.o [1]
  .text               ro code  0x000022d2     0x6  interpret.o [1]
  .text               ro code  0x000022d8     0x4  symbolTableEntry.o [1]
  .text               ro code  0x000022dc    0x1a  interpret.o [1]
  .text               ro code  0x000022f6     0xa  interpret.o [1]
  .text               ro code  0x00002300    0x16  interpret.o [1]
  .text               ro code  0x00002316     0xe  interpret.o [1]
  .text               ro code  0x00002324    0x28  interpret.o [1]
  .text               ro code  0x0000234c    0x16  interpret.o [1]
  .text               ro code  0x00002362     0x4  symbolTableEntry.o [1]
  .text               ro code  0x00002366    0x14  interpret.o [1]
  .text               ro code  0x0000237a     0x4  parseTreeEntry.o [1]
  .text               ro code  0x0000237e     0x4  parseTreeEntry.o [1]
  .text               ro code  0x00002382    0x1c  interpret.o [1]
  .text               ro code  0x0000239e     0x6  interpret.o [1]
  .text               ro code  0x000023a4    0x76  ABImemcpy.o [7]
  .text               ro code  0x0000241a     0x2  interpret.o [1]
  .text               ro code  0x0000241c    0x98  cppinit.o [3]
  .text               ro code  0x000024b4    0xf0  port.o [1]
  .text               ro code  0x000025a4    0xa4  list.o [1]
  CODE                ro code  0x00002648    0xa0  portasm.o [1]
  .text               ro code  0x000026e8    0x62  memcmp.o [7]
  .text               ro code  0x0000274c   0x14c  heap_2.o [1]
  .text               ro code  0x00002898    0x16  tasks.o [1]
  .text               ro code  0x000028b0     0x6  gpio.o [5]
  .text               ro code  0x000028b8    0x74  sysctl.o [5]
  .text               ro code  0x0000292c    0x66  timer.o [5]
  .text               ro code  0x00002994   0x214  interrupt.o [5]
  .text               ro code  0x00002ba8    0x10  uart.o [5]
  .text               ro code  0x00002bb8    0x2c  strstr.o [3]
  .text               ro code  0x00002be4   0x504  xscanfsmall.o [3]
  .text               ro code  0x000030e8     0x4  parseTreeEntry.o [1]
  .text               ro code  0x000030ec   0x24a  accel.o [1]
  .text               ro code  0x00003338    0x30  stepper.o [1]
  .text               ro code  0x00003368     0x6  stepper.o [1]
  .text               ro code  0x0000336e    0x22  stepper.o [1]
  .text               ro code  0x00003390    0x26  stepper.o [1]
  .text               ro code  0x000033b6     0xa  stepper.o [1]
  .text               ro code  0x000033c0    0x1a  stepper.o [1]
  .text               ro code  0x000033da     0x6  stepper.o [1]
  .text               ro code  0x000033e0     0x6  stepper.o [1]
  .text               ro code  0x000033e6    0x16  stepper.o [1]
  .text               ro code  0x000033fc    0x3c  stepper.o [1]
  .text               ro code  0x00003438    0x30  stepper.o [1]
  .text               ro code  0x00003468    0x1c  stepper.o [1]
  .text               ro code  0x00003484    0x30  stepper.o [1]
  .text               ro code  0x000034b4     0x6  stepper.o [1]
  .text               ro code  0x000034ba    0x2a  stepper.o [1]
  .text               ro code  0x000034e4    0x12  stepper.o [1]
  .text               ro code  0x000034f6    0x12  stepper.o [1]
  .text               ro code  0x00003508    0x1c  interpret.o [1]
  .text               ro code  0x00003524    0x1c  interpret.o [1]
  .text               ro code  0x00003540    0x10  interpret.o [1]
  .text               ro code  0x00003550    0xa0  xreportassert.o [3]
  .text               ro code  0x000035f0     0x6  abort.o [3]
  .text               ro code  0x000035f6    0x2a  interpret.o [1]
  .text               ro code  0x00003620    0x66  ABImemset.o [7]
  .text               ro code  0x00003688    0x10  cpu.o [5]
  .text               ro code  0x00003698    0x16  strchr.o [7]
  .text               ro code  0x000036ae    0x86  xstol.o [3]
  .text               ro code  0x00003734   0x174  xstoul.o [3]
  .text               ro code  0x000038a8    0x18  stepper.o [1]
  .text               ro code  0x000038c0     0x6  stepper.o [1]
  .text               ro code  0x000038c8    0x2c  I32ToDbl.o [6]
  .text               ro code  0x000038f4   0x1a2  DblMul.o [6]
  .text               ro code  0x00003a98   0x246  DblDiv.o [6]
  .text               ro code  0x00003ce0    0x90  DblToFlt.o [6]
  .text               ro code  0x00003d70    0x50  expf.o [6]
  .text               ro code  0x00003dc0    0x18  stepper.o [1]
  .text               ro code  0x00003dd8     0xc  interpret.o [1]
  .text               ro code  0x00003de4    0x28  putchar.o [3]
  .text               ro code  0x00003e0c    0x14  exit.o [8]
  .text               ro code  0x00003e20     0xc  errno.o [3]
  .text               ro code  0x00003e2c    0x58  memchr.o [7]
  .text               ro code  0x00003e84   0x21c  xfexp.o [6]
  .text               ro code  0x000040a0    0x2a  stepper.o [1]
  .text               ro code  0x000040ca    0x10  write.o [8]
  .text               ro code  0x000040dc    0x6c  iarttio.o [8]
  .text               ro code  0x00004148     0x2  xtls.o [3]
  .text               ro code  0x0000414c    0xc8  xfdscale.o [6]
  .text               ro code  0x00004214    0x1e  dwrite.o [8]
  .text               ro code  0x00004234     0x8  XShttio.o [3]
  .text               ro code  0x0000423c    0x26  xfdnorm.o [6]
  .text               ro code  0x00004262    0x20  iarwstd.o [8]
  .text               ro code  0x00004282    0x22  iarwrite.o [8]
  .text               ro code  0x000042a4   0x96c  usbdenum.o [9]
  .text               ro code  0x00004c10   0x3f6  usb.o [5]
  .text               ro code  0x00005008   0x478  usbdma.o [9]
  .text               ro code  0x00005480    0x6c  usbtick.o [9]
  .text               ro code  0x000054ec   0x150  usbdcdesc.o [9]
  .text               ro code  0x0000563c   0x228  usbdconfig.o [9]
  .text               ro code  0x00005864   0x11c  udma.o [5]
  .text               ro code  0x00005980    0x54  usbdesc.o [9]
  .text               ro code  0x000059d4   0x750  usbdcdc.o [9]
  .text               ro code  0x00006124   0x5f0  usb_dev_serial.o [1]
  .text               ro code  0x00006714   0x24c  usbbuffer.o [9]
  .text               ro code  0x00006960    0x1c  usbmode.o [9]
  .text               ro code  0x0000697c   0x152  usbringbuf.o [9]
  .rodata             const    0x00006ad0    0x6c  usbdcdc.o [9]
  .rodata             const    0x00006b3c    0x48  interpret.o [1]
  .text               ro code  0x00006b84    0x44  interpret.o [1]
  .text               ro code  0x00006bc8     0xe  interpret.o [1]
  .text               ro code  0x00006bd6     0xe  interpret.o [1]
  .text               ro code  0x00006be4     0x2  interpret.o [1]
  .text               ro code  0x00006be6     0x2  interpret.o [1]
  .rodata             const    0x00006be8    0x38  usb_serial_structs.o [1]
  .rodata             const    0x00006c20    0x30  interpret.o [1]
  .rodata             const    0x00006c50    0x2c  interpret.o [1]
  .rodata             const    0x00006c7c    0x2c  interpret.o [1]
  .rodata             const    0x00006ca8    0x2c  usb_serial_structs.o [1]
  .text               ro code  0x00006cd4    0x28  data_init3.o [7]
  .rodata             const    0x00006cfc    0x24  usb_serial_structs.o [1]
  .rodata             const    0x00006d20    0x24  usb_serial_structs.o [1]
  .rodata             const    0x00006d44    0x24  usb_serial_structs.o [1]
  .rodata             const    0x00006d68    0x24  usb_serial_structs.o [1]
  .iar.init_table     const    0x00006d8c    0x28  - Linker created -
  .rodata             const    0x00006db4    0x20  interpret.o [1]
  .rodata             const    0x00006dd4    0x20  interpret.o [1]
  .text               ro code  0x00006df4    0x20  cmain_call_ctors.o [7]
  .text               ro code  0x00006e14    0x1e  startup_ewarm.o [1]
  .text               ro code  0x00006e32     0xc  cstartup_M.o [7]
  .text               ro code  0x00006e40    0x1a  fpinit_M.o [6]
  .text               ro code  0x00006e5c    0x16  cmain.o [7]
  .text               ro code  0x00006e72     0x4  low_level_init.o [3]
  .text               ro code  0x00006e76     0x4  exit.o [3]
  .text               ro code  0x00006e7c     0xe  cexit.o [7]
  .rodata             const    0x00006e8c    0x1c  interpret.o [1]
  .rodata             const    0x00006ea8    0x18  usb_serial_structs.o [1]
  .text               ro code  0x00006ec0    0x18  usbdhandler.o [9]
  .rodata             const    0x00006ed8    0x14  tasks.o [1]
  .rodata             const    0x00006eec    0x14  usb_serial_structs.o [1]
  .rodata             const    0x00006f00    0x10  interpret.o [1]
  .rodata             const    0x00006f10    0x10  interpret.o [1]
  .rodata             const    0x00006f20    0x10  usb_dev_serial.o [1]
  .rodata             const    0x00006f30     0xc  interpret.o [1]
  .rodata             const    0x00006f3c     0xc  interpret.o [1]
  .rodata             const    0x00006f48     0xc  interpret.o [1]
  .rodata             const    0x00006f54     0xc  interpret.o [1]
  .rodata             const    0x00006f60     0xc  interpret.o [1]
  .rodata             const    0x00006f6c     0xc  interpret.o [1]
  .rodata             const    0x00006f78     0xc  interpret.o [1]
  .rodata             const    0x00006f84     0xc  interpret.o [1]
  .rodata             const    0x00006f90     0xc  interpret.o [1]
  .rodata             const    0x00006f9c     0xc  usb_dev_serial.o [1]
  .rodata             const    0x00006fa8     0x8  interpret.o [1]
  .rodata             const    0x00006fb0     0x8  interpret.o [1]
  .rodata             const    0x00006fb8     0x8  interpret.o [1]
  .rodata             const    0x00006fc0     0x8  interpret.o [1]
  .rodata             const    0x00006fc8     0x8  interpret.o [1]
  .rodata             const    0x00006fd0     0x8  interpret.o [1]
  .rodata             const    0x00006fd8     0x8  interpret.o [1]
  .rodata             const    0x00006fe0     0x8  interpret.o [1]
  .rodata             const    0x00006fe8     0x8  interpret.o [1]
  .rodata             const    0x00006ff0     0x8  interpret.o [1]
  .rodata             const    0x00006ff8     0x8  interpret.o [1]
  .rodata             const    0x00007000     0x8  interpret.o [1]
  .rodata             const    0x00007008     0x8  interpret.o [1]
  .rodata             const    0x00007010     0x8  interpret.o [1]
  .rodata             const    0x00007018     0x8  interpret.o [1]
  .rodata             const    0x00007020     0x8  interpret.o [1]
  .rodata             const    0x00007028     0x8  main.o [1]
  .rodata             const    0x00007030     0x8  main.o [1]
  .rodata             const    0x00007038     0x8  tasks.o [1]
  .rodata             const    0x00007040     0x4  usb_serial_structs.o [1]
  SHT$$PREINIT_ARRAY           0x00007044     0x0  <Block>
  SHT$$INIT_ARRAY              0x00007044     0x4  <Block>
    .init_array       const    0x00007044     0x4  interpret.o [1]
  .text               ro code  0x00007048     0x0  cstart_call_dtors.o [7]
  .rodata             const    0x00007048     0x0  zero_init3.o [7]
  .rodata             const    0x00007048     0x0  copy_init3.o [7]
  Initializer bytes   ro data  0x00007048    0xd0  <for P2 s0>
                             - 0x00007118  0x6eac

"P2", part 1 of 3:                           0xd0
  P2 s0                        0x20000000    0xd0  <Init block>
    .data             inited   0x20000000    0x60  usb_serial_structs.o [1]
    .data             inited   0x20000060    0x20  usbdcdc.o [9]
    .data             inited   0x20000080    0x10  usbdcdc.o [9]
    .data             inited   0x20000090    0x10  usbmode.o [9]
    .data             inited   0x200000a0     0xc  usbdcdc.o [9]
    .data             inited   0x200000ac     0x8  usbdcdc.o [9]
    .data             inited   0x200000b4     0x8  XShttio.o [3]
    .data             inited   0x200000bc     0x4  heap_2.o [1]
    .data             inited   0x200000c0     0x4  interpret.o [1]
    .data             inited   0x200000c4     0x4  interpret.o [1]
    .data             inited   0x200000c8     0x4  port.o [1]
    .data             inited   0x200000cc     0x4  tasks.o [1]
                             - 0x200000d0    0xd0

"P2", part 2 of 3:                         0x55fc
  .bss                zero     0x200000d0  0x3a98  heap_2.o [1]
  .bss                zero     0x20003b68  0x14c0  interpret.o [1]
  .bss                zero     0x20005028   0x110  usbdma.o [9]
  .bss                zero     0x20005138   0x108  interpret.o [1]
  .bss                zero     0x20005240   0x100  usb_serial_structs.o [1]
  .bss                zero     0x20005340   0x100  usb_serial_structs.o [1]
  .bss                zero     0x20005440    0x64  tasks.o [1]
  .bss                zero     0x200054a4    0x50  usbdenum.o [9]
  .bss                zero     0x200054f4    0x40  usbdenum.o [9]
  .bss                zero     0x20005534    0x38  usbtick.o [9]
  .bss                zero     0x2000556c    0x20  interpret.o [1]
  .bss                zero     0x2000558c    0x20  interpret.o [1]
  .bss                zero     0x200055ac    0x18  usb_serial_structs.o [1]
  .bss                zero     0x200055c4    0x18  usb_serial_structs.o [1]
  .bss                zero     0x200055dc    0x14  tasks.o [1]
  .bss                zero     0x200055f0    0x14  tasks.o [1]
  .bss                zero     0x20005604    0x14  tasks.o [1]
  .bss                zero     0x20005618    0x14  tasks.o [1]
  .bss                zero     0x2000562c    0x14  tasks.o [1]
  .bss                zero     0x20005640     0x8  heap_2.o [1]
  .bss                zero     0x20005648     0x8  heap_2.o [1]
  .bss                zero     0x20005650     0x4  heap_2.o [1]
  .bss                zero     0x20005654     0x4  interpret.o [1]
  .bss                zero     0x20005658     0x4  interpret.o [1]
  .bss                zero     0x2000565c     0x4  interpret.o [1]
  .bss                zero     0x20005660     0x4  interpret.o [1]
  .bss                zero     0x20005664     0x4  interpret.o [1]
  .bss                zero     0x20005668     0x4  interpret.o [1]
  .bss                zero     0x2000566c     0x4  stepper.o [1]
  .bss                zero     0x20005670     0x4  tasks.o [1]
  .bss                zero     0x20005674     0x4  tasks.o [1]
  .bss                zero     0x20005678     0x4  tasks.o [1]
  .bss                zero     0x2000567c     0x4  tasks.o [1]
  .bss                zero     0x20005680     0x4  tasks.o [1]
  .bss                zero     0x20005684     0x4  tasks.o [1]
  .bss                zero     0x20005688     0x4  tasks.o [1]
  .bss                zero     0x2000568c     0x4  tasks.o [1]
  .bss                zero     0x20005690     0x4  tasks.o [1]
  .bss                zero     0x20005694     0x4  tasks.o [1]
  .bss                zero     0x20005698     0x4  tasks.o [1]
  .bss                zero     0x2000569c     0x4  tasks.o [1]
  .bss                zero     0x200056a0     0x4  tasks.o [1]
  .bss                zero     0x200056a4     0x4  usb_dev_serial.o [1]
  .bss                zero     0x200056a8     0x4  usb_dev_serial.o [1]
  .bss                zero     0x200056ac     0x4  usb_dev_serial.o [1]
  .bss                zero     0x200056b0     0x4  usb_dev_serial.o [1]
  .bss                zero     0x200056b4     0x4  usbtick.o [9]
  .bss                zero     0x200056b8     0x4  cppinit.o [3]
  .bss                zero     0x200056bc     0x4  cppinit.o [3]
  __DLIB_PERTHREAD    zero     0x200056c0     0x4  errno.o [3]
  .bss                zero     0x200056c4     0x1  interpret.o [1]
  .bss                zero     0x200056c5     0x1  interpret.o [1]
  .bss                zero     0x200056c6     0x1  interpret.o [1]
  .bss                zero     0x200056c7     0x1  usb_dev_serial.o [1]
  .bss                zero     0x200056c8     0x1  usb_dev_serial.o [1]
                             - 0x200056c9  0x55f9

"P2", part 3 of 3:                          0x5b0
  .noinit             uninit   0x200056cc   0x400  startup_ewarm.o [1]
  .iar.dynexit                 0x20005acc   0x1b0  <Block>
    .iar.dynexit      uninit   0x20005acc     0xc  cppinit.o [3]
    .iar.dynexit      uninit   0x20005ad8   0x1a4  <Block tail>
                             - 0x20005c7c   0x5b0


*******************************************************************************
*** INIT TABLE
***

          Address     Size
          -------     ----
Zero (__iar_zero_init3)
    1 destination range, total size 0x55f9:
          0x200000d0  0x55f9

Copy (__iar_copy_init3)
    1 source range, total size 0xd0:
          0x00007048    0xd0
    1 destination range, total size 0xd0:
          0x20000000    0xd0

Extra (__iar_cstart_call_ctors)



*******************************************************************************
*** MODULE SUMMARY
***

    Module                ro code  ro data  rw data
    ------                -------  -------  -------
C:\dev\docs\scottdesign\motor\Debug\Obj: [1]
    accel.o                   586
    heap_2.o                  332        6   15 024
    interpret.o             4 792      580    5 675
    list.o                    164
    main.o                    416       16
    parseTreeEntry.o          120
    port.o                    240        4        4
    portasm.o                 160
    startup_ewarm.o            30      620    1 024
    stepper.o               1 604                 4
    symbolTableEntry.o        108
    tasks.o                 1 854       32      256
    usb_dev_serial.o        1 520       28       18
    usb_serial_structs.o               388      656
    -----------------------------------------------
    Total:                 11 926    1 674   22 661

command line: [2]
    -----------------------------------------------
    Total:

dl7M_tln.a: [3]
    XShttio.o                   8        8        8
    abort.o                     6
    cppinit.o                 152                20
    errno.o                    12                 4
    exit.o                      4
    low_level_init.o            4
    putchar.o                  40
    sscanf.o                   36
    strstr.o                   44
    xassert.o                  76
    xreportassert.o           160
    xscanfsmall.o           1 284
    xsscin.o                   30
    xstol.o                   134
    xstoul.o                  372
    xtls.o                      2
    -----------------------------------------------
    Total:                  2 364        8       32

dlpp7M_tl_ne.a: [4]
    cxxabi.o                   80
    -----------------------------------------------
    Total:                     80

driverlib.a: [5]
    cpu.o                      16
    gpio.o                      6
    interrupt.o               532
    sysctl.o                  116
    timer.o                   102
    uart.o                     16
    udma.o                    284
    usb.o                   1 014
    -----------------------------------------------
    Total:                  2 086

m7M_tlv.a: [6]
    DblDiv.o                  582
    DblMul.o                  418
    DblToFlt.o                144
    I32ToDbl.o                 44
    expf.o                     80
    fpinit_M.o                 26
    xfdnorm.o                  38
    xfdscale.o                200
    xfexp.o                   540
    -----------------------------------------------
    Total:                  2 072

rt7M_tl.a: [7]
    ABImemcpy.o               118
    ABImemset.o               102
    cexit.o                    14
    cmain.o                    22
    cmain_call_ctors.o         32
    copy_init3.o               46
    cstart_call_dtors.o
    cstartup_M.o               12
    data_init3.o               40
    memchr.o                   88
    memcmp.o                   98
    strchr.o                   22
    strcmp.o                   66
    strlen.o                   54
    zero_init3.o               34
    -----------------------------------------------
    Total:                    748

shb_l.a: [8]
    dwrite.o                   30
    exit.o                     20
    iarttio.o                 108
    iarwrite.o                 34
    iarwstd.o                  32
    write.o                    16
    -----------------------------------------------
    Total:                    240

usblib.a: [9]
    usbbuffer.o               588
    usbdcdc.o               1 872      176       68
    usbdcdesc.o               336
    usbdconfig.o              552
    usbdenum.o              2 412               144
    usbdesc.o                  84
    usbdhandler.o              24
    usbdma.o                1 144               272
    usbmode.o                  28       16       16
    usbringbuf.o              338
    usbtick.o                 108                60
    -----------------------------------------------
    Total:                  7 486      192      560

    Gaps                       32        4
    Linker created                      40      420
---------------------------------------------------
    Grand Total:           27 034    1 918   23 673


*******************************************************************************
*** ENTRY LIST
***

Entry                      Address    Size  Type      Object
-----                      -------    ----  ----      ------
.iar.dynexit$$Base      0x20005acc           --   Gb  - Linker created -
.iar.dynexit$$Limit     0x20005c7c           --   Gb  - Linker created -
?main                   0x00006e5d          Code  Gb  cmain.o [7]
CDCTickHandler          0x00005e39    0x7a  Code  Lc  usbdcdc.o [9]
CPUcpsid                0x00003689     0x8  Code  Gb  cpu.o [5]
CPUcpsie                0x00003691     0x8  Code  Gb  cpu.o [5]
CheckForSerialStateChange
                        0x00006125    0x3a  Code  Lc  usb_dev_serial.o [1]
ControlHandler          0x00006411    0xd8  Code  Gb  usb_dev_serial.o [1]
DMAUSBIntHandler        0x00005065    0x30  Code  Lc  usbdma.o [9]
DMAUSBIntStatusClear    0x00005057     0xe  Code  Lc  usbdma.o [9]
DMAUSBStatus            0x000053b1     0x4  Code  Lc  usbdma.o [9]
DeviceConsumedAllData   0x000059ed    0x18  Code  Lc  usbdcdc.o [9]
DtorRecArray            0x20005acc     0xc  Data  Lc  cppinit.o [3]
FaultISR                0x00006e2f     0x2  Code  Lc  startup_ewarm.o [1]
GPIOPinWrite            0x000028b1     0x6  Code  Gb  gpio.o [5]
GetEPDescriptorType     0x00005659    0x46  Code  Lc  usbdconfig.o [9]
GetEndpointFIFOSize     0x0000563d    0x1c  Code  Lc  usbdconfig.o [9]
GetLineCoding           0x00006337    0xa8  Code  Lc  usb_dev_serial.o [1]
HandleConfigChange      0x00005c4d    0x2c  Code  Lc  usbdcdc.o [9]
HandleDevice            0x00005cc7    0x62  Code  Lc  usbdcdc.o [9]
HandleDisconnect        0x00005df3    0x22  Code  Lc  usbdcdc.o [9]
HandleEP0Data           0x00005c79    0x46  Code  Lc  usbdcdc.o [9]
HandleEndpoints         0x00005bfb    0x52  Code  Lc  usbdcdc.o [9]
HandleRequests          0x00005d29    0xb8  Code  Lc  usbdcdc.o [9]
HandleResume            0x00005e21     0xc  Code  Lc  usbdcdc.o [9]
HandleRxAvailable       0x000067a3    0xb2  Code  Lc  usbbuffer.o [9]
HandleSuspend           0x00005e15     0xc  Code  Lc  usbdcdc.o [9]
IntDefaultHandler       0x00006e31     0x2  Code  Lc  startup_ewarm.o [1]
IntDisable              0x00002a27    0x58  Code  Gb  interrupt.o [5]
IntEnable               0x000029cf    0x58  Code  Gb  interrupt.o [5]
IntIsEnabled            0x00002a7f    0x5c  Code  Gb  interrupt.o [5]
IntMasterDisable        0x0000299d     0x6  Code  Gb  interrupt.o [5]
IntMasterEnable         0x00002995     0x8  Code  Gb  interrupt.o [5]
IntPrioritySet          0x000029ab    0x24  Code  Gb  interrupt.o [5]
InternalUSBRegisterTickHandler
                        0x0000549d    0x24  Code  Gb  usbtick.o [9]
InternalUSBStartOfFrameTick
                        0x000054c1    0x26  Code  Gb  usbtick.o [9]
InternalUSBTickInit     0x00005481    0x1c  Code  Gb  usbtick.o [9]
LEDOff                  0x00001a1b     0xe  Code  Gb  main.o [1]
LEDOn                   0x00001a0d     0xe  Code  Gb  main.o [1]
NextConfigDescGet       0x000054ed    0x2e  Code  Lc  usbdcdesc.o [9]
NmiSR                   0x00006e2d     0x2  Code  Lc  startup_ewarm.o [1]
ProcessDataFromHost     0x00005aff    0x5e  Code  Gb  usbdcdc.o [9]
ProcessDataToHost       0x00005ba1    0x52  Code  Gb  usbdcdc.o [9]
ProcessNotificationToHost
                        0x00005b6b    0x36  Code  Gb  usbdcdc.o [9]
ReadUARTData            0x0000615f    0x74  Code  Lc  usb_dev_serial.o [1]
Region$$Table$$Base     0x00006d8c           --   Gb  - Linker created -
Region$$Table$$Limit    0x00006db4           --   Gb  - Linker created -
ResetISR                0x00006e15    0x14  Code  Gb  startup_ewarm.o [1]
RxHandler               0x000064f7    0x48  Code  Gb  usb_dev_serial.o [1]
SHT$$INIT_ARRAY$$Base   0x00007044           --   Gb  - Linker created -
SHT$$INIT_ARRAY$$Limit  0x00007048           --   Gb  - Linker created -
SHT$$PREINIT_ARRAY$$Base
                        0x00007044           --   Gb  - Linker created -
SHT$$PREINIT_ARRAY$$Limit
                        0x00007044           --   Gb  - Linker created -
ScheduleNextTransmission
                        0x00006715    0x8e  Code  Lc  usbbuffer.o [9]
SendBreak               0x000063df    0x32  Code  Lc  usb_dev_serial.o [1]
SendBreak               0x00005a05    0x3a  Code  Lc  usbdcdc.o [9]
SendLineCodingChange    0x00005a3f    0x1e  Code  Lc  usbdcdc.o [9]
SendLineStateChange     0x00005a5d    0x1e  Code  Lc  usbdcdc.o [9]
SendSerialState         0x00005a7b    0x84  Code  Lc  usbdcdc.o [9]
SetControlLineState     0x0000628b     0x2  Code  Lc  usb_dev_serial.o [1]
SetDeferredOpFlag       0x000059d5    0x18  Code  Lc  usbdcdc.o [9]
SetLineCoding           0x0000628d    0xaa  Code  Lc  usb_dev_serial.o [1]
SysCtlPeripheralEnable  0x000028f9     0x8  Code  Gb  sysctl.o [5]
SysCtlPeripheralReset   0x000028b9    0x40  Code  Gb  sysctl.o [5]
SysCtlUSBPLLEnable      0x00002915     0xc  Code  Gb  sysctl.o [5]
TimerConfigure          0x00002945    0x26  Code  Gb  timer.o [5]
TimerDisable            0x00002939     0xc  Code  Gb  timer.o [5]
TimerEnable             0x0000292d     0xc  Code  Gb  timer.o [5]
TimerIntEnable          0x00002981     0x4  Code  Gb  timer.o [5]
TimerLoadSet            0x00002971    0x10  Code  Gb  timer.o [5]
TxHandler               0x000064e9     0xe  Code  Gb  usb_dev_serial.o [1]
UARTCharsAvail          0x00002ba9     0x6  Code  Gb  uart.o [5]
UARTSend                0x000019d1    0x20  Code  Gb  main.o [1]
USB0DeviceIntHandler    0x00006ec1    0x18  Code  Gb  usbdhandler.o [9]
USBBufferDataAvailable  0x000068c9     0x6  Code  Gb  usbbuffer.o [9]
USBBufferEventCallback  0x000068d5    0x8c  Code  Gb  usbbuffer.o [9]
USBBufferFlush          0x0000689d     0x6  Code  Gb  usbbuffer.o [9]
USBBufferInit           0x00006855    0x16  Code  Gb  usbbuffer.o [9]
USBBufferRead           0x000068a3    0x26  Code  Gb  usbbuffer.o [9]
USBBufferSpaceAvailable
                        0x000068cf     0x6  Code  Gb  usbbuffer.o [9]
USBBufferWrite          0x0000686b    0x32  Code  Gb  usbbuffer.o [9]
USBDCDCCompositeInit    0x00005ec9    0x8e  Code  Gb  usbdcdc.o [9]
USBDCDCInit             0x00005f57    0x42  Code  Gb  usbdcdc.o [9]
USBDCDCPacketRead       0x00005ff5    0x7e  Code  Gb  usbdcdc.o [9]
USBDCDCPacketWrite      0x00005fa9    0x4c  Code  Gb  usbdcdc.o [9]
USBDCDCRxPacketAvailable
                        0x00006083    0x32  Code  Gb  usbdcdc.o [9]
USBDCDCSerialStateChange
                        0x000060bd    0x2e  Code  Gb  usbdcdc.o [9]
USBDCDCTxPacketAvailable
                        0x00006073    0x10  Code  Gb  usbdcdc.o [9]
USBDCDConfigDescGet     0x00005563    0x54  Code  Gb  usbdcdesc.o [9]
USBDCDConfigDescGetNum  0x00005539    0x2a  Code  Gb  usbdcdesc.o [9]
USBDCDConfigDescGetSize
                        0x0000551b    0x1e  Code  Gb  usbdcdesc.o [9]
USBDCDConfigGetInterface
                        0x000055b7    0x4c  Code  Gb  usbdcdesc.o [9]
USBDCDConfigGetInterfaceEndpoint
                        0x0000560b    0x32  Code  Gb  usbdcdesc.o [9]
USBDCDDeviceInfoInit    0x000042a5    0x1a  Code  Gb  usbdenum.o [9]
USBDCDInit              0x000042bf    0xb8  Code  Gb  usbdenum.o [9]
USBDCDRequestDataEP0    0x00004377    0x10  Code  Gb  usbdenum.o [9]
USBDCDSendDataEP0       0x00004387     0xa  Code  Gb  usbdenum.o [9]
USBDCDStallEP0          0x00004395    0x18  Code  Gb  usbdenum.o [9]
USBDClearFeature        0x000045a7    0x72  Code  Lc  usbdenum.o [9]
USBDEP0StateTx          0x00004957    0x66  Code  Lc  usbdenum.o [9]
USBDEP0StateTxConfig    0x000049bd   0x13e  Code  Lc  usbdenum.o [9]
USBDGetConfiguration    0x000047cb    0x22  Code  Lc  usbdenum.o [9]
USBDGetDescriptor       0x0000469d   0x128  Code  Lc  usbdenum.o [9]
USBDGetInterface        0x00004883    0x24  Code  Lc  usbdenum.o [9]
USBDGetStatus           0x00004557    0x50  Code  Lc  usbdenum.o [9]
USBDReadAndDispatchRequest
                        0x000043f7    0x56  Code  Lc  usbdenum.o [9]
USBDSetAddress          0x00004683    0x1a  Code  Lc  usbdenum.o [9]
USBDSetConfiguration    0x000047fd    0x7e  Code  Lc  usbdenum.o [9]
USBDSetDescriptor       0x000047c5     0x6  Code  Lc  usbdenum.o [9]
USBDSetFeature          0x00004623    0x60  Code  Lc  usbdenum.o [9]
USBDSetInterface        0x000048bf    0x88  Code  Lc  usbdenum.o [9]
USBDSyncFrame           0x00004947     0x4  Code  Lc  usbdenum.o [9]
USBDescGet              0x000059a7    0x2e  Code  Gb  usbdesc.o [9]
USBDescGetNum           0x00005981    0x26  Code  Gb  usbdesc.o [9]
USBDevAddrSet           0x00004da7     0x4  Code  Gb  usb.o [5]
USBDevConnect           0x00004d8f     0xc  Code  Gb  usb.o [5]
USBDevDisconnect        0x00004d9b     0xc  Code  Gb  usb.o [5]
USBDevEndpointConfigSet
                        0x00004dab    0x74  Code  Gb  usb.o [5]
USBDevEndpointDataAck   0x00004f4d    0x20  Code  Gb  usb.o [5]
USBDevEndpointStall     0x00004d1f    0x30  Code  Gb  usb.o [5]
USBDevEndpointStallClear
                        0x00004d4f    0x40  Code  Gb  usb.o [5]
USBDevEndpointStatusClear
                        0x00004cd1    0x4e  Code  Gb  usb.o [5]
USBDevMode              0x00004ff1     0x2  Code  Gb  usb.o [5]
USBDeviceConfig         0x0000569f   0x136  Code  Gb  usbdconfig.o [9]
USBDeviceConfigAlternate
                        0x000057e1    0x7e  Code  Gb  usbdconfig.o [9]
USBDeviceEnumHandler    0x00004451    0xca  Code  Gb  usbdenum.o [9]
USBDeviceEnumResetHandler
                        0x0000451b    0x3c  Code  Gb  usbdenum.o [9]
USBDeviceIntHandlerInternal
                        0x00004afb    0xc8  Code  Gb  usbdenum.o [9]
USBDeviceResumeTickHandler
                        0x000043ad    0x4a  Code  Gb  usbdenum.o [9]
USBEndpointDMAChannel   0x00004fd7    0x1a  Code  Gb  usb.o [5]
USBEndpointDMAConfigSet
                        0x00004e61    0x48  Code  Gb  usb.o [5]
USBEndpointDMADisable   0x00004ec9    0x20  Code  Gb  usb.o [5]
USBEndpointDMAEnable    0x00004ea9    0x20  Code  Gb  usb.o [5]
USBEndpointDataAvail    0x00004ee9    0x20  Code  Gb  usb.o [5]
USBEndpointDataGet      0x00004f09    0x44  Code  Gb  usb.o [5]
USBEndpointDataPut      0x00004f6d    0x30  Code  Gb  usb.o [5]
USBEndpointDataSend     0x00004fa3    0x2c  Code  Gb  usb.o [5]
USBEndpointPacketCountSet
                        0x00004ff9     0xe  Code  Gb  usb.o [5]
USBEndpointStatus       0x00004cbd     0xe  Code  Gb  usb.o [5]
USBFIFOAddrGet          0x00004fcf     0x8  Code  Gb  usb.o [5]
USBFIFOConfigSet        0x00004e1f    0x3c  Code  Gb  usb.o [5]
USBHostResume           0x00004c2b    0x14  Code  Gb  usb.o [5]
USBIndexWrite           0x00004c11    0x1a  Code  Lc  usb.o [5]
USBIntEnableControl     0x00004c3f    0x26  Code  Gb  usb.o [5]
USBIntEnableEndpoint    0x00004c95    0x1a  Code  Gb  usb.o [5]
USBIntStatusControl     0x00004c65    0x30  Code  Gb  usb.o [5]
USBIntStatusEndpoint    0x00004caf     0x6  Code  Gb  usb.o [5]
USBLibDMAInit           0x000053b5    0x84  Code  Gb  usbdma.o [9]
USBRingBufAdvanceRead   0x00006a45    0x1e  Code  Gb  usbringbuf.o [9]
USBRingBufAdvanceWrite  0x00006a63    0x36  Code  Gb  usbringbuf.o [9]
USBRingBufContigFree    0x000069f7    0x1c  Code  Gb  usbringbuf.o [9]
USBRingBufContigUsed    0x000069e5    0x12  Code  Gb  usbringbuf.o [9]
USBRingBufFlush         0x000069a9    0x1a  Code  Gb  usbringbuf.o [9]
USBRingBufFree          0x000069d7     0xe  Code  Gb  usbringbuf.o [9]
USBRingBufInit          0x00006ac3     0xc  Code  Gb  usbringbuf.o [9]
USBRingBufRead          0x00006a29    0x1c  Code  Gb  usbringbuf.o [9]
USBRingBufReadOne       0x00006a13    0x16  Code  Gb  usbringbuf.o [9]
USBRingBufUsed          0x000069c3    0x14  Code  Gb  usbringbuf.o [9]
USBRingBufWrite         0x00006aa7    0x1c  Code  Gb  usbringbuf.o [9]
USBRingBufWriteOne      0x00006a99     0xe  Code  Gb  usbringbuf.o [9]
USBStackModeSet         0x00006961    0x18  Code  Gb  usbmode.o [9]
USBUARTIntHandler       0x00006227    0x64  Code  Gb  usb_dev_serial.o [1]
USBUARTPrimeTransmit    0x000061d3    0x54  Code  Lc  usb_dev_serial.o [1]
UpdateIndexAtomic       0x0000697d    0x2c  Code  Lc  usbringbuf.o [9]
_GetintSmall            0x00002ea1   0x230  Code  Lc  xscanfsmall.o [3]
_GetstrSmall            0x00002de1    0xc0  Code  Lc  xscanfsmall.o [3]
_SScin                  0x00001d3f    0x1e  Code  Gb  xsscin.o [3]
_ScanfSmall             0x00002be5   0x1f6  Code  Gb  xscanfsmall.o [3]
__aeabi_assert          0x000021a7    0x4a  Code  Gb  xassert.o [3]
__aeabi_atexit          0x00001201     0xa  Code  Gb  cxxabi.o [4]
__aeabi_d2f             0x00003ce1          Code  Gb  DblToFlt.o [6]
__aeabi_ddiv            0x00003a99          Code  Gb  DblDiv.o [6]
__aeabi_dmul            0x000038f5          Code  Gb  DblMul.o [6]
__aeabi_errno_addr      0x00003e21     0x6  Code  Gb  errno.o [3]
__aeabi_i2d             0x000038c9          Code  Gb  I32ToDbl.o [6]
__aeabi_memcpy          0x000023a5          Code  Gb  ABImemcpy.o [7]
__aeabi_memcpy4         0x000023c5          Code  Gb  ABImemcpy.o [7]
__aeabi_memcpy8         0x000023c5          Code  Gb  ABImemcpy.o [7]
__aeabi_memset          0x00003621          Code  Gb  ABImemset.o [7]
__aeabi_vec_ctor_nocookie_nodtor
                        0x000011c1    0x22  Code  Gb  cxxabi.o [4]
__aeabi_vec_dtor        0x000011e3    0x1e  Code  Gb  cxxabi.o [4]
__call_ctors            0x0000241d    0x18  Code  Gb  cppinit.o [3]
__call_dtors            0x0000246f     0x2  Code  Gb  cppinit.o [3]
__cexit_call_dtors      0x00006e7f          Code  Gb  cexit.o [7]
__cmain                 0x00006e5d          Code  Gb  cmain.o [7]
__cstart_call_dtors     0x00007048          Data  Gb  cstart_call_dtors.o [7]
__cxa_atexit            0x00002435    0x3a  Code  Gb  cppinit.o [3]
__cxa_finalize          0x00002471    0x38  Code  Gb  cppinit.o [3]
__dso_handle            0x200056bc     0x4  Data  Gb  cppinit.o [3]
__dwrite                0x00004215    0x1e  Code  Gb  dwrite.o [8]
__exit                  0x00003e0d    0x14  Code  Gb  exit.o [8]
__iar_EmptyStepPoint    0x000021a5     0x2  Code  Gb  xassert.o [3]
__iar_Errno             0x200056c0     0x4  Data  Gb  errno.o [3]
__iar_FDnorm            0x0000423d    0x26  Code  Gb  xfdnorm.o [6]
__iar_FDscale           0x0000414d    0xc8  Code  Gb  xfdscale.o [6]
__iar_FExp              0x00003e85   0x1ea  Code  Gb  xfexp.o [6]
__iar_Memchr            0x00003e2d          Code  Gb  memchr.o [7]
__iar_Memset            0x00003621          Code  Gb  ABImemset.o [7]
__iar_Memset_word       0x00003629          Code  Gb  ABImemset.o [7]
__iar_ReportAssert      0x00003567    0x50  Code  Gb  xreportassert.o [3]
__iar_Stolx             0x000036af    0x86  Code  Gb  xstol.o [3]
__iar_Stoul             0x00003853     0x4  Code  Gb  xstoul.o [3]
__iar_Stoulx            0x00003735   0x118  Code  Gb  xstoul.o [3]
__iar_Strchr            0x00003699          Code  Gb  strchr.o [7]
__iar_Strstr            0x00002bb9    0x2c  Code  Gb  strstr.o [3]
__iar_close_ttio        0x000040dd    0x2e  Code  Gb  iarttio.o [8]
__iar_copy_init3        0x00001217    0x2e  Code  Gb  copy_init3.o [7]
__iar_cstart_call_ctors
                        0x00006df5    0x20  Code  Gb  cmain_call_ctors.o [7]
__iar_data_init3        0x00006cd5    0x28  Code  Gb  data_init3.o [7]
__iar_dlib_perthread_access
                        0x00004149     0x2  Code  Gb  xtls.o [3]
__iar_get_ttio          0x0000410d    0x38  Code  Gb  iarttio.o [8]
__iar_init_vfp          0x00006e41          Code  Gb  fpinit_M.o [6]
__iar_lookup_ttioh      0x00004235     0x8  Code  Gb  XShttio.o [3]
__iar_program_start     0x00006e33          Code  Gb  cstartup_M.o [7]
__iar_sh_stdout         0x00004263    0x20  Code  Gb  iarwstd.o [8]
__iar_sh_write          0x00004283    0x22  Code  Gb  iarwrite.o [8]
__iar_strcmp            0x00001b71          Code  Gb  strcmp.o [7]
__iar_ttio_handles      0x200000b4     0x8  Data  Lc  XShttio.o [3]
__iar_ui2d              0x000038dd          Code  Gb  I32ToDbl.o [6]
__iar_zero_init3        0x000019af    0x22  Code  Gb  zero_init3.o [7]
__low_level_init        0x00006e73     0x4  Code  Gb  low_level_init.o [3]
__sti__routine          0x0000026d    0x18  Code  Lc  interpret.o [1]
__vector_table          0x00000000   0x26c  Data  Gb  startup_ewarm.o [1]
__write                 0x000040cb    0x10  Code  Gb  write.o [8]
_call_main              0x00006e69          Code  Gb  cmain.o [7]
_exit                   0x00006e7d          Code  Gb  cexit.o [7]
_main                   0x00006e6f          Code  Gb  cmain.o [7]
abort                   0x000035f1     0x6  Code  Gb  abort.o [3]
accel::_initUnitCurve(int)
                        0x000031df    0x7e  Code  Gb  accel.o [1]
accel::_scaleYAxisToClockTicks()
                        0x000032c7    0x3c  Code  Gb  accel.o [1]
accel::_scaleYAxisToFrequency()
                        0x00003271    0x56  Code  Gb  accel.o [1]
accel::accel()          0x000030ed    0x4a  Code  Gb  accel.o [1]
accel::accelTime()      0x00003369     0x6  Code  Gb  stepper.o [1]
accel::accelTime(unsigned int)
                        0x000038c1     0x6  Code  Gb  stepper.o [1]
accel::clockTicksToCurveIndex(unsigned int)
                        0x000038a9    0x18  Code  Gb  stepper.o [1]
accel::clockTicksToCurveIndexReverse(unsigned int)
                        0x00003dc1    0x18  Code  Gb  stepper.o [1]
accel::clockTicksToMicroSec(unsigned int)
                        0x000033c1    0x1a  Code  Gb  stepper.o [1]
accel::curveIndexToClockTicks(unsigned int)
                        0x000033b7     0xa  Code  Gb  stepper.o [1]
accel::fmax()           0x000033e1     0x6  Code  Gb  stepper.o [1]
accel::fmin()           0x000033db     0x6  Code  Gb  stepper.o [1]
accel::freqCloseToStop(unsigned int)
                        0x000034e5    0x12  Code  Gb  stepper.o [1]
accel::freqFromClockTicks(unsigned int)
                        0x000034bb    0x2a  Code  Gb  stepper.o [1]
accel::freqFromTime(unsigned int)
                        0x000033e7    0x16  Code  Gb  stepper.o [1]
accel::frequency(unsigned int, unsigned int)
                        0x00003303    0x34  Code  Gb  accel.o [1]
accel::initAccelTime(unsigned int)
                        0x0000336f    0x22  Code  Gb  stepper.o [1]
accel::microSecToCurveIndex(unsigned int)
                        0x00003391    0x26  Code  Gb  stepper.o [1]
accel::microSecToCurveIndexReverse(unsigned int)
                        0x000040a1    0x2a  Code  Gb  stepper.o [1]
accel::stepsToTime(unsigned int)
                        0x00003181    0x5e  Code  Gb  accel.o [1]
accel::timeToSteps(unsigned int)
                        0x00003137    0x4a  Code  Gb  accel.o [1]
accel::updateClockPeriod()
                        0x00003439    0x30  Code  Gb  stepper.o [1]
accel::updateClockPeriodReverse()
                        0x00003485    0x30  Code  Gb  stepper.o [1]
accel::~accel()         0x00006be7     0x2  Code  Gb  interpret.o [1]
bufferInput             0x000004af   0x20a  Code  Gb  interpret.o [1]
delay                   0x000019f1    0x1c  Code  Gb  main.o [1]
digits                  0x00003858    0x28  Data  Lc  xstoul.o [3]
errMsg()                0x000002d7    0x1a  Code  Gb  interpret.o [1]
exit                    0x00006e77     0x4  Code  Gb  exit.o [3]
expf                    0x00003d71    0x4c  Code  Gb  expf.o [6]
flashLED                0x00001a29    0x14  Code  Gb  main.o [1]
g_bSendingBreak         0x200056c7     0x1  Data  Lc  usb_dev_serial.o [1]
g_bUSBConfigured        0x200056c8     0x1  Data  Lc  usb_dev_serial.o [1]
g_bUSBTimerInitialized  0x20005534     0x1  Data  Gb  usbtick.o [9]
g_eOTGModeState         0x20000091     0x1  Data  Gb  usbmode.o [9]
g_iDualMode             0x20000092     0x1  Data  Lc  usbmode.o [9]
g_iUSBMode              0x20000090     0x1  Data  Gb  usbmode.o [9]
g_pCDCCompSerConfigDescriptors
                        0x000060f0     0x4  Data  Gb  usbdcdc.o [9]
g_pcStatus              0x200056b0     0x4  Data  Gb  usb_dev_serial.o [1]
g_pfnTickHandlers       0x20005538    0x18  Data  Gb  usbtick.o [9]
g_pfnUSBModeCallback    0x2000009c     0x4  Data  Lc  usbmode.o [9]
g_ppCDCSerConfigDescriptors
                        0x000060ec     0x4  Data  Gb  usbdcdc.o [9]
g_ppsDevInfo            0x200054ec     0x4  Data  Gb  usbdenum.o [9]
g_ppui8StringDescriptors
                        0x00006ea8    0x18  Data  Gb  usb_serial_structs.o [1]
g_psCDCCompSerSections  0x20000080    0x10  Data  Gb  usbdcdc.o [9]
g_psCDCSerSections      0x200000a0     0xc  Data  Gb  usbdcdc.o [9]
g_psDCDInst             0x200054a4    0x48  Data  Gb  usbdenum.o [9]
g_psUSBDMAInst          0x20005028   0x110  Data  Lc  usbdma.o [9]
g_psUSBDStdRequests     0x00004bdc    0x34  Data  Lc  usbdenum.o [9]
g_pui32Dii16Regs        0x00002b94    0x14  Data  Lc  interrupt.o [5]
g_pui32EnRegs           0x00002b80    0x14  Data  Lc  interrupt.o [5]
g_pui32Regs             0x00002ae4    0x9c  Data  Lc  interrupt.o [5]
g_pui8CDCSerCommInterface
                        0x00006ae0    0x24  Data  Gb  usbdcdc.o [9]
g_pui8CDCSerDataInterface
                        0x00006b0c    0x18  Data  Gb  usbdcdc.o [9]
g_pui8CDCSerDescriptor  0x20000060     0xc  Data  Gb  usbdcdc.o [9]
g_pui8CDCSerDeviceDescriptor
                        0x2000006c    0x14  Data  Gb  usbdcdc.o [9]
g_pui8ConfigString      0x00006be8    0x38  Data  Gb  usb_serial_structs.o [1]
g_pui8ControlInterfaceString
                        0x00006ca8    0x2c  Data  Gb  usb_serial_structs.o [1]
g_pui8DataBufferIn      0x200054f4    0x40  Data  Lc  usbdenum.o [9]
g_pui8IADSerDescriptor  0x200000ac     0x8  Data  Gb  usbdcdc.o [9]
g_pui8LangDescriptor    0x00007040     0x4  Data  Gb  usb_serial_structs.o [1]
g_pui8ManufacturerString
                        0x00006cfc    0x24  Data  Gb  usb_serial_structs.o [1]
g_pui8ProductString     0x00006d20    0x24  Data  Gb  usb_serial_structs.o [1]
g_pui8RxBufferWorkspace
                        0x200055ac    0x18  Data  Gb  usb_serial_structs.o [1]
g_pui8SerialNumberString
                        0x00006eec    0x14  Data  Gb  usb_serial_structs.o [1]
g_pui8TxBufferWorkspace
                        0x200055c4    0x18  Data  Gb  usb_serial_structs.o [1]
g_pui8USBRxBuffer       0x20005240   0x100  Data  Gb  usb_serial_structs.o [1]
g_pui8USBTxBuffer       0x20005340   0x100  Data  Gb  usb_serial_structs.o [1]
g_pvTickInstance        0x20005550    0x18  Data  Gb  usbtick.o [9]
g_sCDCCompSerConfigHeader
                        0x00006b34     0x8  Data  Gb  usbdcdc.o [9]
g_sCDCDevice            0x20000000    0x60  Data  Gb  usb_serial_structs.o [1]
g_sCDCHandlers          0x000060f4    0x30  Data  Gb  usbdcdc.o [9]
g_sCDCSerCommInterfaceSection
                        0x00006b04     0x8  Data  Gb  usbdcdc.o [9]
g_sCDCSerConfigHeader   0x00006b2c     0x8  Data  Gb  usbdcdc.o [9]
g_sCDCSerConfigSection  0x00006ad0     0x8  Data  Gb  usbdcdc.o [9]
g_sCDCSerDataInterfaceSection
                        0x00006b24     0x8  Data  Gb  usbdcdc.o [9]
g_sIADSerConfigSection  0x00006ad8     0x8  Data  Gb  usbdcdc.o [9]
g_sRxBuffer             0x00006d44    0x24  Data  Gb  usb_serial_structs.o [1]
g_sTxBuffer             0x00006d68    0x24  Data  Gb  usb_serial_structs.o [1]
g_ui32CurrentUSBTick    0x20005568     0x4  Data  Gb  usbtick.o [9]
g_ui32Flags             0x200056ac     0x4  Data  Gb  usb_dev_serial.o [1]
g_ui32PollRate          0x20000094     0x4  Data  Gb  usbmode.o [9]
g_ui32UARTRxCount       0x200056a8     0x4  Data  Gb  usb_dev_serial.o [1]
g_ui32UARTTxCount       0x200056a4     0x4  Data  Gb  usb_dev_serial.o [1]
g_ui32USBSOFCount       0x200056b4     0x4  Data  Gb  usbtick.o [9]
g_ui32WaitTicks         0x20000098     0x4  Data  Gb  usbmode.o [9]
heapSTRUCT_SIZE         0x0000226e     0x2  Data  Lc  heap_2.o [1]
intToNodeType(int)      0x0000044d    0x62  Code  Gb  interpret.o [1]
interpret::_cleanUpEvaluationStack(unsigned int)
                        0x00000b6b    0x34  Code  Gb  interpret.o [1]
interpret::_cleanUpSymbolTable()
                        0x00000b9f    0x28  Code  Gb  interpret.o [1]
interpret::_currentProgramNodeLevel() const
                        0x00002301    0x16  Code  Gb  interpret.o [1]
interpret::_currentProgramNodeType() const
                        0x000021f5    0x16  Code  Gb  interpret.o [1]
interpret::_currentProgramNodeValue() const
                        0x0000220b    0x16  Code  Gb  interpret.o [1]
interpret::_evalValue()
                        0x00002271    0x3c  Code  Gb  interpret.o [1]
interpret::_evalValue()::string
                        0x00006db4    0x20  Data  Gb  interpret.o [1]
interpret::_evalValue()::string (instance 2)
                        0x00006c50    0x2c  Data  Gb  interpret.o [1]
interpret::_evalValuePeek() const
                        0x00002317     0xe  Code  Gb  interpret.o [1]
interpret::_findFirstAvailableNodeInSymbolTable()
                        0x000010d1    0x7e  Code  Gb  interpret.o [1]
interpret::_findFirstParseTreeEntry(parseTreeEntry const &, unsigned int)
                        0x00000bc7    0x74  Code  Gb  interpret.o [1]
interpret::_getLastSymbolTableIndex()
                        0x0000234d    0x16  Code  Gb  interpret.o [1]
interpret::_programNodeType(unsigned int) const
                        0x00002367    0x14  Code  Gb  interpret.o [1]
interpret::_pushTemporarySymbolOnEvaluationStack(unsigned int)
                        0x00001045    0x82  Code  Gb  interpret.o [1]
interpret::_resetSymbolTableTemporaryBoundary()
                        0x000022f7     0xa  Code  Gb  interpret.o [1]
interpret::_returnSymbolToAvailablePool(unsigned int)
                        0x000022ad    0x26  Code  Gb  interpret.o [1]
interpret::_updateProgramIndex(nodeType, int)
                        0x00000b0d    0x5e  Code  Gb  interpret.o [1]
interpret::appendToProgram(parseTreeEntry const &)
                        0x00000719    0x2e  Code  Gb  interpret.o [1]
interpret::appendToSymbolTable(symbolTableEntry const &)
                        0x00000747    0x2e  Code  Gb  interpret.o [1]
interpret::evaluateOperator(unsigned int)
                        0x00000cdd   0x348  Code  Gb  interpret.o [1]
interpret::getLowWaterMarkForTemporarySymbolSearch() const
                        0x0000239f     0x6  Code  Gb  interpret.o [1]
interpret::getStepper()
                        0x00001211     0x6  Code  Gb  interpret.o [1]
interpret::interpret()  0x000006b9    0x60  Code  Gb  interpret.o [1]
interpret::run()        0x00000775   0x398  Code  Gb  interpret.o [1]
interpret::setLowWaterMarkForTemporarySymbolSearch()
                        0x00001d25     0xc  Code  Gb  interpret.o [1]
interpret::symbolFromIndex(int)
                        0x00002383    0x1c  Code  Gb  interpret.o [1]
interpret::symbolTableIndexMorph(int)
                        0x00000c3b    0x70  Code  Gb  interpret.o [1]
interpret::~interpret()
                        0x00006b85    0x44  Code  Gb  interpret.o [1]
interpretRun            0x00000285    0x38  Code  Gb  interpret.o [1]
interpreter             0x20003b68  0x14c0  Data  Gb  interpret.o [1]
interpreterRunBool      0x200056c5     0x1  Data  Lc  interpret.o [1]
led::Off()              0x00003525    0x1c  Code  Gb  interpret.o [1]
led::On()               0x00003509    0x1c  Code  Gb  interpret.o [1]
led::_enable            0x200056c4     0x1  Data  Gb  interpret.o [1]
led::enable()           0x00003dd9     0xc  Code  Gb  interpret.o [1]
led::enable(bool)       0x00001245     0xc  Code  Gb  interpret.o [1]
led::led(bool)          0x00002171    0x1e  Code  Gb  interpret.o [1]
led::set(unsigned int)  0x000022dd    0x1a  Code  Gb  interpret.o [1]
led::~led()             0x00006bc9     0xe  Code  Gb  interpret.o [1]
main                    0x0000653f   0x176  Code  Gb  usb_dev_serial.o [1]
mainA                   0x00001a83    0x3a  Code  Gb  main.o [1]
memchr                  0x00003e2d          Code  Gb  memchr.o [7]
memcmp                  0x000026e9          Code  Gb  memcmp.o [7]
memset                  0x00002899    0x16  Code  Gb  tasks.o [1]
ndigs                   0x00003880    0x28  Data  Lc  xstoul.o [3]
next_abi_dtor_rec       0x200056b8     0x4  Data  Lc  cppinit.o [3]
out                     0x00003551    0x16  Code  Lc  xreportassert.o [3]
parseTreeEntry::level() const
                        0x0000237b     0x4  Code  Gb  parseTreeEntry.o [1]
parseTreeEntry::level(unsigned int)
                        0x00001cb1     0x4  Code  Gb  parseTreeEntry.o [1]
parseTreeEntry::operator =(const parseTreeEntry&)
                        0x00001c67    0x4a  Code  Gb  parseTreeEntry.o [1]
parseTreeEntry::parseTreeEntry()
                        0x00001c59     0x6  Code  Gb  parseTreeEntry.o [1]
parseTreeEntry::parseTreeEntry(nodeType, int, unsigned int)
                        0x00001c5f     0x8  Code  Gb  parseTreeEntry.o [1]
parseTreeEntry::position() const
                        0x000030e9     0x4  Code  Gb  parseTreeEntry.o [1]
parseTreeEntry::position(nodePosition)
                        0x00001cb5     0x4  Code  Gb  parseTreeEntry.o [1]
parseTreeEntry::type() const
                        0x000021f1     0x4  Code  Gb  parseTreeEntry.o [1]
parseTreeEntry::type(nodeType)
                        0x00001cbd     0x4  Code  Gb  parseTreeEntry.o [1]
parseTreeEntry::value() const
                        0x0000237f     0x4  Code  Gb  parseTreeEntry.o [1]
parseTreeEntry::value(int)
                        0x00001cb9     0x4  Code  Gb  parseTreeEntry.o [1]
parseTreeEntry::~parseTreeEntry()
                        0x00001cc1     0x2  Code  Gb  interpret.o [1]
postMsg(bool)           0x000002f1    0x16  Code  Gb  interpret.o [1]
prvAddCurrentTaskToDelayedList
                        0x00001883    0x3e  Code  Lc  tasks.o [1]
prvAllocateTCBAndStack  0x000018d1    0x46  Code  Lc  tasks.o [1]
prvCheckTasksWaitingTermination
                        0x00001827    0x5c  Code  Lc  tasks.o [1]
prvDeleteTCB            0x00001921    0x12  Code  Lc  tasks.o [1]
prvHeapInit             0x00002853    0x2e  Code  Lc  heap_2.o [1]
prvIdleTask             0x00001779     0x8  Code  Lc  tasks.o [1]
prvInitialiseTCBVariables
                        0x00001781    0x60  Code  Lc  tasks.o [1]
prvInitialiseTaskLists  0x000017e1    0x46  Code  Lc  tasks.o [1]
pui32Stack              0x200056cc   0x400  Data  Lc  startup_ewarm.o [1]
putchar                 0x00003de5    0x28  Code  Gb  putchar.o [3]
pvPortMalloc            0x0000274d    0xc2  Code  Gb  heap_2.o [1]
pxCurrentTCB            0x20005670     0x4  Data  Gb  tasks.o [1]
pxDelayedTaskList       0x20005674     0x4  Data  Lc  tasks.o [1]
pxOverflowDelayedTaskList
                        0x20005678     0x4  Data  Lc  tasks.o [1]
pxPortInitialiseStack   0x000024b5    0x22  Code  Gb  port.o [1]
pxReadyTasksLists       0x20005440    0x64  Data  Lc  tasks.o [1]
sp                      0x2000566c     0x4  Data  Gb  stepper.o [1]
sscanf                  0x00001c35    0x24  Code  Gb  sscanf.o [3]
stepper::_timer()       0x000034b5     0x6  Code  Gb  stepper.o [1]
stepper::_timer(unsigned long)
                        0x00003469    0x1c  Code  Gb  stepper.o [1]
stepper::_timerStart(bool)
                        0x00002115    0x4e  Code  Gb  stepper.o [1]
stepper::directionPositive(bool)
                        0x00003339    0x30  Code  Gb  stepper.o [1]
stepper::enable()       0x000034f7    0x12  Code  Gb  stepper.o [1]
stepper::isr()          0x00001f15   0x200  Code  Gb  stepper.o [1]
stepper::moveAbsolute(int)
                        0x00001dab   0x156  Code  Gb  stepper.o [1]
stepper::moveRelative(int)
                        0x00001f01    0x14  Code  Gb  stepper.o [1]
stepper::step()         0x000033fd    0x3c  Code  Gb  stepper.o [1]
stepper::stepper()      0x00001d85    0x26  Code  Gb  stepper.o [1]
stepper::~stepper()     0x00006bd7     0xe  Code  Gb  interpret.o [1]
stepperISR              0x00001d5d    0x28  Code  Gb  stepper.o [1]
stmtNestingLevel        0x20005658     0x4  Data  Lc  interpret.o [1]
stmtPosition            0x2000556c    0x20  Data  Lc  interpret.o [1]
stmtType                0x2000558c    0x20  Data  Lc  interpret.o [1]
stmtValue               0x2000565c     0x4  Data  Lc  interpret.o [1]
strchr                  0x00003699          Code  Gb  strchr.o [7]
strcmp                  0x00001b71          Code  Gb  strcmp.o [7]
stringToNodePosition(char const *)
                        0x00000307    0x2c  Code  Gb  interpret.o [1]
stringToNodeType(char const *)
                        0x00000333   0x114  Code  Gb  interpret.o [1]
strlen                  0x00001979          Code  Gb  strlen.o [7]
strstr(char const *, char const *)
                        0x00001c25    0x10  Code  Gb  interpret.o [1]
successMsg()            0x000002bd    0x1a  Code  Gb  interpret.o [1]
symbFcnLink             0x20005668     0x4  Data  Lc  interpret.o [1]
symbType                0x20005660     0x4  Data  Lc  interpret.o [1]
symbValue               0x20005664     0x4  Data  Lc  interpret.o [1]
symbolTableEntry::dumpEntry()
                        0x00001d15     0x2  Code  Gb  symbolTableEntry.o [1]
symbolTableEntry::fcnLink() const
                        0x000022d9     0x4  Code  Gb  symbolTableEntry.o [1]
symbolTableEntry::fcnLink(int)
                        0x00001d1f     0x4  Code  Gb  symbolTableEntry.o [1]
symbolTableEntry::operator =(const symbolTableEntry&)
                        0x00001cdb    0x3a  Code  Gb  symbolTableEntry.o [1]
symbolTableEntry::symbolTableEntry()
                        0x00001cc3     0xe  Code  Gb  symbolTableEntry.o [1]
symbolTableEntry::symbolTableEntry(nodeType, int)
                        0x00001cd1     0xa  Code  Gb  symbolTableEntry.o [1]
symbolTableEntry::type() const
                        0x00002363     0x4  Code  Gb  symbolTableEntry.o [1]
symbolTableEntry::type(nodeType)
                        0x00001d17     0x4  Code  Gb  symbolTableEntry.o [1]
symbolTableEntry::value() const
                        0x0000225b     0x4  Code  Gb  symbolTableEntry.o [1]
symbolTableEntry::value(int)
                        0x00001d1b     0x4  Code  Gb  symbolTableEntry.o [1]
symbolTableEntry::~symbolTableEntry()
                        0x00001d23     0x2  Code  Gb  interpret.o [1]
tinyQueue<int>::empty() const
                        0x0000218f    0x16  Code  Gb  interpret.o [1]
tinyQueue<int>::front() const
                        0x00002265     0xa  Code  Gb  interpret.o [1]
tinyQueue<int>::peekAtIndex(unsigned int) const
                        0x00002255     0x6  Code  Gb  interpret.o [1]
tinyQueue<int>::pop_front()
                        0x00002325    0x28  Code  Gb  interpret.o [1]
tinyQueue<int>::push_front(int)
                        0x00002221    0x34  Code  Gb  interpret.o [1]
tinyQueue<int>::size() const
                        0x00003541    0x10  Code  Gb  interpret.o [1]
tinyQueue<int>::spaceAvail() const
                        0x000035f7    0x2a  Code  Gb  interpret.o [1]
tinyQueue<int>::stackFrameIndex() const
                        0x000022d3     0x6  Code  Gb  interpret.o [1]
tinyQueue<int>::stackFrameIndex(unsigned int)
                        0x0000225f     0x6  Code  Gb  interpret.o [1]
tinyQueue<int>::tinyQueue()
                        0x00001d31     0xe  Code  Gb  interpret.o [1]
tinyQueue<int>::~tinyQueue()
                        0x00006be5     0x2  Code  Gb  interpret.o [1]
tinyQueue<unsigned char>::clear()
                        0x00001c17     0xc  Code  Gb  interpret.o [1]
tinyQueue<unsigned char>::getBuffer()
                        0x00001c23     0x2  Code  Gb  interpret.o [1]
tinyQueue<unsigned char>::push(unsigned char)
                        0x00001bbd    0x30  Code  Gb  interpret.o [1]
tinyQueue<unsigned char>::spaceAvail() const
                        0x00001bed    0x2a  Code  Gb  interpret.o [1]
tinyQueue<unsigned char>::tinyQueue(int)
                        0x00001bb3     0xa  Code  Gb  interpret.o [1]
tinyQueue<unsigned char>::~tinyQueue()
                        0x0000241b     0x2  Code  Gb  interpret.o [1]
uDMAChannelAttributeDisable
                        0x00005885    0x26  Code  Gb  udma.o [5]
uDMAChannelControlSet   0x000058ab    0x18  Code  Gb  udma.o [5]
uDMAChannelDisable      0x00005875    0x10  Code  Gb  udma.o [5]
uDMAChannelEnable       0x00005865    0x10  Code  Gb  udma.o [5]
uDMAChannelModeGet      0x00005941    0x28  Code  Gb  udma.o [5]
uDMAChannelTransferSet  0x000058c3    0x7e  Code  Gb  udma.o [5]
uDMAUSBArbSizeSet       0x00005349    0x60  Code  Lc  usbdma.o [9]
uDMAUSBChannelAllocate  0x000051ff    0xa6  Code  Lc  usbdma.o [9]
uDMAUSBChannelDisable   0x000050e7    0x46  Code  Lc  usbdma.o [9]
uDMAUSBChannelEnable    0x00005095    0x52  Code  Lc  usbdma.o [9]
uDMAUSBChannelIntDisable
                        0x0000513b     0x2  Code  Lc  usbdma.o [9]
uDMAUSBChannelIntEnable
                        0x00005139     0x2  Code  Lc  usbdma.o [9]
uDMAUSBChannelRelease   0x000052a5    0x5a  Code  Lc  usbdma.o [9]
uDMAUSBChannelStatus    0x00005009    0x24  Code  Lc  usbdma.o [9]
uDMAUSBIntStatus        0x0000502d    0x2a  Code  Lc  usbdma.o [9]
uDMAUSBTransfer         0x0000513d    0xa6  Code  Lc  usbdma.o [9]
uDMAUSBUnitSizeSet      0x000052ff    0x4a  Code  Lc  usbdma.o [9]
ucHeap                  0x200000d0  0x3a98  Data  Lc  heap_2.o [1]
ulPortSetInterruptMask  0x00002693          Code  Gb  portasm.o [1]
uxCriticalNesting       0x200000c8     0x4  Data  Lc  port.o [1]
uxCurrentNumberOfTasks  0x20005680     0x4  Data  Lc  tasks.o [1]
uxListRemove            0x0000261f    0x2a  Code  Gb  list.o [1]
uxPendedTicks           0x20005694     0x4  Data  Lc  tasks.o [1]
uxSchedulerSuspended    0x20005690     0x4  Data  Lc  tasks.o [1]
uxTaskNumber            0x200056a0     0x4  Data  Lc  tasks.o [1]
uxTasksDeleted          0x2000567c     0x4  Data  Lc  tasks.o [1]
uxTopReadyPriority      0x20005688     0x4  Data  Lc  tasks.o [1]
vApplicationStackOverflowHook
                        0x00001b6f     0x2  Code  Gb  main.o [1]
vApplicationTickHook    0x00001b6d     0x2  Code  Gb  main.o [1]
vIdleTask               0x00001ae1    0x28  Code  Lc  main.o [1]
vLEDOnTask              0x00001b2d    0x14  Code  Lc  main.o [1]
vListInitialise         0x000025a5    0x1e  Code  Gb  list.o [1]
vListInitialiseItem     0x000025c3     0x6  Code  Gb  list.o [1]
vListInsert             0x000025e3    0x3c  Code  Gb  list.o [1]
vListInsertEnd          0x000025c9    0x1a  Code  Gb  list.o [1]
vPortClearInterruptMask
                        0x000026a1          Code  Gb  portasm.o [1]
vPortEnableVFP          0x000026cd          Code  Gb  portasm.o [1]
vPortEnterCritical      0x00002525    0x1a  Code  Gb  port.o [1]
vPortExitCritical       0x0000253f    0x1c  Code  Gb  port.o [1]
vPortFree               0x0000280f    0x44  Code  Gb  heap_2.o [1]
vPortSVCHandler         0x000026a7          Code  Gb  portasm.o [1]
vPortSetupTimerInterrupt
                        0x0000257b    0x10  Code  Wk  port.o [1]
vPortStartFirstTask     0x000026bf          Code  Gb  portasm.o [1]
vPortYield              0x00002513    0x12  Code  Gb  port.o [1]
vSetupHighFrequencyTimer
                        0x00001a3d    0x46  Code  Gb  main.o [1]
vStartIdleTask          0x00001abd    0x22  Code  Gb  main.o [1]
vStartLEDOnTasks        0x00001b09    0x24  Code  Gb  main.o [1]
vTaskDelay              0x000013f1    0x3c  Code  Gb  tasks.o [1]
vTaskDelayUntil         0x00001381    0x70  Code  Gb  tasks.o [1]
vTaskStartScheduler     0x0000142d    0x42  Code  Gb  tasks.o [1]
vTaskSuspendAll         0x0000146f    0x10  Code  Gb  tasks.o [1]
vTaskSwitchContext      0x000016bf    0xba  Code  Gb  tasks.o [1]
xDelayedTaskList1       0x200055dc    0x14  Data  Lc  tasks.o [1]
xDelayedTaskList2       0x200055f0    0x14  Data  Lc  tasks.o [1]
xEnd                    0x20005648     0x8  Data  Lc  heap_2.o [1]
xFreeBytesRemaining     0x200000bc     0x4  Data  Lc  heap_2.o [1]
xNextTaskUnblockTime    0x200000cc     0x4  Data  Lc  tasks.o [1]
xNumOfOverflows         0x2000569c     0x4  Data  Lc  tasks.o [1]
xPendingReadyList       0x20005604    0x14  Data  Lc  tasks.o [1]
xPortPendSVHandler      0x00002649          Code  Gb  portasm.o [1]
xPortStartScheduler     0x000024d7    0x3c  Code  Gb  port.o [1]
xPortSysTickHandler     0x0000255b    0x20  Code  Gb  port.o [1]
xSchedulerRunning       0x2000568c     0x4  Data  Lc  tasks.o [1]
xStart                  0x20005640     0x8  Data  Lc  heap_2.o [1]
xSuspendedTaskList      0x2000562c    0x14  Data  Lc  tasks.o [1]
xTaskGenericCreate      0x00001251   0x130  Code  Gb  tasks.o [1]
xTaskGetTickCount       0x0000155f    0x16  Code  Gb  tasks.o [1]
xTaskIncrementTick      0x00001575   0x14a  Code  Gb  tasks.o [1]
xTaskResumeAll          0x0000147f    0xe0  Code  Gb  tasks.o [1]
xTaskWakeTime           0x20005654     0x4  Data  Lc  interpret.o [1]
xTasksWaitingTermination
                        0x20005618    0x14  Data  Lc  tasks.o [1]
xTickCount              0x20005684     0x4  Data  Lc  tasks.o [1]
xYieldPending           0x20005698     0x4  Data  Lc  tasks.o [1]


[1] = C:\dev\docs\scottdesign\motor\Debug\Obj
[2] = command line
[3] = dl7M_tln.a
[4] = dlpp7M_tl_ne.a
[5] = driverlib.a
[6] = m7M_tlv.a
[7] = rt7M_tl.a
[8] = shb_l.a
[9] = usblib.a

  27 034 bytes of readonly  code memory
   1 918 bytes of readonly  data memory
  23 673 bytes of readwrite data memory

Errors: none
Warnings: none
