###############################################################################
#                                                                             #
# IAR ELF Linker V6.40.1.53790/W32 for ARM              07/Oct/2013  13:15:57 #
# Copyright 2007-2012 IAR Systems AB.                                         #
#                                                                             #
#    Output file  =  C:\dev\docs\scottdesign\motor\Debug\Exe\motorTiva.out    #
#    Map file     =  C:\dev\docs\scottdesign\motor\Debug\List\motorTiva.map   #
#    Command line =  C:\dev\docs\scottdesign\motor\Debug\Obj\accel.o          #
#                    C:\dev\docs\scottdesign\motor\Debug\Obj\flashio.o        #
#                    C:\dev\docs\scottdesign\motor\Debug\Obj\heap_2.o         #
#                    C:\dev\docs\scottdesign\motor\Debug\Obj\interpret.o      #
#                    C:\dev\docs\scottdesign\motor\Debug\Obj\list.o           #
#                    C:\dev\docs\scottdesign\motor\Debug\Obj\main.o           #
#                    C:\dev\docs\scottdesign\motor\Debug\Obj\parseTreeEntry.o #
#                     C:\dev\docs\scottdesign\motor\Debug\Obj\port.o          #
#                    C:\dev\docs\scottdesign\motor\Debug\Obj\portasm.o        #
#                    C:\dev\docs\scottdesign\motor\Debug\Obj\queue.o          #
#                    C:\dev\docs\scottdesign\motor\Debug\Obj\startup_ewarm.o  #
#                    C:\dev\docs\scottdesign\motor\Debug\Obj\stepper.o        #
#                    C:\dev\docs\scottdesign\motor\Debug\Obj\symbolTableEntry #
#                    .o C:\dev\docs\scottdesign\motor\Debug\Obj\tasks.o       #
#                    C:\dev\docs\scottdesign\motor\Debug\Obj\uartstdio.o      #
#                    C:\dev\docs\scottdesign\motor\Debug\Obj\usb_dev_serial.o #
#                     C:\dev\docs\scottdesign\motor\Debug\Obj\usb_serial_stru #
#                    cts.o C:\dev\docs\scottdesign\motor\Debug\Obj\ustdlib.o  #
#                    C:\ti\TivaWare_C_Series-1.0\driverlib\ewarm\Exe\driverli #
#                    b.a C:\ti\TivaWare_C_Series-1.0\usblib\ewarm\Exe\usblib. #
#                    a --redirect _Printf=_PrintfTiny --redirect              #
#                    _Scanf=_ScanfSmall -o C:\dev\docs\scottdesign\motor\Debu #
#                    g\Exe\motorTiva.out --map C:\dev\docs\scottdesign\motor\ #
#                    Debug\List\motorTiva.map --config                        #
#                    C:\dev\docs\scottdesign\motor\motorTiva.icf              #
#                    --semihosting --entry __iar_program_start --vfe          #
#                                                                             #
#                                                                             #
###############################################################################

*******************************************************************************
*** RUNTIME MODEL ATTRIBUTES
***

CppFlavor                     = *
__CPP_Language                = EC++
__Heap_Handler                = Basic
__SystemLibrary               = DLib
__dlib_dynamic_initialization = normal


*******************************************************************************
*** PLACEMENT SUMMARY
***

"A1":  place at start of [0x00000000-0x0000ffff] { ro section .intvec };
"P1":  place in [from 0x00000000 to 0x0000ffff] { ro };
"P2":  place in [from 0x20000000 to 0x20005fff] { rw, block HEAP };

  Section             Kind        Address    Size  Object
  -------             ----        -------    ----  ------
"A1":                                       0x26c
  .intvec             const    0x00000000   0x26c  startup_ewarm.o [1]
                             - 0x0000026c   0x26c

"P1":                                      0x70a8
  .text               ro code  0x0000026c   0xf94  interpret.o [1]
  .text               ro code  0x00001200    0x50  cxxabi.o [4]
  .text               ro code  0x00001250     0x6  interpret.o [1]
  .text               ro code  0x00001256    0x2e  copy_init3.o [7]
  .text               ro code  0x00001284   0x4c0  stepper.o [1]
  .text               ro code  0x00001744    0x20  interpret.o [1]
  .text               ro code  0x00001764     0xc  interpret.o [1]
  .text               ro code  0x00001770   0x7c8  tasks.o [1]
  .text               ro code  0x00001f38    0x36  strlen.o [7]
  .text               ro code  0x00001f6e    0x22  zero_init3.o [7]
  .text               ro code  0x00001f90   0x18e  main.o [1]
  .text               ro code  0x0000211e    0x1e  xsscin.o [3]
  .text               ro code  0x0000213c    0x42  strcmp.o [7]
  .text               ro code  0x0000217e     0xa  interpret.o [1]
  .text               ro code  0x00002188    0x30  interpret.o [1]
  .text               ro code  0x000021b8    0x2a  interpret.o [1]
  .text               ro code  0x000021e2     0xc  interpret.o [1]
  .text               ro code  0x000021ee     0x2  interpret.o [1]
  .text               ro code  0x000021f0    0x10  interpret.o [1]
  .text               ro code  0x00002200    0x24  sscanf.o [3]
  .text               ro code  0x00002224    0x58  parseTreeEntry.o [1]
  .text               ro code  0x0000227c     0x4  parseTreeEntry.o [1]
  .text               ro code  0x00002280     0x4  parseTreeEntry.o [1]
  .text               ro code  0x00002284     0x4  parseTreeEntry.o [1]
  .text               ro code  0x00002288     0x4  parseTreeEntry.o [1]
  .text               ro code  0x0000228c     0x2  interpret.o [1]
  .text               ro code  0x0000228e    0x54  symbolTableEntry.o [1]
  .text               ro code  0x000022e2     0x4  symbolTableEntry.o [1]
  .text               ro code  0x000022e6     0x4  symbolTableEntry.o [1]
  .text               ro code  0x000022ea     0x4  symbolTableEntry.o [1]
  .text               ro code  0x000022ee     0x2  interpret.o [1]
  .text               ro code  0x000022f0     0xc  interpret.o [1]
  .text               ro code  0x000022fc     0x2  flashio.o [1]
  .text               ro code  0x000022fe     0xe  interpret.o [1]
  .text               ro code  0x0000230c    0x1e  interpret.o [1]
  .text               ro code  0x0000232a    0x16  interpret.o [1]
  .text               ro code  0x00002340    0x4c  xassert.o [3]
  .text               ro code  0x0000238c     0x4  parseTreeEntry.o [1]
  .text               ro code  0x00002390    0x16  interpret.o [1]
  .text               ro code  0x000023a6    0x16  interpret.o [1]
  .text               ro code  0x000023bc    0x34  interpret.o [1]
  .text               ro code  0x000023f0     0x6  interpret.o [1]
  .text               ro code  0x000023f6     0x4  symbolTableEntry.o [1]
  .text               ro code  0x000023fa     0x6  interpret.o [1]
  .text               ro code  0x00002400     0xa  interpret.o [1]
  .rodata             const    0x0000240a     0x2  heap_2.o [1]
  .text               ro code  0x0000240c    0x3c  interpret.o [1]
  .text               ro code  0x00002448    0x26  interpret.o [1]
  .text               ro code  0x0000246e     0x6  interpret.o [1]
  .text               ro code  0x00002474     0x4  symbolTableEntry.o [1]
  .text               ro code  0x00002478    0x1a  interpret.o [1]
  .text               ro code  0x00002492     0xa  interpret.o [1]
  .text               ro code  0x0000249c    0x16  interpret.o [1]
  .text               ro code  0x000024b2     0xe  interpret.o [1]
  .text               ro code  0x000024c0    0x28  interpret.o [1]
  .text               ro code  0x000024e8    0x16  interpret.o [1]
  .text               ro code  0x000024fe     0x4  symbolTableEntry.o [1]
  .text               ro code  0x00002502    0x14  interpret.o [1]
  .text               ro code  0x00002516     0x4  parseTreeEntry.o [1]
  .text               ro code  0x0000251a     0x4  parseTreeEntry.o [1]
  .text               ro code  0x0000251e    0x1c  interpret.o [1]
  .text               ro code  0x0000253a     0x6  interpret.o [1]
  .text               ro code  0x00002540    0x76  ABImemcpy.o [7]
  .text               ro code  0x000025b6     0x2  interpret.o [1]
  .text               ro code  0x000025b8    0x98  cppinit.o [3]
  .text               ro code  0x00002650   0x238  accel.o [1]
  .text               ro code  0x00002888    0x30  stepper.o [1]
  .text               ro code  0x000028b8     0x6  stepper.o [1]
  .text               ro code  0x000028be    0x22  stepper.o [1]
  .text               ro code  0x000028e0    0x26  stepper.o [1]
  .text               ro code  0x00002906     0xa  stepper.o [1]
  .text               ro code  0x00002910    0x1a  stepper.o [1]
  .text               ro code  0x0000292a     0x6  stepper.o [1]
  .text               ro code  0x00002930     0x6  stepper.o [1]
  .text               ro code  0x00002938    0x18  stepper.o [1]
  .text               ro code  0x00002950    0x3c  stepper.o [1]
  .text               ro code  0x0000298c    0x30  stepper.o [1]
  .text               ro code  0x000029bc    0x1c  stepper.o [1]
  .text               ro code  0x000029d8    0x30  stepper.o [1]
  .text               ro code  0x00002a08     0x6  stepper.o [1]
  .text               ro code  0x00002a10    0x2c  stepper.o [1]
  .text               ro code  0x00002a3c    0x12  stepper.o [1]
  .text               ro code  0x00002a50    0x14  stepper.o [1]
  .text               ro code  0x00002a64    0x66  timer.o [5]
  .text               ro code  0x00002aca    0x10  stepper.o [1]
  .text               ro code  0x00002ada    0x14  interpret.o [1]
  .text               ro code  0x00002af0   0x158  port.o [1]
  .text               ro code  0x00002c48    0xa4  list.o [1]
  CODE                ro code  0x00002cec    0xa0  portasm.o [1]
  .text               ro code  0x00002d8c    0x62  memcmp.o [7]
  .text               ro code  0x00002df0   0x14c  heap_2.o [1]
  .text               ro code  0x00002f3c    0x16  tasks.o [1]
  .text               ro code  0x00002f52   0x24c  usbbuffer.o [9]
  .text               ro code  0x000031a0     0x6  gpio.o [5]
  .text               ro code  0x000031a8    0x74  sysctl.o [5]
  .text               ro code  0x0000321c   0x214  interrupt.o [5]
  .text               ro code  0x00003430    0x2c  strstr.o [3]
  .text               ro code  0x0000345c   0x504  xscanfsmall.o [3]
  .text               ro code  0x00003960     0x4  parseTreeEntry.o [1]
  .text               ro code  0x00003964    0x1c  interpret.o [1]
  .text               ro code  0x00003980    0x1c  interpret.o [1]
  .text               ro code  0x0000399c    0x10  interpret.o [1]
  .text               ro code  0x000039ac    0xa0  xreportassert.o [3]
  .text               ro code  0x00003a4c     0x6  abort.o [3]
  .text               ro code  0x00003a52    0x2a  interpret.o [1]
  .text               ro code  0x00003a7c    0x18  stepper.o [1]
  .text               ro code  0x00003a94     0x6  stepper.o [1]
  .text               ro code  0x00003a9c    0x2c  I32ToDbl.o [6]
  .text               ro code  0x00003ac8   0x1a2  DblMul.o [6]
  .text               ro code  0x00003c6c   0x246  DblDiv.o [6]
  .text               ro code  0x00003eb4    0x90  DblToFlt.o [6]
  .text               ro code  0x00003f44    0x50  expf.o [6]
  .text               ro code  0x00003f94    0x18  stepper.o [1]
  .text               ro code  0x00003fac     0x6  stepper.o [1]
  .text               ro code  0x00003fb2    0x26  interpret.o [1]
  .text               ro code  0x00003fd8    0x66  ABImemset.o [7]
  .text               ro code  0x0000403e   0x152  usbringbuf.o [9]
  .text               ro code  0x00004190    0x10  cpu.o [5]
  .text               ro code  0x000041a0    0x16  strchr.o [7]
  .text               ro code  0x000041b6    0x86  xstol.o [3]
  .text               ro code  0x0000423c   0x174  xstoul.o [3]
  .text               ro code  0x000043b0     0xc  interpret.o [1]
  .text               ro code  0x000043bc    0x28  putchar.o [3]
  .text               ro code  0x000043e4    0x14  exit.o [8]
  .text               ro code  0x000043f8   0x21c  xfexp.o [6]
  .text               ro code  0x00004614    0x2a  stepper.o [1]
  .text               ro code  0x0000463e     0xe  interpret.o [1]
  .text               ro code  0x0000464c     0xc  errno.o [3]
  .text               ro code  0x00004658    0x58  memchr.o [7]
  .text               ro code  0x000046b0    0x10  write.o [8]
  .text               ro code  0x000046c0    0x6c  iarttio.o [8]
  .text               ro code  0x0000472c    0xc8  xfdscale.o [6]
  .text               ro code  0x000047f4     0x2  xtls.o [3]
  .text               ro code  0x000047f6    0x1e  dwrite.o [8]
  .text               ro code  0x00004814     0x8  XShttio.o [3]
  .text               ro code  0x0000481c    0x26  xfdnorm.o [6]
  .text               ro code  0x00004842    0x20  iarwstd.o [8]
  .text               ro code  0x00004862    0x22  iarwrite.o [8]
  .text               ro code  0x00004884   0x96c  usbdenum.o [9]
  .text               ro code  0x000051f0   0x3f6  usb.o [5]
  .text               ro code  0x000055e8   0x478  usbdma.o [9]
  .text               ro code  0x00005a60    0x6c  usbtick.o [9]
  .text               ro code  0x00005acc   0x150  usbdcdesc.o [9]
  .text               ro code  0x00005c1c   0x228  usbdconfig.o [9]
  .text               ro code  0x00005e44   0x11c  udma.o [5]
  .text               ro code  0x00005f60    0x54  usbdesc.o [9]
  .text               ro code  0x00005fb4   0x750  usbdcdc.o [9]
  .text               ro code  0x00006704   0x56c  usb_dev_serial.o [1]
  .text               ro code  0x00006c70    0x1c  usbmode.o [9]
  .rodata             const    0x00006c8c    0x6c  usbdcdc.o [9]
  .text               ro code  0x00006cf8    0x4c  interpret.o [1]
  .text               ro code  0x00006d44     0xe  interpret.o [1]
  .text               ro code  0x00006d52     0xe  interpret.o [1]
  .text               ro code  0x00006d60     0x2  interpret.o [1]
  .text               ro code  0x00006d62     0x2  interpret.o [1]
  .text               ro code  0x00006d64     0x2  interpret.o [1]
  .rodata             const    0x00006d68    0x48  interpret.o [1]
  .rodata             const    0x00006db0    0x38  usb_serial_structs.o [1]
  .rodata             const    0x00006de8    0x30  interpret.o [1]
  .rodata             const    0x00006e18    0x2c  interpret.o [1]
  .rodata             const    0x00006e44    0x2c  interpret.o [1]
  .rodata             const    0x00006e70    0x2c  usb_serial_structs.o [1]
  .rodata             const    0x00006e9c    0x28  main.o [1]
  .text               ro code  0x00006ec4    0x28  data_init3.o [7]
  .rodata             const    0x00006eec    0x24  usb_serial_structs.o [1]
  .rodata             const    0x00006f10    0x24  usb_serial_structs.o [1]
  .rodata             const    0x00006f34    0x24  usb_serial_structs.o [1]
  .rodata             const    0x00006f58    0x24  usb_serial_structs.o [1]
  .iar.init_table     const    0x00006f7c    0x28  - Linker created -
  .rodata             const    0x00006fa4    0x20  interpret.o [1]
  .rodata             const    0x00006fc4    0x20  interpret.o [1]
  .text               ro code  0x00006fe4    0x20  cmain_call_ctors.o [7]
  .text               ro code  0x00007004    0x1e  startup_ewarm.o [1]
  .text               ro code  0x00007022     0xc  cstartup_M.o [7]
  .text               ro code  0x00007030    0x1a  fpinit_M.o [6]
  .text               ro code  0x0000704c    0x16  cmain.o [7]
  .text               ro code  0x00007062     0x4  low_level_init.o [3]
  .text               ro code  0x00007066     0x4  exit.o [3]
  .text               ro code  0x0000706c     0xe  cexit.o [7]
  .rodata             const    0x0000707c    0x1c  interpret.o [1]
  .rodata             const    0x00007098    0x18  usb_serial_structs.o [1]
  .text               ro code  0x000070b0    0x18  usbdhandler.o [9]
  .rodata             const    0x000070c8    0x14  tasks.o [1]
  .rodata             const    0x000070dc    0x14  usb_serial_structs.o [1]
  .rodata             const    0x000070f0    0x10  interpret.o [1]
  .rodata             const    0x00007100    0x10  interpret.o [1]
  .rodata             const    0x00007110    0x10  usb_dev_serial.o [1]
  .rodata             const    0x00007120     0xc  interpret.o [1]
  .rodata             const    0x0000712c     0xc  interpret.o [1]
  .rodata             const    0x00007138     0xc  interpret.o [1]
  .rodata             const    0x00007144     0xc  interpret.o [1]
  .rodata             const    0x00007150     0xc  interpret.o [1]
  .rodata             const    0x0000715c     0xc  interpret.o [1]
  .rodata             const    0x00007168     0xc  interpret.o [1]
  .rodata             const    0x00007174     0xc  interpret.o [1]
  .rodata             const    0x00007180     0xc  interpret.o [1]
  .rodata             const    0x0000718c     0xc  main.o [1]
  .rodata             const    0x00007198     0xc  usb_dev_serial.o [1]
  .rodata             const    0x000071a4     0x8  interpret.o [1]
  .rodata             const    0x000071ac     0x8  interpret.o [1]
  .rodata             const    0x000071b4     0x8  interpret.o [1]
  .rodata             const    0x000071bc     0x8  interpret.o [1]
  .rodata             const    0x000071c4     0x8  interpret.o [1]
  .rodata             const    0x000071cc     0x8  interpret.o [1]
  .rodata             const    0x000071d4     0x8  interpret.o [1]
  .rodata             const    0x000071dc     0x8  interpret.o [1]
  .rodata             const    0x000071e4     0x8  interpret.o [1]
  .rodata             const    0x000071ec     0x8  interpret.o [1]
  .rodata             const    0x000071f4     0x8  interpret.o [1]
  .rodata             const    0x000071fc     0x8  interpret.o [1]
  .rodata             const    0x00007204     0x8  interpret.o [1]
  .rodata             const    0x0000720c     0x8  interpret.o [1]
  .rodata             const    0x00007214     0x8  interpret.o [1]
  .rodata             const    0x0000721c     0x8  interpret.o [1]
  .rodata             const    0x00007224     0x8  main.o [1]
  .rodata             const    0x0000722c     0x8  main.o [1]
  .rodata             const    0x00007234     0x8  tasks.o [1]
  .rodata             const    0x0000723c     0x4  usb_serial_structs.o [1]
  SHT$$PREINIT_ARRAY           0x00007240     0x0  <Block>
  SHT$$INIT_ARRAY              0x00007240     0x4  <Block>
    .init_array       const    0x00007240     0x4  interpret.o [1]
  .text               ro code  0x00007244     0x0  cstart_call_dtors.o [7]
  .rodata             const    0x00007244     0x0  zero_init3.o [7]
  .rodata             const    0x00007244     0x0  copy_init3.o [7]
  Initializer bytes   ro data  0x00007244    0xd0  <for P2 s0>
                             - 0x00007314  0x70a8

"P2", part 1 of 3:                           0xd0
  P2 s0                        0x20000000    0xd0  <Init block>
    .data             inited   0x20000000    0x60  usb_serial_structs.o [1]
    .data             inited   0x20000060    0x20  usbdcdc.o [9]
    .data             inited   0x20000080    0x10  usbdcdc.o [9]
    .data             inited   0x20000090    0x10  usbmode.o [9]
    .data             inited   0x200000a0     0xc  usbdcdc.o [9]
    .data             inited   0x200000ac     0x8  usbdcdc.o [9]
    .data             inited   0x200000b4     0x8  XShttio.o [3]
    .data             inited   0x200000bc     0x4  heap_2.o [1]
    .data             inited   0x200000c0     0x4  interpret.o [1]
    .data             inited   0x200000c4     0x4  interpret.o [1]
    .data             inited   0x200000c8     0x4  port.o [1]
    .data             inited   0x200000cc     0x4  tasks.o [1]
                             - 0x200000d0    0xd0

"P2", part 2 of 3:                         0x4a40
  .bss                zero     0x200000d0  0x2ee0  heap_2.o [1]
  .bss                zero     0x20002fb0  0x14b4  interpret.o [1]
  .bss                zero     0x20004464   0x110  usbdma.o [9]
  .bss                zero     0x20004574   0x108  interpret.o [1]
  .bss                zero     0x2000467c   0x100  usb_serial_structs.o [1]
  .bss                zero     0x2000477c   0x100  usb_serial_structs.o [1]
  .bss                zero     0x2000487c    0x64  tasks.o [1]
  .bss                zero     0x200048e0    0x50  usbdenum.o [9]
  .bss                zero     0x20004930    0x40  usbdenum.o [9]
  .bss                zero     0x20004970    0x38  usbtick.o [9]
  .bss                zero     0x200049a8    0x20  interpret.o [1]
  .bss                zero     0x200049c8    0x20  interpret.o [1]
  .bss                zero     0x200049e8    0x18  usb_serial_structs.o [1]
  .bss                zero     0x20004a00    0x18  usb_serial_structs.o [1]
  .bss                zero     0x20004a18    0x14  tasks.o [1]
  .bss                zero     0x20004a2c    0x14  tasks.o [1]
  .bss                zero     0x20004a40    0x14  tasks.o [1]
  .bss                zero     0x20004a54    0x14  tasks.o [1]
  .bss                zero     0x20004a68    0x14  tasks.o [1]
  .bss                zero     0x20004a7c     0x8  heap_2.o [1]
  .bss                zero     0x20004a84     0x8  heap_2.o [1]
  .bss                zero     0x20004a8c     0x4  heap_2.o [1]
  .bss                zero     0x20004a90     0x4  interpret.o [1]
  .bss                zero     0x20004a94     0x4  interpret.o [1]
  .bss                zero     0x20004a98     0x4  interpret.o [1]
  .bss                zero     0x20004a9c     0x4  interpret.o [1]
  .bss                zero     0x20004aa0     0x4  interpret.o [1]
  .bss                zero     0x20004aa4     0x4  interpret.o [1]
  .bss                zero     0x20004aa8     0x4  interpret.o [1]
  .bss                zero     0x20004aac     0x4  port.o [1]
  .bss                zero     0x20004ab0     0x4  stepper.o [1]
  .bss                zero     0x20004ab4     0x4  tasks.o [1]
  .bss                zero     0x20004ab8     0x4  tasks.o [1]
  .bss                zero     0x20004abc     0x4  tasks.o [1]
  .bss                zero     0x20004ac0     0x4  tasks.o [1]
  .bss                zero     0x20004ac4     0x4  tasks.o [1]
  .bss                zero     0x20004ac8     0x4  tasks.o [1]
  .bss                zero     0x20004acc     0x4  tasks.o [1]
  .bss                zero     0x20004ad0     0x4  tasks.o [1]
  .bss                zero     0x20004ad4     0x4  tasks.o [1]
  .bss                zero     0x20004ad8     0x4  tasks.o [1]
  .bss                zero     0x20004adc     0x4  tasks.o [1]
  .bss                zero     0x20004ae0     0x4  tasks.o [1]
  .bss                zero     0x20004ae4     0x4  tasks.o [1]
  .bss                zero     0x20004ae8     0x4  usb_dev_serial.o [1]
  .bss                zero     0x20004aec     0x4  usb_dev_serial.o [1]
  .bss                zero     0x20004af0     0x4  usb_dev_serial.o [1]
  .bss                zero     0x20004af4     0x4  usb_dev_serial.o [1]
  .bss                zero     0x20004af8     0x4  usbtick.o [9]
  .bss                zero     0x20004afc     0x4  cppinit.o [3]
  .bss                zero     0x20004b00     0x4  cppinit.o [3]
  __DLIB_PERTHREAD    zero     0x20004b04     0x4  errno.o [3]
  .bss                zero     0x20004b08     0x1  interpret.o [1]
  .bss                zero     0x20004b09     0x1  interpret.o [1]
  .bss                zero     0x20004b0a     0x1  interpret.o [1]
  .bss                zero     0x20004b0b     0x1  port.o [1]
  .bss                zero     0x20004b0c     0x1  usb_dev_serial.o [1]
  .bss                zero     0x20004b0d     0x1  usb_dev_serial.o [1]
                             - 0x20004b0e  0x4a3e

"P2", part 3 of 3:                          0x5b0
  .noinit             uninit   0x20004b10   0x400  startup_ewarm.o [1]
  .iar.dynexit                 0x20004f10   0x1b0  <Block>
    .iar.dynexit      uninit   0x20004f10     0xc  cppinit.o [3]
    .iar.dynexit      uninit   0x20004f1c   0x1a4  <Block tail>
                             - 0x200050c0   0x5b0


*******************************************************************************
*** INIT TABLE
***

          Address     Size
          -------     ----
Zero (__iar_zero_init3)
    1 destination range, total size 0x4a3e:
          0x200000d0  0x4a3e

Copy (__iar_copy_init3)
    1 source range, total size 0xd0:
          0x00007244    0xd0
    1 destination range, total size 0xd0:
          0x20000000    0xd0

Extra (__iar_cstart_call_ctors)



*******************************************************************************
*** MODULE SUMMARY
***

    Module                ro code  ro data  rw data
    ------                -------  -------  -------
C:\dev\docs\scottdesign\motor\Debug\Obj: [1]
    accel.o                   568
    flashio.o                   2
    heap_2.o                  332        6   12 024
    interpret.o             4 970      580    5 667
    list.o                    164
    main.o                    398       68
    parseTreeEntry.o          120
    port.o                    344        4        9
    portasm.o                 160
    startup_ewarm.o            30      620    1 024
    stepper.o               1 804                 4
    symbolTableEntry.o        108
    tasks.o                 2 014       32      256
    usb_dev_serial.o        1 388       28       18
    usb_serial_structs.o               388      656
    -----------------------------------------------
    Total:                 12 402    1 726   19 658

command line: [2]
    -----------------------------------------------
    Total:

dl7M_tln.a: [3]
    XShttio.o                   8        8        8
    abort.o                     6
    cppinit.o                 152                20
    errno.o                    12                 4
    exit.o                      4
    low_level_init.o            4
    putchar.o                  40
    sscanf.o                   36
    strstr.o                   44
    xassert.o                  76
    xreportassert.o           160
    xscanfsmall.o           1 284
    xsscin.o                   30
    xstol.o                   134
    xstoul.o                  372
    xtls.o                      2
    -----------------------------------------------
    Total:                  2 364        8       32

dlpp7M_tl_ne.a: [4]
    cxxabi.o                   80
    -----------------------------------------------
    Total:                     80

driverlib.a: [5]
    cpu.o                      16
    gpio.o                      6
    interrupt.o               532
    sysctl.o                  116
    timer.o                   102
    udma.o                    284
    usb.o                   1 014
    -----------------------------------------------
    Total:                  2 070

m7M_tlv.a: [6]
    DblDiv.o                  582
    DblMul.o                  418
    DblToFlt.o                144
    I32ToDbl.o                 44
    expf.o                     80
    fpinit_M.o                 26
    xfdnorm.o                  38
    xfdscale.o                200
    xfexp.o                   540
    -----------------------------------------------
    Total:                  2 072

rt7M_tl.a: [7]
    ABImemcpy.o               118
    ABImemset.o               102
    cexit.o                    14
    cmain.o                    22
    cmain_call_ctors.o         32
    copy_init3.o               46
    cstart_call_dtors.o
    cstartup_M.o               12
    data_init3.o               40
    memchr.o                   88
    memcmp.o                   98
    strchr.o                   22
    strcmp.o                   66
    strlen.o                   54
    zero_init3.o               34
    -----------------------------------------------
    Total:                    748

shb_l.a: [8]
    dwrite.o                   30
    exit.o                     20
    iarttio.o                 108
    iarwrite.o                 34
    iarwstd.o                  32
    write.o                    16
    -----------------------------------------------
    Total:                    240

usblib.a: [9]
    usbbuffer.o               588
    usbdcdc.o               1 872      176       68
    usbdcdesc.o               336
    usbdconfig.o              552
    usbdenum.o              2 412               144
    usbdesc.o                  84
    usbdhandler.o              24
    usbdma.o                1 144               272
    usbmode.o                  28       16       16
    usbringbuf.o              338
    usbtick.o                 108                60
    -----------------------------------------------
    Total:                  7 486      192      560

    Gaps                       28        4
    Linker created                      40      420
---------------------------------------------------
    Grand Total:           27 490    1 970   20 670


*******************************************************************************
*** ENTRY LIST
***

Entry                      Address    Size  Type      Object
-----                      -------    ----  ----      ------
.iar.dynexit$$Base      0x20004f10           --   Gb  - Linker created -
.iar.dynexit$$Limit     0x200050c0           --   Gb  - Linker created -
?main                   0x0000704d          Code  Gb  cmain.o [7]
CDCTickHandler          0x00006419    0x7a  Code  Lc  usbdcdc.o [9]
CPUcpsid                0x00004191     0x8  Code  Gb  cpu.o [5]
CPUcpsie                0x00004199     0x8  Code  Gb  cpu.o [5]
CheckForSerialStateChange
                        0x00006705    0x3a  Code  Lc  usb_dev_serial.o [1]
ControlHandler          0x000069dd    0xd8  Code  Gb  usb_dev_serial.o [1]
DMAUSBIntHandler        0x00005645    0x30  Code  Lc  usbdma.o [9]
DMAUSBIntStatusClear    0x00005637     0xe  Code  Lc  usbdma.o [9]
DMAUSBStatus            0x00005991     0x4  Code  Lc  usbdma.o [9]
DeviceConsumedAllData   0x00005fcd    0x18  Code  Lc  usbdcdc.o [9]
DtorRecArray            0x20004f10     0xc  Data  Lc  cppinit.o [3]
FaultISR                0x0000701f     0x2  Code  Lc  startup_ewarm.o [1]
GPIOPinWrite            0x000031a1     0x6  Code  Gb  gpio.o [5]
GetEPDescriptorType     0x00005c39    0x46  Code  Lc  usbdconfig.o [9]
GetEndpointFIFOSize     0x00005c1d    0x1c  Code  Lc  usbdconfig.o [9]
GetLineCoding           0x00006907    0xa4  Code  Lc  usb_dev_serial.o [1]
HandleConfigChange      0x0000622d    0x2c  Code  Lc  usbdcdc.o [9]
HandleDevice            0x000062a7    0x62  Code  Lc  usbdcdc.o [9]
HandleDisconnect        0x000063d3    0x22  Code  Lc  usbdcdc.o [9]
HandleEP0Data           0x00006259    0x46  Code  Lc  usbdcdc.o [9]
HandleEndpoints         0x000061db    0x52  Code  Lc  usbdcdc.o [9]
HandleRequests          0x00006309    0xb8  Code  Lc  usbdcdc.o [9]
HandleResume            0x00006401     0xc  Code  Lc  usbdcdc.o [9]
HandleRxAvailable       0x00002fe1    0xb2  Code  Lc  usbbuffer.o [9]
HandleSuspend           0x000063f5     0xc  Code  Lc  usbdcdc.o [9]
IntDefaultHandler       0x00007021     0x2  Code  Lc  startup_ewarm.o [1]
IntDisable              0x000032af    0x58  Code  Gb  interrupt.o [5]
IntEnable               0x00003257    0x58  Code  Gb  interrupt.o [5]
IntIsEnabled            0x00003307    0x5c  Code  Gb  interrupt.o [5]
IntMasterDisable        0x00003225     0x6  Code  Gb  interrupt.o [5]
IntMasterEnable         0x0000321d     0x8  Code  Gb  interrupt.o [5]
IntPrioritySet          0x00003233    0x24  Code  Gb  interrupt.o [5]
InternalUSBRegisterTickHandler
                        0x00005a7d    0x24  Code  Gb  usbtick.o [9]
InternalUSBStartOfFrameTick
                        0x00005aa1    0x26  Code  Gb  usbtick.o [9]
InternalUSBTickInit     0x00005a61    0x1c  Code  Gb  usbtick.o [9]
NextConfigDescGet       0x00005acd    0x2e  Code  Lc  usbdcdesc.o [9]
NmiSR                   0x0000701d     0x2  Code  Lc  startup_ewarm.o [1]
ProcessDataFromHost     0x000060df    0x5e  Code  Gb  usbdcdc.o [9]
ProcessDataToHost       0x00006181    0x52  Code  Gb  usbdcdc.o [9]
ProcessNotificationToHost
                        0x0000614b    0x36  Code  Gb  usbdcdc.o [9]
ReadUARTData            0x0000673f    0x64  Code  Lc  usb_dev_serial.o [1]
Region$$Table$$Base     0x00006f7c           --   Gb  - Linker created -
Region$$Table$$Limit    0x00006fa4           --   Gb  - Linker created -
ResetISR                0x00007005    0x14  Code  Gb  startup_ewarm.o [1]
RxHandler               0x00006ac3    0x48  Code  Gb  usb_dev_serial.o [1]
SHT$$INIT_ARRAY$$Base   0x00007240           --   Gb  - Linker created -
SHT$$INIT_ARRAY$$Limit  0x00007244           --   Gb  - Linker created -
SHT$$PREINIT_ARRAY$$Base
                        0x00007240           --   Gb  - Linker created -
SHT$$PREINIT_ARRAY$$Limit
                        0x00007240           --   Gb  - Linker created -
ScheduleNextTransmission
                        0x00002f53    0x8e  Code  Lc  usbbuffer.o [9]
SendBreak               0x000069ab    0x32  Code  Lc  usb_dev_serial.o [1]
SendBreak               0x00005fe5    0x3a  Code  Lc  usbdcdc.o [9]
SendLineCodingChange    0x0000601f    0x1e  Code  Lc  usbdcdc.o [9]
SendLineStateChange     0x0000603d    0x1e  Code  Lc  usbdcdc.o [9]
SendSerialState         0x0000605b    0x84  Code  Lc  usbdcdc.o [9]
SetControlLineState     0x0000685b     0x2  Code  Lc  usb_dev_serial.o [1]
SetDeferredOpFlag       0x00005fb5    0x18  Code  Lc  usbdcdc.o [9]
SetLineCoding           0x0000685d    0xaa  Code  Lc  usb_dev_serial.o [1]
SysCtlPeripheralEnable  0x000031e9     0x8  Code  Gb  sysctl.o [5]
SysCtlPeripheralReset   0x000031a9    0x40  Code  Gb  sysctl.o [5]
SysCtlUSBPLLEnable      0x00003205     0xc  Code  Gb  sysctl.o [5]
TimerConfigure          0x00002a7d    0x26  Code  Gb  timer.o [5]
TimerDisable            0x00002a71     0xc  Code  Gb  timer.o [5]
TimerEnable             0x00002a65     0xc  Code  Gb  timer.o [5]
TimerIntEnable          0x00002ab9     0x4  Code  Gb  timer.o [5]
TimerLoadSet            0x00002aa9    0x10  Code  Gb  timer.o [5]
TxHandler               0x00006ab5     0xe  Code  Gb  usb_dev_serial.o [1]
UARTSend                0x00001fa3    0x12  Code  Gb  main.o [1]
USB0DeviceIntHandler    0x000070b1    0x18  Code  Gb  usbdhandler.o [9]
USBBufferDataAvailable  0x00003107     0x6  Code  Gb  usbbuffer.o [9]
USBBufferEventCallback  0x00003113    0x8c  Code  Gb  usbbuffer.o [9]
USBBufferFlush          0x000030db     0x6  Code  Gb  usbbuffer.o [9]
USBBufferInit           0x00003093    0x16  Code  Gb  usbbuffer.o [9]
USBBufferRead           0x000030e1    0x26  Code  Gb  usbbuffer.o [9]
USBBufferSpaceAvailable
                        0x0000310d     0x6  Code  Gb  usbbuffer.o [9]
USBBufferWrite          0x000030a9    0x32  Code  Gb  usbbuffer.o [9]
USBDCDCCompositeInit    0x000064a9    0x8e  Code  Gb  usbdcdc.o [9]
USBDCDCInit             0x00006537    0x42  Code  Gb  usbdcdc.o [9]
USBDCDCPacketRead       0x000065d5    0x7e  Code  Gb  usbdcdc.o [9]
USBDCDCPacketWrite      0x00006589    0x4c  Code  Gb  usbdcdc.o [9]
USBDCDCRxPacketAvailable
                        0x00006663    0x32  Code  Gb  usbdcdc.o [9]
USBDCDCSerialStateChange
                        0x0000669d    0x2e  Code  Gb  usbdcdc.o [9]
USBDCDCTxPacketAvailable
                        0x00006653    0x10  Code  Gb  usbdcdc.o [9]
USBDCDConfigDescGet     0x00005b43    0x54  Code  Gb  usbdcdesc.o [9]
USBDCDConfigDescGetNum  0x00005b19    0x2a  Code  Gb  usbdcdesc.o [9]
USBDCDConfigDescGetSize
                        0x00005afb    0x1e  Code  Gb  usbdcdesc.o [9]
USBDCDConfigGetInterface
                        0x00005b97    0x4c  Code  Gb  usbdcdesc.o [9]
USBDCDConfigGetInterfaceEndpoint
                        0x00005beb    0x32  Code  Gb  usbdcdesc.o [9]
USBDCDDeviceInfoInit    0x00004885    0x1a  Code  Gb  usbdenum.o [9]
USBDCDInit              0x0000489f    0xb8  Code  Gb  usbdenum.o [9]
USBDCDRequestDataEP0    0x00004957    0x10  Code  Gb  usbdenum.o [9]
USBDCDSendDataEP0       0x00004967     0xa  Code  Gb  usbdenum.o [9]
USBDCDStallEP0          0x00004975    0x18  Code  Gb  usbdenum.o [9]
USBDClearFeature        0x00004b87    0x72  Code  Lc  usbdenum.o [9]
USBDEP0StateTx          0x00004f37    0x66  Code  Lc  usbdenum.o [9]
USBDEP0StateTxConfig    0x00004f9d   0x13e  Code  Lc  usbdenum.o [9]
USBDGetConfiguration    0x00004dab    0x22  Code  Lc  usbdenum.o [9]
USBDGetDescriptor       0x00004c7d   0x128  Code  Lc  usbdenum.o [9]
USBDGetInterface        0x00004e63    0x24  Code  Lc  usbdenum.o [9]
USBDGetStatus           0x00004b37    0x50  Code  Lc  usbdenum.o [9]
USBDReadAndDispatchRequest
                        0x000049d7    0x56  Code  Lc  usbdenum.o [9]
USBDSetAddress          0x00004c63    0x1a  Code  Lc  usbdenum.o [9]
USBDSetConfiguration    0x00004ddd    0x7e  Code  Lc  usbdenum.o [9]
USBDSetDescriptor       0x00004da5     0x6  Code  Lc  usbdenum.o [9]
USBDSetFeature          0x00004c03    0x60  Code  Lc  usbdenum.o [9]
USBDSetInterface        0x00004e9f    0x88  Code  Lc  usbdenum.o [9]
USBDSyncFrame           0x00004f27     0x4  Code  Lc  usbdenum.o [9]
USBDescGet              0x00005f87    0x2e  Code  Gb  usbdesc.o [9]
USBDescGetNum           0x00005f61    0x26  Code  Gb  usbdesc.o [9]
USBDevAddrSet           0x00005387     0x4  Code  Gb  usb.o [5]
USBDevConnect           0x0000536f     0xc  Code  Gb  usb.o [5]
USBDevDisconnect        0x0000537b     0xc  Code  Gb  usb.o [5]
USBDevEndpointConfigSet
                        0x0000538b    0x74  Code  Gb  usb.o [5]
USBDevEndpointDataAck   0x0000552d    0x20  Code  Gb  usb.o [5]
USBDevEndpointStall     0x000052ff    0x30  Code  Gb  usb.o [5]
USBDevEndpointStallClear
                        0x0000532f    0x40  Code  Gb  usb.o [5]
USBDevEndpointStatusClear
                        0x000052b1    0x4e  Code  Gb  usb.o [5]
USBDevMode              0x000055d1     0x2  Code  Gb  usb.o [5]
USBDeviceConfig         0x00005c7f   0x136  Code  Gb  usbdconfig.o [9]
USBDeviceConfigAlternate
                        0x00005dc1    0x7e  Code  Gb  usbdconfig.o [9]
USBDeviceEnumHandler    0x00004a31    0xca  Code  Gb  usbdenum.o [9]
USBDeviceEnumResetHandler
                        0x00004afb    0x3c  Code  Gb  usbdenum.o [9]
USBDeviceIntHandlerInternal
                        0x000050db    0xc8  Code  Gb  usbdenum.o [9]
USBDeviceResumeTickHandler
                        0x0000498d    0x4a  Code  Gb  usbdenum.o [9]
USBEndpointDMAChannel   0x000055b7    0x1a  Code  Gb  usb.o [5]
USBEndpointDMAConfigSet
                        0x00005441    0x48  Code  Gb  usb.o [5]
USBEndpointDMADisable   0x000054a9    0x20  Code  Gb  usb.o [5]
USBEndpointDMAEnable    0x00005489    0x20  Code  Gb  usb.o [5]
USBEndpointDataAvail    0x000054c9    0x20  Code  Gb  usb.o [5]
USBEndpointDataGet      0x000054e9    0x44  Code  Gb  usb.o [5]
USBEndpointDataPut      0x0000554d    0x30  Code  Gb  usb.o [5]
USBEndpointDataSend     0x00005583    0x2c  Code  Gb  usb.o [5]
USBEndpointPacketCountSet
                        0x000055d9     0xe  Code  Gb  usb.o [5]
USBEndpointStatus       0x0000529d     0xe  Code  Gb  usb.o [5]
USBFIFOAddrGet          0x000055af     0x8  Code  Gb  usb.o [5]
USBFIFOConfigSet        0x000053ff    0x3c  Code  Gb  usb.o [5]
USBHostResume           0x0000520b    0x14  Code  Gb  usb.o [5]
USBIndexWrite           0x000051f1    0x1a  Code  Lc  usb.o [5]
USBIntEnableControl     0x0000521f    0x26  Code  Gb  usb.o [5]
USBIntEnableEndpoint    0x00005275    0x1a  Code  Gb  usb.o [5]
USBIntStatusControl     0x00005245    0x30  Code  Gb  usb.o [5]
USBIntStatusEndpoint    0x0000528f     0x6  Code  Gb  usb.o [5]
USBLibDMAInit           0x00005995    0x84  Code  Gb  usbdma.o [9]
USBRingBufAdvanceRead   0x00004107    0x1e  Code  Gb  usbringbuf.o [9]
USBRingBufAdvanceWrite  0x00004125    0x36  Code  Gb  usbringbuf.o [9]
USBRingBufContigFree    0x000040b9    0x1c  Code  Gb  usbringbuf.o [9]
USBRingBufContigUsed    0x000040a7    0x12  Code  Gb  usbringbuf.o [9]
USBRingBufFlush         0x0000406b    0x1a  Code  Gb  usbringbuf.o [9]
USBRingBufFree          0x00004099     0xe  Code  Gb  usbringbuf.o [9]
USBRingBufInit          0x00004185     0xc  Code  Gb  usbringbuf.o [9]
USBRingBufRead          0x000040eb    0x1c  Code  Gb  usbringbuf.o [9]
USBRingBufReadOne       0x000040d5    0x16  Code  Gb  usbringbuf.o [9]
USBRingBufUsed          0x00004085    0x14  Code  Gb  usbringbuf.o [9]
USBRingBufWrite         0x00004169    0x1c  Code  Gb  usbringbuf.o [9]
USBRingBufWriteOne      0x0000415b     0xe  Code  Gb  usbringbuf.o [9]
USBStackModeSet         0x00006c71    0x18  Code  Gb  usbmode.o [9]
USBUARTIntHandler       0x000067f7    0x64  Code  Gb  usb_dev_serial.o [1]
USBUARTPrimeTransmit    0x000067a3    0x54  Code  Lc  usb_dev_serial.o [1]
UpdateIndexAtomic       0x0000403f    0x2c  Code  Lc  usbringbuf.o [9]
_GetintSmall            0x00003719   0x230  Code  Lc  xscanfsmall.o [3]
_GetstrSmall            0x00003659    0xc0  Code  Lc  xscanfsmall.o [3]
_SScin                  0x0000211f    0x1e  Code  Gb  xsscin.o [3]
_ScanfSmall             0x0000345d   0x1f6  Code  Gb  xscanfsmall.o [3]
__aeabi_assert          0x00002343    0x4a  Code  Gb  xassert.o [3]
__aeabi_atexit          0x00001241     0xa  Code  Gb  cxxabi.o [4]
__aeabi_d2f             0x00003eb5          Code  Gb  DblToFlt.o [6]
__aeabi_ddiv            0x00003c6d          Code  Gb  DblDiv.o [6]
__aeabi_dmul            0x00003ac9          Code  Gb  DblMul.o [6]
__aeabi_errno_addr      0x0000464d     0x6  Code  Gb  errno.o [3]
__aeabi_i2d             0x00003a9d          Code  Gb  I32ToDbl.o [6]
__aeabi_memcpy          0x00002541          Code  Gb  ABImemcpy.o [7]
__aeabi_memcpy4         0x00002561          Code  Gb  ABImemcpy.o [7]
__aeabi_memcpy8         0x00002561          Code  Gb  ABImemcpy.o [7]
__aeabi_memset          0x00003fd9          Code  Gb  ABImemset.o [7]
__aeabi_vec_ctor_nocookie_nodtor
                        0x00001201    0x22  Code  Gb  cxxabi.o [4]
__aeabi_vec_dtor        0x00001223    0x1e  Code  Gb  cxxabi.o [4]
__call_ctors            0x000025b9    0x18  Code  Gb  cppinit.o [3]
__call_dtors            0x0000260b     0x2  Code  Gb  cppinit.o [3]
__cexit_call_dtors      0x0000706f          Code  Gb  cexit.o [7]
__cmain                 0x0000704d          Code  Gb  cmain.o [7]
__cstart_call_dtors     0x00007244          Data  Gb  cstart_call_dtors.o [7]
__cxa_atexit            0x000025d1    0x3a  Code  Gb  cppinit.o [3]
__cxa_finalize          0x0000260d    0x38  Code  Gb  cppinit.o [3]
__dso_handle            0x20004b00     0x4  Data  Gb  cppinit.o [3]
__dwrite                0x000047f7    0x1e  Code  Gb  dwrite.o [8]
__exit                  0x000043e5    0x14  Code  Gb  exit.o [8]
__iar_EmptyStepPoint    0x00002341     0x2  Code  Gb  xassert.o [3]
__iar_Errno             0x20004b04     0x4  Data  Gb  errno.o [3]
__iar_FDnorm            0x0000481d    0x26  Code  Gb  xfdnorm.o [6]
__iar_FDscale           0x0000472d    0xc8  Code  Gb  xfdscale.o [6]
__iar_FExp              0x000043f9   0x1ea  Code  Gb  xfexp.o [6]
__iar_Memchr            0x00004659          Code  Gb  memchr.o [7]
__iar_Memset            0x00003fd9          Code  Gb  ABImemset.o [7]
__iar_Memset_word       0x00003fe1          Code  Gb  ABImemset.o [7]
__iar_ReportAssert      0x000039c3    0x50  Code  Gb  xreportassert.o [3]
__iar_Stolx             0x000041b7    0x86  Code  Gb  xstol.o [3]
__iar_Stoul             0x0000435b     0x4  Code  Gb  xstoul.o [3]
__iar_Stoulx            0x0000423d   0x118  Code  Gb  xstoul.o [3]
__iar_Strchr            0x000041a1          Code  Gb  strchr.o [7]
__iar_Strstr            0x00003431    0x2c  Code  Gb  strstr.o [3]
__iar_close_ttio        0x000046c1    0x2e  Code  Gb  iarttio.o [8]
__iar_copy_init3        0x00001257    0x2e  Code  Gb  copy_init3.o [7]
__iar_cstart_call_ctors
                        0x00006fe5    0x20  Code  Gb  cmain_call_ctors.o [7]
__iar_data_init3        0x00006ec5    0x28  Code  Gb  data_init3.o [7]
__iar_dlib_perthread_access
                        0x000047f5     0x2  Code  Gb  xtls.o [3]
__iar_get_ttio          0x000046f1    0x38  Code  Gb  iarttio.o [8]
__iar_init_vfp          0x00007031          Code  Gb  fpinit_M.o [6]
__iar_lookup_ttioh      0x00004815     0x8  Code  Gb  XShttio.o [3]
__iar_program_start     0x00007023          Code  Gb  cstartup_M.o [7]
__iar_sh_stdout         0x00004843    0x20  Code  Gb  iarwstd.o [8]
__iar_sh_write          0x00004863    0x22  Code  Gb  iarwrite.o [8]
__iar_strcmp            0x0000213d          Code  Gb  strcmp.o [7]
__iar_ttio_handles      0x200000b4     0x8  Data  Lc  XShttio.o [3]
__iar_ui2d              0x00003ab1          Code  Gb  I32ToDbl.o [6]
__iar_zero_init3        0x00001f6f    0x22  Code  Gb  zero_init3.o [7]
__low_level_init        0x00007063     0x4  Code  Gb  low_level_init.o [3]
__sti__routine          0x0000026d    0x18  Code  Lc  interpret.o [1]
__vector_table          0x00000000   0x26c  Data  Gb  startup_ewarm.o [1]
__write                 0x000046b1    0x10  Code  Gb  write.o [8]
_call_main              0x00007059          Code  Gb  cmain.o [7]
_exit                   0x0000706d          Code  Gb  cexit.o [7]
_main                   0x0000705f          Code  Gb  cmain.o [7]
abort                   0x00003a4d     0x6  Code  Gb  abort.o [3]
accel::RPMx10k(unsigned int, unsigned int)
                        0x00003fb3    0x26  Code  Gb  interpret.o [1]
accel::_RPMx10ktoFreq(unsigned int)
                        0x0000463f     0xe  Code  Gb  interpret.o [1]
accel::_initUnitCurve(int)
                        0x00002735    0x7e  Code  Gb  accel.o [1]
accel::_scaleYAxisToClockTicks()
                        0x00002809    0x38  Code  Gb  accel.o [1]
accel::_scaleYAxisToFrequency()
                        0x000027b3    0x56  Code  Gb  accel.o [1]
accel::accel()          0x00002651    0x3c  Code  Gb  accel.o [1]
accel::accelTime()      0x000028b9     0x6  Code  Gb  stepper.o [1]
accel::accelTime(unsigned int)
                        0x00003a95     0x6  Code  Gb  stepper.o [1]
accel::clockTicksToCurveIndex(unsigned int)
                        0x00003a7d    0x18  Code  Gb  stepper.o [1]
accel::clockTicksToCurveIndexReverse(unsigned int)
                        0x00003f95    0x18  Code  Gb  stepper.o [1]
accel::clockTicksToMicroSec(unsigned int)
                        0x00002911    0x1a  Code  Gb  stepper.o [1]
accel::curveIndexToClockTicks(unsigned int)
                        0x00002907     0xa  Code  Gb  stepper.o [1]
accel::degreesPerMicrostepx10k(unsigned int)
                        0x00003fad     0x6  Code  Gb  stepper.o [1]
accel::fmax()           0x00002931     0x6  Code  Gb  stepper.o [1]
accel::fmin()           0x0000292b     0x6  Code  Gb  stepper.o [1]
accel::freqCloseToStop(unsigned int)
                        0x00002a3d    0x12  Code  Gb  stepper.o [1]
accel::freqFromClockTicks(unsigned int)
                        0x00002a11    0x2c  Code  Gb  stepper.o [1]
accel::freqFromTime(unsigned int)
                        0x00002939    0x18  Code  Gb  stepper.o [1]
accel::frequency(unsigned int, unsigned int)
                        0x00002855    0x34  Code  Gb  accel.o [1]
accel::initAccelTime(unsigned int)
                        0x000028bf    0x22  Code  Gb  stepper.o [1]
accel::microSecToCurveIndex(unsigned int)
                        0x000028e1    0x26  Code  Gb  stepper.o [1]
accel::microSecToCurveIndexReverse(unsigned int)
                        0x00004615    0x2a  Code  Gb  stepper.o [1]
accel::stepsToTime(unsigned int)
                        0x000026d7    0x5e  Code  Gb  accel.o [1]
accel::timeToSteps(unsigned int)
                        0x0000268d    0x4a  Code  Gb  accel.o [1]
accel::updateClockPeriod()
                        0x0000298d    0x30  Code  Gb  stepper.o [1]
accel::updateClockPeriodReverse()
                        0x000029d9    0x30  Code  Gb  stepper.o [1]
accel::~accel()         0x00006d65     0x2  Code  Gb  interpret.o [1]
bufferInput             0x000004c7   0x20a  Code  Gb  interpret.o [1]
delay                   0x00001fb5    0x1c  Code  Gb  main.o [1]
digits                  0x00004360    0x28  Data  Lc  xstoul.o [3]
enable                  0x00001fd1     0xe  Code  Gb  main.o [1]
errMsg()                0x000002f1    0x1a  Code  Gb  interpret.o [1]
exit                    0x00007067     0x4  Code  Gb  exit.o [3]
expf                    0x00003f45    0x4c  Code  Gb  expf.o [6]
flashLED                0x00001fff     0x2  Code  Gb  main.o [1]
flashio::flashio()      0x000022fd     0x2  Code  Gb  flashio.o [1]
flashio::~flashio()     0x00006d63     0x2  Code  Gb  interpret.o [1]
g_bSendingBreak         0x20004b0c     0x1  Data  Lc  usb_dev_serial.o [1]
g_bUSBConfigured        0x20004b0d     0x1  Data  Lc  usb_dev_serial.o [1]
g_bUSBTimerInitialized  0x20004970     0x1  Data  Gb  usbtick.o [9]
g_eOTGModeState         0x20000091     0x1  Data  Gb  usbmode.o [9]
g_iDualMode             0x20000092     0x1  Data  Lc  usbmode.o [9]
g_iUSBMode              0x20000090     0x1  Data  Gb  usbmode.o [9]
g_pCDCCompSerConfigDescriptors
                        0x000066d0     0x4  Data  Gb  usbdcdc.o [9]
g_pcStatus              0x20004af4     0x4  Data  Gb  usb_dev_serial.o [1]
g_pfnTickHandlers       0x20004974    0x18  Data  Gb  usbtick.o [9]
g_pfnUSBModeCallback    0x2000009c     0x4  Data  Lc  usbmode.o [9]
g_ppCDCSerConfigDescriptors
                        0x000066cc     0x4  Data  Gb  usbdcdc.o [9]
g_ppsDevInfo            0x20004928     0x4  Data  Gb  usbdenum.o [9]
g_ppui8StringDescriptors
                        0x00007098    0x18  Data  Gb  usb_serial_structs.o [1]
g_psCDCCompSerSections  0x20000080    0x10  Data  Gb  usbdcdc.o [9]
g_psCDCSerSections      0x200000a0     0xc  Data  Gb  usbdcdc.o [9]
g_psDCDInst             0x200048e0    0x48  Data  Gb  usbdenum.o [9]
g_psUSBDMAInst          0x20004464   0x110  Data  Lc  usbdma.o [9]
g_psUSBDStdRequests     0x000051bc    0x34  Data  Lc  usbdenum.o [9]
g_pui32Dii16Regs        0x0000341c    0x14  Data  Lc  interrupt.o [5]
g_pui32EnRegs           0x00003408    0x14  Data  Lc  interrupt.o [5]
g_pui32Regs             0x0000336c    0x9c  Data  Lc  interrupt.o [5]
g_pui8CDCSerCommInterface
                        0x00006c9c    0x24  Data  Gb  usbdcdc.o [9]
g_pui8CDCSerDataInterface
                        0x00006cc8    0x18  Data  Gb  usbdcdc.o [9]
g_pui8CDCSerDescriptor  0x20000060     0xc  Data  Gb  usbdcdc.o [9]
g_pui8CDCSerDeviceDescriptor
                        0x2000006c    0x14  Data  Gb  usbdcdc.o [9]
g_pui8ConfigString      0x00006db0    0x38  Data  Gb  usb_serial_structs.o [1]
g_pui8ControlInterfaceString
                        0x00006e70    0x2c  Data  Gb  usb_serial_structs.o [1]
g_pui8DataBufferIn      0x20004930    0x40  Data  Lc  usbdenum.o [9]
g_pui8IADSerDescriptor  0x200000ac     0x8  Data  Gb  usbdcdc.o [9]
g_pui8LangDescriptor    0x0000723c     0x4  Data  Gb  usb_serial_structs.o [1]
g_pui8ManufacturerString
                        0x00006eec    0x24  Data  Gb  usb_serial_structs.o [1]
g_pui8ProductString     0x00006f10    0x24  Data  Gb  usb_serial_structs.o [1]
g_pui8RxBufferWorkspace
                        0x200049e8    0x18  Data  Gb  usb_serial_structs.o [1]
g_pui8SerialNumberString
                        0x000070dc    0x14  Data  Gb  usb_serial_structs.o [1]
g_pui8TxBufferWorkspace
                        0x20004a00    0x18  Data  Gb  usb_serial_structs.o [1]
g_pui8USBRxBuffer       0x2000467c   0x100  Data  Gb  usb_serial_structs.o [1]
g_pui8USBTxBuffer       0x2000477c   0x100  Data  Gb  usb_serial_structs.o [1]
g_pvTickInstance        0x2000498c    0x18  Data  Gb  usbtick.o [9]
g_sCDCCompSerConfigHeader
                        0x00006cf0     0x8  Data  Gb  usbdcdc.o [9]
g_sCDCDevice            0x20000000    0x60  Data  Gb  usb_serial_structs.o [1]
g_sCDCHandlers          0x000066d4    0x30  Data  Gb  usbdcdc.o [9]
g_sCDCSerCommInterfaceSection
                        0x00006cc0     0x8  Data  Gb  usbdcdc.o [9]
g_sCDCSerConfigHeader   0x00006ce8     0x8  Data  Gb  usbdcdc.o [9]
g_sCDCSerConfigSection  0x00006c8c     0x8  Data  Gb  usbdcdc.o [9]
g_sCDCSerDataInterfaceSection
                        0x00006ce0     0x8  Data  Gb  usbdcdc.o [9]
g_sIADSerConfigSection  0x00006c94     0x8  Data  Gb  usbdcdc.o [9]
g_sRxBuffer             0x00006f34    0x24  Data  Gb  usb_serial_structs.o [1]
g_sTxBuffer             0x00006f58    0x24  Data  Gb  usb_serial_structs.o [1]
g_ui32CurrentUSBTick    0x200049a4     0x4  Data  Gb  usbtick.o [9]
g_ui32Flags             0x20004af0     0x4  Data  Gb  usb_dev_serial.o [1]
g_ui32PollRate          0x20000094     0x4  Data  Gb  usbmode.o [9]
g_ui32UARTRxCount       0x20004aec     0x4  Data  Gb  usb_dev_serial.o [1]
g_ui32UARTTxCount       0x20004ae8     0x4  Data  Gb  usb_dev_serial.o [1]
g_ui32USBSOFCount       0x20004af8     0x4  Data  Gb  usbtick.o [9]
g_ui32WaitTicks         0x20000098     0x4  Data  Gb  usbmode.o [9]
heapSTRUCT_SIZE         0x0000240a     0x2  Data  Lc  heap_2.o [1]
intToNodeType(int)      0x00000465    0x62  Code  Gb  interpret.o [1]
interpret::_cleanUpEvaluationStack(unsigned int)
                        0x00000bab    0x34  Code  Gb  interpret.o [1]
interpret::_cleanUpSymbolTable()
                        0x00000bdf    0x28  Code  Gb  interpret.o [1]
interpret::_currentProgramNodeLevel() const
                        0x0000249d    0x16  Code  Gb  interpret.o [1]
interpret::_currentProgramNodeType() const
                        0x00002391    0x16  Code  Gb  interpret.o [1]
interpret::_currentProgramNodeValue() const
                        0x000023a7    0x16  Code  Gb  interpret.o [1]
interpret::_evalValue()
                        0x0000240d    0x3c  Code  Gb  interpret.o [1]
interpret::_evalValue()::string
                        0x00006fa4    0x20  Data  Gb  interpret.o [1]
interpret::_evalValue()::string (instance 2)
                        0x00006e18    0x2c  Data  Gb  interpret.o [1]
interpret::_evalValuePeek() const
                        0x000024b3     0xe  Code  Gb  interpret.o [1]
interpret::_findFirstAvailableNodeInSymbolTable()
                        0x0000110f    0x7e  Code  Gb  interpret.o [1]
interpret::_findFirstParseTreeEntry(parseTreeEntry const &, unsigned int)
                        0x00000c07    0x74  Code  Gb  interpret.o [1]
interpret::_getLastSymbolTableIndex()
                        0x000024e9    0x16  Code  Gb  interpret.o [1]
interpret::_programNodeType(unsigned int) const
                        0x00002503    0x14  Code  Gb  interpret.o [1]
interpret::_pushTemporarySymbolOnEvaluationStack(unsigned int)
                        0x0000108d    0x82  Code  Gb  interpret.o [1]
interpret::_resetSymbolTableTemporaryBoundary()
                        0x00002493     0xa  Code  Gb  interpret.o [1]
interpret::_returnSymbolToAvailablePool(unsigned int)
                        0x00002449    0x26  Code  Gb  interpret.o [1]
interpret::_updateProgramIndex(nodeType, int)
                        0x00000b4d    0x5e  Code  Gb  interpret.o [1]
interpret::appendToProgram(parseTreeEntry const &)
                        0x00000737    0x2e  Code  Gb  interpret.o [1]
interpret::appendToSymbolTable(symbolTableEntry const &)
                        0x00000765    0x2e  Code  Gb  interpret.o [1]
interpret::evaluateOperator(unsigned int)
                        0x00000d29   0x348  Code  Gb  interpret.o [1]
interpret::getLowWaterMarkForTemporarySymbolSearch() const
                        0x0000253b     0x6  Code  Gb  interpret.o [1]
interpret::getStepper()
                        0x00001251     0x6  Code  Gb  interpret.o [1]
interpret::interpret()  0x000006d1    0x66  Code  Gb  interpret.o [1]
interpret::run()        0x00000793   0x3ba  Code  Gb  interpret.o [1]
interpret::setLowWaterMarkForTemporarySymbolSearch()
                        0x000022f1     0xc  Code  Gb  interpret.o [1]
interpret::symbolFromIndex(int)
                        0x0000251f    0x1c  Code  Gb  interpret.o [1]
interpret::symbolTableIndexMorph(int)
                        0x00000c7b    0x70  Code  Gb  interpret.o [1]
interpret::~interpret()
                        0x00006cf9    0x4c  Code  Gb  interpret.o [1]
interpretRun            0x00000285    0x52  Code  Gb  interpret.o [1]
interpreter             0x20002fb0  0x14b4  Data  Gb  interpret.o [1]
interpreterRunBool      0x20004b09     0x1  Data  Lc  interpret.o [1]
led::Off()              0x00003981    0x1c  Code  Gb  interpret.o [1]
led::On()               0x00003965    0x1c  Code  Gb  interpret.o [1]
led::_enable            0x20004b08     0x1  Data  Gb  interpret.o [1]
led::enable()           0x000043b1     0xc  Code  Gb  interpret.o [1]
led::enable(bool)       0x00001765     0xc  Code  Gb  interpret.o [1]
led::led(bool)          0x0000230d    0x1e  Code  Gb  interpret.o [1]
led::set(unsigned int)  0x00002479    0x1a  Code  Gb  interpret.o [1]
led::~led()             0x00006d45     0xe  Code  Gb  interpret.o [1]
localAssert             0x00001f91    0x12  Code  Gb  main.o [1]
main                    0x00006b0b   0x106  Code  Gb  usb_dev_serial.o [1]
mainA                   0x00002047    0x1a  Code  Gb  main.o [1]
memchr                  0x00004659          Code  Gb  memchr.o [7]
memcmp                  0x00002d8d          Code  Gb  memcmp.o [7]
memset                  0x00002f3d    0x16  Code  Gb  tasks.o [1]
motorStep               0x00001fdf    0x20  Code  Gb  main.o [1]
ndigs                   0x00004388    0x28  Data  Lc  xstoul.o [3]
next_abi_dtor_rec       0x20004afc     0x4  Data  Lc  cppinit.o [3]
out                     0x000039ad    0x16  Code  Lc  xreportassert.o [3]
parseTreeEntry::level() const
                        0x00002517     0x4  Code  Gb  parseTreeEntry.o [1]
parseTreeEntry::level(unsigned int)
                        0x0000227d     0x4  Code  Gb  parseTreeEntry.o [1]
parseTreeEntry::operator =(const parseTreeEntry&)
                        0x00002233    0x4a  Code  Gb  parseTreeEntry.o [1]
parseTreeEntry::parseTreeEntry()
                        0x00002225     0x6  Code  Gb  parseTreeEntry.o [1]
parseTreeEntry::parseTreeEntry(nodeType, int, unsigned int)
                        0x0000222b     0x8  Code  Gb  parseTreeEntry.o [1]
parseTreeEntry::position() const
                        0x00003961     0x4  Code  Gb  parseTreeEntry.o [1]
parseTreeEntry::position(nodePosition)
                        0x00002281     0x4  Code  Gb  parseTreeEntry.o [1]
parseTreeEntry::type() const
                        0x0000238d     0x4  Code  Gb  parseTreeEntry.o [1]
parseTreeEntry::type(nodeType)
                        0x00002289     0x4  Code  Gb  parseTreeEntry.o [1]
parseTreeEntry::value() const
                        0x0000251b     0x4  Code  Gb  parseTreeEntry.o [1]
parseTreeEntry::value(int)
                        0x00002285     0x4  Code  Gb  parseTreeEntry.o [1]
parseTreeEntry::~parseTreeEntry()
                        0x0000228d     0x2  Code  Gb  interpret.o [1]
postMsg(bool)           0x0000030b    0x16  Code  Gb  interpret.o [1]
prvAddCurrentTaskToDelayedList
                        0x00001e19    0x3e  Code  Lc  tasks.o [1]
prvAllocateTCBAndStack  0x00001e65    0x46  Code  Lc  tasks.o [1]
prvCheckTasksWaitingTermination
                        0x00001db1    0x5c  Code  Lc  tasks.o [1]
prvDeleteTCB            0x00001ee3    0x12  Code  Lc  tasks.o [1]
prvHeapInit             0x00002ef7    0x2e  Code  Lc  heap_2.o [1]
prvIdleTask             0x00001cfd     0x8  Code  Lc  tasks.o [1]
prvInitialiseTCBVariables
                        0x00001d05    0x60  Code  Lc  tasks.o [1]
prvInitialiseTaskLists  0x00001d65    0x46  Code  Lc  tasks.o [1]
prvTaskCheckFreeStackSpace
                        0x00001eab    0x18  Code  Lc  tasks.o [1]
pui32Stack              0x20004b10   0x400  Data  Lc  startup_ewarm.o [1]
putchar                 0x000043bd    0x28  Code  Gb  putchar.o [3]
pvPortMalloc            0x00002df1    0xc2  Code  Gb  heap_2.o [1]
pxCurrentTCB            0x20004ab4     0x4  Data  Gb  tasks.o [1]
pxDelayedTaskList       0x20004ab8     0x4  Data  Lc  tasks.o [1]
pxOverflowDelayedTaskList
                        0x20004abc     0x4  Data  Lc  tasks.o [1]
pxPortInitialiseStack   0x00002af1    0x22  Code  Gb  port.o [1]
pxReadyTasksLists       0x2000487c    0x64  Data  Lc  tasks.o [1]
sp                      0x20004ab0     0x4  Data  Gb  stepper.o [1]
sscanf                  0x00002201    0x24  Code  Gb  sscanf.o [3]
stepper::RPM(unsigned int, unsigned int)
                        0x00001745    0x20  Code  Gb  interpret.o [1]
stepper::RPMx10k(unsigned int, unsigned int)
                        0x00002adb    0x14  Code  Gb  interpret.o [1]
stepper::_timer()       0x00002a09     0x6  Code  Gb  stepper.o [1]
stepper::_timer(unsigned long)
                        0x000029bd    0x1c  Code  Gb  stepper.o [1]
stepper::_timerStart(bool)
                        0x0000167d    0x4e  Code  Gb  stepper.o [1]
stepper::degreesPerMicrostepx10k(unsigned int)
                        0x00002acb    0x10  Code  Gb  stepper.o [1]
stepper::directionPositive(bool)
                        0x00002889    0x30  Code  Gb  stepper.o [1]
stepper::enable()       0x00002a51    0x14  Code  Gb  stepper.o [1]
stepper::isr()          0x0000147d   0x200  Code  Gb  stepper.o [1]
stepper::microstepSet(microsteps)
                        0x000016f1    0x54  Code  Gb  stepper.o [1]
stepper::moveAbsolute(int)
                        0x00001313   0x156  Code  Gb  stepper.o [1]
stepper::moveRelative(int)
                        0x00001469    0x14  Code  Gb  stepper.o [1]
stepper::step()         0x00002951    0x3c  Code  Gb  stepper.o [1]
stepper::stepper()      0x000012ad    0x26  Code  Gb  stepper.o [1]
stepper::~stepper()     0x00006d53     0xe  Code  Gb  interpret.o [1]
stepperISR              0x00001285    0x28  Code  Gb  stepper.o [1]
stepper_init            0x000012d3    0x40  Code  Gb  stepper.o [1]
stmtNestingLevel        0x20004a94     0x4  Data  Lc  interpret.o [1]
stmtPosition            0x200049a8    0x20  Data  Lc  interpret.o [1]
stmtType                0x200049c8    0x20  Data  Lc  interpret.o [1]
stmtValue               0x20004a98     0x4  Data  Lc  interpret.o [1]
strchr                  0x000041a1          Code  Gb  strchr.o [7]
strcmp                  0x0000213d          Code  Gb  strcmp.o [7]
stringToNodePosition(char const *)
                        0x00000321    0x2c  Code  Gb  interpret.o [1]
stringToNodeType(char const *)
                        0x0000034d   0x114  Code  Gb  interpret.o [1]
strlen                  0x00001f39          Code  Gb  strlen.o [7]
strstr(char const *, char const *)
                        0x000021f1    0x10  Code  Gb  interpret.o [1]
successMsg()            0x000002d7    0x1a  Code  Gb  interpret.o [1]
symbFcnLink             0x20004aa4     0x4  Data  Lc  interpret.o [1]
symbType                0x20004a9c     0x4  Data  Lc  interpret.o [1]
symbValue               0x20004aa0     0x4  Data  Lc  interpret.o [1]
symbolTableEntry::dumpEntry()
                        0x000022e1     0x2  Code  Gb  symbolTableEntry.o [1]
symbolTableEntry::fcnLink() const
                        0x00002475     0x4  Code  Gb  symbolTableEntry.o [1]
symbolTableEntry::fcnLink(int)
                        0x000022eb     0x4  Code  Gb  symbolTableEntry.o [1]
symbolTableEntry::operator =(const symbolTableEntry&)
                        0x000022a7    0x3a  Code  Gb  symbolTableEntry.o [1]
symbolTableEntry::symbolTableEntry()
                        0x0000228f     0xe  Code  Gb  symbolTableEntry.o [1]
symbolTableEntry::symbolTableEntry(nodeType, int)
                        0x0000229d     0xa  Code  Gb  symbolTableEntry.o [1]
symbolTableEntry::type() const
                        0x000024ff     0x4  Code  Gb  symbolTableEntry.o [1]
symbolTableEntry::type(nodeType)
                        0x000022e3     0x4  Code  Gb  symbolTableEntry.o [1]
symbolTableEntry::value() const
                        0x000023f7     0x4  Code  Gb  symbolTableEntry.o [1]
symbolTableEntry::value(int)
                        0x000022e7     0x4  Code  Gb  symbolTableEntry.o [1]
symbolTableEntry::~symbolTableEntry()
                        0x000022ef     0x2  Code  Gb  interpret.o [1]
tinyQueue<int>::empty() const
                        0x0000232b    0x16  Code  Gb  interpret.o [1]
tinyQueue<int>::front() const
                        0x00002401     0xa  Code  Gb  interpret.o [1]
tinyQueue<int>::peekAtIndex(unsigned int) const
                        0x000023f1     0x6  Code  Gb  interpret.o [1]
tinyQueue<int>::pop_front()
                        0x000024c1    0x28  Code  Gb  interpret.o [1]
tinyQueue<int>::push_front(int)
                        0x000023bd    0x34  Code  Gb  interpret.o [1]
tinyQueue<int>::size() const
                        0x0000399d    0x10  Code  Gb  interpret.o [1]
tinyQueue<int>::spaceAvail() const
                        0x00003a53    0x2a  Code  Gb  interpret.o [1]
tinyQueue<int>::stackFrameIndex() const
                        0x0000246f     0x6  Code  Gb  interpret.o [1]
tinyQueue<int>::stackFrameIndex(unsigned int)
                        0x000023fb     0x6  Code  Gb  interpret.o [1]
tinyQueue<int>::tinyQueue()
                        0x000022ff     0xe  Code  Gb  interpret.o [1]
tinyQueue<int>::~tinyQueue()
                        0x00006d61     0x2  Code  Gb  interpret.o [1]
tinyQueue<unsigned char>::clear()
                        0x000021e3     0xc  Code  Gb  interpret.o [1]
tinyQueue<unsigned char>::getBuffer()
                        0x000021ef     0x2  Code  Gb  interpret.o [1]
tinyQueue<unsigned char>::push(unsigned char)
                        0x00002189    0x30  Code  Gb  interpret.o [1]
tinyQueue<unsigned char>::spaceAvail() const
                        0x000021b9    0x2a  Code  Gb  interpret.o [1]
tinyQueue<unsigned char>::tinyQueue(int)
                        0x0000217f     0xa  Code  Gb  interpret.o [1]
tinyQueue<unsigned char>::~tinyQueue()
                        0x000025b7     0x2  Code  Gb  interpret.o [1]
uDMAChannelAttributeDisable
                        0x00005e65    0x26  Code  Gb  udma.o [5]
uDMAChannelControlSet   0x00005e8b    0x18  Code  Gb  udma.o [5]
uDMAChannelDisable      0x00005e55    0x10  Code  Gb  udma.o [5]
uDMAChannelEnable       0x00005e45    0x10  Code  Gb  udma.o [5]
uDMAChannelModeGet      0x00005f21    0x28  Code  Gb  udma.o [5]
uDMAChannelTransferSet  0x00005ea3    0x7e  Code  Gb  udma.o [5]
uDMAUSBArbSizeSet       0x00005929    0x60  Code  Lc  usbdma.o [9]
uDMAUSBChannelAllocate  0x000057df    0xa6  Code  Lc  usbdma.o [9]
uDMAUSBChannelDisable   0x000056c7    0x46  Code  Lc  usbdma.o [9]
uDMAUSBChannelEnable    0x00005675    0x52  Code  Lc  usbdma.o [9]
uDMAUSBChannelIntDisable
                        0x0000571b     0x2  Code  Lc  usbdma.o [9]
uDMAUSBChannelIntEnable
                        0x00005719     0x2  Code  Lc  usbdma.o [9]
uDMAUSBChannelRelease   0x00005885    0x5a  Code  Lc  usbdma.o [9]
uDMAUSBChannelStatus    0x000055e9    0x24  Code  Lc  usbdma.o [9]
uDMAUSBIntStatus        0x0000560d    0x2a  Code  Lc  usbdma.o [9]
uDMAUSBTransfer         0x0000571d    0xa6  Code  Lc  usbdma.o [9]
uDMAUSBUnitSizeSet      0x000058df    0x4a  Code  Lc  usbdma.o [9]
ucHeap                  0x200000d0  0x2ee0  Data  Lc  heap_2.o [1]
ucMaxSysCallPriority    0x20004b0b     0x1  Data  Lc  port.o [1]
ulMaxPRIGROUPValue      0x20004aac     0x4  Data  Lc  port.o [1]
ulPortSetInterruptMask  0x00002d37          Code  Gb  portasm.o [1]
uxCriticalNesting       0x200000c8     0x4  Data  Lc  port.o [1]
uxCurrentNumberOfTasks  0x20004ac4     0x4  Data  Lc  tasks.o [1]
uxListRemove            0x00002cc3    0x2a  Code  Gb  list.o [1]
uxPendedTicks           0x20004ad8     0x4  Data  Lc  tasks.o [1]
uxSchedulerSuspended    0x20004ad4     0x4  Data  Lc  tasks.o [1]
uxTaskGetStackHighWaterMark
                        0x00001ec3    0x20  Code  Gb  tasks.o [1]
uxTaskNumber            0x20004ae4     0x4  Data  Lc  tasks.o [1]
uxTasksDeleted          0x20004ac0     0x4  Data  Lc  tasks.o [1]
uxTopReadyPriority      0x20004acc     0x4  Data  Lc  tasks.o [1]
vApplicationStackOverflowHook
                        0x0000211d     0x2  Code  Gb  main.o [1]
vApplicationTickHook    0x0000211b     0x2  Code  Gb  main.o [1]
vIdleTask               0x00002085    0x28  Code  Lc  main.o [1]
vInterpretTask          0x00002101    0x1a  Code  Lc  main.o [1]
vListInitialise         0x00002c49    0x1e  Code  Gb  list.o [1]
vListInitialiseItem     0x00002c67     0x6  Code  Gb  list.o [1]
vListInsert             0x00002c87    0x3c  Code  Gb  list.o [1]
vListInsertEnd          0x00002c6d    0x1a  Code  Gb  list.o [1]
vPortClearInterruptMask
                        0x00002d45          Code  Gb  portasm.o [1]
vPortEnableVFP          0x00002d71          Code  Gb  portasm.o [1]
vPortEnterCritical      0x00002bbd    0x1a  Code  Gb  port.o [1]
vPortExitCritical       0x00002bd7    0x1c  Code  Gb  port.o [1]
vPortFree               0x00002eb3    0x44  Code  Gb  heap_2.o [1]
vPortSVCHandler         0x00002d4b          Code  Gb  portasm.o [1]
vPortSetupTimerInterrupt
                        0x00002c13    0x10  Code  Wk  port.o [1]
vPortStartFirstTask     0x00002d63          Code  Gb  portasm.o [1]
vPortYield              0x00002bab    0x12  Code  Gb  port.o [1]
vSetupHighFrequencyTimer
                        0x00002001    0x46  Code  Gb  main.o [1]
vStartIdleTask          0x00002061    0x22  Code  Gb  main.o [1]
vStartInterpretTask     0x000020ad    0x24  Code  Gb  main.o [1]
vTaskDelay              0x00001939    0x3c  Code  Gb  tasks.o [1]
vTaskDelayUntil         0x000018b9    0x80  Code  Gb  tasks.o [1]
vTaskStartScheduler     0x00001975    0x4c  Code  Gb  tasks.o [1]
vTaskSuspendAll         0x000019c1    0x10  Code  Gb  tasks.o [1]
vTaskSwitchContext      0x00001c35    0xc6  Code  Gb  tasks.o [1]
xDelayedTaskList1       0x20004a18    0x14  Data  Lc  tasks.o [1]
xDelayedTaskList2       0x20004a2c    0x14  Data  Lc  tasks.o [1]
xEnd                    0x20004a84     0x8  Data  Lc  heap_2.o [1]
xFreeBytesRemaining     0x200000bc     0x4  Data  Lc  heap_2.o [1]
xNextTaskUnblockTime    0x200000cc     0x4  Data  Lc  tasks.o [1]
xNumOfOverflows         0x20004ae0     0x4  Data  Lc  tasks.o [1]
xPendingReadyList       0x20004a40    0x14  Data  Lc  tasks.o [1]
xPortPendSVHandler      0x00002ced          Code  Gb  portasm.o [1]
xPortStartScheduler     0x00002b13    0x98  Code  Gb  port.o [1]
xPortSysTickHandler     0x00002bf3    0x20  Code  Gb  port.o [1]
xSchedulerRunning       0x20004ad0     0x4  Data  Lc  tasks.o [1]
xStart                  0x20004a7c     0x8  Data  Lc  heap_2.o [1]
xSuspendedTaskList      0x20004a68    0x14  Data  Lc  tasks.o [1]
xTaskGenericCreate      0x00001771   0x148  Code  Gb  tasks.o [1]
xTaskGetTickCount       0x00001abf    0x16  Code  Gb  tasks.o [1]
xTaskIncrementTick      0x00001ad5   0x160  Code  Gb  tasks.o [1]
xTaskResumeAll          0x000019d1    0xee  Code  Gb  tasks.o [1]
xTaskWakeTime           0x20004a90     0x4  Data  Lc  interpret.o [1]
xTasksWaitingTermination
                        0x20004a54    0x14  Data  Lc  tasks.o [1]
xTickCount              0x20004ac8     0x4  Data  Lc  tasks.o [1]
xYieldPending           0x20004adc     0x4  Data  Lc  tasks.o [1]


[1] = C:\dev\docs\scottdesign\motor\Debug\Obj
[2] = command line
[3] = dl7M_tln.a
[4] = dlpp7M_tl_ne.a
[5] = driverlib.a
[6] = m7M_tlv.a
[7] = rt7M_tl.a
[8] = shb_l.a
[9] = usblib.a

  27 490 bytes of readonly  code memory
   1 970 bytes of readonly  data memory
  20 670 bytes of readwrite data memory

Errors: none
Warnings: none
