###############################################################################
#                                                                             #
# IAR ELF Linker V5.50.0.51878/W32 for ARM              05/Jul/2013  09:18:28 #
# Copyright (C) 2007-2010 IAR Systems AB.                                     #
#                                                                             #
#    Output file  =  C:\dev\docs\scottdesign\motor\Debug\Exe\motor.out        #
#    Map file     =  C:\dev\docs\scottdesign\motor\Debug\List\motor.map       #
#    Command line =  C:\DriverLib\grlib\ewarm\Exe\grlib.a                     #
#                    C:\DriverLib\src\ewarm\Exe\driverlib.a                   #
#                    C:\dev\docs\scottdesign\motor\Debug\Obj\IntQueue.o       #
#                    C:\dev\docs\scottdesign\motor\Debug\Obj\IntQueueTimer.o  #
#                    C:\dev\docs\scottdesign\motor\Debug\Obj\accel.o          #
#                    C:\dev\docs\scottdesign\motor\Debug\Obj\formike128x128x1 #
#                    6.o C:\dev\docs\scottdesign\motor\Debug\Obj\heap_2.o     #
#                    C:\dev\docs\scottdesign\motor\Debug\Obj\interpret.o      #
#                    C:\dev\docs\scottdesign\motor\Debug\Obj\list.o           #
#                    C:\dev\docs\scottdesign\motor\Debug\Obj\main.o           #
#                    C:\dev\docs\scottdesign\motor\Debug\Obj\motor.o          #
#                    C:\dev\docs\scottdesign\motor\Debug\Obj\parseTreeEntry.o #
#                     C:\dev\docs\scottdesign\motor\Debug\Obj\port.o          #
#                    C:\dev\docs\scottdesign\motor\Debug\Obj\portasm.o        #
#                    C:\dev\docs\scottdesign\motor\Debug\Obj\queue.o          #
#                    C:\dev\docs\scottdesign\motor\Debug\Obj\startup_ewarm.o  #
#                    C:\dev\docs\scottdesign\motor\Debug\Obj\stepper.o        #
#                    C:\dev\docs\scottdesign\motor\Debug\Obj\symbolTableEntry #
#                    .o C:\dev\docs\scottdesign\motor\Debug\Obj\tasks.o       #
#                    C:\dev\docs\scottdesign\motor\Debug\Obj\timertest.o      #
#                    --redirect _Printf=_PrintfTiny --redirect                #
#                    _Scanf=_ScanfSmall -o C:\dev\docs\scottdesign\motor\Debu #
#                    g\Exe\motor.out --map C:\dev\docs\scottdesign\motor\Debu #
#                    g\List\motor.map --config "C:\Program Files\IAR          #
#                    Systems\Embedded Workbench 5.4_3\arm\CONFIG\generic_cort #
#                    ex.icf" --semihosting --entry __iar_program_start        #
#                                                                             #
#                                                                             #
###############################################################################

*******************************************************************************
*** PLACEMENT SUMMARY
***

"A1":  place at 0x00000000 { ro section .intvec };
"P1":  place in [from 0x00000000 to 0x0007ffff] { ro };
"P2":  place in [from 0x20000000 to 0x2000ffff] {
          rw, block CSTACK, block HEAP };

  Section             Kind        Address    Size  Object
  -------             ----        -------    ----  ------
"A1":                                       0x100
  .intvec             const    0x00000000   0x100  startup_ewarm.o [1]
                             - 0x00000100   0x100

"P1":                                      0x5f70
  .text               ro code  0x00000100   0xfe0  interpret.o [1]
  .text               ro code  0x000010e0   0x850  tasks.o [1]
  .text               ro code  0x00001930   0x616  xscanfsmall.o [3]
  .text               ro code  0x00001f48   0x55c  stepper.o [1]
  .text               ro code  0x000024a4   0x314  IntQueue.o [1]
  .text               ro code  0x000027b8   0x278  accel.o [1]
  .text               ro code  0x00002a30   0x246  DblDiv.o [5]
  .text               ro code  0x00002c78   0x23c  main.o [1]
  .text               ro code  0x00002eb4   0x1a2  DblMul.o [5]
  .text               ro code  0x00003058   0x17e  DblSub.o [5]
  .text               ro code  0x000031d8   0x172  queue.o [1]
  .text               ro code  0x0000334c   0x160  xfexp.o [3]
  .text               ro code  0x000034ac   0x144  heap_2.o [1]
  .text               ro code  0x000035f0   0x126  xprintftiny.o [3]
  .text               ro code  0x00003718   0x114  xstoul.o [3]
  .text               ro code  0x0000382c    0xfc  FltDiv.o [5]
  .text               ro code  0x00003928    0xe6  DblAdd.o [5]
  .text               ro code  0x00003a10    0xe4  FltSub.o [5]
  .text               ro code  0x00003af4    0xda  gpio.o [4]
  .text               ro code  0x00003bd0    0xd8  FltMul.o [5]
  .text               ro code  0x00003ca8    0xc0  port.o [1]
  .text               ro code  0x00003d68    0xc0  xfdscale.o [3]
  .text               ro code  0x00003e28    0xbc  xxmemxmalloc.o [3]
  .text               ro code  0x00003ee4    0xac  fflush.o [3]
  .text               ro code  0x00003f90    0xa8  motor.o [1]
  .text               ro code  0x00004038    0xa8  fclose.o [3]
  .text               ro code  0x000040e0    0xa8  packbits_init3.o [5]
  .text               ro code  0x00004188    0xa4  list.o [1]
  .text               ro code  0x0000422c    0xa2  xfwprep.o [3]
  .text               ro code  0x000042d0    0x9c  interrupt.o [4]
  .text               ro code  0x0000436c    0x90  timertest.o [1]
  .text               ro code  0x000043fc    0x90  DblToFlt.o [5]
  .text               ro code  0x0000448c    0x8c  FltAdd.o [5]
  CODE                ro code  0x00004518    0x8c  portasm.o [1]
  .text               ro code  0x000045a4    0x88  cppinit.o [3]
  .text               ro code  0x0000462c    0x88  xsyslock.o [3]
  .text               ro code  0x000046b4    0x88  xxmemxfree.o [3]
  .text               ro code  0x0000473c    0x84  xreportassert.o [3]
  .text               ro code  0x000047c0    0x82  xfdnorm.o [3]
  .text               ro code  0x00004842    0x80  strtol.o [3]
  .text               ro code  0x000048c2    0x72  parseTreeEntry.o [1]
  .text               ro code  0x00004934    0x70  ABImemcpy.o [5]
  .text               ro code  0x000049a4    0x6e  symbolTableEntry.o [1]
  .text               ro code  0x00004a14    0x6c  strncpy.o [5]
  .text               ro code  0x00004a80    0x68  iarttio.o [6]
  .text               ro code  0x00004ae8    0x68  expf.o [3]
  .text               ro code  0x00004b50    0x66  timer.o [4]
  .text               ro code  0x00004bb8    0x66  ABImemset.o [5]
  .text               ro code  0x00004c20    0x62  memcmp.o [5]
  .text               ro code  0x00004c84    0x58  memchr.o [5]
  .rodata             const    0x00004cdc    0x50  xstoul.o [3]
  .text               ro code  0x00004d2c    0x50  xencoding_sb.o [3]
  .text               ro code  0x00004d7c    0x50  fputc.o [3]
  .text               ro code  0x00004dcc    0x4e  FltToDbl.o [5]
  .rodata             const    0x00004e1c    0x48  interpret.o [1]
  .text               ro code  0x00004e64    0x48  interpret.o [1]
  .text               ro code  0x00004eac    0x48  MtxWrapper.o [3]
  .text               ro code  0x00004ef4    0x48  xassert.o [3]
  .text               ro code  0x00004f3c    0x44  FltToS32.o [5]
  .text               ro code  0x00004f80    0x42  strcmp.o [5]
  .rodata             const    0x00004fc4    0x40  interrupt.o [4]
  .text               ro code  0x00005004    0x3c  interpret.o [1]
  .text               ro code  0x00005040    0x3c  stepper.o [1]
  .text               ro code  0x0000507c    0x38  IntQueueTimer.o [1]
  .text               ro code  0x000050b4    0x38  xwctob.o [3]
  .text               ro code  0x000050ec    0x36  strlen.o [5]
  .text               ro code  0x00005122    0x34  interpret.o [1]
  .rodata             const    0x00005158    0x30  interpret.o [1]
  .rodata             const    0x00005188    0x30  xreportassert.o [3]
  .text               ro code  0x000051b8    0x30  I32ToFlt.o [5]
  .text               ro code  0x000051e8    0x30  sprintf.o [3]
  .text               ro code  0x00005218    0x30  interpret.o [1]
  .text               ro code  0x00005248    0x30  stepper.o [1]
  .text               ro code  0x00005278    0x30  stepper.o [1]
  .text               ro code  0x000052a8    0x30  strstr.o [3]
  .text               ro code  0x000052d8    0x2e  I32ToDbl.o [5]
  .text               ro code  0x00005306    0x2e  stepper.o [1]
  .rodata             const    0x00005334    0x2c  interpret.o [1]
  .rodata             const    0x00005360    0x2c  interpret.o [1]
  .text               ro code  0x0000538c    0x2c  data_init3.o [5]
  .text               ro code  0x000053b8    0x2a  interpret.o [1]
  .text               ro code  0x000053e2    0x2a  interpret.o [1]
  .text               ro code  0x0000540c    0x2a  stepper.o [1]
  .text               ro code  0x00005436    0x2a  stepper.o [1]
  .text               ro code  0x00005460    0x28  xcloseall.o [3]
  .text               ro code  0x00005488    0x28  setlocale.o [3]
  .text               ro code  0x000054b0    0x28  xgetmemchunk.o [3]
  .text               ro code  0x000054d8    0x28  interpret.o [1]
  .text               ro code  0x00005500    0x26  sysctl.o [4]
  .text               ro code  0x00005526    0x26  accel.o [1]
  .text               ro code  0x0000554c    0x26  interpret.o [1]
  .text               ro code  0x00005572    0x26  motor.o [1]
  .text               ro code  0x00005598    0x24  FltToU32.o [5]
  .text               ro code  0x000055bc    0x24  FltCmpLe.o [5]
  .text               ro code  0x000055e0    0x24  FltCmpGe.o [5]
  .text               ro code  0x00005604    0x24  targetabi.o [3]
  .text               ro code  0x00005628    0x24  zero_init3.o [5]
  .text               ro code  0x0000564c    0x22  accel.o [1]
  .text               ro code  0x0000566e    0x22  motor.o [1]
  .text               ro code  0x00005690    0x22  iarwrite.o [6]
  .iar.init_table     const    0x000056b4    0x30  - Linker created -
  .rodata             const    0x000056e4    0x20  interpret.o [1]
  .rodata             const    0x00005704    0x20  interpret.o [1]
  .text               ro code  0x00005724    0x20  sscanf.o [3]
  .text               ro code  0x00005744    0x20  cmain_call_ctors.o [5]
  .text               ro code  0x00005764    0x20  targetabi.o [3]
  .text               ro code  0x00005784    0x20  xsscin.o [3]
  .text               ro code  0x000057a4    0x20  xmbtowc.o [3]
  .text               ro code  0x000057c4    0x20  iarwstd.o [6]
  .text               ro code  0x000057e4    0x1e  interpret.o [1]
  .text               ro code  0x00005802    0x1e  dwrite.o [6]
  .rodata             const    0x00005820    0x1c  interpret.o [1]
  .text               ro code  0x0000583c    0x1c  interpret.o [1]
  .text               ro code  0x00005858    0x1c  interpret.o [1]
  .text               ro code  0x00005874    0x1c  motor.o [1]
  .text               ro code  0x00005890    0x1c  stepper.o [1]
  .text               ro code  0x000058ac    0x1c  FltCmpEq.o [5]
  .text               ro code  0x000058c8    0x1c  interpret.o [1]
  .text               ro code  0x000058e4    0x1a  interpret.o [1]
  .text               ro code  0x000058fe    0x1a  xwctomb.o [3]
  .text               ro code  0x00005918    0x1a  close.o [6]
  .rodata             const    0x00005934    0x18  xscanfsmall.o [3]
  .text               ro code  0x0000594c    0x18  accel.o [1]
  .text               ro code  0x00005964    0x18  accel.o [1]
  .text               ro code  0x0000597c    0x18  stepper.o [1]
  .text               ro code  0x00005994    0x16  cmain.o [5]
  .text               ro code  0x000059ac    0x16  strchr.o [5]
  .text               ro code  0x000059c2    0x16  IntQueue.o [1]
  .text               ro code  0x000059d8    0x16  interpret.o [1]
  .text               ro code  0x000059ee    0x16  interpret.o [1]
  .text               ro code  0x00005a04    0x16  queue.o [1]
  .text               ro code  0x00005a1a    0x16  stepper.o [1]
  .text               ro code  0x00005a30    0x16  remove.o [6]
  .rodata             const    0x00005a48    0x14  tasks.o [1]
  .text               ro code  0x00005a5c    0x14  errno.o [3]
  .text               ro code  0x00005a70    0x14  exit.o [6]
  CODE                ro code  0x00005a84    0x14  cpu.o [4]
  .text               ro code  0x00005a98    0x14  interpret.o [1]
  .text               ro code  0x00005aac    0x14  interpret.o [1]
  .text               ro code  0x00005ac0    0x14  interpret.o [1]
  .text               ro code  0x00005ad4    0x14  motor.o [1]
  .text               ro code  0x00005ae8    0x14  isxxx.o [3]
  .text               ro code  0x00005afc    0x14  tolower.o [3]
  .text               ro code  0x00005b10    0x14  xlocale_c.o [3]
  .text               ro code  0x00005b24    0x12  uart.o [4]
  .text               ro code  0x00005b38    0x12  cexit.o [5]
  .text               ro code  0x00005b4a    0x12  interpret.o [1]
  .text               ro code  0x00005b5c    0x12  stepper.o [1]
  .text               ro code  0x00005b6e    0x12  stepper.o [1]
  .rodata             const    0x00005b80    0x10  interpret.o [1]
  .rodata             const    0x00005b90    0x10  interpret.o [1]
  .text               ro code  0x00005ba0    0x10  interpret.o [1]
  .text               ro code  0x00005bb0    0x10  interpret.o [1]
  .text               ro code  0x00005bc0    0x10  interpret.o [1]
  .text               ro code  0x00005bd0    0x10  interpret.o [1]
  .text               ro code  0x00005be0    0x10  motor.o [1]
  .text               ro code  0x00005bf0    0x10  motor.o [1]
  .text               ro code  0x00005c00    0x10  write.o [6]
  .text               ro code  0x00005c10     0xe  interpret.o [1]
  .text               ro code  0x00005c1e     0xe  interpret.o [1]
  .text               ro code  0x00005c2c     0xe  interpret.o [1]
  .text               ro code  0x00005c3a     0xe  interpret.o [1]
  .text               ro code  0x00005c48     0xe  interpret.o [1]
  .text               ro code  0x00005c56     0xe  interpret.o [1]
  .text               ro code  0x00005c64     0xe  interpret.o [1]
  .text               ro code  0x00005c72     0xe  interpret.o [1]
  .text               ro code  0x00005c80     0xe  interpret.o [1]
  .text               ro code  0x00005c8e     0xe  interpret.o [1]
  .text               ro code  0x00005c9c     0xe  interpret.o [1]
  .rodata             const    0x00005cac     0xc  interpret.o [1]
  .rodata             const    0x00005cb8     0xc  interpret.o [1]
  .rodata             const    0x00005cc4     0xc  interpret.o [1]
  .rodata             const    0x00005cd0     0xc  interpret.o [1]
  .rodata             const    0x00005cdc     0xc  interpret.o [1]
  .rodata             const    0x00005ce8     0xc  interpret.o [1]
  .rodata             const    0x00005cf4     0xc  interpret.o [1]
  .rodata             const    0x00005d00     0xc  interpret.o [1]
  .rodata             const    0x00005d0c     0xc  interpret.o [1]
  .rodata             const    0x00005d18     0xc  stepper.o [1]
  .rodata             const    0x00005d24     0xc  sysctl.o [4]
  .text               ro code  0x00005d30     0xc  interpret.o [1]
  .text               ro code  0x00005d3c     0xc  interpret.o [1]
  .text               ro code  0x00005d48     0xc  accel.o [1]
  .text               ro code  0x00005d54     0xc  interpret.o [1]
  .text               ro code  0x00005d60     0xc  interpret.o [1]
  .text               ro code  0x00005d6c     0xc  interpret.o [1]
  .text               ro code  0x00005d78     0xc  interpret.o [1]
  .text               ro code  0x00005d84     0xc  motor.o [1]
  .text               ro code  0x00005d90     0xc  cstartup_M.o [5]
  .text               ro code  0x00005d9c     0xc  xlocale_c.o [3]
  .text               ro code  0x00005da8     0xa  accel.o [1]
  .text               ro code  0x00005db2     0xa  interpret.o [1]
  .text               ro code  0x00005dbc     0xa  interpret.o [1]
  .text               ro code  0x00005dc6     0xa  interpret.o [1]
  .text               ro code  0x00005dd0     0xa  targetabi.o [3]
  .text               ro code  0x00005dda     0xa  xsprout.o [3]
  .rodata             const    0x00005de4     0x8  interpret.o [1]
  .rodata             const    0x00005dec     0x8  interpret.o [1]
  .rodata             const    0x00005df4     0x8  interpret.o [1]
  .rodata             const    0x00005dfc     0x8  interpret.o [1]
  .rodata             const    0x00005e04     0x8  interpret.o [1]
  .rodata             const    0x00005e0c     0x8  interpret.o [1]
  .rodata             const    0x00005e14     0x8  interpret.o [1]
  .rodata             const    0x00005e1c     0x8  interpret.o [1]
  .rodata             const    0x00005e24     0x8  interpret.o [1]
  .rodata             const    0x00005e2c     0x8  interpret.o [1]
  .rodata             const    0x00005e34     0x8  interpret.o [1]
  .rodata             const    0x00005e3c     0x8  interpret.o [1]
  .rodata             const    0x00005e44     0x8  interpret.o [1]
  .rodata             const    0x00005e4c     0x8  interpret.o [1]
  .rodata             const    0x00005e54     0x8  interpret.o [1]
  .rodata             const    0x00005e5c     0x8  interpret.o [1]
  .rodata             const    0x00005e64     0x8  main.o [1]
  .rodata             const    0x00005e6c     0x8  main.o [1]
  .rodata             const    0x00005e74     0x8  main.o [1]
  .rodata             const    0x00005e7c     0x8  stepper.o [1]
  .rodata             const    0x00005e84     0x8  stepper.o [1]
  .rodata             const    0x00005e8c     0x8  stepper.o [1]
  .rodata             const    0x00005e94     0x8  stepper.o [1]
  .rodata             const    0x00005e9c     0x8  stepper.o [1]
  .rodata             const    0x00005ea4     0x8  stepper.o [1]
  .rodata             const    0x00005eac     0x8  stepper.o [1]
  .rodata             const    0x00005eb4     0x8  stepper.o [1]
  .rodata             const    0x00005ebc     0x8  stepper.o [1]
  .rodata             const    0x00005ec4     0x8  stepper.o [1]
  .rodata             const    0x00005ecc     0x8  stepper.o [1]
  .rodata             const    0x00005ed4     0x8  stepper.o [1]
  .rodata             const    0x00005edc     0x8  stepper.o [1]
  .rodata             const    0x00005ee4     0x8  tasks.o [1]
  .rodata             const    0x00005eec     0x8  xscanfsmall.o [3]
  .rodata             const    0x00005ef4     0x8  xwctob.o [3]
  .rodata             const    0x00005efc     0x8  xencoding_sb.o [3]
  .rodata             const    0x00005f04     0x8  xencoding_sb.o [3]
  .text               ro code  0x00005f0c     0x8  XShttio.o [3]
  .text               ro code  0x00005f14     0x8  interpret.o [1]
  .text               ro code  0x00005f1c     0x8  abort.o [3]
  .text               ro code  0x00005f24     0x6  accel.o [1]
  .text               ro code  0x00005f2a     0x6  accel.o [1]
  .text               ro code  0x00005f30     0x6  interpret.o [1]
  .text               ro code  0x00005f36     0x6  interpret.o [1]
  .text               ro code  0x00005f3c     0x6  interpret.o [1]
  .text               ro code  0x00005f42     0x6  interpret.o [1]
  .text               ro code  0x00005f48     0x6  motor.o [1]
  .text               ro code  0x00005f4e     0x6  motor.o [1]
  .text               ro code  0x00005f54     0x6  motor.o [1]
  .text               ro code  0x00005f5a     0x6  motor.o [1]
  .text               ro code  0x00005f60     0x6  startup_ewarm.o [1]
  .text               ro code  0x00005f66     0x6  stepper.o [1]
  .text               ro code  0x00005f6c     0x6  stepper.o [1]
  .text               ro code  0x00005f72     0x6  stepper.o [1]
  .text               ro code  0x00005f78     0x6  exit.o [3]
  .rodata             const    0x00005f80     0x4  iarttio.o [6]
  SHT$$PREINIT_ARRAY           0x00005f84     0x0  <Block>
  SHT$$INIT_ARRAY              0x00005f84     0x4  <Block>
    .difunct          const    0x00005f84     0x4  interpret.o [1]
  .text               ro code  0x00005f88     0x4  interpret.o [1]
  .text               ro code  0x00005f8c     0x4  interpret.o [1]
  .text               ro code  0x00005f90     0x4  interpret.o [1]
  .text               ro code  0x00005f94     0x4  interpret.o [1]
  .text               ro code  0x00005f98     0x4  interpret.o [1]
  .text               ro code  0x00005f9c     0x4  interpret.o [1]
  .text               ro code  0x00005fa0     0x4  interpret.o [1]
  .text               ro code  0x00005fa4     0x4  interpret.o [1]
  .text               ro code  0x00005fa8     0x4  interpret.o [1]
  .text               ro code  0x00005fac     0x4  interpret.o [1]
  .text               ro code  0x00005fb0     0x4  interpret.o [1]
  .text               ro code  0x00005fb4     0x4  interpret.o [1]
  .text               ro code  0x00005fb8     0x4  interpret.o [1]
  .text               ro code  0x00005fbc     0x4  parseTreeEntry.o [1]
  .text               ro code  0x00005fc0     0x4  low_level_init.o [3]
  .rodata             const    0x00005fc4     0x2  heap_2.o [1]
  .text               ro code  0x00005fc6     0x2  interpret.o [1]
  .text               ro code  0x00005fc8     0x2  interpret.o [1]
  .text               ro code  0x00005fca     0x2  interpret.o [1]
  .text               ro code  0x00005fcc     0x2  interpret.o [1]
  .text               ro code  0x00005fce     0x2  interpret.o [1]
  .text               ro code  0x00005fd0     0x2  interpret.o [1]
  .rodata             const    0x00005fd2     0x1  setlocale.o [3]
  Initializer bytes   ro data  0x00005fd3    0x9d  <for P2 s0>
                             - 0x00006070  0x5f70

"P2", part 1 of 3:                         0x49a4
  .noinit             uninit   0x20000000  0x4000  startup_ewarm.o [1]
  HEAP                         0x20004000   0x800  <Block>
    HEAP              uninit   0x20004000   0x800  <Block tail>
  .iar.dynexit                 0x20004800   0x1a4  <Block>
    .iar.dynexit      uninit   0x20004800     0xc  cppinit.o [3]
    .iar.dynexit      uninit   0x2000480c   0x198  <Block tail>
                             - 0x200049a4  0x49a4

"P2", part 2 of 3:                          0x184
  P2 s0                        0x200049a4   0x184  <Init block>
    .data             inited   0x200049a4    0x80  setlocale.o [3]
    .data             inited   0x20004a24    0x40  xfiles.o [3]
    .data             inited   0x20004a64    0x40  xfiles.o [3]
    .data             inited   0x20004aa4    0x40  xfiles.o [3]
    .data             inited   0x20004ae4    0x20  xfiles.o [3]
    .data             inited   0x20004b04     0x8  XShttio.o [3]
    .data             inited   0x20004b0c     0x4  IntQueue.o [1]
    .data             inited   0x20004b10     0x4  heap_2.o [1]
    .data             inited   0x20004b14     0x4  interpret.o [1]
    .data             inited   0x20004b18     0x4  interpret.o [1]
    .data             inited   0x20004b1c     0x4  port.o [1]
    .data             inited   0x20004b20     0x4  tasks.o [1]
    .data             inited   0x20004b24     0x4  tasks.o [1]
                             - 0x20004b28   0x184

"P2", part 3 of 3:                         0x77a4
  .bss                zero     0x20004b28  0x5dc0  heap_2.o [1]
  .bss                zero     0x2000a8e8  0x14c0  interpret.o [1]
  .bss                zero     0x2000bda8   0x108  interpret.o [1]
  .bss                zero     0x2000beb0    0xc8  IntQueue.o [1]
  .bss                zero     0x2000bf78    0xc8  IntQueue.o [1]
  .bss                zero     0x2000c040    0x64  tasks.o [1]
  .bss                zero     0x2000c0a4    0x50  xfiles.o [3]
  .bss                zero     0x2000c0f4    0x50  xfiles.o [3]
  .bss                zero     0x2000c144    0x20  interpret.o [1]
  .bss                zero     0x2000c164    0x20  interpret.o [1]
  .bss                zero     0x2000c184    0x14  tasks.o [1]
  .bss                zero     0x2000c198    0x14  tasks.o [1]
  .bss                zero     0x2000c1ac    0x14  tasks.o [1]
  .bss                zero     0x2000c1c0    0x14  tasks.o [1]
  .bss                zero     0x2000c1d4    0x14  tasks.o [1]
  .bss                zero     0x2000c1e8    0x14  xsyslock.o [3]
  .bss                zero     0x2000c1fc     0x8  heap_2.o [1]
  .bss                zero     0x2000c204     0x8  heap_2.o [1]
  .bss                zero     0x2000c20c     0x8  errno.o [3]
  .bss                zero     0x2000c214     0x8  xxmemxmalloc.o [3]
  .bss                zero     0x2000c21c     0x4  IntQueue.o [1]
  .bss                zero     0x2000c220     0x4  IntQueue.o [1]
  .bss                zero     0x2000c224     0x4  IntQueue.o [1]
  .bss                zero     0x2000c228     0x4  IntQueue.o [1]
  .bss                zero     0x2000c22c     0x4  IntQueue.o [1]
  .bss                zero     0x2000c230     0x4  IntQueue.o [1]
  .bss                zero     0x2000c234     0x4  IntQueue.o [1]
  .bss                zero     0x2000c238     0x4  heap_2.o [1]
  .bss                zero     0x2000c23c     0x4  interpret.o [1]
  .bss                zero     0x2000c240     0x4  interpret.o [1]
  .bss                zero     0x2000c244     0x4  interpret.o [1]
  .bss                zero     0x2000c248     0x4  interpret.o [1]
  .bss                zero     0x2000c24c     0x4  interpret.o [1]
  .bss                zero     0x2000c250     0x4  interpret.o [1]
  .bss                zero     0x2000c254     0x4  interpret.o [1]
  .bss                zero     0x2000c258     0x4  interpret.o [1]
  .bss                zero     0x2000c25c     0x4  motor.o [1]
  .bss                zero     0x2000c260     0x4  tasks.o [1]
  .bss                zero     0x2000c264     0x4  tasks.o [1]
  .bss                zero     0x2000c268     0x4  tasks.o [1]
  .bss                zero     0x2000c26c     0x4  tasks.o [1]
  .bss                zero     0x2000c270     0x4  tasks.o [1]
  .bss                zero     0x2000c274     0x4  tasks.o [1]
  .bss                zero     0x2000c278     0x4  tasks.o [1]
  .bss                zero     0x2000c27c     0x4  tasks.o [1]
  .bss                zero     0x2000c280     0x4  tasks.o [1]
  .bss                zero     0x2000c284     0x4  tasks.o [1]
  .bss                zero     0x2000c288     0x4  tasks.o [1]
  .bss                zero     0x2000c28c     0x4  tasks.o [1]
  .bss                zero     0x2000c290     0x4  tasks.o [1]
  .bss                zero     0x2000c294     0x4  tasks.o [1]
  .bss                zero     0x2000c298     0x4  tasks.o [1]
  .bss                zero     0x2000c29c     0x4  tasks.o [1]
  .bss                zero     0x2000c2a0     0x4  tasks.o [1]
  .bss                zero     0x2000c2a4     0x4  timertest.o [1]
  .bss                zero     0x2000c2a8     0x4  cppinit.o [3]
  .bss                zero     0x2000c2ac     0x4  cppinit.o [3]
  .bss                zero     0x2000c2b0     0x4  MtxWrapper.o [3]
  .bss                zero     0x2000c2b4     0x4  MtxWrapper.o [3]
  .bss                zero     0x2000c2b8     0x4  MtxWrapper.o [3]
  .bss                zero     0x2000c2bc     0x4  MtxWrapper.o [3]
  .bss                zero     0x2000c2c0     0x4  xgetmemchunk.o [3]
  .bss                zero     0x2000c2c4     0x1  interpret.o [1]
  .bss                zero     0x2000c2c5     0x1  interpret.o [1]
  .bss                zero     0x2000c2c6     0x1  interpret.o [1]
  .bss                zero     0x2000c2c7     0x1  interpret.o [1]
  .bss                zero     0x2000c2c8     0x1  interpret.o [1]
                             - 0x2000c2c9  0x77a1


*******************************************************************************
*** INIT TABLE
***

          Address     Size
          -------     ----
Zero (__iar_zero_init3)
    1 destination range, total size 0x77a1:
          0x20004b28  0x77a1

Copy/packbits (__iar_packbits_init3)
    1 source range, total size 0x9d (40% of destination):
          0x00005fd3    0x9d
    1 destination range, total size 0x184:
          0x200049a4   0x184

Extra (__iar_cstart_call_ctors)


*******************************************************************************
*** MODULE SUMMARY
***

    Module              ro code  ro data  rw data
    ------              -------  -------  -------
C:\dev\docs\scottdesign\motor\Debug\Obj: [1]
    IntQueue.o              810        2      432
    IntQueueTimer.o          56
    accel.o                 786
    heap_2.o                324        3   24 024
    interpret.o           5 136      576    5 685
    list.o                  164
    main.o                  572       24
    motor.o                 356                 4
    parseTreeEntry.o        118
    port.o                  192        1        4
    portasm.o               140
    queue.o                 392
    startup_ewarm.o           6      256   16 384
    stepper.o             1 786      116
    symbolTableEntry.o      110
    tasks.o               2 128       32      276
    timertest.o             144                 4
    ---------------------------------------------
    Total:               13 220    1 010   46 813

command line: [2]
    ---------------------------------------------
    Total:

dl7M_tl_if.a: [3]
    MtxWrapper.o             72                16
    XShttio.o                 8        3        8
    abort.o                   8
    cppinit.o               136                20
    errno.o                  20                 8
    exit.o                    6
    expf.o                  104
    fclose.o                168
    fflush.o                172
    fputc.o                  80
    isxxx.o                  20
    low_level_init.o          4
    setlocale.o              40       52      128
    sprintf.o                48
    sscanf.o                 32
    strstr.o                 48
    strtol.o                128
    targetabi.o              78
    tolower.o                20
    xassert.o                72
    xcloseall.o              40
    xencoding_sb.o           80       16
    xfdnorm.o               130
    xfdscale.o              192
    xfexp.o                 352
    xfiles.o                          91      384
    xfwprep.o               162
    xgetmemchunk.o           40                 4
    xlocale_c.o              32
    xmbtowc.o                32
    xprintftiny.o           294
    xreportassert.o         132       48
    xscanfsmall.o         1 558       32
    xsprout.o                10
    xsscin.o                 32
    xstoul.o                276       80
    xsyslock.o              136                20
    xwctob.o                 56        8
    xwctomb.o                26
    xxmemxfree.o            136
    xxmemxmalloc.o          188                 8
    ---------------------------------------------
    Total:                5 168      330      596

driverlib.a: [4]
    cpu.o                    20
    gpio.o                  218
    interrupt.o             156       64
    sysctl.o                 38       12
    timer.o                 102
    uart.o                   18
    ---------------------------------------------
    Total:                  552       76

rt7M_tl.a: [5]
    ABImemcpy.o             112
    ABImemset.o             102
    DblAdd.o                230
    DblDiv.o                582
    DblMul.o                418
    DblSub.o                382
    DblToFlt.o              144
    FltAdd.o                140
    FltCmpEq.o               28
    FltCmpGe.o               36
    FltCmpLe.o               36
    FltDiv.o                252
    FltMul.o                216
    FltSub.o                228
    FltToDbl.o               78
    FltToS32.o               68
    FltToU32.o               36
    I32ToDbl.o               46
    I32ToFlt.o               48
    cexit.o                  18
    cmain.o                  22
    cmain_call_ctors.o       32
    cstartup_M.o             12
    data_init3.o             44
    memchr.o                 88
    memcmp.o                 98
    packbits_init3.o        168
    strchr.o                 22
    strcmp.o                 66
    strlen.o                 54
    strncpy.o               108
    zero_init3.o             36
    ---------------------------------------------
    Total:                3 950

shb_l.a: [6]
    close.o                  26
    dwrite.o                 30
    exit.o                   20
    iarttio.o               104        4
    iarwrite.o               34
    iarwstd.o                32
    remove.o                 22
    write.o                  16
    ---------------------------------------------
    Total:                  284        4

    Gaps                     30       16
    Linker created                    48    2 456
-------------------------------------------------
    Grand Total:         23 204    1 484   49 865


*******************************************************************************
*** ENTRY LIST
***

Entry                      Address    Size  Type      Object
-----                      -------    ----  ----      ------
.iar.dynexit$$Base      0x20004800           --   Gb  - Linker created -
.iar.dynexit$$Limit     0x200049a4           --   Gb  - Linker created -
CPUcpsid                0x00005a85          Code  Gb  cpu.o [4]
CPUcpsie                0x00005a8d          Code  Gb  cpu.o [4]
CPUwfi                  0x00005a95          Code  Gb  cpu.o [4]
DtorRecArray            0x20004800     0xc  Data  Lc  cppinit.o [3]
FaultISR                0x00005f63     0x2  Code  Lc  startup_ewarm.o [1]
GPIODirModeSet          0x00003af5    0x2c  Code  Gb  gpio.o [4]
GPIOPadConfigSet        0x00003b21    0xa8  Code  Gb  gpio.o [4]
GPIOPinWrite            0x00003bc9     0x6  Code  Gb  gpio.o [4]
HEAP$$Base              0x20004000           --   Gb  - Linker created -
HEAP$$Limit             0x20004800           --   Gb  - Linker created -
IntDefaultHandler       0x00005f65     0x2  Code  Lc  startup_ewarm.o [1]
IntEnable               0x00004305    0x4c  Code  Gb  interrupt.o [4]
IntMasterEnable         0x000042d1     0xa  Code  Gb  interrupt.o [4]
IntPrioritySet          0x000042db    0x24  Code  Gb  interrupt.o [4]
LEDOff                  0x00002d01     0xe  Code  Gb  main.o [1]
LEDOn                   0x00002cf3     0xe  Code  Gb  main.o [1]
NmiSR                   0x00005f61     0x2  Code  Lc  startup_ewarm.o [1]
Region$$Table$$Base     0x000056b4           --   Gb  - Linker created -
Region$$Table$$Limit    0x000056e4           --   Gb  - Linker created -
SHT$$INIT_ARRAY$$Base   0x00005f84           --   Gb  - Linker created -
SHT$$INIT_ARRAY$$Limit  0x00005f88           --   Gb  - Linker created -
SHT$$PREINIT_ARRAY$$Base
                        0x00005f84           --   Gb  - Linker created -
SHT$$PREINIT_ARRAY$$Limit
                        0x00005f84           --   Gb  - Linker created -
SysCtlPeripheralEnable  0x00005501     0x6  Code  Gb  sysctl.o [4]
Timer0IntHandler        0x000043d7    0x10  Code  Gb  timertest.o [1]
TimerConfigure          0x00004b79    0x24  Code  Gb  timer.o [4]
TimerDisable            0x00004b65     0xc  Code  Gb  timer.o [4]
TimerEnable             0x00004b51     0xc  Code  Gb  timer.o [4]
TimerIntClear           0x00004bb3     0x4  Code  Gb  timer.o [4]
TimerIntEnable          0x00004bad     0x6  Code  Gb  timer.o [4]
TimerLoadSet            0x00004b9d    0x10  Code  Gb  timer.o [4]
UARTCharsAvail          0x00005b25     0x8  Code  Gb  uart.o [4]
UARTIntHandler          0x00002c79    0x3e  Code  Gb  main.o [1]
UARTSend                0x00002cb7    0x20  Code  Gb  main.o [1]
_Close_all              0x00005461    0x28  Code  Gb  xcloseall.o [3]
_EncodingSb_Mbtowc      0x00004d47    0x2e  Code  Gb  xencoding_sb.o [3]
_EncodingSb_Wctomb      0x00004d2d    0x1a  Code  Gb  xencoding_sb.o [3]
_Files                  0x20004ae4    0x20  Data  Gb  xfiles.o [3]
_Fwprep                 0x0000422d    0xa2  Code  Gb  xfwprep.o [3]
_GetintSmall            0x00001d11   0x236  Code  Lc  xscanfsmall.o [3]
_GetstrSmall            0x00001b61   0x1a6  Code  Lc  xscanfsmall.o [3]
_IsdstStr               0x200049c8     0x4  Data  Gb  setlocale.o [3]
_LocaleC_isspace        0x00005b11    0x14  Code  Gb  xlocale_c.o [3]
_LocaleC_tolower        0x00005d9d     0xc  Code  Gb  xlocale_c.o [3]
_LocaleEncoding         0x0000549d    0x10  Code  Gb  setlocale.o [3]
_LocaleForCat           0x00005489    0x14  Code  Gb  setlocale.o [3]
_LocaleReturnString     0x200049d4    0x50  Data  Lc  setlocale.o [3]
_Locale_Profile         0x200049a4    0x1c  Data  Gb  setlocale.o [3]
_Mbtowc                 0x000057a5    0x20  Code  Gb  xmbtowc.o [3]
_PrintfTiny             0x000035f1   0x126  Code  Gb  xprintftiny.o [3]
_SProut                 0x00005ddb     0xa  Code  Gb  xsprout.o [3]
_SScin                  0x00005785    0x20  Code  Gb  xsscin.o [3]
_ScanfSmall             0x00001931   0x230  Code  Gb  xscanfsmall.o [3]
_TzoneStr               0x200049c0     0x4  Data  Gb  setlocale.o [3]
_Wctomb                 0x000058ff    0x1a  Code  Gb  xwctomb.o [3]
__aeabi_assert          0x00004ef7    0x46  Code  Gb  xassert.o [3]
__aeabi_atexit          0x00005dd1     0xa  Code  Gb  targetabi.o [3]
__aeabi_cfcmpeq         0x000058ad          Code  Gb  FltCmpEq.o [5]
__aeabi_cfcmple         0x000055bd          Code  Gb  FltCmpLe.o [5]
__aeabi_cfrcmple        0x000055e1          Code  Gb  FltCmpGe.o [5]
__aeabi_d2f             0x000043fd          Code  Gb  DblToFlt.o [5]
__aeabi_dadd            0x00003929          Code  Gb  DblAdd.o [5]
__aeabi_ddiv            0x00002a31          Code  Gb  DblDiv.o [5]
__aeabi_dmul            0x00002eb5          Code  Gb  DblMul.o [5]
__aeabi_dsub            0x00003059          Code  Gb  DblSub.o [5]
__aeabi_errno_addr      0x00005a5d    0x14  Code  Gb  errno.o [3]
__aeabi_f2d             0x00004dcd          Code  Gb  FltToDbl.o [5]
__aeabi_f2iz            0x00004f3d          Code  Gb  FltToS32.o [5]
__aeabi_f2uiz           0x00005599          Code  Gb  FltToU32.o [5]
__aeabi_fadd            0x0000448d          Code  Gb  FltAdd.o [5]
__aeabi_fdiv            0x0000382d          Code  Gb  FltDiv.o [5]
__aeabi_fmul            0x00003bd1          Code  Gb  FltMul.o [5]
__aeabi_fsub            0x00003a11          Code  Gb  FltSub.o [5]
__aeabi_i2d             0x000052d9          Code  Gb  I32ToDbl.o [5]
__aeabi_i2f             0x000051b9          Code  Gb  I32ToFlt.o [5]
__aeabi_memcpy          0x00004935          Code  Gb  ABImemcpy.o [5]
__aeabi_memcpy4         0x0000494f          Code  Gb  ABImemcpy.o [5]
__aeabi_memcpy8         0x0000494f          Code  Gb  ABImemcpy.o [5]
__aeabi_memset          0x00004bb9          Code  Gb  ABImemset.o [5]
__aeabi_ui2d            0x000052ed          Code  Gb  I32ToDbl.o [5]
__aeabi_ui2f            0x000051cd          Code  Gb  I32ToFlt.o [5]
__aeabi_vec_ctor_nocookie_nodtor
                        0x00005605    0x24  Code  Gb  targetabi.o [3]
__aeabi_vec_dtor        0x00005765    0x20  Code  Gb  targetabi.o [3]
__call_ctors            0x000045a5    0x18  Code  Gb  cppinit.o [3]
__call_dtors            0x000045e9     0x2  Code  Gb  cppinit.o [3]
__close                 0x00005919    0x1a  Code  Gb  close.o [6]
__cmain                 0x00005995          Code  Gb  cmain.o [5]
__cstart_call_dtors     0x00005b3b          Code  Gb  cexit.o [5]
__cstart_closeall       0x00005b3f          Code  Gb  cexit.o [5]
__cxa_atexit            0x000045bd    0x2c  Code  Gb  cppinit.o [3]
__cxa_finalize          0x000045eb    0x36  Code  Gb  cppinit.o [3]
__data_Aldata           0x2000c214     0x8  Data  Gb  xxmemxmalloc.o [3]
__data_GetMemChunk      0x000054b1    0x28  Code  Gb  xgetmemchunk.o [3]
__dso_handle            0x2000c2ac     0x4  Data  Gb  cppinit.o [3]
__dwrite                0x00005803    0x1e  Code  Gb  dwrite.o [6]
__exit                  0x00005a71    0x14  Code  Gb  exit.o [6]
__iar_EmptyStepPoint    0x00004ef5     0x2  Code  Gb  xassert.o [3]
__iar_Errno             0x2000c210     0x4  Data  Gb  errno.o [3]
__iar_FDnorm            0x000047c1    0x82  Code  Gb  xfdnorm.o [3]
__iar_FDscale           0x00003d69    0xc0  Code  Gb  xfdscale.o [3]
__iar_FExp              0x0000334d   0x160  Code  Gb  xfexp.o [3]
__iar_Locksyslock       0x00004653    0x46  Code  Gb  xsyslock.o [3]
__iar_Memchr            0x00004c85          Code  Gb  memchr.o [5]
__iar_Memset            0x00004bb9          Code  Gb  ABImemset.o [5]
__iar_Memset_word       0x00004bc1          Code  Gb  ABImemset.o [5]
__iar_Mtxdst            0x00004ebb     0xe  Code  Gb  MtxWrapper.o [3]
__iar_Mtxinit           0x00004ead     0xe  Code  Gb  MtxWrapper.o [3]
__iar_Mtxlock           0x00004ec9     0xe  Code  Gb  MtxWrapper.o [3]
__iar_Mtxunlock         0x00004ed7     0xe  Code  Gb  MtxWrapper.o [3]
__iar_ReportAssert      0x00004757    0x58  Code  Gb  xreportassert.o [3]
__iar_Stderr            0x20004aa4    0x40  Data  Gb  xfiles.o [3]
__iar_Stdin             0x20004a24    0x40  Data  Gb  xfiles.o [3]
__iar_Stdout            0x20004a64    0x40  Data  Gb  xfiles.o [3]
__iar_Stoul             0x00003719   0x114  Code  Gb  xstoul.o [3]
__iar_Strchr            0x000059ad          Code  Gb  strchr.o [5]
__iar_Strstr            0x000052a9    0x30  Code  Gb  strstr.o [3]
__iar_Tls_setup__IsdstStr
                        0x200049cc     0x4  Data  Gb  setlocale.o [3]
__iar_Tls_setup__Locale_Profile
                        0x200049d0     0x4  Data  Gb  setlocale.o [3]
__iar_Tls_setup__TzoneStr
                        0x200049c4     0x4  Data  Gb  setlocale.o [3]
__iar_Tls_setup___iar_Errno
                        0x2000c20c     0x4  Data  Gb  errno.o [3]
__iar_Unlocksyslock     0x00004699    0x14  Code  Gb  xsyslock.o [3]
__iar_Wctob             0x000050b5    0x38  Code  Gb  xwctob.o [3]
__iar_close_ttio        0x00004a81    0x26  Code  Gb  iarttio.o [6]
__iar_cstart_call_ctors
                        0x00005745    0x20  Code  Gb  cmain_call_ctors.o [5]
__iar_dadd              0x0000393b          Code  Gb  DblAdd.o [5]
__iar_data_init3        0x0000538d    0x2c  Code  Gb  data_init3.o [5]
__iar_dsub              0x0000306b          Code  Gb  DblSub.o [5]
__iar_dsubStart         0x0000307d          Code  Gb  DblSub.o [5]
__iar_fadd              0x0000449b          Code  Gb  FltAdd.o [5]
__iar_fsub              0x00003a1f          Code  Gb  FltSub.o [5]
__iar_fsubStart         0x00003a2d          Code  Gb  FltSub.o [5]
__iar_get_ttio          0x00004aa9    0x40  Code  Gb  iarttio.o [6]
__iar_lookup_ttioh      0x00005f0d     0x8  Code  Gb  XShttio.o [3]
__iar_packbits_init3    0x000040e1    0xa8  Code  Gb  packbits_init3.o [5]
__iar_program_start     0x00005d91          Code  Gb  cstartup_M.o [5]
__iar_sh_stdout         0x000057c5    0x20  Code  Gb  iarwstd.o [6]
__iar_sh_write          0x00005691    0x22  Code  Gb  iarwrite.o [6]
__iar_strcmp            0x00004f81          Code  Gb  strcmp.o [5]
__iar_ttio_handles      0x20004b04     0x8  Data  Lc  XShttio.o [3]
__iar_ui2d              0x000052ef          Code  Gb  I32ToDbl.o [5]
__iar_ui2f              0x000051cf          Code  Gb  I32ToFlt.o [5]
__iar_zero_init3        0x00005629    0x24  Code  Gb  zero_init3.o [5]
__low_level_init        0x00005fc1     0x4  Code  Gb  low_level_init.o [3]
__vector_table          0x00000000   0x100  Data  Gb  startup_ewarm.o [1]
__write                 0x00005c01    0x10  Code  Gb  write.o [6]
_call_main              0x000059a1          Code  Gb  cmain.o [5]
_exit                   0x00005b39          Code  Gb  cexit.o [5]
_main                   0x000059a7          Code  Gb  cmain.o [5]
abort                   0x00005f1d     0x8  Code  Gb  abort.o [3]
accel::RPM(float, float)
                        0x00005573    0x26  Code  Gb  motor.o [1]
accel::_RPMtoFreq(float)
                        0x00005875    0x1c  Code  Gb  motor.o [1]
accel::_initUnitCurve(int)
                        0x000028bd    0x82  Code  Gb  accel.o [1]
accel::_scaleYAxisToClockTicks()
                        0x000029bb    0x42  Code  Gb  accel.o [1]
accel::_scaleYAxisToFrequency()
                        0x00002955    0x66  Code  Gb  accel.o [1]
accel::accel()          0x000027b9     0xc  Code  Gb  accel.o [1]
accel::accel() [internal]
                        0x000027c5    0x4a  Code  Gb  accel.o [1]
accel::accelTime()      0x00005f2b     0x6  Code  Gb  accel.o [1]
accel::accelTime(unsigned int)
                        0x00005f25     0x6  Code  Gb  accel.o [1]
accel::clockTicksToCurveIndex(unsigned int)
                        0x0000594d    0x18  Code  Gb  accel.o [1]
accel::clockTicksToCurveIndexReverse(unsigned int)
                        0x0000597d    0x18  Code  Gb  stepper.o [1]
accel::clockTicksToMicroSec(unsigned int)
                        0x00005965    0x18  Code  Gb  accel.o [1]
accel::curveIndexToClockTicks(unsigned int)
                        0x00005da9     0xa  Code  Gb  accel.o [1]
accel::degreesPerMicrostep() const
                        0x00005f4f     0x6  Code  Gb  motor.o [1]
accel::degreesPerMicrostep(float)
                        0x00005f49     0x6  Code  Gb  motor.o [1]
accel::fmax()           0x00005f6d     0x6  Code  Gb  stepper.o [1]
accel::fmin()           0x00005f67     0x6  Code  Gb  stepper.o [1]
accel::freqCloseToStop(unsigned int)
                        0x00005b5d    0x12  Code  Gb  stepper.o [1]
accel::freqFromClockTicks(unsigned int)
                        0x0000540d    0x2a  Code  Gb  stepper.o [1]
accel::freqFromTime(unsigned int)
                        0x00005a1b    0x16  Code  Gb  stepper.o [1]
accel::frequency(unsigned int, unsigned int)
                        0x000029fd    0x34  Code  Gb  accel.o [1]
accel::initAccelTime(unsigned int)
                        0x0000564d    0x22  Code  Gb  accel.o [1]
accel::microSecToCurveIndex(unsigned int)
                        0x00005527    0x26  Code  Gb  accel.o [1]
accel::microSecToCurveIndexReverse(unsigned int)
                        0x00005437    0x2a  Code  Gb  stepper.o [1]
accel::stepsToTime(unsigned int)
                        0x0000285b    0x62  Code  Gb  accel.o [1]
accel::timeToSteps(unsigned int)
                        0x0000280f    0x4c  Code  Gb  accel.o [1]
accel::updateClockPeriod()
                        0x00005249    0x30  Code  Gb  stepper.o [1]
accel::updateClockPeriodReverse()
                        0x00005279    0x30  Code  Gb  stepper.o [1]
accel::~accel()         0x00005c2d     0xe  Code  Gb  interpret.o [1]
accel::~accel() [internal]
                        0x00005fcb     0x2  Code  Gb  interpret.o [1]
bufferInput             0x000003a7   0x212  Code  Gb  interpret.o [1]
clearlocks              0x0000462d    0x26  Code  Lc  xsyslock.o [3]
delay                   0x00002cd7    0x1c  Code  Gb  main.o [1]
digits                  0x00004d04    0x28  Data  Lc  xstoul.o [3]
ebuf                    0x2000c0a4    0x50  Data  Lc  xfiles.o [3]
errMsg()                0x00000199    0x36  Code  Gb  interpret.o [1]
exit                    0x00005f79     0x6  Code  Gb  exit.o [3]
exp(float)              0x00005d49     0xc  Code  Gb  accel.o [1]
expf                    0x00004ae9    0x68  Code  Gb  expf.o [3]
fclose                  0x00004039    0xa8  Code  Gb  fclose.o [3]
fflush                  0x00003f55    0x38  Code  Gb  fflush.o [3]
fflushOne               0x00003ee5    0x70  Code  Lc  fflush.o [3]
flashLED                0x00002d0f    0x14  Code  Gb  main.o [1]
fputc                   0x00004d7d    0x50  Code  Gb  fputc.o [3]
free                    0x000046b5    0x84  Code  Gb  xxmemxfree.o [3]
g_pulRCGCRegs           0x00005d24     0xc  Data  Lc  sysctl.o [4]
g_pulRegs               0x00004fc4    0x40  Data  Lc  interrupt.o [4]
heapSTRUCT_SIZE         0x00005fc4     0x2  Data  Lc  heap_2.o [1]
intToNodeType(int)      0x00000345    0x62  Code  Gb  interpret.o [1]
interpret::_cleanUpEvaluationStack(unsigned int)
                        0x00000a8b    0x36  Code  Gb  interpret.o [1]
interpret::_cleanUpSymbolTable()
                        0x00000ac1    0x28  Code  Gb  interpret.o [1]
interpret::_currentProgramNodeLevel() const
                        0x00005ac1    0x14  Code  Gb  interpret.o [1]
interpret::_currentProgramNodeType() const
                        0x00005a99    0x14  Code  Gb  interpret.o [1]
interpret::_currentProgramNodeValue() const
                        0x00005aad    0x14  Code  Gb  interpret.o [1]
interpret::_evalValue()
                        0x00005005    0x3c  Code  Gb  interpret.o [1]
interpret::_evalValue()::string
                        0x000056e4    0x20  Data  Gb  interpret.o [1]
interpret::_evalValue()::string (instance 2)
                        0x00005334    0x2c  Data  Gb  interpret.o [1]
interpret::_evalValuePeek() const
                        0x00005c9d     0xe  Code  Gb  interpret.o [1]
interpret::_findFirstAvailableNodeInSymbolTable()
                        0x00000ff1    0x7e  Code  Gb  interpret.o [1]
interpret::_findFirstParseTreeEntry(const parseTreeEntry &, unsigned int)
                        0x00000ae9    0x6e  Code  Gb  interpret.o [1]
interpret::_getLastSymbolTableIndex()
                        0x000059ef    0x16  Code  Gb  interpret.o [1]
interpret::_programNodeType(unsigned int) const
                        0x00005b4b    0x12  Code  Gb  interpret.o [1]
interpret::_pushTemporarySymbolOnEvaluationStack(unsigned int)
                        0x00000f69    0x82  Code  Gb  interpret.o [1]
interpret::_resetSymbolTableTemporaryBoundary()
                        0x00005dc7     0xa  Code  Gb  interpret.o [1]
interpret::_returnSymbolToAvailablePool(unsigned int)
                        0x0000554d    0x26  Code  Gb  interpret.o [1]
interpret::_updateProgramIndex(nodeType, int)
                        0x00000a27    0x64  Code  Gb  interpret.o [1]
interpret::appendToProgram(const parseTreeEntry &)
                        0x0000061f    0x2c  Code  Gb  interpret.o [1]
interpret::appendToSymbolTable(const symbolTableEntry &)
                        0x0000064b    0x2e  Code  Gb  interpret.o [1]
interpret::evaluate(unsigned int)
                        0x00000c11   0x33a  Code  Gb  interpret.o [1]
interpret::getLowWaterMarkForTemporarySymbolSearch() const
                        0x00005f43     0x6  Code  Gb  interpret.o [1]
interpret::getStepper()
                        0x00005f15     0x8  Code  Gb  interpret.o [1]
interpret::interpret()  0x00000101     0xc  Code  Gb  interpret.o [1]
interpret::interpret() [internal]
                        0x000005b9    0x66  Code  Gb  interpret.o [1]
interpret::run()        0x00000679   0x3ae  Code  Gb  interpret.o [1]
interpret::setLowWaterMarkForTemporarySymbolSearch()
                        0x00005d79     0xc  Code  Gb  interpret.o [1]
interpret::symbolFromIndex(int)
                        0x000058c9    0x1c  Code  Gb  interpret.o [1]
interpret::symbolTableIndexMorph(int)
                        0x00000b57    0x72  Code  Gb  interpret.o [1]
interpret::~interpret()
                        0x00005c8f     0xe  Code  Gb  interpret.o [1]
interpret::~interpret() [internal]
                        0x00004e65    0x48  Code  Gb  interpret.o [1]
interpretRun            0x00000129    0x3a  Code  Gb  interpret.o [1]
interpreter             0x2000a8e8  0x14c0  Data  Gb  interpret.o [1]
interpreterRunBool      0x2000c2c5     0x1  Data  Lc  interpret.o [1]
isspace                 0x00005ae9    0x14  Code  Gb  isxxx.o [3]
led::Off()              0x00005859    0x1c  Code  Gb  interpret.o [1]
led::On()               0x0000583d    0x1c  Code  Gb  interpret.o [1]
led::_enable            0x2000c2c4     0x1  Data  Gb  interpret.o [1]
led::enable()           0x00005d31     0xc  Code  Gb  interpret.o [1]
led::enable(bool)       0x00005d3d     0xc  Code  Gb  interpret.o [1]
led::led(bool)          0x00005c73     0xe  Code  Gb  interpret.o [1]
led::led(bool) [internal]
                        0x000057e5    0x1e  Code  Gb  interpret.o [1]
led::set(unsigned int)  0x000058e5    0x1a  Code  Gb  interpret.o [1]
led::~led()             0x00005c81     0xe  Code  Gb  interpret.o [1]
led::~led() [internal]  0x00005bc1    0x10  Code  Gb  interpret.o [1]
main                    0x00002d23    0xe0  Code  Gb  main.o [1]
mainA                   0x00003fa5    0x7a  Code  Gb  motor.o [1]
malloc                  0x00003e29    0xb6  Code  Gb  xxmemxmalloc.o [3]
memchr                  0x00004c85          Code  Gb  memchr.o [5]
memcmp                  0x00004c21          Code  Gb  memcmp.o [5]
memcpy                  0x00005a05    0x16  Code  Gb  queue.o [1]
memset                  0x000059c3    0x16  Code  Gb  IntQueue.o [1]
mtx                     0x2000c1ec    0x10  Data  Lc  xsyslock.o [3]
mtxdst                  0x2000c2b4     0x4  Data  Lc  MtxWrapper.o [3]
mtxinit                 0x2000c2b0     0x4  Data  Lc  MtxWrapper.o [3]
mtxlock                 0x2000c2b8     0x4  Data  Lc  MtxWrapper.o [3]
mtxunlock               0x2000c2bc     0x4  Data  Lc  MtxWrapper.o [3]
ndigs                   0x00004cdc    0x28  Data  Lc  xstoul.o [3]
next_abi_dtor_rec       0x2000c2a8     0x4  Data  Lc  cppinit.o [3]
obuf                    0x2000c0f4    0x50  Data  Lc  xfiles.o [3]
out                     0x0000473d    0x1a  Code  Lc  xreportassert.o [3]
parseTreeEntry::level() const
                        0x00005f89     0x4  Code  Gb  interpret.o [1]
parseTreeEntry::level(unsigned int)
                        0x00005f8d     0x4  Code  Gb  interpret.o [1]
parseTreeEntry::operator =(const parseTreeEntry&)
                        0x000048eb    0x4a  Code  Gb  parseTreeEntry.o [1]
parseTreeEntry::parseTreeEntry()
                        0x000048c3     0xc  Code  Gb  parseTreeEntry.o [1]
parseTreeEntry::parseTreeEntry() [internal]
                        0x000048dd     0x6  Code  Gb  parseTreeEntry.o [1]
parseTreeEntry::parseTreeEntry(nodeType, int, unsigned int)
                        0x000048cf     0xe  Code  Gb  parseTreeEntry.o [1]
parseTreeEntry::parseTreeEntry(nodeType, int, unsigned int) [internal]
                        0x000048e3     0x8  Code  Gb  parseTreeEntry.o [1]
parseTreeEntry::position() const
                        0x00005fbd     0x4  Code  Gb  parseTreeEntry.o [1]
parseTreeEntry::position(nodePosition)
                        0x00005fa1     0x4  Code  Gb  interpret.o [1]
parseTreeEntry::type() const
                        0x00005f99     0x4  Code  Gb  interpret.o [1]
parseTreeEntry::type(nodeType)
                        0x00005f9d     0x4  Code  Gb  interpret.o [1]
parseTreeEntry::value() const
                        0x00005f91     0x4  Code  Gb  interpret.o [1]
parseTreeEntry::value(int)
                        0x00005f95     0x4  Code  Gb  interpret.o [1]
parseTreeEntry::~parseTreeEntry()
                        0x00005c11     0xe  Code  Gb  interpret.o [1]
parseTreeEntry::~parseTreeEntry() [internal]
                        0x00005fc7     0x2  Code  Gb  interpret.o [1]
pcTraceBuffer           0x2000c298     0x4  Data  Lc  tasks.o [1]
pcTraceBufferEnd        0x2000c29c     0x4  Data  Lc  tasks.o [1]
postMsg(bool)           0x000001cf    0x32  Code  Gb  interpret.o [1]
prvAddCurrentTaskToDelayedList
                        0x000017e5    0x3e  Code  Lc  tasks.o [1]
prvAllocateTCBAndStack  0x00001831    0x46  Code  Lc  tasks.o [1]
prvCheckTasksWaitingTermination
                        0x0000177d    0x58  Code  Lc  tasks.o [1]
prvCopyDataFromQueue    0x0000330b    0x2c  Code  Lc  queue.o [1]
prvCopyDataToQueue      0x00003299    0x72  Code  Lc  queue.o [1]
prvDeleteTCB            0x0000187d    0x12  Code  Lc  tasks.o [1]
prvIdleTask             0x000016df     0xa  Code  Lc  tasks.o [1]
prvInitialiseTCBVariables
                        0x000016e9    0x48  Code  Lc  tasks.o [1]
prvInitialiseTaskLists  0x00001731    0x46  Code  Lc  tasks.o [1]
prvQueueAccessLogError  0x000024eb    0x10  Code  Lc  IntQueue.o [1]
prvRecordValue_NormallyEmpty
                        0x000024c7    0x24  Code  Lc  IntQueue.o [1]
prvRecordValue_NormallyFull
                        0x000024a5    0x22  Code  Lc  IntQueue.o [1]
prvSetupTimerInterrupt  0x00003d41    0x10  Code  Lc  port.o [1]
pulStack                0x20000000  0x4000  Data  Lc  startup_ewarm.o [1]
pvPortMalloc            0x000034ad    0xe6  Code  Gb  heap_2.o [1]
pxCurrentTCB            0x2000c260     0x4  Data  Gb  tasks.o [1]
pxDelayedTaskList       0x2000c264     0x4  Data  Lc  tasks.o [1]
pxOverflowDelayedTaskList
                        0x2000c268     0x4  Data  Lc  tasks.o [1]
pxPortInitialiseStack   0x00003ca9    0x1a  Code  Gb  port.o [1]
pxReadyTasksLists       0x2000c040    0x64  Data  Lc  tasks.o [1]
remove                  0x00005a31    0x16  Code  Gb  remove.o [6]
sp                      0x2000c25c     0x4  Data  Gb  motor.o [1]
sprintf                 0x000051e9    0x30  Code  Gb  sprintf.o [3]
sscanf                  0x00005725    0x20  Code  Gb  sscanf.o [3]
stepper::RPM(float, float)
                        0x00005ad5    0x14  Code  Gb  motor.o [1]
stepper::_timer()       0x00005f73     0x6  Code  Gb  stepper.o [1]
stepper::_timer(unsigned long)
                        0x00005891    0x1c  Code  Gb  stepper.o [1]
stepper::_timerStart(bool)
                        0x00002417    0x4e  Code  Gb  stepper.o [1]
stepper::accelerationTimeMicrosecs(unsigned int)
                        0x00005be1    0x10  Code  Gb  motor.o [1]
stepper::degreesPerMicrostep() const
                        0x00005d85     0xc  Code  Gb  motor.o [1]
stepper::degreesPerMicrostep(float)
                        0x00005bf1    0x10  Code  Gb  motor.o [1]
stepper::directionPositive(bool)
                        0x00005307    0x2e  Code  Gb  stepper.o [1]
stepper::enable()       0x00005b6f    0x12  Code  Gb  stepper.o [1]
stepper::isr()          0x0000212d   0x2ea  Code  Gb  stepper.o [1]
stepper::moveAbsolute(int)
                        0x00001f7b   0x19e  Code  Gb  stepper.o [1]
stepper::moveAbsoluteDegree(float)
                        0x0000566f    0x22  Code  Gb  motor.o [1]
stepper::moveRelative(int)
                        0x00002119    0x14  Code  Gb  stepper.o [1]
stepper::positionSteps(int)
                        0x00005f55     0x6  Code  Gb  motor.o [1]
stepper::state() const  0x00005f5b     0x6  Code  Gb  motor.o [1]
stepper::step()         0x00005041    0x3c  Code  Gb  stepper.o [1]
stepper::stepper()      0x00001f49     0xc  Code  Gb  stepper.o [1]
stepper::stepper() [internal]
                        0x00001f55    0x26  Code  Gb  stepper.o [1]
stepper::~stepper()     0x00005c3b     0xe  Code  Gb  interpret.o [1]
stepper::~stepper() [internal]
                        0x00005ba1    0x10  Code  Gb  interpret.o [1]
stepperISR              0x00003f91    0x14  Code  Gb  motor.o [1]
stmtNestingLevel        0x2000c248     0x4  Data  Lc  interpret.o [1]
stmtPosition            0x2000c144    0x20  Data  Lc  interpret.o [1]
stmtType                0x2000c164    0x20  Data  Lc  interpret.o [1]
stmtValue               0x2000c24c     0x4  Data  Lc  interpret.o [1]
strchr                  0x000059ad          Code  Gb  strchr.o [5]
strcmp                  0x00004f81          Code  Gb  strcmp.o [5]
stringToNodePosition(const char *)
                        0x00000201    0x2c  Code  Gb  interpret.o [1]
stringToNodeType(const char *)
                        0x0000022d   0x114  Code  Gb  interpret.o [1]
strlen                  0x000050ed          Code  Gb  strlen.o [5]
strncpy                 0x00004a15          Code  Gb  strncpy.o [5]
strstr(const char *, const char *)
                        0x00005bd1    0x10  Code  Gb  interpret.o [1]
strtol                  0x00004843    0x80  Code  Gb  strtol.o [3]
successMsg()            0x00000163    0x36  Code  Gb  interpret.o [1]
symbFcnLink             0x2000c258     0x4  Data  Lc  interpret.o [1]
symbType                0x2000c250     0x4  Data  Lc  interpret.o [1]
symbValue               0x2000c254     0x4  Data  Lc  interpret.o [1]
symbolTableEntry::dumpEntry()
                        0x00004a11     0x2  Code  Gb  symbolTableEntry.o [1]
symbolTableEntry::fcnLink() const
                        0x00005fb5     0x4  Code  Gb  interpret.o [1]
symbolTableEntry::fcnLink(int)
                        0x00005fb9     0x4  Code  Gb  interpret.o [1]
symbolTableEntry::operator =(const symbolTableEntry&)
                        0x000049d7    0x3a  Code  Gb  symbolTableEntry.o [1]
symbolTableEntry::symbolTableEntry()
                        0x000049a5     0xc  Code  Gb  symbolTableEntry.o [1]
symbolTableEntry::symbolTableEntry() [internal]
                        0x000049bf     0xe  Code  Gb  symbolTableEntry.o [1]
symbolTableEntry::symbolTableEntry(nodeType, int)
                        0x000049b1     0xe  Code  Gb  symbolTableEntry.o [1]
symbolTableEntry::symbolTableEntry(nodeType, int) [internal]
                        0x000049cd     0xa  Code  Gb  symbolTableEntry.o [1]
symbolTableEntry::type() const
                        0x00005fad     0x4  Code  Gb  interpret.o [1]
symbolTableEntry::type(nodeType)
                        0x00005fb1     0x4  Code  Gb  interpret.o [1]
symbolTableEntry::value() const
                        0x00005fa5     0x4  Code  Gb  interpret.o [1]
symbolTableEntry::value(int)
                        0x00005fa9     0x4  Code  Gb  interpret.o [1]
symbolTableEntry::~symbolTableEntry()
                        0x00005c1f     0xe  Code  Gb  interpret.o [1]
symbolTableEntry::~symbolTableEntry() [internal]
                        0x00005fc9     0x2  Code  Gb  interpret.o [1]
syslock_o               0x2000c1e8     0x4  Data  Lc  xsyslock.o [3]
tinyQueue<int>::empty() const
                        0x000059d9    0x16  Code  Gb  interpret.o [1]
tinyQueue<int>::front() const
                        0x00005dbd     0xa  Code  Gb  interpret.o [1]
tinyQueue<int>::peekAtIndex(unsigned int) const
                        0x00005f3d     0x6  Code  Gb  interpret.o [1]
tinyQueue<int>::pop_front()
                        0x000054d9    0x28  Code  Gb  interpret.o [1]
tinyQueue<int>::push_front(int)
                        0x00005123    0x34  Code  Gb  interpret.o [1]
tinyQueue<int>::size() const
                        0x00005bb1    0x10  Code  Gb  interpret.o [1]
tinyQueue<int>::spaceAvail() const
                        0x000053b9    0x2a  Code  Gb  interpret.o [1]
tinyQueue<int>::stackFrameIndex() const
                        0x00005f31     0x6  Code  Gb  interpret.o [1]
tinyQueue<int>::stackFrameIndex(unsigned int)
                        0x00005f37     0x6  Code  Gb  interpret.o [1]
tinyQueue<int>::tinyQueue()
                        0x00005d55     0xc  Code  Gb  interpret.o [1]
tinyQueue<int>::tinyQueue() [internal]
                        0x00005c49     0xe  Code  Gb  interpret.o [1]
tinyQueue<int>::~tinyQueue()
                        0x00005c57     0xe  Code  Gb  interpret.o [1]
tinyQueue<int>::~tinyQueue() [internal]
                        0x00005fcd     0x2  Code  Gb  interpret.o [1]
tinyQueue<unsigned char>::clear()
                        0x00005d6d     0xc  Code  Gb  interpret.o [1]
tinyQueue<unsigned char>::getBuffer()
                        0x00005fd1     0x2  Code  Gb  interpret.o [1]
tinyQueue<unsigned char>::push(unsigned char)
                        0x00005219    0x30  Code  Gb  interpret.o [1]
tinyQueue<unsigned char>::spaceAvail() const
                        0x000053e3    0x2a  Code  Gb  interpret.o [1]
tinyQueue<unsigned char>::tinyQueue(int)
                        0x00005d61     0xc  Code  Gb  interpret.o [1]
tinyQueue<unsigned char>::tinyQueue(int) [internal]
                        0x00005db3     0xa  Code  Gb  interpret.o [1]
tinyQueue<unsigned char>::~tinyQueue()
                        0x00005c65     0xe  Code  Gb  interpret.o [1]
tinyQueue<unsigned char>::~tinyQueue() [internal]
                        0x00005fcf     0x2  Code  Gb  interpret.o [1]
tolower                 0x00005afd    0x14  Code  Gb  tolower.o [3]
ucNormallyEmptyReceivedValues
                        0x2000beb0    0xc8  Data  Lc  IntQueue.o [1]
ucNormallyFullReceivedValues
                        0x2000bf78    0xc8  Data  Lc  IntQueue.o [1]
ulTimerCount            0x2000c2a4     0x4  Data  Lc  timertest.o [1]
uxCriticalNesting       0x20004b1c     0x4  Data  Lc  port.o [1]
uxCurrentNumberOfTasks  0x2000c270     0x4  Data  Lc  tasks.o [1]
uxMissedTicks           0x2000c288     0x4  Data  Lc  tasks.o [1]
uxPreviousTask          0x20004b24     0x4  Data  Lc  tasks.o [1]
uxSchedulerSuspended    0x2000c284     0x4  Data  Lc  tasks.o [1]
uxTaskNumber            0x2000c294     0x4  Data  Lc  tasks.o [1]
uxTasksDeleted          0x2000c26c     0x4  Data  Lc  tasks.o [1]
uxTopReadyPriority      0x2000c27c     0x4  Data  Lc  tasks.o [1]
uxTopUsedPriority       0x2000c278     0x4  Data  Lc  tasks.o [1]
uxValueForNormallyEmptyQueue
                        0x2000c228     0x4  Data  Gb  IntQueue.o [1]
uxValueForNormallyFullQueue
                        0x2000c22c     0x4  Data  Gb  IntQueue.o [1]
vApplicationStackOverflowHook
                        0x00002eb3     0x2  Code  Gb  main.o [1]
vApplicationTickHook    0x00002eb1     0x2  Code  Gb  main.o [1]
vLEDOnTask              0x00002e25    0x16  Code  Lc  main.o [1]
vListInitialise         0x00004189    0x1e  Code  Gb  list.o [1]
vListInitialiseItem     0x000041a7     0x6  Code  Gb  list.o [1]
vListInsert             0x000041cb    0x3c  Code  Gb  list.o [1]
vListInsertEnd          0x000041ad    0x1e  Code  Gb  list.o [1]
vListRemove             0x00004207    0x26  Code  Gb  list.o [1]
vPortClearInterruptMask
                        0x00004563          Code  Gb  portasm.o [1]
vPortEnterCritical      0x00003cf9    0x12  Code  Gb  port.o [1]
vPortExitCritical       0x00003d0b    0x1a  Code  Gb  port.o [1]
vPortFree               0x00003593    0x44  Code  Gb  heap_2.o [1]
vPortSVCHandler         0x00004571          Code  Gb  portasm.o [1]
vPortSetInterruptMask   0x00004555          Code  Gb  portasm.o [1]
vPortStartFirstTask     0x0000458d          Code  Gb  portasm.o [1]
vPortYieldFromISR       0x00003cef     0xa  Code  Gb  port.o [1]
vSetMSP                 0x00004519          Code  Gb  portasm.o [1]
vSetupHighFrequencyTimer
                        0x0000436d    0x6a  Code  Gb  timertest.o [1]
vStartLEDOnTasks        0x00002e03    0x22  Code  Gb  main.o [1]
vStartUARTTasks         0x00002e3b    0x22  Code  Gb  main.o [1]
vT2InterruptHandler     0x0000507d    0x18  Code  Gb  IntQueueTimer.o [1]
vT3InterruptHandler     0x00005095    0x18  Code  Gb  IntQueueTimer.o [1]
vTaskDelay              0x000012a1    0x3c  Code  Gb  tasks.o [1]
vTaskDelayUntil         0x00001229    0x78  Code  Gb  tasks.o [1]
vTaskIncrementTick      0x00001423   0x120  Code  Gb  tasks.o [1]
vTaskPriorityDisinherit
                        0x00001895    0x46  Code  Gb  tasks.o [1]
vTaskStartScheduler     0x000012dd    0x42  Code  Gb  tasks.o [1]
vTaskSuspendAll         0x0000131f    0x10  Code  Gb  tasks.o [1]
vTaskSwitchContext      0x00001545   0x130  Code  Gb  tasks.o [1]
vUARTTask               0x00002e9d    0x14  Code  Lc  main.o [1]
xDelayedTaskList1       0x2000c184    0x14  Data  Lc  tasks.o [1]
xDelayedTaskList2       0x2000c198    0x14  Data  Lc  tasks.o [1]
xEnd                    0x2000c204     0x8  Data  Lc  heap_2.o [1]
xErrorLine              0x2000c224     0x4  Data  Lc  IntQueue.o [1]
xErrorStatus            0x20004b0c     0x4  Data  Lc  IntQueue.o [1]
xFirstTimerHandler      0x000024fb    0xfc  Code  Gb  IntQueue.o [1]
xFreeBytesRemaining     0x20004b10     0x4  Data  Lc  heap_2.o [1]
xHeap                   0x20004b28  0x5dc0  Data  Lc  heap_2.o [1]
xMissedYield            0x2000c28c     0x4  Data  Lc  tasks.o [1]
xNextTaskUnblockTime    0x20004b20     0x4  Data  Lc  tasks.o [1]
xNormallyEmptyQueue     0x2000c21c     0x4  Data  Lc  IntQueue.o [1]
xNormallyFullQueue      0x2000c220     0x4  Data  Lc  IntQueue.o [1]
xNumOfOverflows         0x2000c290     0x4  Data  Lc  tasks.o [1]
xPendingReadyList       0x2000c1ac    0x14  Data  Lc  tasks.o [1]
xPortPendSVHandler      0x0000451f          Code  Gb  portasm.o [1]
xPortStartScheduler     0x00003cc3    0x2c  Code  Gb  port.o [1]
xPortSysTickHandler     0x00003d25    0x1c  Code  Gb  port.o [1]
xQueueGenericSendFromISR
                        0x000031d9    0x60  Code  Gb  queue.o [1]
xQueueIsQueueFullFromISR
                        0x00003337    0x14  Code  Gb  queue.o [1]
xQueueReceiveFromISR    0x00003239    0x60  Code  Gb  queue.o [1]
xSchedulerRunning       0x2000c280     0x4  Data  Lc  tasks.o [1]
xSecondTimerHandler     0x000025f7   0x19a  Code  Gb  IntQueue.o [1]
xStart                  0x2000c1fc     0x8  Data  Lc  heap_2.o [1]
xSuspendedTaskList      0x2000c1d4    0x14  Data  Lc  tasks.o [1]
xTaskGenericCreate      0x000010e1   0x148  Code  Gb  tasks.o [1]
xTaskGetTickCount       0x0000140d    0x16  Code  Gb  tasks.o [1]
xTaskRemoveFromEventList
                        0x00001675    0x6a  Code  Gb  tasks.o [1]
xTaskResumeAll          0x0000132f    0xde  Code  Gb  tasks.o [1]
xTaskWakeTime           0x2000c23c     0x4  Data  Lc  interpret.o [1]
xTasksWaitingTermination
                        0x2000c1c0    0x14  Data  Lc  tasks.o [1]
xTickCount              0x2000c274     0x4  Data  Lc  tasks.o [1]
xTracing                0x2000c2a0     0x4  Data  Lc  tasks.o [1]


[1] = C:\dev\docs\scottdesign\motor\Debug\Obj
[2] = command line
[3] = dl7M_tl_if.a
[4] = driverlib.a
[5] = rt7M_tl.a
[6] = shb_l.a

  23 204 bytes of readonly  code memory
   1 484 bytes of readonly  data memory
  49 865 bytes of readwrite data memory

Errors: none
Warnings: none
