###############################################################################
#                                                                             #
# IAR ELF Linker V5.50.0.51878/W32 for ARM              08/Jul/2013  19:37:25 #
# Copyright (C) 2007-2010 IAR Systems AB.                                     #
#                                                                             #
#    Output file  =  C:\dev\docs\scottdesign\motor\Debug\Exe\motor.out        #
#    Map file     =  C:\dev\docs\scottdesign\motor\Debug\List\motor.map       #
#    Command line =  C:\DriverLib\grlib\ewarm\Exe\grlib.a                     #
#                    C:\DriverLib\src\ewarm\Exe\driverlib.a                   #
#                    C:\dev\docs\scottdesign\motor\Debug\Obj\IntQueue.o       #
#                    C:\dev\docs\scottdesign\motor\Debug\Obj\IntQueueTimer.o  #
#                    C:\dev\docs\scottdesign\motor\Debug\Obj\accel.o          #
#                    C:\dev\docs\scottdesign\motor\Debug\Obj\formike128x128x1 #
#                    6.o C:\dev\docs\scottdesign\motor\Debug\Obj\heap_2.o     #
#                    C:\dev\docs\scottdesign\motor\Debug\Obj\interpret.o      #
#                    C:\dev\docs\scottdesign\motor\Debug\Obj\list.o           #
#                    C:\dev\docs\scottdesign\motor\Debug\Obj\main.o           #
#                    C:\dev\docs\scottdesign\motor\Debug\Obj\motor.o          #
#                    C:\dev\docs\scottdesign\motor\Debug\Obj\parseTreeEntry.o #
#                     C:\dev\docs\scottdesign\motor\Debug\Obj\port.o          #
#                    C:\dev\docs\scottdesign\motor\Debug\Obj\portasm.o        #
#                    C:\dev\docs\scottdesign\motor\Debug\Obj\queue.o          #
#                    C:\dev\docs\scottdesign\motor\Debug\Obj\startup_ewarm.o  #
#                    C:\dev\docs\scottdesign\motor\Debug\Obj\stepper.o        #
#                    C:\dev\docs\scottdesign\motor\Debug\Obj\symbolTableEntry #
#                    .o C:\dev\docs\scottdesign\motor\Debug\Obj\tasks.o       #
#                    C:\dev\docs\scottdesign\motor\Debug\Obj\timertest.o      #
#                    --redirect _Printf=_PrintfTiny --redirect                #
#                    _Scanf=_ScanfSmall -o C:\dev\docs\scottdesign\motor\Debu #
#                    g\Exe\motor.out --map C:\dev\docs\scottdesign\motor\Debu #
#                    g\List\motor.map --config "C:\Program Files\IAR          #
#                    Systems\Embedded Workbench 5.4_3\arm\CONFIG\generic_cort #
#                    ex.icf" --semihosting --entry __iar_program_start        #
#                                                                             #
#                                                                             #
###############################################################################

*******************************************************************************
*** PLACEMENT SUMMARY
***

"A1":  place at 0x00000000 { ro section .intvec };
"P1":  place in [from 0x00000000 to 0x0007ffff] { ro };
"P2":  place in [from 0x20000000 to 0x2000ffff] {
          rw, block CSTACK, block HEAP };

  Section             Kind        Address    Size  Object
  -------             ----        -------    ----  ------
"A1":                                       0x100
  .intvec             const    0x00000000   0x100  startup_ewarm.o [1]
                             - 0x00000100   0x100

"P1":                                      0x5f7c
  .text               ro code  0x00000100   0xfec  interpret.o [1]
  .text               ro code  0x000010ec   0x850  tasks.o [1]
  .text               ro code  0x0000193c   0x616  xscanfsmall.o [3]
  .text               ro code  0x00001f54   0x55c  stepper.o [1]
  .text               ro code  0x000024b0   0x314  IntQueue.o [1]
  .text               ro code  0x000027c4   0x278  accel.o [1]
  .text               ro code  0x00002a3c   0x246  DblDiv.o [5]
  .text               ro code  0x00002c84   0x23c  main.o [1]
  .text               ro code  0x00002ec0   0x1a2  DblMul.o [5]
  .text               ro code  0x00003064   0x17e  DblSub.o [5]
  .text               ro code  0x000031e4   0x172  queue.o [1]
  .text               ro code  0x00003358   0x160  xfexp.o [3]
  .text               ro code  0x000034b8   0x144  heap_2.o [1]
  .text               ro code  0x000035fc   0x126  xprintftiny.o [3]
  .text               ro code  0x00003724   0x114  xstoul.o [3]
  .text               ro code  0x00003838    0xfc  FltDiv.o [5]
  .text               ro code  0x00003934    0xe6  DblAdd.o [5]
  .text               ro code  0x00003a1c    0xe4  FltSub.o [5]
  .text               ro code  0x00003b00    0xda  gpio.o [4]
  .text               ro code  0x00003bdc    0xd8  FltMul.o [5]
  .text               ro code  0x00003cb4    0xc0  port.o [1]
  .text               ro code  0x00003d74    0xc0  xfdscale.o [3]
  .text               ro code  0x00003e34    0xbc  xxmemxmalloc.o [3]
  .text               ro code  0x00003ef0    0xac  fflush.o [3]
  .text               ro code  0x00003f9c    0xa8  motor.o [1]
  .text               ro code  0x00004044    0xa8  fclose.o [3]
  .text               ro code  0x000040ec    0xa8  packbits_init3.o [5]
  .text               ro code  0x00004194    0xa4  list.o [1]
  .text               ro code  0x00004238    0xa2  xfwprep.o [3]
  .text               ro code  0x000042dc    0x9c  interrupt.o [4]
  .text               ro code  0x00004378    0x90  timertest.o [1]
  .text               ro code  0x00004408    0x90  DblToFlt.o [5]
  .text               ro code  0x00004498    0x8c  FltAdd.o [5]
  CODE                ro code  0x00004524    0x8c  portasm.o [1]
  .text               ro code  0x000045b0    0x88  cppinit.o [3]
  .text               ro code  0x00004638    0x88  xsyslock.o [3]
  .text               ro code  0x000046c0    0x88  xxmemxfree.o [3]
  .text               ro code  0x00004748    0x84  xreportassert.o [3]
  .text               ro code  0x000047cc    0x82  xfdnorm.o [3]
  .text               ro code  0x0000484e    0x80  strtol.o [3]
  .text               ro code  0x000048ce    0x72  parseTreeEntry.o [1]
  .text               ro code  0x00004940    0x70  ABImemcpy.o [5]
  .text               ro code  0x000049b0    0x6e  symbolTableEntry.o [1]
  .text               ro code  0x00004a20    0x6c  strncpy.o [5]
  .text               ro code  0x00004a8c    0x68  iarttio.o [6]
  .text               ro code  0x00004af4    0x68  expf.o [3]
  .text               ro code  0x00004b5c    0x66  timer.o [4]
  .text               ro code  0x00004bc4    0x66  ABImemset.o [5]
  .text               ro code  0x00004c2c    0x62  memcmp.o [5]
  .text               ro code  0x00004c90    0x58  memchr.o [5]
  .rodata             const    0x00004ce8    0x50  xstoul.o [3]
  .text               ro code  0x00004d38    0x50  xencoding_sb.o [3]
  .text               ro code  0x00004d88    0x50  fputc.o [3]
  .text               ro code  0x00004dd8    0x4e  FltToDbl.o [5]
  .rodata             const    0x00004e28    0x48  interpret.o [1]
  .text               ro code  0x00004e70    0x48  interpret.o [1]
  .text               ro code  0x00004eb8    0x48  MtxWrapper.o [3]
  .text               ro code  0x00004f00    0x48  xassert.o [3]
  .text               ro code  0x00004f48    0x44  FltToS32.o [5]
  .text               ro code  0x00004f8c    0x42  strcmp.o [5]
  .rodata             const    0x00004fd0    0x40  interrupt.o [4]
  .text               ro code  0x00005010    0x3c  interpret.o [1]
  .text               ro code  0x0000504c    0x3c  stepper.o [1]
  .text               ro code  0x00005088    0x38  IntQueueTimer.o [1]
  .text               ro code  0x000050c0    0x38  xwctob.o [3]
  .text               ro code  0x000050f8    0x36  strlen.o [5]
  .text               ro code  0x0000512e    0x34  interpret.o [1]
  .rodata             const    0x00005164    0x30  interpret.o [1]
  .rodata             const    0x00005194    0x30  xreportassert.o [3]
  .text               ro code  0x000051c4    0x30  I32ToFlt.o [5]
  .text               ro code  0x000051f4    0x30  sprintf.o [3]
  .text               ro code  0x00005224    0x30  interpret.o [1]
  .text               ro code  0x00005254    0x30  stepper.o [1]
  .text               ro code  0x00005284    0x30  stepper.o [1]
  .text               ro code  0x000052b4    0x30  strstr.o [3]
  .text               ro code  0x000052e4    0x2e  I32ToDbl.o [5]
  .text               ro code  0x00005312    0x2e  stepper.o [1]
  .rodata             const    0x00005340    0x2c  interpret.o [1]
  .rodata             const    0x0000536c    0x2c  interpret.o [1]
  .text               ro code  0x00005398    0x2c  data_init3.o [5]
  .text               ro code  0x000053c4    0x2a  interpret.o [1]
  .text               ro code  0x000053ee    0x2a  interpret.o [1]
  .text               ro code  0x00005418    0x2a  stepper.o [1]
  .text               ro code  0x00005442    0x2a  stepper.o [1]
  .text               ro code  0x0000546c    0x28  xcloseall.o [3]
  .text               ro code  0x00005494    0x28  setlocale.o [3]
  .text               ro code  0x000054bc    0x28  xgetmemchunk.o [3]
  .text               ro code  0x000054e4    0x28  interpret.o [1]
  .text               ro code  0x0000550c    0x26  sysctl.o [4]
  .text               ro code  0x00005532    0x26  accel.o [1]
  .text               ro code  0x00005558    0x26  interpret.o [1]
  .text               ro code  0x0000557e    0x26  motor.o [1]
  .text               ro code  0x000055a4    0x24  FltToU32.o [5]
  .text               ro code  0x000055c8    0x24  FltCmpLe.o [5]
  .text               ro code  0x000055ec    0x24  FltCmpGe.o [5]
  .text               ro code  0x00005610    0x24  targetabi.o [3]
  .text               ro code  0x00005634    0x24  zero_init3.o [5]
  .text               ro code  0x00005658    0x22  accel.o [1]
  .text               ro code  0x0000567a    0x22  motor.o [1]
  .text               ro code  0x0000569c    0x22  iarwrite.o [6]
  .iar.init_table     const    0x000056c0    0x30  - Linker created -
  .rodata             const    0x000056f0    0x20  interpret.o [1]
  .rodata             const    0x00005710    0x20  interpret.o [1]
  .text               ro code  0x00005730    0x20  sscanf.o [3]
  .text               ro code  0x00005750    0x20  cmain_call_ctors.o [5]
  .text               ro code  0x00005770    0x20  targetabi.o [3]
  .text               ro code  0x00005790    0x20  xsscin.o [3]
  .text               ro code  0x000057b0    0x20  xmbtowc.o [3]
  .text               ro code  0x000057d0    0x20  iarwstd.o [6]
  .text               ro code  0x000057f0    0x1e  interpret.o [1]
  .text               ro code  0x0000580e    0x1e  dwrite.o [6]
  .rodata             const    0x0000582c    0x1c  interpret.o [1]
  .text               ro code  0x00005848    0x1c  interpret.o [1]
  .text               ro code  0x00005864    0x1c  interpret.o [1]
  .text               ro code  0x00005880    0x1c  motor.o [1]
  .text               ro code  0x0000589c    0x1c  stepper.o [1]
  .text               ro code  0x000058b8    0x1c  FltCmpEq.o [5]
  .text               ro code  0x000058d4    0x1c  interpret.o [1]
  .text               ro code  0x000058f0    0x1a  interpret.o [1]
  .text               ro code  0x0000590a    0x1a  xwctomb.o [3]
  .text               ro code  0x00005924    0x1a  close.o [6]
  .rodata             const    0x00005940    0x18  xscanfsmall.o [3]
  .text               ro code  0x00005958    0x18  accel.o [1]
  .text               ro code  0x00005970    0x18  accel.o [1]
  .text               ro code  0x00005988    0x18  stepper.o [1]
  .text               ro code  0x000059a0    0x16  cmain.o [5]
  .text               ro code  0x000059b8    0x16  strchr.o [5]
  .text               ro code  0x000059ce    0x16  IntQueue.o [1]
  .text               ro code  0x000059e4    0x16  interpret.o [1]
  .text               ro code  0x000059fa    0x16  interpret.o [1]
  .text               ro code  0x00005a10    0x16  queue.o [1]
  .text               ro code  0x00005a26    0x16  stepper.o [1]
  .text               ro code  0x00005a3c    0x16  remove.o [6]
  .rodata             const    0x00005a54    0x14  tasks.o [1]
  .text               ro code  0x00005a68    0x14  errno.o [3]
  .text               ro code  0x00005a7c    0x14  exit.o [6]
  CODE                ro code  0x00005a90    0x14  cpu.o [4]
  .text               ro code  0x00005aa4    0x14  interpret.o [1]
  .text               ro code  0x00005ab8    0x14  interpret.o [1]
  .text               ro code  0x00005acc    0x14  interpret.o [1]
  .text               ro code  0x00005ae0    0x14  motor.o [1]
  .text               ro code  0x00005af4    0x14  isxxx.o [3]
  .text               ro code  0x00005b08    0x14  tolower.o [3]
  .text               ro code  0x00005b1c    0x14  xlocale_c.o [3]
  .text               ro code  0x00005b30    0x12  uart.o [4]
  .text               ro code  0x00005b44    0x12  cexit.o [5]
  .text               ro code  0x00005b56    0x12  interpret.o [1]
  .text               ro code  0x00005b68    0x12  stepper.o [1]
  .text               ro code  0x00005b7a    0x12  stepper.o [1]
  .rodata             const    0x00005b8c    0x10  interpret.o [1]
  .rodata             const    0x00005b9c    0x10  interpret.o [1]
  .text               ro code  0x00005bac    0x10  interpret.o [1]
  .text               ro code  0x00005bbc    0x10  interpret.o [1]
  .text               ro code  0x00005bcc    0x10  interpret.o [1]
  .text               ro code  0x00005bdc    0x10  interpret.o [1]
  .text               ro code  0x00005bec    0x10  motor.o [1]
  .text               ro code  0x00005bfc    0x10  motor.o [1]
  .text               ro code  0x00005c0c    0x10  write.o [6]
  .text               ro code  0x00005c1c     0xe  interpret.o [1]
  .text               ro code  0x00005c2a     0xe  interpret.o [1]
  .text               ro code  0x00005c38     0xe  interpret.o [1]
  .text               ro code  0x00005c46     0xe  interpret.o [1]
  .text               ro code  0x00005c54     0xe  interpret.o [1]
  .text               ro code  0x00005c62     0xe  interpret.o [1]
  .text               ro code  0x00005c70     0xe  interpret.o [1]
  .text               ro code  0x00005c7e     0xe  interpret.o [1]
  .text               ro code  0x00005c8c     0xe  interpret.o [1]
  .text               ro code  0x00005c9a     0xe  interpret.o [1]
  .text               ro code  0x00005ca8     0xe  interpret.o [1]
  .rodata             const    0x00005cb8     0xc  interpret.o [1]
  .rodata             const    0x00005cc4     0xc  interpret.o [1]
  .rodata             const    0x00005cd0     0xc  interpret.o [1]
  .rodata             const    0x00005cdc     0xc  interpret.o [1]
  .rodata             const    0x00005ce8     0xc  interpret.o [1]
  .rodata             const    0x00005cf4     0xc  interpret.o [1]
  .rodata             const    0x00005d00     0xc  interpret.o [1]
  .rodata             const    0x00005d0c     0xc  interpret.o [1]
  .rodata             const    0x00005d18     0xc  interpret.o [1]
  .rodata             const    0x00005d24     0xc  stepper.o [1]
  .rodata             const    0x00005d30     0xc  sysctl.o [4]
  .text               ro code  0x00005d3c     0xc  interpret.o [1]
  .text               ro code  0x00005d48     0xc  interpret.o [1]
  .text               ro code  0x00005d54     0xc  accel.o [1]
  .text               ro code  0x00005d60     0xc  interpret.o [1]
  .text               ro code  0x00005d6c     0xc  interpret.o [1]
  .text               ro code  0x00005d78     0xc  interpret.o [1]
  .text               ro code  0x00005d84     0xc  interpret.o [1]
  .text               ro code  0x00005d90     0xc  motor.o [1]
  .text               ro code  0x00005d9c     0xc  cstartup_M.o [5]
  .text               ro code  0x00005da8     0xc  xlocale_c.o [3]
  .text               ro code  0x00005db4     0xa  accel.o [1]
  .text               ro code  0x00005dbe     0xa  interpret.o [1]
  .text               ro code  0x00005dc8     0xa  interpret.o [1]
  .text               ro code  0x00005dd2     0xa  interpret.o [1]
  .text               ro code  0x00005ddc     0xa  targetabi.o [3]
  .text               ro code  0x00005de6     0xa  xsprout.o [3]
  .rodata             const    0x00005df0     0x8  interpret.o [1]
  .rodata             const    0x00005df8     0x8  interpret.o [1]
  .rodata             const    0x00005e00     0x8  interpret.o [1]
  .rodata             const    0x00005e08     0x8  interpret.o [1]
  .rodata             const    0x00005e10     0x8  interpret.o [1]
  .rodata             const    0x00005e18     0x8  interpret.o [1]
  .rodata             const    0x00005e20     0x8  interpret.o [1]
  .rodata             const    0x00005e28     0x8  interpret.o [1]
  .rodata             const    0x00005e30     0x8  interpret.o [1]
  .rodata             const    0x00005e38     0x8  interpret.o [1]
  .rodata             const    0x00005e40     0x8  interpret.o [1]
  .rodata             const    0x00005e48     0x8  interpret.o [1]
  .rodata             const    0x00005e50     0x8  interpret.o [1]
  .rodata             const    0x00005e58     0x8  interpret.o [1]
  .rodata             const    0x00005e60     0x8  interpret.o [1]
  .rodata             const    0x00005e68     0x8  interpret.o [1]
  .rodata             const    0x00005e70     0x8  main.o [1]
  .rodata             const    0x00005e78     0x8  main.o [1]
  .rodata             const    0x00005e80     0x8  main.o [1]
  .rodata             const    0x00005e88     0x8  stepper.o [1]
  .rodata             const    0x00005e90     0x8  stepper.o [1]
  .rodata             const    0x00005e98     0x8  stepper.o [1]
  .rodata             const    0x00005ea0     0x8  stepper.o [1]
  .rodata             const    0x00005ea8     0x8  stepper.o [1]
  .rodata             const    0x00005eb0     0x8  stepper.o [1]
  .rodata             const    0x00005eb8     0x8  stepper.o [1]
  .rodata             const    0x00005ec0     0x8  stepper.o [1]
  .rodata             const    0x00005ec8     0x8  stepper.o [1]
  .rodata             const    0x00005ed0     0x8  stepper.o [1]
  .rodata             const    0x00005ed8     0x8  stepper.o [1]
  .rodata             const    0x00005ee0     0x8  stepper.o [1]
  .rodata             const    0x00005ee8     0x8  stepper.o [1]
  .rodata             const    0x00005ef0     0x8  tasks.o [1]
  .rodata             const    0x00005ef8     0x8  xscanfsmall.o [3]
  .rodata             const    0x00005f00     0x8  xwctob.o [3]
  .rodata             const    0x00005f08     0x8  xencoding_sb.o [3]
  .rodata             const    0x00005f10     0x8  xencoding_sb.o [3]
  .text               ro code  0x00005f18     0x8  XShttio.o [3]
  .text               ro code  0x00005f20     0x8  interpret.o [1]
  .text               ro code  0x00005f28     0x8  abort.o [3]
  .text               ro code  0x00005f30     0x6  accel.o [1]
  .text               ro code  0x00005f36     0x6  accel.o [1]
  .text               ro code  0x00005f3c     0x6  interpret.o [1]
  .text               ro code  0x00005f42     0x6  interpret.o [1]
  .text               ro code  0x00005f48     0x6  interpret.o [1]
  .text               ro code  0x00005f4e     0x6  interpret.o [1]
  .text               ro code  0x00005f54     0x6  motor.o [1]
  .text               ro code  0x00005f5a     0x6  motor.o [1]
  .text               ro code  0x00005f60     0x6  motor.o [1]
  .text               ro code  0x00005f66     0x6  motor.o [1]
  .text               ro code  0x00005f6c     0x6  startup_ewarm.o [1]
  .text               ro code  0x00005f72     0x6  stepper.o [1]
  .text               ro code  0x00005f78     0x6  stepper.o [1]
  .text               ro code  0x00005f7e     0x6  stepper.o [1]
  .text               ro code  0x00005f84     0x6  exit.o [3]
  .rodata             const    0x00005f8c     0x4  iarttio.o [6]
  SHT$$PREINIT_ARRAY           0x00005f90     0x0  <Block>
  SHT$$INIT_ARRAY              0x00005f90     0x4  <Block>
    .difunct          const    0x00005f90     0x4  interpret.o [1]
  .text               ro code  0x00005f94     0x4  interpret.o [1]
  .text               ro code  0x00005f98     0x4  interpret.o [1]
  .text               ro code  0x00005f9c     0x4  interpret.o [1]
  .text               ro code  0x00005fa0     0x4  interpret.o [1]
  .text               ro code  0x00005fa4     0x4  interpret.o [1]
  .text               ro code  0x00005fa8     0x4  interpret.o [1]
  .text               ro code  0x00005fac     0x4  interpret.o [1]
  .text               ro code  0x00005fb0     0x4  interpret.o [1]
  .text               ro code  0x00005fb4     0x4  interpret.o [1]
  .text               ro code  0x00005fb8     0x4  interpret.o [1]
  .text               ro code  0x00005fbc     0x4  interpret.o [1]
  .text               ro code  0x00005fc0     0x4  interpret.o [1]
  .text               ro code  0x00005fc4     0x4  interpret.o [1]
  .text               ro code  0x00005fc8     0x4  parseTreeEntry.o [1]
  .text               ro code  0x00005fcc     0x4  low_level_init.o [3]
  .rodata             const    0x00005fd0     0x2  heap_2.o [1]
  .text               ro code  0x00005fd2     0x2  interpret.o [1]
  .text               ro code  0x00005fd4     0x2  interpret.o [1]
  .text               ro code  0x00005fd6     0x2  interpret.o [1]
  .text               ro code  0x00005fd8     0x2  interpret.o [1]
  .text               ro code  0x00005fda     0x2  interpret.o [1]
  .text               ro code  0x00005fdc     0x2  interpret.o [1]
  .rodata             const    0x00005fde     0x1  setlocale.o [3]
  Initializer bytes   ro data  0x00005fdf    0x9d  <for P2 s0>
                             - 0x0000607c  0x5f7c

"P2", part 1 of 3:                         0x49a4
  .noinit             uninit   0x20000000  0x4000  startup_ewarm.o [1]
  HEAP                         0x20004000   0x800  <Block>
    HEAP              uninit   0x20004000   0x800  <Block tail>
  .iar.dynexit                 0x20004800   0x1a4  <Block>
    .iar.dynexit      uninit   0x20004800     0xc  cppinit.o [3]
    .iar.dynexit      uninit   0x2000480c   0x198  <Block tail>
                             - 0x200049a4  0x49a4

"P2", part 2 of 3:                          0x184
  P2 s0                        0x200049a4   0x184  <Init block>
    .data             inited   0x200049a4    0x80  setlocale.o [3]
    .data             inited   0x20004a24    0x40  xfiles.o [3]
    .data             inited   0x20004a64    0x40  xfiles.o [3]
    .data             inited   0x20004aa4    0x40  xfiles.o [3]
    .data             inited   0x20004ae4    0x20  xfiles.o [3]
    .data             inited   0x20004b04     0x8  XShttio.o [3]
    .data             inited   0x20004b0c     0x4  IntQueue.o [1]
    .data             inited   0x20004b10     0x4  heap_2.o [1]
    .data             inited   0x20004b14     0x4  interpret.o [1]
    .data             inited   0x20004b18     0x4  interpret.o [1]
    .data             inited   0x20004b1c     0x4  port.o [1]
    .data             inited   0x20004b20     0x4  tasks.o [1]
    .data             inited   0x20004b24     0x4  tasks.o [1]
                             - 0x20004b28   0x184

"P2", part 3 of 3:                         0x77a4
  .bss                zero     0x20004b28  0x5dc0  heap_2.o [1]
  .bss                zero     0x2000a8e8  0x14c0  interpret.o [1]
  .bss                zero     0x2000bda8   0x108  interpret.o [1]
  .bss                zero     0x2000beb0    0xc8  IntQueue.o [1]
  .bss                zero     0x2000bf78    0xc8  IntQueue.o [1]
  .bss                zero     0x2000c040    0x64  tasks.o [1]
  .bss                zero     0x2000c0a4    0x50  xfiles.o [3]
  .bss                zero     0x2000c0f4    0x50  xfiles.o [3]
  .bss                zero     0x2000c144    0x20  interpret.o [1]
  .bss                zero     0x2000c164    0x20  interpret.o [1]
  .bss                zero     0x2000c184    0x14  tasks.o [1]
  .bss                zero     0x2000c198    0x14  tasks.o [1]
  .bss                zero     0x2000c1ac    0x14  tasks.o [1]
  .bss                zero     0x2000c1c0    0x14  tasks.o [1]
  .bss                zero     0x2000c1d4    0x14  tasks.o [1]
  .bss                zero     0x2000c1e8    0x14  xsyslock.o [3]
  .bss                zero     0x2000c1fc     0x8  heap_2.o [1]
  .bss                zero     0x2000c204     0x8  heap_2.o [1]
  .bss                zero     0x2000c20c     0x8  errno.o [3]
  .bss                zero     0x2000c214     0x8  xxmemxmalloc.o [3]
  .bss                zero     0x2000c21c     0x4  IntQueue.o [1]
  .bss                zero     0x2000c220     0x4  IntQueue.o [1]
  .bss                zero     0x2000c224     0x4  IntQueue.o [1]
  .bss                zero     0x2000c228     0x4  IntQueue.o [1]
  .bss                zero     0x2000c22c     0x4  IntQueue.o [1]
  .bss                zero     0x2000c230     0x4  IntQueue.o [1]
  .bss                zero     0x2000c234     0x4  IntQueue.o [1]
  .bss                zero     0x2000c238     0x4  heap_2.o [1]
  .bss                zero     0x2000c23c     0x4  interpret.o [1]
  .bss                zero     0x2000c240     0x4  interpret.o [1]
  .bss                zero     0x2000c244     0x4  interpret.o [1]
  .bss                zero     0x2000c248     0x4  interpret.o [1]
  .bss                zero     0x2000c24c     0x4  interpret.o [1]
  .bss                zero     0x2000c250     0x4  interpret.o [1]
  .bss                zero     0x2000c254     0x4  interpret.o [1]
  .bss                zero     0x2000c258     0x4  interpret.o [1]
  .bss                zero     0x2000c25c     0x4  motor.o [1]
  .bss                zero     0x2000c260     0x4  tasks.o [1]
  .bss                zero     0x2000c264     0x4  tasks.o [1]
  .bss                zero     0x2000c268     0x4  tasks.o [1]
  .bss                zero     0x2000c26c     0x4  tasks.o [1]
  .bss                zero     0x2000c270     0x4  tasks.o [1]
  .bss                zero     0x2000c274     0x4  tasks.o [1]
  .bss                zero     0x2000c278     0x4  tasks.o [1]
  .bss                zero     0x2000c27c     0x4  tasks.o [1]
  .bss                zero     0x2000c280     0x4  tasks.o [1]
  .bss                zero     0x2000c284     0x4  tasks.o [1]
  .bss                zero     0x2000c288     0x4  tasks.o [1]
  .bss                zero     0x2000c28c     0x4  tasks.o [1]
  .bss                zero     0x2000c290     0x4  tasks.o [1]
  .bss                zero     0x2000c294     0x4  tasks.o [1]
  .bss                zero     0x2000c298     0x4  tasks.o [1]
  .bss                zero     0x2000c29c     0x4  tasks.o [1]
  .bss                zero     0x2000c2a0     0x4  tasks.o [1]
  .bss                zero     0x2000c2a4     0x4  timertest.o [1]
  .bss                zero     0x2000c2a8     0x4  cppinit.o [3]
  .bss                zero     0x2000c2ac     0x4  cppinit.o [3]
  .bss                zero     0x2000c2b0     0x4  MtxWrapper.o [3]
  .bss                zero     0x2000c2b4     0x4  MtxWrapper.o [3]
  .bss                zero     0x2000c2b8     0x4  MtxWrapper.o [3]
  .bss                zero     0x2000c2bc     0x4  MtxWrapper.o [3]
  .bss                zero     0x2000c2c0     0x4  xgetmemchunk.o [3]
  .bss                zero     0x2000c2c4     0x1  interpret.o [1]
  .bss                zero     0x2000c2c5     0x1  interpret.o [1]
  .bss                zero     0x2000c2c6     0x1  interpret.o [1]
  .bss                zero     0x2000c2c7     0x1  interpret.o [1]
  .bss                zero     0x2000c2c8     0x1  interpret.o [1]
                             - 0x2000c2c9  0x77a1


*******************************************************************************
*** INIT TABLE
***

          Address     Size
          -------     ----
Zero (__iar_zero_init3)
    1 destination range, total size 0x77a1:
          0x20004b28  0x77a1

Copy/packbits (__iar_packbits_init3)
    1 source range, total size 0x9d (40% of destination):
          0x00005fdf    0x9d
    1 destination range, total size 0x184:
          0x200049a4   0x184

Extra (__iar_cstart_call_ctors)


*******************************************************************************
*** MODULE SUMMARY
***

    Module              ro code  ro data  rw data
    ------              -------  -------  -------
C:\dev\docs\scottdesign\motor\Debug\Obj: [1]
    IntQueue.o              810        2      432
    IntQueueTimer.o          56
    accel.o                 786
    heap_2.o                324        3   24 024
    interpret.o           5 148      576    5 685
    list.o                  164
    main.o                  572       24
    motor.o                 356                 4
    parseTreeEntry.o        118
    port.o                  192        1        4
    portasm.o               140
    queue.o                 392
    startup_ewarm.o           6      256   16 384
    stepper.o             1 786      116
    symbolTableEntry.o      110
    tasks.o               2 128       32      276
    timertest.o             144                 4
    ---------------------------------------------
    Total:               13 232    1 010   46 813

command line: [2]
    ---------------------------------------------
    Total:

dl7M_tl_if.a: [3]
    MtxWrapper.o             72                16
    XShttio.o                 8        3        8
    abort.o                   8
    cppinit.o               136                20
    errno.o                  20                 8
    exit.o                    6
    expf.o                  104
    fclose.o                168
    fflush.o                172
    fputc.o                  80
    isxxx.o                  20
    low_level_init.o          4
    setlocale.o              40       52      128
    sprintf.o                48
    sscanf.o                 32
    strstr.o                 48
    strtol.o                128
    targetabi.o              78
    tolower.o                20
    xassert.o                72
    xcloseall.o              40
    xencoding_sb.o           80       16
    xfdnorm.o               130
    xfdscale.o              192
    xfexp.o                 352
    xfiles.o                          91      384
    xfwprep.o               162
    xgetmemchunk.o           40                 4
    xlocale_c.o              32
    xmbtowc.o                32
    xprintftiny.o           294
    xreportassert.o         132       48
    xscanfsmall.o         1 558       32
    xsprout.o                10
    xsscin.o                 32
    xstoul.o                276       80
    xsyslock.o              136                20
    xwctob.o                 56        8
    xwctomb.o                26
    xxmemxfree.o            136
    xxmemxmalloc.o          188                 8
    ---------------------------------------------
    Total:                5 168      330      596

driverlib.a: [4]
    cpu.o                    20
    gpio.o                  218
    interrupt.o             156       64
    sysctl.o                 38       12
    timer.o                 102
    uart.o                   18
    ---------------------------------------------
    Total:                  552       76

rt7M_tl.a: [5]
    ABImemcpy.o             112
    ABImemset.o             102
    DblAdd.o                230
    DblDiv.o                582
    DblMul.o                418
    DblSub.o                382
    DblToFlt.o              144
    FltAdd.o                140
    FltCmpEq.o               28
    FltCmpGe.o               36
    FltCmpLe.o               36
    FltDiv.o                252
    FltMul.o                216
    FltSub.o                228
    FltToDbl.o               78
    FltToS32.o               68
    FltToU32.o               36
    I32ToDbl.o               46
    I32ToFlt.o               48
    cexit.o                  18
    cmain.o                  22
    cmain_call_ctors.o       32
    cstartup_M.o             12
    data_init3.o             44
    memchr.o                 88
    memcmp.o                 98
    packbits_init3.o        168
    strchr.o                 22
    strcmp.o                 66
    strlen.o                 54
    strncpy.o               108
    zero_init3.o             36
    ---------------------------------------------
    Total:                3 950

shb_l.a: [6]
    close.o                  26
    dwrite.o                 30
    exit.o                   20
    iarttio.o               104        4
    iarwrite.o               34
    iarwstd.o                32
    remove.o                 22
    write.o                  16
    ---------------------------------------------
    Total:                  284        4

    Gaps                     30       16
    Linker created                    48    2 456
-------------------------------------------------
    Grand Total:         23 216    1 484   49 865


*******************************************************************************
*** ENTRY LIST
***

Entry                      Address    Size  Type      Object
-----                      -------    ----  ----      ------
.iar.dynexit$$Base      0x20004800           --   Gb  - Linker created -
.iar.dynexit$$Limit     0x200049a4           --   Gb  - Linker created -
CPUcpsid                0x00005a91          Code  Gb  cpu.o [4]
CPUcpsie                0x00005a99          Code  Gb  cpu.o [4]
CPUwfi                  0x00005aa1          Code  Gb  cpu.o [4]
DtorRecArray            0x20004800     0xc  Data  Lc  cppinit.o [3]
FaultISR                0x00005f6f     0x2  Code  Lc  startup_ewarm.o [1]
GPIODirModeSet          0x00003b01    0x2c  Code  Gb  gpio.o [4]
GPIOPadConfigSet        0x00003b2d    0xa8  Code  Gb  gpio.o [4]
GPIOPinWrite            0x00003bd5     0x6  Code  Gb  gpio.o [4]
HEAP$$Base              0x20004000           --   Gb  - Linker created -
HEAP$$Limit             0x20004800           --   Gb  - Linker created -
IntDefaultHandler       0x00005f71     0x2  Code  Lc  startup_ewarm.o [1]
IntEnable               0x00004311    0x4c  Code  Gb  interrupt.o [4]
IntMasterEnable         0x000042dd     0xa  Code  Gb  interrupt.o [4]
IntPrioritySet          0x000042e7    0x24  Code  Gb  interrupt.o [4]
LEDOff                  0x00002d0d     0xe  Code  Gb  main.o [1]
LEDOn                   0x00002cff     0xe  Code  Gb  main.o [1]
NmiSR                   0x00005f6d     0x2  Code  Lc  startup_ewarm.o [1]
Region$$Table$$Base     0x000056c0           --   Gb  - Linker created -
Region$$Table$$Limit    0x000056f0           --   Gb  - Linker created -
SHT$$INIT_ARRAY$$Base   0x00005f90           --   Gb  - Linker created -
SHT$$INIT_ARRAY$$Limit  0x00005f94           --   Gb  - Linker created -
SHT$$PREINIT_ARRAY$$Base
                        0x00005f90           --   Gb  - Linker created -
SHT$$PREINIT_ARRAY$$Limit
                        0x00005f90           --   Gb  - Linker created -
SysCtlPeripheralEnable  0x0000550d     0x6  Code  Gb  sysctl.o [4]
Timer0IntHandler        0x000043e3    0x10  Code  Gb  timertest.o [1]
TimerConfigure          0x00004b85    0x24  Code  Gb  timer.o [4]
TimerDisable            0x00004b71     0xc  Code  Gb  timer.o [4]
TimerEnable             0x00004b5d     0xc  Code  Gb  timer.o [4]
TimerIntClear           0x00004bbf     0x4  Code  Gb  timer.o [4]
TimerIntEnable          0x00004bb9     0x6  Code  Gb  timer.o [4]
TimerLoadSet            0x00004ba9    0x10  Code  Gb  timer.o [4]
UARTCharsAvail          0x00005b31     0x8  Code  Gb  uart.o [4]
UARTIntHandler          0x00002c85    0x3e  Code  Gb  main.o [1]
UARTSend                0x00002cc3    0x20  Code  Gb  main.o [1]
_Close_all              0x0000546d    0x28  Code  Gb  xcloseall.o [3]
_EncodingSb_Mbtowc      0x00004d53    0x2e  Code  Gb  xencoding_sb.o [3]
_EncodingSb_Wctomb      0x00004d39    0x1a  Code  Gb  xencoding_sb.o [3]
_Files                  0x20004ae4    0x20  Data  Gb  xfiles.o [3]
_Fwprep                 0x00004239    0xa2  Code  Gb  xfwprep.o [3]
_GetintSmall            0x00001d1d   0x236  Code  Lc  xscanfsmall.o [3]
_GetstrSmall            0x00001b6d   0x1a6  Code  Lc  xscanfsmall.o [3]
_IsdstStr               0x200049c8     0x4  Data  Gb  setlocale.o [3]
_LocaleC_isspace        0x00005b1d    0x14  Code  Gb  xlocale_c.o [3]
_LocaleC_tolower        0x00005da9     0xc  Code  Gb  xlocale_c.o [3]
_LocaleEncoding         0x000054a9    0x10  Code  Gb  setlocale.o [3]
_LocaleForCat           0x00005495    0x14  Code  Gb  setlocale.o [3]
_LocaleReturnString     0x200049d4    0x50  Data  Lc  setlocale.o [3]
_Locale_Profile         0x200049a4    0x1c  Data  Gb  setlocale.o [3]
_Mbtowc                 0x000057b1    0x20  Code  Gb  xmbtowc.o [3]
_PrintfTiny             0x000035fd   0x126  Code  Gb  xprintftiny.o [3]
_SProut                 0x00005de7     0xa  Code  Gb  xsprout.o [3]
_SScin                  0x00005791    0x20  Code  Gb  xsscin.o [3]
_ScanfSmall             0x0000193d   0x230  Code  Gb  xscanfsmall.o [3]
_TzoneStr               0x200049c0     0x4  Data  Gb  setlocale.o [3]
_Wctomb                 0x0000590b    0x1a  Code  Gb  xwctomb.o [3]
__aeabi_assert          0x00004f03    0x46  Code  Gb  xassert.o [3]
__aeabi_atexit          0x00005ddd     0xa  Code  Gb  targetabi.o [3]
__aeabi_cfcmpeq         0x000058b9          Code  Gb  FltCmpEq.o [5]
__aeabi_cfcmple         0x000055c9          Code  Gb  FltCmpLe.o [5]
__aeabi_cfrcmple        0x000055ed          Code  Gb  FltCmpGe.o [5]
__aeabi_d2f             0x00004409          Code  Gb  DblToFlt.o [5]
__aeabi_dadd            0x00003935          Code  Gb  DblAdd.o [5]
__aeabi_ddiv            0x00002a3d          Code  Gb  DblDiv.o [5]
__aeabi_dmul            0x00002ec1          Code  Gb  DblMul.o [5]
__aeabi_dsub            0x00003065          Code  Gb  DblSub.o [5]
__aeabi_errno_addr      0x00005a69    0x14  Code  Gb  errno.o [3]
__aeabi_f2d             0x00004dd9          Code  Gb  FltToDbl.o [5]
__aeabi_f2iz            0x00004f49          Code  Gb  FltToS32.o [5]
__aeabi_f2uiz           0x000055a5          Code  Gb  FltToU32.o [5]
__aeabi_fadd            0x00004499          Code  Gb  FltAdd.o [5]
__aeabi_fdiv            0x00003839          Code  Gb  FltDiv.o [5]
__aeabi_fmul            0x00003bdd          Code  Gb  FltMul.o [5]
__aeabi_fsub            0x00003a1d          Code  Gb  FltSub.o [5]
__aeabi_i2d             0x000052e5          Code  Gb  I32ToDbl.o [5]
__aeabi_i2f             0x000051c5          Code  Gb  I32ToFlt.o [5]
__aeabi_memcpy          0x00004941          Code  Gb  ABImemcpy.o [5]
__aeabi_memcpy4         0x0000495b          Code  Gb  ABImemcpy.o [5]
__aeabi_memcpy8         0x0000495b          Code  Gb  ABImemcpy.o [5]
__aeabi_memset          0x00004bc5          Code  Gb  ABImemset.o [5]
__aeabi_ui2d            0x000052f9          Code  Gb  I32ToDbl.o [5]
__aeabi_ui2f            0x000051d9          Code  Gb  I32ToFlt.o [5]
__aeabi_vec_ctor_nocookie_nodtor
                        0x00005611    0x24  Code  Gb  targetabi.o [3]
__aeabi_vec_dtor        0x00005771    0x20  Code  Gb  targetabi.o [3]
__call_ctors            0x000045b1    0x18  Code  Gb  cppinit.o [3]
__call_dtors            0x000045f5     0x2  Code  Gb  cppinit.o [3]
__close                 0x00005925    0x1a  Code  Gb  close.o [6]
__cmain                 0x000059a1          Code  Gb  cmain.o [5]
__cstart_call_dtors     0x00005b47          Code  Gb  cexit.o [5]
__cstart_closeall       0x00005b4b          Code  Gb  cexit.o [5]
__cxa_atexit            0x000045c9    0x2c  Code  Gb  cppinit.o [3]
__cxa_finalize          0x000045f7    0x36  Code  Gb  cppinit.o [3]
__data_Aldata           0x2000c214     0x8  Data  Gb  xxmemxmalloc.o [3]
__data_GetMemChunk      0x000054bd    0x28  Code  Gb  xgetmemchunk.o [3]
__dso_handle            0x2000c2ac     0x4  Data  Gb  cppinit.o [3]
__dwrite                0x0000580f    0x1e  Code  Gb  dwrite.o [6]
__exit                  0x00005a7d    0x14  Code  Gb  exit.o [6]
__iar_EmptyStepPoint    0x00004f01     0x2  Code  Gb  xassert.o [3]
__iar_Errno             0x2000c210     0x4  Data  Gb  errno.o [3]
__iar_FDnorm            0x000047cd    0x82  Code  Gb  xfdnorm.o [3]
__iar_FDscale           0x00003d75    0xc0  Code  Gb  xfdscale.o [3]
__iar_FExp              0x00003359   0x160  Code  Gb  xfexp.o [3]
__iar_Locksyslock       0x0000465f    0x46  Code  Gb  xsyslock.o [3]
__iar_Memchr            0x00004c91          Code  Gb  memchr.o [5]
__iar_Memset            0x00004bc5          Code  Gb  ABImemset.o [5]
__iar_Memset_word       0x00004bcd          Code  Gb  ABImemset.o [5]
__iar_Mtxdst            0x00004ec7     0xe  Code  Gb  MtxWrapper.o [3]
__iar_Mtxinit           0x00004eb9     0xe  Code  Gb  MtxWrapper.o [3]
__iar_Mtxlock           0x00004ed5     0xe  Code  Gb  MtxWrapper.o [3]
__iar_Mtxunlock         0x00004ee3     0xe  Code  Gb  MtxWrapper.o [3]
__iar_ReportAssert      0x00004763    0x58  Code  Gb  xreportassert.o [3]
__iar_Stderr            0x20004aa4    0x40  Data  Gb  xfiles.o [3]
__iar_Stdin             0x20004a24    0x40  Data  Gb  xfiles.o [3]
__iar_Stdout            0x20004a64    0x40  Data  Gb  xfiles.o [3]
__iar_Stoul             0x00003725   0x114  Code  Gb  xstoul.o [3]
__iar_Strchr            0x000059b9          Code  Gb  strchr.o [5]
__iar_Strstr            0x000052b5    0x30  Code  Gb  strstr.o [3]
__iar_Tls_setup__IsdstStr
                        0x200049cc     0x4  Data  Gb  setlocale.o [3]
__iar_Tls_setup__Locale_Profile
                        0x200049d0     0x4  Data  Gb  setlocale.o [3]
__iar_Tls_setup__TzoneStr
                        0x200049c4     0x4  Data  Gb  setlocale.o [3]
__iar_Tls_setup___iar_Errno
                        0x2000c20c     0x4  Data  Gb  errno.o [3]
__iar_Unlocksyslock     0x000046a5    0x14  Code  Gb  xsyslock.o [3]
__iar_Wctob             0x000050c1    0x38  Code  Gb  xwctob.o [3]
__iar_close_ttio        0x00004a8d    0x26  Code  Gb  iarttio.o [6]
__iar_cstart_call_ctors
                        0x00005751    0x20  Code  Gb  cmain_call_ctors.o [5]
__iar_dadd              0x00003947          Code  Gb  DblAdd.o [5]
__iar_data_init3        0x00005399    0x2c  Code  Gb  data_init3.o [5]
__iar_dsub              0x00003077          Code  Gb  DblSub.o [5]
__iar_dsubStart         0x00003089          Code  Gb  DblSub.o [5]
__iar_fadd              0x000044a7          Code  Gb  FltAdd.o [5]
__iar_fsub              0x00003a2b          Code  Gb  FltSub.o [5]
__iar_fsubStart         0x00003a39          Code  Gb  FltSub.o [5]
__iar_get_ttio          0x00004ab5    0x40  Code  Gb  iarttio.o [6]
__iar_lookup_ttioh      0x00005f19     0x8  Code  Gb  XShttio.o [3]
__iar_packbits_init3    0x000040ed    0xa8  Code  Gb  packbits_init3.o [5]
__iar_program_start     0x00005d9d          Code  Gb  cstartup_M.o [5]
__iar_sh_stdout         0x000057d1    0x20  Code  Gb  iarwstd.o [6]
__iar_sh_write          0x0000569d    0x22  Code  Gb  iarwrite.o [6]
__iar_strcmp            0x00004f8d          Code  Gb  strcmp.o [5]
__iar_ttio_handles      0x20004b04     0x8  Data  Lc  XShttio.o [3]
__iar_ui2d              0x000052fb          Code  Gb  I32ToDbl.o [5]
__iar_ui2f              0x000051db          Code  Gb  I32ToFlt.o [5]
__iar_zero_init3        0x00005635    0x24  Code  Gb  zero_init3.o [5]
__low_level_init        0x00005fcd     0x4  Code  Gb  low_level_init.o [3]
__vector_table          0x00000000   0x100  Data  Gb  startup_ewarm.o [1]
__write                 0x00005c0d    0x10  Code  Gb  write.o [6]
_call_main              0x000059ad          Code  Gb  cmain.o [5]
_exit                   0x00005b45          Code  Gb  cexit.o [5]
_main                   0x000059b3          Code  Gb  cmain.o [5]
abort                   0x00005f29     0x8  Code  Gb  abort.o [3]
accel::RPM(float, float)
                        0x0000557f    0x26  Code  Gb  motor.o [1]
accel::_RPMtoFreq(float)
                        0x00005881    0x1c  Code  Gb  motor.o [1]
accel::_initUnitCurve(int)
                        0x000028c9    0x82  Code  Gb  accel.o [1]
accel::_scaleYAxisToClockTicks()
                        0x000029c7    0x42  Code  Gb  accel.o [1]
accel::_scaleYAxisToFrequency()
                        0x00002961    0x66  Code  Gb  accel.o [1]
accel::accel()          0x000027c5     0xc  Code  Gb  accel.o [1]
accel::accel() [internal]
                        0x000027d1    0x4a  Code  Gb  accel.o [1]
accel::accelTime()      0x00005f37     0x6  Code  Gb  accel.o [1]
accel::accelTime(unsigned int)
                        0x00005f31     0x6  Code  Gb  accel.o [1]
accel::clockTicksToCurveIndex(unsigned int)
                        0x00005959    0x18  Code  Gb  accel.o [1]
accel::clockTicksToCurveIndexReverse(unsigned int)
                        0x00005989    0x18  Code  Gb  stepper.o [1]
accel::clockTicksToMicroSec(unsigned int)
                        0x00005971    0x18  Code  Gb  accel.o [1]
accel::curveIndexToClockTicks(unsigned int)
                        0x00005db5     0xa  Code  Gb  accel.o [1]
accel::degreesPerMicrostep() const
                        0x00005f5b     0x6  Code  Gb  motor.o [1]
accel::degreesPerMicrostep(float)
                        0x00005f55     0x6  Code  Gb  motor.o [1]
accel::fmax()           0x00005f79     0x6  Code  Gb  stepper.o [1]
accel::fmin()           0x00005f73     0x6  Code  Gb  stepper.o [1]
accel::freqCloseToStop(unsigned int)
                        0x00005b69    0x12  Code  Gb  stepper.o [1]
accel::freqFromClockTicks(unsigned int)
                        0x00005419    0x2a  Code  Gb  stepper.o [1]
accel::freqFromTime(unsigned int)
                        0x00005a27    0x16  Code  Gb  stepper.o [1]
accel::frequency(unsigned int, unsigned int)
                        0x00002a09    0x34  Code  Gb  accel.o [1]
accel::initAccelTime(unsigned int)
                        0x00005659    0x22  Code  Gb  accel.o [1]
accel::microSecToCurveIndex(unsigned int)
                        0x00005533    0x26  Code  Gb  accel.o [1]
accel::microSecToCurveIndexReverse(unsigned int)
                        0x00005443    0x2a  Code  Gb  stepper.o [1]
accel::stepsToTime(unsigned int)
                        0x00002867    0x62  Code  Gb  accel.o [1]
accel::timeToSteps(unsigned int)
                        0x0000281b    0x4c  Code  Gb  accel.o [1]
accel::updateClockPeriod()
                        0x00005255    0x30  Code  Gb  stepper.o [1]
accel::updateClockPeriodReverse()
                        0x00005285    0x30  Code  Gb  stepper.o [1]
accel::~accel()         0x00005c39     0xe  Code  Gb  interpret.o [1]
accel::~accel() [internal]
                        0x00005fd7     0x2  Code  Gb  interpret.o [1]
bufferInput             0x000003a7   0x212  Code  Gb  interpret.o [1]
clearlocks              0x00004639    0x26  Code  Lc  xsyslock.o [3]
delay                   0x00002ce3    0x1c  Code  Gb  main.o [1]
digits                  0x00004d10    0x28  Data  Lc  xstoul.o [3]
ebuf                    0x2000c0a4    0x50  Data  Lc  xfiles.o [3]
errMsg()                0x00000199    0x36  Code  Gb  interpret.o [1]
exit                    0x00005f85     0x6  Code  Gb  exit.o [3]
exp(float)              0x00005d55     0xc  Code  Gb  accel.o [1]
expf                    0x00004af5    0x68  Code  Gb  expf.o [3]
fclose                  0x00004045    0xa8  Code  Gb  fclose.o [3]
fflush                  0x00003f61    0x38  Code  Gb  fflush.o [3]
fflushOne               0x00003ef1    0x70  Code  Lc  fflush.o [3]
flashLED                0x00002d1b    0x14  Code  Gb  main.o [1]
fputc                   0x00004d89    0x50  Code  Gb  fputc.o [3]
free                    0x000046c1    0x84  Code  Gb  xxmemxfree.o [3]
g_pulRCGCRegs           0x00005d30     0xc  Data  Lc  sysctl.o [4]
g_pulRegs               0x00004fd0    0x40  Data  Lc  interrupt.o [4]
heapSTRUCT_SIZE         0x00005fd0     0x2  Data  Lc  heap_2.o [1]
intToNodeType(int)      0x00000345    0x62  Code  Gb  interpret.o [1]
interpret::_cleanUpEvaluationStack(unsigned int)
                        0x00000a8b    0x36  Code  Gb  interpret.o [1]
interpret::_cleanUpSymbolTable()
                        0x00000ac1    0x28  Code  Gb  interpret.o [1]
interpret::_currentProgramNodeLevel() const
                        0x00005acd    0x14  Code  Gb  interpret.o [1]
interpret::_currentProgramNodeType() const
                        0x00005aa5    0x14  Code  Gb  interpret.o [1]
interpret::_currentProgramNodeValue() const
                        0x00005ab9    0x14  Code  Gb  interpret.o [1]
interpret::_evalValue()
                        0x00005011    0x3c  Code  Gb  interpret.o [1]
interpret::_evalValue()::string
                        0x000056f0    0x20  Data  Gb  interpret.o [1]
interpret::_evalValue()::string (instance 2)
                        0x00005340    0x2c  Data  Gb  interpret.o [1]
interpret::_evalValuePeek() const
                        0x00005ca9     0xe  Code  Gb  interpret.o [1]
interpret::_findFirstAvailableNodeInSymbolTable()
                        0x00001001    0x7e  Code  Gb  interpret.o [1]
interpret::_findFirstParseTreeEntry(const parseTreeEntry &, unsigned int)
                        0x00000ae9    0x6e  Code  Gb  interpret.o [1]
interpret::_getLastSymbolTableIndex()
                        0x000059fb    0x16  Code  Gb  interpret.o [1]
interpret::_programNodeType(unsigned int) const
                        0x00005b57    0x12  Code  Gb  interpret.o [1]
interpret::_pushTemporarySymbolOnEvaluationStack(unsigned int)
                        0x00000f75    0x82  Code  Gb  interpret.o [1]
interpret::_resetSymbolTableTemporaryBoundary()
                        0x00005dd3     0xa  Code  Gb  interpret.o [1]
interpret::_returnSymbolToAvailablePool(unsigned int)
                        0x00005559    0x26  Code  Gb  interpret.o [1]
interpret::_updateProgramIndex(nodeType, int)
                        0x00000a27    0x64  Code  Gb  interpret.o [1]
interpret::appendToProgram(const parseTreeEntry &)
                        0x0000061f    0x2c  Code  Gb  interpret.o [1]
interpret::appendToSymbolTable(const symbolTableEntry &)
                        0x0000064b    0x2e  Code  Gb  interpret.o [1]
interpret::evaluateOperator(unsigned int)
                        0x00000c11   0x348  Code  Gb  interpret.o [1]
interpret::getLowWaterMarkForTemporarySymbolSearch() const
                        0x00005f4f     0x6  Code  Gb  interpret.o [1]
interpret::getStepper()
                        0x00005f21     0x8  Code  Gb  interpret.o [1]
interpret::interpret()  0x00000101     0xc  Code  Gb  interpret.o [1]
interpret::interpret() [internal]
                        0x000005b9    0x66  Code  Gb  interpret.o [1]
interpret::run()        0x00000679   0x3ae  Code  Gb  interpret.o [1]
interpret::setLowWaterMarkForTemporarySymbolSearch()
                        0x00005d85     0xc  Code  Gb  interpret.o [1]
interpret::symbolFromIndex(int)
                        0x000058d5    0x1c  Code  Gb  interpret.o [1]
interpret::symbolTableIndexMorph(int)
                        0x00000b57    0x72  Code  Gb  interpret.o [1]
interpret::~interpret()
                        0x00005c9b     0xe  Code  Gb  interpret.o [1]
interpret::~interpret() [internal]
                        0x00004e71    0x48  Code  Gb  interpret.o [1]
interpretRun            0x00000129    0x3a  Code  Gb  interpret.o [1]
interpreter             0x2000a8e8  0x14c0  Data  Gb  interpret.o [1]
interpreterRunBool      0x2000c2c5     0x1  Data  Lc  interpret.o [1]
isspace                 0x00005af5    0x14  Code  Gb  isxxx.o [3]
led::Off()              0x00005865    0x1c  Code  Gb  interpret.o [1]
led::On()               0x00005849    0x1c  Code  Gb  interpret.o [1]
led::_enable            0x2000c2c4     0x1  Data  Gb  interpret.o [1]
led::enable()           0x00005d3d     0xc  Code  Gb  interpret.o [1]
led::enable(bool)       0x00005d49     0xc  Code  Gb  interpret.o [1]
led::led(bool)          0x00005c7f     0xe  Code  Gb  interpret.o [1]
led::led(bool) [internal]
                        0x000057f1    0x1e  Code  Gb  interpret.o [1]
led::set(unsigned int)  0x000058f1    0x1a  Code  Gb  interpret.o [1]
led::~led()             0x00005c8d     0xe  Code  Gb  interpret.o [1]
led::~led() [internal]  0x00005bcd    0x10  Code  Gb  interpret.o [1]
main                    0x00002d2f    0xe0  Code  Gb  main.o [1]
mainA                   0x00003fb1    0x7a  Code  Gb  motor.o [1]
malloc                  0x00003e35    0xb6  Code  Gb  xxmemxmalloc.o [3]
memchr                  0x00004c91          Code  Gb  memchr.o [5]
memcmp                  0x00004c2d          Code  Gb  memcmp.o [5]
memcpy                  0x00005a11    0x16  Code  Gb  queue.o [1]
memset                  0x000059cf    0x16  Code  Gb  IntQueue.o [1]
mtx                     0x2000c1ec    0x10  Data  Lc  xsyslock.o [3]
mtxdst                  0x2000c2b4     0x4  Data  Lc  MtxWrapper.o [3]
mtxinit                 0x2000c2b0     0x4  Data  Lc  MtxWrapper.o [3]
mtxlock                 0x2000c2b8     0x4  Data  Lc  MtxWrapper.o [3]
mtxunlock               0x2000c2bc     0x4  Data  Lc  MtxWrapper.o [3]
ndigs                   0x00004ce8    0x28  Data  Lc  xstoul.o [3]
next_abi_dtor_rec       0x2000c2a8     0x4  Data  Lc  cppinit.o [3]
obuf                    0x2000c0f4    0x50  Data  Lc  xfiles.o [3]
out                     0x00004749    0x1a  Code  Lc  xreportassert.o [3]
parseTreeEntry::level() const
                        0x00005f95     0x4  Code  Gb  interpret.o [1]
parseTreeEntry::level(unsigned int)
                        0x00005f99     0x4  Code  Gb  interpret.o [1]
parseTreeEntry::operator =(const parseTreeEntry&)
                        0x000048f7    0x4a  Code  Gb  parseTreeEntry.o [1]
parseTreeEntry::parseTreeEntry()
                        0x000048cf     0xc  Code  Gb  parseTreeEntry.o [1]
parseTreeEntry::parseTreeEntry() [internal]
                        0x000048e9     0x6  Code  Gb  parseTreeEntry.o [1]
parseTreeEntry::parseTreeEntry(nodeType, int, unsigned int)
                        0x000048db     0xe  Code  Gb  parseTreeEntry.o [1]
parseTreeEntry::parseTreeEntry(nodeType, int, unsigned int) [internal]
                        0x000048ef     0x8  Code  Gb  parseTreeEntry.o [1]
parseTreeEntry::position() const
                        0x00005fc9     0x4  Code  Gb  parseTreeEntry.o [1]
parseTreeEntry::position(nodePosition)
                        0x00005fad     0x4  Code  Gb  interpret.o [1]
parseTreeEntry::type() const
                        0x00005fa5     0x4  Code  Gb  interpret.o [1]
parseTreeEntry::type(nodeType)
                        0x00005fa9     0x4  Code  Gb  interpret.o [1]
parseTreeEntry::value() const
                        0x00005f9d     0x4  Code  Gb  interpret.o [1]
parseTreeEntry::value(int)
                        0x00005fa1     0x4  Code  Gb  interpret.o [1]
parseTreeEntry::~parseTreeEntry()
                        0x00005c1d     0xe  Code  Gb  interpret.o [1]
parseTreeEntry::~parseTreeEntry() [internal]
                        0x00005fd3     0x2  Code  Gb  interpret.o [1]
pcTraceBuffer           0x2000c298     0x4  Data  Lc  tasks.o [1]
pcTraceBufferEnd        0x2000c29c     0x4  Data  Lc  tasks.o [1]
postMsg(bool)           0x000001cf    0x32  Code  Gb  interpret.o [1]
prvAddCurrentTaskToDelayedList
                        0x000017f1    0x3e  Code  Lc  tasks.o [1]
prvAllocateTCBAndStack  0x0000183d    0x46  Code  Lc  tasks.o [1]
prvCheckTasksWaitingTermination
                        0x00001789    0x58  Code  Lc  tasks.o [1]
prvCopyDataFromQueue    0x00003317    0x2c  Code  Lc  queue.o [1]
prvCopyDataToQueue      0x000032a5    0x72  Code  Lc  queue.o [1]
prvDeleteTCB            0x00001889    0x12  Code  Lc  tasks.o [1]
prvIdleTask             0x000016eb     0xa  Code  Lc  tasks.o [1]
prvInitialiseTCBVariables
                        0x000016f5    0x48  Code  Lc  tasks.o [1]
prvInitialiseTaskLists  0x0000173d    0x46  Code  Lc  tasks.o [1]
prvQueueAccessLogError  0x000024f7    0x10  Code  Lc  IntQueue.o [1]
prvRecordValue_NormallyEmpty
                        0x000024d3    0x24  Code  Lc  IntQueue.o [1]
prvRecordValue_NormallyFull
                        0x000024b1    0x22  Code  Lc  IntQueue.o [1]
prvSetupTimerInterrupt  0x00003d4d    0x10  Code  Lc  port.o [1]
pulStack                0x20000000  0x4000  Data  Lc  startup_ewarm.o [1]
pvPortMalloc            0x000034b9    0xe6  Code  Gb  heap_2.o [1]
pxCurrentTCB            0x2000c260     0x4  Data  Gb  tasks.o [1]
pxDelayedTaskList       0x2000c264     0x4  Data  Lc  tasks.o [1]
pxOverflowDelayedTaskList
                        0x2000c268     0x4  Data  Lc  tasks.o [1]
pxPortInitialiseStack   0x00003cb5    0x1a  Code  Gb  port.o [1]
pxReadyTasksLists       0x2000c040    0x64  Data  Lc  tasks.o [1]
remove                  0x00005a3d    0x16  Code  Gb  remove.o [6]
sp                      0x2000c25c     0x4  Data  Gb  motor.o [1]
sprintf                 0x000051f5    0x30  Code  Gb  sprintf.o [3]
sscanf                  0x00005731    0x20  Code  Gb  sscanf.o [3]
stepper::RPM(float, float)
                        0x00005ae1    0x14  Code  Gb  motor.o [1]
stepper::_timer()       0x00005f7f     0x6  Code  Gb  stepper.o [1]
stepper::_timer(unsigned long)
                        0x0000589d    0x1c  Code  Gb  stepper.o [1]
stepper::_timerStart(bool)
                        0x00002423    0x4e  Code  Gb  stepper.o [1]
stepper::accelerationTimeMicrosecs(unsigned int)
                        0x00005bed    0x10  Code  Gb  motor.o [1]
stepper::degreesPerMicrostep() const
                        0x00005d91     0xc  Code  Gb  motor.o [1]
stepper::degreesPerMicrostep(float)
                        0x00005bfd    0x10  Code  Gb  motor.o [1]
stepper::directionPositive(bool)
                        0x00005313    0x2e  Code  Gb  stepper.o [1]
stepper::enable()       0x00005b7b    0x12  Code  Gb  stepper.o [1]
stepper::isr()          0x00002139   0x2ea  Code  Gb  stepper.o [1]
stepper::moveAbsolute(int)
                        0x00001f87   0x19e  Code  Gb  stepper.o [1]
stepper::moveAbsoluteDegree(float)
                        0x0000567b    0x22  Code  Gb  motor.o [1]
stepper::moveRelative(int)
                        0x00002125    0x14  Code  Gb  stepper.o [1]
stepper::positionSteps(int)
                        0x00005f61     0x6  Code  Gb  motor.o [1]
stepper::state() const  0x00005f67     0x6  Code  Gb  motor.o [1]
stepper::step()         0x0000504d    0x3c  Code  Gb  stepper.o [1]
stepper::stepper()      0x00001f55     0xc  Code  Gb  stepper.o [1]
stepper::stepper() [internal]
                        0x00001f61    0x26  Code  Gb  stepper.o [1]
stepper::~stepper()     0x00005c47     0xe  Code  Gb  interpret.o [1]
stepper::~stepper() [internal]
                        0x00005bad    0x10  Code  Gb  interpret.o [1]
stepperISR              0x00003f9d    0x14  Code  Gb  motor.o [1]
stmtNestingLevel        0x2000c248     0x4  Data  Lc  interpret.o [1]
stmtPosition            0x2000c144    0x20  Data  Lc  interpret.o [1]
stmtType                0x2000c164    0x20  Data  Lc  interpret.o [1]
stmtValue               0x2000c24c     0x4  Data  Lc  interpret.o [1]
strchr                  0x000059b9          Code  Gb  strchr.o [5]
strcmp                  0x00004f8d          Code  Gb  strcmp.o [5]
stringToNodePosition(const char *)
                        0x00000201    0x2c  Code  Gb  interpret.o [1]
stringToNodeType(const char *)
                        0x0000022d   0x114  Code  Gb  interpret.o [1]
strlen                  0x000050f9          Code  Gb  strlen.o [5]
strncpy                 0x00004a21          Code  Gb  strncpy.o [5]
strstr(const char *, const char *)
                        0x00005bdd    0x10  Code  Gb  interpret.o [1]
strtol                  0x0000484f    0x80  Code  Gb  strtol.o [3]
successMsg()            0x00000163    0x36  Code  Gb  interpret.o [1]
symbFcnLink             0x2000c258     0x4  Data  Lc  interpret.o [1]
symbType                0x2000c250     0x4  Data  Lc  interpret.o [1]
symbValue               0x2000c254     0x4  Data  Lc  interpret.o [1]
symbolTableEntry::dumpEntry()
                        0x00004a1d     0x2  Code  Gb  symbolTableEntry.o [1]
symbolTableEntry::fcnLink() const
                        0x00005fc1     0x4  Code  Gb  interpret.o [1]
symbolTableEntry::fcnLink(int)
                        0x00005fc5     0x4  Code  Gb  interpret.o [1]
symbolTableEntry::operator =(const symbolTableEntry&)
                        0x000049e3    0x3a  Code  Gb  symbolTableEntry.o [1]
symbolTableEntry::symbolTableEntry()
                        0x000049b1     0xc  Code  Gb  symbolTableEntry.o [1]
symbolTableEntry::symbolTableEntry() [internal]
                        0x000049cb     0xe  Code  Gb  symbolTableEntry.o [1]
symbolTableEntry::symbolTableEntry(nodeType, int)
                        0x000049bd     0xe  Code  Gb  symbolTableEntry.o [1]
symbolTableEntry::symbolTableEntry(nodeType, int) [internal]
                        0x000049d9     0xa  Code  Gb  symbolTableEntry.o [1]
symbolTableEntry::type() const
                        0x00005fb9     0x4  Code  Gb  interpret.o [1]
symbolTableEntry::type(nodeType)
                        0x00005fbd     0x4  Code  Gb  interpret.o [1]
symbolTableEntry::value() const
                        0x00005fb1     0x4  Code  Gb  interpret.o [1]
symbolTableEntry::value(int)
                        0x00005fb5     0x4  Code  Gb  interpret.o [1]
symbolTableEntry::~symbolTableEntry()
                        0x00005c2b     0xe  Code  Gb  interpret.o [1]
symbolTableEntry::~symbolTableEntry() [internal]
                        0x00005fd5     0x2  Code  Gb  interpret.o [1]
syslock_o               0x2000c1e8     0x4  Data  Lc  xsyslock.o [3]
tinyQueue<int>::empty() const
                        0x000059e5    0x16  Code  Gb  interpret.o [1]
tinyQueue<int>::front() const
                        0x00005dc9     0xa  Code  Gb  interpret.o [1]
tinyQueue<int>::peekAtIndex(unsigned int) const
                        0x00005f49     0x6  Code  Gb  interpret.o [1]
tinyQueue<int>::pop_front()
                        0x000054e5    0x28  Code  Gb  interpret.o [1]
tinyQueue<int>::push_front(int)
                        0x0000512f    0x34  Code  Gb  interpret.o [1]
tinyQueue<int>::size() const
                        0x00005bbd    0x10  Code  Gb  interpret.o [1]
tinyQueue<int>::spaceAvail() const
                        0x000053c5    0x2a  Code  Gb  interpret.o [1]
tinyQueue<int>::stackFrameIndex() const
                        0x00005f3d     0x6  Code  Gb  interpret.o [1]
tinyQueue<int>::stackFrameIndex(unsigned int)
                        0x00005f43     0x6  Code  Gb  interpret.o [1]
tinyQueue<int>::tinyQueue()
                        0x00005d61     0xc  Code  Gb  interpret.o [1]
tinyQueue<int>::tinyQueue() [internal]
                        0x00005c55     0xe  Code  Gb  interpret.o [1]
tinyQueue<int>::~tinyQueue()
                        0x00005c63     0xe  Code  Gb  interpret.o [1]
tinyQueue<int>::~tinyQueue() [internal]
                        0x00005fd9     0x2  Code  Gb  interpret.o [1]
tinyQueue<unsigned char>::clear()
                        0x00005d79     0xc  Code  Gb  interpret.o [1]
tinyQueue<unsigned char>::getBuffer()
                        0x00005fdd     0x2  Code  Gb  interpret.o [1]
tinyQueue<unsigned char>::push(unsigned char)
                        0x00005225    0x30  Code  Gb  interpret.o [1]
tinyQueue<unsigned char>::spaceAvail() const
                        0x000053ef    0x2a  Code  Gb  interpret.o [1]
tinyQueue<unsigned char>::tinyQueue(int)
                        0x00005d6d     0xc  Code  Gb  interpret.o [1]
tinyQueue<unsigned char>::tinyQueue(int) [internal]
                        0x00005dbf     0xa  Code  Gb  interpret.o [1]
tinyQueue<unsigned char>::~tinyQueue()
                        0x00005c71     0xe  Code  Gb  interpret.o [1]
tinyQueue<unsigned char>::~tinyQueue() [internal]
                        0x00005fdb     0x2  Code  Gb  interpret.o [1]
tolower                 0x00005b09    0x14  Code  Gb  tolower.o [3]
ucNormallyEmptyReceivedValues
                        0x2000beb0    0xc8  Data  Lc  IntQueue.o [1]
ucNormallyFullReceivedValues
                        0x2000bf78    0xc8  Data  Lc  IntQueue.o [1]
ulTimerCount            0x2000c2a4     0x4  Data  Lc  timertest.o [1]
uxCriticalNesting       0x20004b1c     0x4  Data  Lc  port.o [1]
uxCurrentNumberOfTasks  0x2000c270     0x4  Data  Lc  tasks.o [1]
uxMissedTicks           0x2000c288     0x4  Data  Lc  tasks.o [1]
uxPreviousTask          0x20004b24     0x4  Data  Lc  tasks.o [1]
uxSchedulerSuspended    0x2000c284     0x4  Data  Lc  tasks.o [1]
uxTaskNumber            0x2000c294     0x4  Data  Lc  tasks.o [1]
uxTasksDeleted          0x2000c26c     0x4  Data  Lc  tasks.o [1]
uxTopReadyPriority      0x2000c27c     0x4  Data  Lc  tasks.o [1]
uxTopUsedPriority       0x2000c278     0x4  Data  Lc  tasks.o [1]
uxValueForNormallyEmptyQueue
                        0x2000c228     0x4  Data  Gb  IntQueue.o [1]
uxValueForNormallyFullQueue
                        0x2000c22c     0x4  Data  Gb  IntQueue.o [1]
vApplicationStackOverflowHook
                        0x00002ebf     0x2  Code  Gb  main.o [1]
vApplicationTickHook    0x00002ebd     0x2  Code  Gb  main.o [1]
vLEDOnTask              0x00002e31    0x16  Code  Lc  main.o [1]
vListInitialise         0x00004195    0x1e  Code  Gb  list.o [1]
vListInitialiseItem     0x000041b3     0x6  Code  Gb  list.o [1]
vListInsert             0x000041d7    0x3c  Code  Gb  list.o [1]
vListInsertEnd          0x000041b9    0x1e  Code  Gb  list.o [1]
vListRemove             0x00004213    0x26  Code  Gb  list.o [1]
vPortClearInterruptMask
                        0x0000456f          Code  Gb  portasm.o [1]
vPortEnterCritical      0x00003d05    0x12  Code  Gb  port.o [1]
vPortExitCritical       0x00003d17    0x1a  Code  Gb  port.o [1]
vPortFree               0x0000359f    0x44  Code  Gb  heap_2.o [1]
vPortSVCHandler         0x0000457d          Code  Gb  portasm.o [1]
vPortSetInterruptMask   0x00004561          Code  Gb  portasm.o [1]
vPortStartFirstTask     0x00004599          Code  Gb  portasm.o [1]
vPortYieldFromISR       0x00003cfb     0xa  Code  Gb  port.o [1]
vSetMSP                 0x00004525          Code  Gb  portasm.o [1]
vSetupHighFrequencyTimer
                        0x00004379    0x6a  Code  Gb  timertest.o [1]
vStartLEDOnTasks        0x00002e0f    0x22  Code  Gb  main.o [1]
vStartUARTTasks         0x00002e47    0x22  Code  Gb  main.o [1]
vT2InterruptHandler     0x00005089    0x18  Code  Gb  IntQueueTimer.o [1]
vT3InterruptHandler     0x000050a1    0x18  Code  Gb  IntQueueTimer.o [1]
vTaskDelay              0x000012ad    0x3c  Code  Gb  tasks.o [1]
vTaskDelayUntil         0x00001235    0x78  Code  Gb  tasks.o [1]
vTaskIncrementTick      0x0000142f   0x120  Code  Gb  tasks.o [1]
vTaskPriorityDisinherit
                        0x000018a1    0x46  Code  Gb  tasks.o [1]
vTaskStartScheduler     0x000012e9    0x42  Code  Gb  tasks.o [1]
vTaskSuspendAll         0x0000132b    0x10  Code  Gb  tasks.o [1]
vTaskSwitchContext      0x00001551   0x130  Code  Gb  tasks.o [1]
vUARTTask               0x00002ea9    0x14  Code  Lc  main.o [1]
xDelayedTaskList1       0x2000c184    0x14  Data  Lc  tasks.o [1]
xDelayedTaskList2       0x2000c198    0x14  Data  Lc  tasks.o [1]
xEnd                    0x2000c204     0x8  Data  Lc  heap_2.o [1]
xErrorLine              0x2000c224     0x4  Data  Lc  IntQueue.o [1]
xErrorStatus            0x20004b0c     0x4  Data  Lc  IntQueue.o [1]
xFirstTimerHandler      0x00002507    0xfc  Code  Gb  IntQueue.o [1]
xFreeBytesRemaining     0x20004b10     0x4  Data  Lc  heap_2.o [1]
xHeap                   0x20004b28  0x5dc0  Data  Lc  heap_2.o [1]
xMissedYield            0x2000c28c     0x4  Data  Lc  tasks.o [1]
xNextTaskUnblockTime    0x20004b20     0x4  Data  Lc  tasks.o [1]
xNormallyEmptyQueue     0x2000c21c     0x4  Data  Lc  IntQueue.o [1]
xNormallyFullQueue      0x2000c220     0x4  Data  Lc  IntQueue.o [1]
xNumOfOverflows         0x2000c290     0x4  Data  Lc  tasks.o [1]
xPendingReadyList       0x2000c1ac    0x14  Data  Lc  tasks.o [1]
xPortPendSVHandler      0x0000452b          Code  Gb  portasm.o [1]
xPortStartScheduler     0x00003ccf    0x2c  Code  Gb  port.o [1]
xPortSysTickHandler     0x00003d31    0x1c  Code  Gb  port.o [1]
xQueueGenericSendFromISR
                        0x000031e5    0x60  Code  Gb  queue.o [1]
xQueueIsQueueFullFromISR
                        0x00003343    0x14  Code  Gb  queue.o [1]
xQueueReceiveFromISR    0x00003245    0x60  Code  Gb  queue.o [1]
xSchedulerRunning       0x2000c280     0x4  Data  Lc  tasks.o [1]
xSecondTimerHandler     0x00002603   0x19a  Code  Gb  IntQueue.o [1]
xStart                  0x2000c1fc     0x8  Data  Lc  heap_2.o [1]
xSuspendedTaskList      0x2000c1d4    0x14  Data  Lc  tasks.o [1]
xTaskGenericCreate      0x000010ed   0x148  Code  Gb  tasks.o [1]
xTaskGetTickCount       0x00001419    0x16  Code  Gb  tasks.o [1]
xTaskRemoveFromEventList
                        0x00001681    0x6a  Code  Gb  tasks.o [1]
xTaskResumeAll          0x0000133b    0xde  Code  Gb  tasks.o [1]
xTaskWakeTime           0x2000c23c     0x4  Data  Lc  interpret.o [1]
xTasksWaitingTermination
                        0x2000c1c0    0x14  Data  Lc  tasks.o [1]
xTickCount              0x2000c274     0x4  Data  Lc  tasks.o [1]
xTracing                0x2000c2a0     0x4  Data  Lc  tasks.o [1]


[1] = C:\dev\docs\scottdesign\motor\Debug\Obj
[2] = command line
[3] = dl7M_tl_if.a
[4] = driverlib.a
[5] = rt7M_tl.a
[6] = shb_l.a

  23 216 bytes of readonly  code memory
   1 484 bytes of readonly  data memory
  49 865 bytes of readwrite data memory

Errors: none
Warnings: none
