###############################################################################
#                                                                             #
# IAR ELF Linker V6.40.1.53790/W32 for ARM              18/Oct/2013  08:27:12 #
# Copyright 2007-2012 IAR Systems AB.                                         #
#                                                                             #
#    Output file  =  C:\dev\docs\scottdesign\motor\Debug\Exe\motorTiva.out    #
#    Map file     =  C:\dev\docs\scottdesign\motor\Debug\List\motorTiva.map   #
#    Command line =  C:\dev\docs\scottdesign\motor\Debug\Obj\accel.o          #
#                    C:\dev\docs\scottdesign\motor\Debug\Obj\flashio.o        #
#                    C:\dev\docs\scottdesign\motor\Debug\Obj\heap_2.o         #
#                    C:\dev\docs\scottdesign\motor\Debug\Obj\interpret.o      #
#                    C:\dev\docs\scottdesign\motor\Debug\Obj\list.o           #
#                    C:\dev\docs\scottdesign\motor\Debug\Obj\main.o           #
#                    C:\dev\docs\scottdesign\motor\Debug\Obj\parseTreeEntry.o #
#                     C:\dev\docs\scottdesign\motor\Debug\Obj\port.o          #
#                    C:\dev\docs\scottdesign\motor\Debug\Obj\portasm.o        #
#                    C:\dev\docs\scottdesign\motor\Debug\Obj\queue.o          #
#                    C:\dev\docs\scottdesign\motor\Debug\Obj\startup_ewarm.o  #
#                    C:\dev\docs\scottdesign\motor\Debug\Obj\stepper.o        #
#                    C:\dev\docs\scottdesign\motor\Debug\Obj\symbolTableEntry #
#                    .o C:\dev\docs\scottdesign\motor\Debug\Obj\tasks.o       #
#                    C:\dev\docs\scottdesign\motor\Debug\Obj\uartstdio.o      #
#                    C:\dev\docs\scottdesign\motor\Debug\Obj\usb_dev_serial.o #
#                     C:\dev\docs\scottdesign\motor\Debug\Obj\usb_serial_stru #
#                    cts.o C:\dev\docs\scottdesign\motor\Debug\Obj\ustdlib.o  #
#                    C:\ti\TivaWare_C_Series-1.0\driverlib\ewarm\Exe\driverli #
#                    b.a C:\ti\TivaWare_C_Series-1.0\usblib\ewarm\Exe\usblib. #
#                    a --redirect _Printf=_PrintfTiny --redirect              #
#                    _Scanf=_ScanfSmall -o C:\dev\docs\scottdesign\motor\Debu #
#                    g\Exe\motorTiva.out --map C:\dev\docs\scottdesign\motor\ #
#                    Debug\List\motorTiva.map --config                        #
#                    C:\dev\docs\scottdesign\motor\motorTiva.icf              #
#                    --semihosting --entry __iar_program_start --vfe          #
#                                                                             #
#                                                                             #
###############################################################################

*******************************************************************************
*** RUNTIME MODEL ATTRIBUTES
***

CppFlavor                     = *
__CPP_Language                = EC++
__Heap_Handler                = Basic
__SystemLibrary               = DLib
__dlib_dynamic_initialization = normal


*******************************************************************************
*** PLACEMENT SUMMARY
***

"A1":  place at start of [0x00000000-0x0000ffff] { ro section .intvec };
"P1":  place in [from 0x00000000 to 0x0000ffff] { ro };
"P2":  place in [from 0x20000000 to 0x20005fff] { rw, block HEAP };

  Section             Kind        Address    Size  Object
  -------             ----        -------    ----  ------
"A1":                                       0x26c
  .intvec             const    0x00000000   0x26c  startup_ewarm.o [1]
                             - 0x0000026c   0x26c

"P1":                                      0x75d0
  .text               ro code  0x0000026c   0xfa8  interpret.o [1]
  .text               ro code  0x00001214    0x50  cxxabi.o [4]
  .text               ro code  0x00001264     0x6  interpret.o [1]
  .text               ro code  0x0000126a    0x2e  copy_init3.o [7]
  .text               ro code  0x00001298   0x3b0  stepper.o [1]
  .text               ro code  0x00001648    0x10  interpret.o [1]
  .text               ro code  0x00001658    0x20  interpret.o [1]
  .text               ro code  0x00001678     0xc  interpret.o [1]
  .text               ro code  0x00001684   0x7c8  tasks.o [1]
  .text               ro code  0x00001e4c    0x36  strlen.o [7]
  .text               ro code  0x00001e82    0x22  zero_init3.o [7]
  .text               ro code  0x00001ea4   0x18e  main.o [1]
  .text               ro code  0x00002032    0x1e  xsscin.o [3]
  .text               ro code  0x00002050    0x42  strcmp.o [7]
  .text               ro code  0x00002092     0xa  interpret.o [1]
  .text               ro code  0x0000209c    0x30  interpret.o [1]
  .text               ro code  0x000020cc    0x2a  interpret.o [1]
  .text               ro code  0x000020f6     0xc  interpret.o [1]
  .text               ro code  0x00002102     0x2  interpret.o [1]
  .text               ro code  0x00002104    0x10  interpret.o [1]
  .text               ro code  0x00002114    0x24  sscanf.o [3]
  .text               ro code  0x00002138    0x58  parseTreeEntry.o [1]
  .text               ro code  0x00002190     0x4  parseTreeEntry.o [1]
  .text               ro code  0x00002194     0x4  parseTreeEntry.o [1]
  .text               ro code  0x00002198     0x4  parseTreeEntry.o [1]
  .text               ro code  0x0000219c     0x4  parseTreeEntry.o [1]
  .text               ro code  0x000021a0     0x2  interpret.o [1]
  .text               ro code  0x000021a2    0x54  symbolTableEntry.o [1]
  .text               ro code  0x000021f6     0x4  symbolTableEntry.o [1]
  .text               ro code  0x000021fa     0x4  symbolTableEntry.o [1]
  .text               ro code  0x000021fe     0x4  symbolTableEntry.o [1]
  .text               ro code  0x00002202     0x2  interpret.o [1]
  .text               ro code  0x00002204     0xc  interpret.o [1]
  .text               ro code  0x00002210     0x2  flashio.o [1]
  .text               ro code  0x00002212     0xe  interpret.o [1]
  .text               ro code  0x00002220    0x1e  interpret.o [1]
  .text               ro code  0x0000223e    0x16  interpret.o [1]
  .text               ro code  0x00002254    0x4c  xassert.o [3]
  .text               ro code  0x000022a0     0x4  parseTreeEntry.o [1]
  .text               ro code  0x000022a4    0x16  interpret.o [1]
  .text               ro code  0x000022ba    0x16  interpret.o [1]
  .text               ro code  0x000022d0    0x34  interpret.o [1]
  .text               ro code  0x00002304     0x6  interpret.o [1]
  .text               ro code  0x0000230a     0x4  symbolTableEntry.o [1]
  .text               ro code  0x0000230e     0x6  interpret.o [1]
  .text               ro code  0x00002314     0xa  interpret.o [1]
  .rodata             const    0x0000231e     0x2  heap_2.o [1]
  .text               ro code  0x00002320    0x3c  interpret.o [1]
  .text               ro code  0x0000235c    0x26  interpret.o [1]
  .text               ro code  0x00002382     0x6  interpret.o [1]
  .text               ro code  0x00002388     0x4  symbolTableEntry.o [1]
  .text               ro code  0x0000238c    0x14  interpret.o [1]
  .text               ro code  0x000023a0    0x1a  interpret.o [1]
  .text               ro code  0x000023ba     0xa  interpret.o [1]
  .text               ro code  0x000023c4    0x16  interpret.o [1]
  .text               ro code  0x000023da     0xe  interpret.o [1]
  .text               ro code  0x000023e8    0x28  interpret.o [1]
  .text               ro code  0x00002410    0x16  interpret.o [1]
  .text               ro code  0x00002426     0x4  symbolTableEntry.o [1]
  .text               ro code  0x0000242a    0x14  interpret.o [1]
  .text               ro code  0x0000243e     0x4  parseTreeEntry.o [1]
  .text               ro code  0x00002442     0x4  parseTreeEntry.o [1]
  .text               ro code  0x00002446    0x1c  interpret.o [1]
  .text               ro code  0x00002462     0x6  interpret.o [1]
  .text               ro code  0x00002468    0x76  ABImemcpy.o [7]
  .text               ro code  0x000024de     0x2  interpret.o [1]
  .text               ro code  0x000024e0    0x98  cppinit.o [3]
  .text               ro code  0x00002578   0x304  accel.o [1]
  .text               ro code  0x0000287c    0x30  stepper.o [1]
  .text               ro code  0x000028ac     0x6  stepper.o [1]
  .text               ro code  0x000028b2    0x22  stepper.o [1]
  .text               ro code  0x000028d4    0x26  stepper.o [1]
  .text               ro code  0x000028fc    0x28  stepper.o [1]
  .text               ro code  0x00002924    0x26  stepper.o [1]
  .text               ro code  0x0000294c    0x18  stepper.o [1]
  .text               ro code  0x00002964     0x6  stepper.o [1]
  .text               ro code  0x0000296c    0x3c  stepper.o [1]
  .text               ro code  0x000029a8    0x32  stepper.o [1]
  .text               ro code  0x000029da    0x28  stepper.o [1]
  .text               ro code  0x00002a04    0x1c  stepper.o [1]
  .text               ro code  0x00002a20    0x32  stepper.o [1]
  .text               ro code  0x00002a52    0x16  stepper.o [1]
  .text               ro code  0x00002a68    0xe8  stepper.o [1]
  .text               ro code  0x00002b50    0x32  stepper.o [1]
  .text               ro code  0x00002b82    0x16  stepper.o [1]
  .text               ro code  0x00002b98     0x6  stepper.o [1]
  .text               ro code  0x00002b9e    0x18  stepper.o [1]
  .text               ro code  0x00002bb6    0x12  stepper.o [1]
  .text               ro code  0x00002bc8    0x14  stepper.o [1]
  .text               ro code  0x00002bdc    0x66  timer.o [5]
  .text               ro code  0x00002c42    0x10  stepper.o [1]
  .text               ro code  0x00002c54    0x28  stepper.o [1]
  .text               ro code  0x00002c7c    0x14  interpret.o [1]
  .text               ro code  0x00002c90   0x158  port.o [1]
  .text               ro code  0x00002de8    0xa4  list.o [1]
  CODE                ro code  0x00002e8c    0xa0  portasm.o [1]
  .text               ro code  0x00002f2c    0x62  memcmp.o [7]
  .text               ro code  0x00002f90   0x14c  heap_2.o [1]
  .text               ro code  0x000030dc    0x16  tasks.o [1]
  .text               ro code  0x000030f2   0x24c  usbbuffer.o [9]
  .text               ro code  0x00003340     0x6  gpio.o [5]
  .text               ro code  0x00003348    0x74  sysctl.o [5]
  .text               ro code  0x000033bc   0x214  interrupt.o [5]
  .text               ro code  0x000035d0    0x2c  strstr.o [3]
  .text               ro code  0x000035fc   0x504  xscanfsmall.o [3]
  .text               ro code  0x00003b00     0x4  parseTreeEntry.o [1]
  .text               ro code  0x00003b04    0x1c  interpret.o [1]
  .text               ro code  0x00003b20    0x1c  interpret.o [1]
  .text               ro code  0x00003b3c    0x10  interpret.o [1]
  .text               ro code  0x00003b4c    0xa0  xreportassert.o [3]
  .text               ro code  0x00003bec     0x6  abort.o [3]
  .text               ro code  0x00003bf2    0x2a  interpret.o [1]
  .text               ro code  0x00003c1c     0x6  accel.o [1]
  .text               ro code  0x00003c22     0x6  accel.o [1]
  .text               ro code  0x00003c28    0x18  stepper.o [1]
  .text               ro code  0x00003c40    0x78  stepper.o [1]
  .text               ro code  0x00003cb8    0x2c  I32ToDbl.o [6]
  .text               ro code  0x00003ce4   0x1a2  DblMul.o [6]
  .text               ro code  0x00003e88   0x246  DblDiv.o [6]
  .text               ro code  0x000040d0    0x90  DblToFlt.o [6]
  .text               ro code  0x00004160    0x50  expf.o [6]
  .text               ro code  0x000041b0    0x18  stepper.o [1]
  .text               ro code  0x000041c8    0x1a  stepper.o [1]
  .text               ro code  0x000041e4    0x4e  FltToDbl.o [6]
  .text               ro code  0x00004234    0xe8  DblAdd.o [6]
  .text               ro code  0x0000431c    0x2c  stepper.o [1]
  .text               ro code  0x00004348     0x6  stepper.o [1]
  .text               ro code  0x0000434e    0x26  interpret.o [1]
  .text               ro code  0x00004374    0x66  ABImemset.o [7]
  .text               ro code  0x000043da   0x152  usbringbuf.o [9]
  .text               ro code  0x0000452c    0x10  cpu.o [5]
  .text               ro code  0x0000453c    0x16  strchr.o [7]
  .text               ro code  0x00004552    0x86  xstol.o [3]
  .text               ro code  0x000045d8   0x174  xstoul.o [3]
  .text               ro code  0x0000474c     0xc  interpret.o [1]
  .text               ro code  0x00004758    0x28  putchar.o [3]
  .text               ro code  0x00004780    0x14  exit.o [8]
  .text               ro code  0x00004794   0x21c  xfexp.o [6]
  .text               ro code  0x000049b0   0x16c  DblSub.o [6]
  .text               ro code  0x00004b1c     0xe  interpret.o [1]
  .text               ro code  0x00004b2c     0xc  errno.o [3]
  .text               ro code  0x00004b38    0x58  memchr.o [7]
  .text               ro code  0x00004b90    0x10  write.o [8]
  .text               ro code  0x00004ba0    0x6c  iarttio.o [8]
  .text               ro code  0x00004c0c    0xc8  xfdscale.o [6]
  .text               ro code  0x00004cd4     0x2  xtls.o [3]
  .text               ro code  0x00004cd6    0x1e  dwrite.o [8]
  .text               ro code  0x00004cf4     0x8  XShttio.o [3]
  .text               ro code  0x00004cfc    0x26  xfdnorm.o [6]
  .text               ro code  0x00004d22    0x20  iarwstd.o [8]
  .text               ro code  0x00004d42    0x22  iarwrite.o [8]
  .text               ro code  0x00004d64   0x96c  usbdenum.o [9]
  .text               ro code  0x000056d0   0x3f6  usb.o [5]
  .text               ro code  0x00005ac8   0x478  usbdma.o [9]
  .text               ro code  0x00005f40    0x6c  usbtick.o [9]
  .text               ro code  0x00005fac   0x150  usbdcdesc.o [9]
  .text               ro code  0x000060fc   0x228  usbdconfig.o [9]
  .text               ro code  0x00006324   0x11c  udma.o [5]
  .text               ro code  0x00006440    0x54  usbdesc.o [9]
  .text               ro code  0x00006494   0x750  usbdcdc.o [9]
  .text               ro code  0x00006be4   0x56c  usb_dev_serial.o [1]
  .text               ro code  0x00007150    0x1c  usbmode.o [9]
  .rodata             const    0x0000716c    0x6c  usbdcdc.o [9]
  .text               ro code  0x000071d8    0x4c  interpret.o [1]
  .text               ro code  0x00007224     0xe  interpret.o [1]
  .text               ro code  0x00007232    0x16  interpret.o [1]
  .text               ro code  0x00007248     0x2  interpret.o [1]
  .text               ro code  0x0000724a     0x2  interpret.o [1]
  .text               ro code  0x0000724c     0x2  interpret.o [1]
  .rodata             const    0x00007250    0x48  interpret.o [1]
  .rodata             const    0x00007298    0x38  usb_serial_structs.o [1]
  .rodata             const    0x000072d0    0x30  interpret.o [1]
  .rodata             const    0x00007300    0x2c  interpret.o [1]
  .rodata             const    0x0000732c    0x2c  interpret.o [1]
  .rodata             const    0x00007358    0x2c  usb_serial_structs.o [1]
  .rodata             const    0x00007384    0x28  main.o [1]
  .rodata             const    0x000073ac    0x28  stepper.o [1]
  .text               ro code  0x000073d4    0x28  data_init3.o [7]
  .rodata             const    0x000073fc    0x24  usb_serial_structs.o [1]
  .rodata             const    0x00007420    0x24  usb_serial_structs.o [1]
  .rodata             const    0x00007444    0x24  usb_serial_structs.o [1]
  .rodata             const    0x00007468    0x24  usb_serial_structs.o [1]
  .iar.init_table     const    0x0000748c    0x28  - Linker created -
  .rodata             const    0x000074b4    0x20  interpret.o [1]
  .rodata             const    0x000074d4    0x20  interpret.o [1]
  .text               ro code  0x000074f4    0x20  cmain_call_ctors.o [7]
  .text               ro code  0x00007514    0x1e  startup_ewarm.o [1]
  .text               ro code  0x00007532     0xc  cstartup_M.o [7]
  .text               ro code  0x00007540    0x1a  fpinit_M.o [6]
  .text               ro code  0x0000755c    0x16  cmain.o [7]
  .text               ro code  0x00007572     0x4  low_level_init.o [3]
  .text               ro code  0x00007576     0x4  exit.o [3]
  .text               ro code  0x0000757c     0xe  cexit.o [7]
  .rodata             const    0x0000758c    0x1c  interpret.o [1]
  .rodata             const    0x000075a8    0x18  stepper.o [1]
  .rodata             const    0x000075c0    0x18  usb_serial_structs.o [1]
  .text               ro code  0x000075d8    0x18  usbdhandler.o [9]
  .rodata             const    0x000075f0    0x14  tasks.o [1]
  .rodata             const    0x00007604    0x14  usb_serial_structs.o [1]
  .rodata             const    0x00007618    0x10  interpret.o [1]
  .rodata             const    0x00007628    0x10  interpret.o [1]
  .rodata             const    0x00007638    0x10  usb_dev_serial.o [1]
  .rodata             const    0x00007648     0xc  interpret.o [1]
  .rodata             const    0x00007654     0xc  interpret.o [1]
  .rodata             const    0x00007660     0xc  interpret.o [1]
  .rodata             const    0x0000766c     0xc  interpret.o [1]
  .rodata             const    0x00007678     0xc  interpret.o [1]
  .rodata             const    0x00007684     0xc  interpret.o [1]
  .rodata             const    0x00007690     0xc  interpret.o [1]
  .rodata             const    0x0000769c     0xc  interpret.o [1]
  .rodata             const    0x000076a8     0xc  interpret.o [1]
  .rodata             const    0x000076b4     0xc  main.o [1]
  .rodata             const    0x000076c0     0xc  usb_dev_serial.o [1]
  .rodata             const    0x000076cc     0x8  interpret.o [1]
  .rodata             const    0x000076d4     0x8  interpret.o [1]
  .rodata             const    0x000076dc     0x8  interpret.o [1]
  .rodata             const    0x000076e4     0x8  interpret.o [1]
  .rodata             const    0x000076ec     0x8  interpret.o [1]
  .rodata             const    0x000076f4     0x8  interpret.o [1]
  .rodata             const    0x000076fc     0x8  interpret.o [1]
  .rodata             const    0x00007704     0x8  interpret.o [1]
  .rodata             const    0x0000770c     0x8  interpret.o [1]
  .rodata             const    0x00007714     0x8  interpret.o [1]
  .rodata             const    0x0000771c     0x8  interpret.o [1]
  .rodata             const    0x00007724     0x8  interpret.o [1]
  .rodata             const    0x0000772c     0x8  interpret.o [1]
  .rodata             const    0x00007734     0x8  interpret.o [1]
  .rodata             const    0x0000773c     0x8  interpret.o [1]
  .rodata             const    0x00007744     0x8  interpret.o [1]
  .rodata             const    0x0000774c     0x8  main.o [1]
  .rodata             const    0x00007754     0x8  main.o [1]
  .rodata             const    0x0000775c     0x8  tasks.o [1]
  .rodata             const    0x00007764     0x4  usb_serial_structs.o [1]
  SHT$$PREINIT_ARRAY           0x00007768     0x0  <Block>
  SHT$$INIT_ARRAY              0x00007768     0x4  <Block>
    .init_array       const    0x00007768     0x4  interpret.o [1]
  .text               ro code  0x0000776c     0x0  cstart_call_dtors.o [7]
  .rodata             const    0x0000776c     0x0  zero_init3.o [7]
  .rodata             const    0x0000776c     0x0  copy_init3.o [7]
  Initializer bytes   ro data  0x0000776c    0xd0  <for P2 s0>
                             - 0x0000783c  0x75d0

"P2", part 1 of 3:                           0xd0
  P2 s0                        0x20000000    0xd0  <Init block>
    .data             inited   0x20000000    0x60  usb_serial_structs.o [1]
    .data             inited   0x20000060    0x20  usbdcdc.o [9]
    .data             inited   0x20000080    0x10  usbdcdc.o [9]
    .data             inited   0x20000090    0x10  usbmode.o [9]
    .data             inited   0x200000a0     0xc  usbdcdc.o [9]
    .data             inited   0x200000ac     0x8  usbdcdc.o [9]
    .data             inited   0x200000b4     0x8  XShttio.o [3]
    .data             inited   0x200000bc     0x4  heap_2.o [1]
    .data             inited   0x200000c0     0x4  interpret.o [1]
    .data             inited   0x200000c4     0x4  interpret.o [1]
    .data             inited   0x200000c8     0x4  port.o [1]
    .data             inited   0x200000cc     0x4  tasks.o [1]
                             - 0x200000d0    0xd0

"P2", part 2 of 3:                         0x48ac
  .bss                zero     0x200000d0  0x2ee0  heap_2.o [1]
  .bss                zero     0x20002fb0  0x1320  interpret.o [1]
  .bss                zero     0x200042d0   0x110  usbdma.o [9]
  .bss                zero     0x200043e0   0x108  interpret.o [1]
  .bss                zero     0x200044e8   0x100  usb_serial_structs.o [1]
  .bss                zero     0x200045e8   0x100  usb_serial_structs.o [1]
  .bss                zero     0x200046e8    0x64  tasks.o [1]
  .bss                zero     0x2000474c    0x50  usbdenum.o [9]
  .bss                zero     0x2000479c    0x40  usbdenum.o [9]
  .bss                zero     0x200047dc    0x38  usbtick.o [9]
  .bss                zero     0x20004814    0x20  interpret.o [1]
  .bss                zero     0x20004834    0x20  interpret.o [1]
  .bss                zero     0x20004854    0x18  usb_serial_structs.o [1]
  .bss                zero     0x2000486c    0x18  usb_serial_structs.o [1]
  .bss                zero     0x20004884    0x14  tasks.o [1]
  .bss                zero     0x20004898    0x14  tasks.o [1]
  .bss                zero     0x200048ac    0x14  tasks.o [1]
  .bss                zero     0x200048c0    0x14  tasks.o [1]
  .bss                zero     0x200048d4    0x14  tasks.o [1]
  .bss                zero     0x200048e8     0x8  heap_2.o [1]
  .bss                zero     0x200048f0     0x8  heap_2.o [1]
  .bss                zero     0x200048f8     0x4  heap_2.o [1]
  .bss                zero     0x200048fc     0x4  interpret.o [1]
  .bss                zero     0x20004900     0x4  interpret.o [1]
  .bss                zero     0x20004904     0x4  interpret.o [1]
  .bss                zero     0x20004908     0x4  interpret.o [1]
  .bss                zero     0x2000490c     0x4  interpret.o [1]
  .bss                zero     0x20004910     0x4  interpret.o [1]
  .bss                zero     0x20004914     0x4  interpret.o [1]
  .bss                zero     0x20004918     0x4  port.o [1]
  .bss                zero     0x2000491c     0x4  stepper.o [1]
  .bss                zero     0x20004920     0x4  tasks.o [1]
  .bss                zero     0x20004924     0x4  tasks.o [1]
  .bss                zero     0x20004928     0x4  tasks.o [1]
  .bss                zero     0x2000492c     0x4  tasks.o [1]
  .bss                zero     0x20004930     0x4  tasks.o [1]
  .bss                zero     0x20004934     0x4  tasks.o [1]
  .bss                zero     0x20004938     0x4  tasks.o [1]
  .bss                zero     0x2000493c     0x4  tasks.o [1]
  .bss                zero     0x20004940     0x4  tasks.o [1]
  .bss                zero     0x20004944     0x4  tasks.o [1]
  .bss                zero     0x20004948     0x4  tasks.o [1]
  .bss                zero     0x2000494c     0x4  tasks.o [1]
  .bss                zero     0x20004950     0x4  tasks.o [1]
  .bss                zero     0x20004954     0x4  usb_dev_serial.o [1]
  .bss                zero     0x20004958     0x4  usb_dev_serial.o [1]
  .bss                zero     0x2000495c     0x4  usb_dev_serial.o [1]
  .bss                zero     0x20004960     0x4  usb_dev_serial.o [1]
  .bss                zero     0x20004964     0x4  usbtick.o [9]
  .bss                zero     0x20004968     0x4  cppinit.o [3]
  .bss                zero     0x2000496c     0x4  cppinit.o [3]
  __DLIB_PERTHREAD    zero     0x20004970     0x4  errno.o [3]
  .bss                zero     0x20004974     0x1  interpret.o [1]
  .bss                zero     0x20004975     0x1  interpret.o [1]
  .bss                zero     0x20004976     0x1  interpret.o [1]
  .bss                zero     0x20004977     0x1  port.o [1]
  .bss                zero     0x20004978     0x1  usb_dev_serial.o [1]
  .bss                zero     0x20004979     0x1  usb_dev_serial.o [1]
                             - 0x2000497a  0x48aa

"P2", part 3 of 3:                          0x5b0
  .noinit             uninit   0x2000497c   0x400  startup_ewarm.o [1]
  .iar.dynexit                 0x20004d7c   0x1b0  <Block>
    .iar.dynexit      uninit   0x20004d7c     0xc  cppinit.o [3]
    .iar.dynexit      uninit   0x20004d88   0x1a4  <Block tail>
                             - 0x20004f2c   0x5b0


*******************************************************************************
*** INIT TABLE
***

          Address     Size
          -------     ----
Zero (__iar_zero_init3)
    1 destination range, total size 0x48aa:
          0x200000d0  0x48aa

Copy (__iar_copy_init3)
    1 source range, total size 0xd0:
          0x0000776c    0xd0
    1 destination range, total size 0xd0:
          0x20000000    0xd0

Extra (__iar_cstart_call_ctors)



*******************************************************************************
*** MODULE SUMMARY
***

    Module                ro code  ro data  rw data
    ------                -------  -------  -------
C:\dev\docs\scottdesign\motor\Debug\Obj: [1]
    accel.o                   784
    flashio.o                   2
    heap_2.o                  332        6   12 024
    interpret.o             5 034      580    5 263
    list.o                    164
    main.o                    398       68
    parseTreeEntry.o          120
    port.o                    344        4        9
    portasm.o                 160
    startup_ewarm.o            30      620    1 024
    stepper.o               2 100       64        4
    symbolTableEntry.o        108
    tasks.o                 2 014       32      256
    usb_dev_serial.o        1 388       28       18
    usb_serial_structs.o               388      656
    -----------------------------------------------
    Total:                 12 978    1 790   19 254

command line: [2]
    -----------------------------------------------
    Total:

dl7M_tln.a: [3]
    XShttio.o                   8        8        8
    abort.o                     6
    cppinit.o                 152                20
    errno.o                    12                 4
    exit.o                      4
    low_level_init.o            4
    putchar.o                  40
    sscanf.o                   36
    strstr.o                   44
    xassert.o                  76
    xreportassert.o           160
    xscanfsmall.o           1 284
    xsscin.o                   30
    xstol.o                   134
    xstoul.o                  372
    xtls.o                      2
    -----------------------------------------------
    Total:                  2 364        8       32

dlpp7M_tl_ne.a: [4]
    cxxabi.o                   80
    -----------------------------------------------
    Total:                     80

driverlib.a: [5]
    cpu.o                      16
    gpio.o                      6
    interrupt.o               532
    sysctl.o                  116
    timer.o                   102
    udma.o                    284
    usb.o                   1 014
    -----------------------------------------------
    Total:                  2 070

m7M_tlv.a: [6]
    DblAdd.o                  232
    DblDiv.o                  582
    DblMul.o                  418
    DblSub.o                  364
    DblToFlt.o                144
    FltToDbl.o                 78
    I32ToDbl.o                 44
    expf.o                     80
    fpinit_M.o                 26
    xfdnorm.o                  38
    xfdscale.o                200
    xfexp.o                   540
    -----------------------------------------------
    Total:                  2 746

rt7M_tl.a: [7]
    ABImemcpy.o               118
    ABImemset.o               102
    cexit.o                    14
    cmain.o                    22
    cmain_call_ctors.o         32
    copy_init3.o               46
    cstart_call_dtors.o
    cstartup_M.o               12
    data_init3.o               40
    memchr.o                   88
    memcmp.o                   98
    strchr.o                   22
    strcmp.o                   66
    strlen.o                   54
    zero_init3.o               34
    -----------------------------------------------
    Total:                    748

shb_l.a: [8]
    dwrite.o                   30
    exit.o                     20
    iarttio.o                 108
    iarwrite.o                 34
    iarwstd.o                  32
    write.o                    16
    -----------------------------------------------
    Total:                    240

usblib.a: [9]
    usbbuffer.o               588
    usbdcdc.o               1 872      176       68
    usbdcdesc.o               336
    usbdconfig.o              552
    usbdenum.o              2 412               144
    usbdesc.o                  84
    usbdhandler.o              24
    usbdma.o                1 144               272
    usbmode.o                  28       16       16
    usbringbuf.o              338
    usbtick.o                 108                60
    -----------------------------------------------
    Total:                  7 486      192      560

    Gaps                       34        4
    Linker created                      40      420
---------------------------------------------------
    Grand Total:           28 746    2 034   20 266


*******************************************************************************
*** ENTRY LIST
***

Entry                      Address    Size  Type      Object
-----                      -------    ----  ----      ------
.iar.dynexit$$Base      0x20004d7c           --   Gb  - Linker created -
.iar.dynexit$$Limit     0x20004f2c           --   Gb  - Linker created -
?main                   0x0000755d          Code  Gb  cmain.o [7]
CDCTickHandler          0x000068f9    0x7a  Code  Lc  usbdcdc.o [9]
CPUcpsid                0x0000452d     0x8  Code  Gb  cpu.o [5]
CPUcpsie                0x00004535     0x8  Code  Gb  cpu.o [5]
CheckForSerialStateChange
                        0x00006be5    0x3a  Code  Lc  usb_dev_serial.o [1]
ControlHandler          0x00006ebd    0xd8  Code  Gb  usb_dev_serial.o [1]
DMAUSBIntHandler        0x00005b25    0x30  Code  Lc  usbdma.o [9]
DMAUSBIntStatusClear    0x00005b17     0xe  Code  Lc  usbdma.o [9]
DMAUSBStatus            0x00005e71     0x4  Code  Lc  usbdma.o [9]
DeviceConsumedAllData   0x000064ad    0x18  Code  Lc  usbdcdc.o [9]
DtorRecArray            0x20004d7c     0xc  Data  Lc  cppinit.o [3]
FaultISR                0x0000752f     0x2  Code  Lc  startup_ewarm.o [1]
GPIOPinWrite            0x00003341     0x6  Code  Gb  gpio.o [5]
GetEPDescriptorType     0x00006119    0x46  Code  Lc  usbdconfig.o [9]
GetEndpointFIFOSize     0x000060fd    0x1c  Code  Lc  usbdconfig.o [9]
GetLineCoding           0x00006de7    0xa4  Code  Lc  usb_dev_serial.o [1]
HandleConfigChange      0x0000670d    0x2c  Code  Lc  usbdcdc.o [9]
HandleDevice            0x00006787    0x62  Code  Lc  usbdcdc.o [9]
HandleDisconnect        0x000068b3    0x22  Code  Lc  usbdcdc.o [9]
HandleEP0Data           0x00006739    0x46  Code  Lc  usbdcdc.o [9]
HandleEndpoints         0x000066bb    0x52  Code  Lc  usbdcdc.o [9]
HandleRequests          0x000067e9    0xb8  Code  Lc  usbdcdc.o [9]
HandleResume            0x000068e1     0xc  Code  Lc  usbdcdc.o [9]
HandleRxAvailable       0x00003181    0xb2  Code  Lc  usbbuffer.o [9]
HandleSuspend           0x000068d5     0xc  Code  Lc  usbdcdc.o [9]
IntDefaultHandler       0x00007531     0x2  Code  Lc  startup_ewarm.o [1]
IntDisable              0x0000344f    0x58  Code  Gb  interrupt.o [5]
IntEnable               0x000033f7    0x58  Code  Gb  interrupt.o [5]
IntIsEnabled            0x000034a7    0x5c  Code  Gb  interrupt.o [5]
IntMasterDisable        0x000033c5     0x6  Code  Gb  interrupt.o [5]
IntMasterEnable         0x000033bd     0x8  Code  Gb  interrupt.o [5]
IntPrioritySet          0x000033d3    0x24  Code  Gb  interrupt.o [5]
InternalUSBRegisterTickHandler
                        0x00005f5d    0x24  Code  Gb  usbtick.o [9]
InternalUSBStartOfFrameTick
                        0x00005f81    0x26  Code  Gb  usbtick.o [9]
InternalUSBTickInit     0x00005f41    0x1c  Code  Gb  usbtick.o [9]
NextConfigDescGet       0x00005fad    0x2e  Code  Lc  usbdcdesc.o [9]
NmiSR                   0x0000752d     0x2  Code  Lc  startup_ewarm.o [1]
ProcessDataFromHost     0x000065bf    0x5e  Code  Gb  usbdcdc.o [9]
ProcessDataToHost       0x00006661    0x52  Code  Gb  usbdcdc.o [9]
ProcessNotificationToHost
                        0x0000662b    0x36  Code  Gb  usbdcdc.o [9]
ReadUARTData            0x00006c1f    0x64  Code  Lc  usb_dev_serial.o [1]
Region$$Table$$Base     0x0000748c           --   Gb  - Linker created -
Region$$Table$$Limit    0x000074b4           --   Gb  - Linker created -
ResetISR                0x00007515    0x14  Code  Gb  startup_ewarm.o [1]
RxHandler               0x00006fa3    0x48  Code  Gb  usb_dev_serial.o [1]
SHT$$INIT_ARRAY$$Base   0x00007768           --   Gb  - Linker created -
SHT$$INIT_ARRAY$$Limit  0x0000776c           --   Gb  - Linker created -
SHT$$PREINIT_ARRAY$$Base
                        0x00007768           --   Gb  - Linker created -
SHT$$PREINIT_ARRAY$$Limit
                        0x00007768           --   Gb  - Linker created -
ScheduleNextTransmission
                        0x000030f3    0x8e  Code  Lc  usbbuffer.o [9]
SendBreak               0x00006e8b    0x32  Code  Lc  usb_dev_serial.o [1]
SendBreak               0x000064c5    0x3a  Code  Lc  usbdcdc.o [9]
SendLineCodingChange    0x000064ff    0x1e  Code  Lc  usbdcdc.o [9]
SendLineStateChange     0x0000651d    0x1e  Code  Lc  usbdcdc.o [9]
SendSerialState         0x0000653b    0x84  Code  Lc  usbdcdc.o [9]
SetControlLineState     0x00006d3b     0x2  Code  Lc  usb_dev_serial.o [1]
SetDeferredOpFlag       0x00006495    0x18  Code  Lc  usbdcdc.o [9]
SetLineCoding           0x00006d3d    0xaa  Code  Lc  usb_dev_serial.o [1]
SysCtlPeripheralEnable  0x00003389     0x8  Code  Gb  sysctl.o [5]
SysCtlPeripheralReset   0x00003349    0x40  Code  Gb  sysctl.o [5]
SysCtlUSBPLLEnable      0x000033a5     0xc  Code  Gb  sysctl.o [5]
TimerConfigure          0x00002bf5    0x26  Code  Gb  timer.o [5]
TimerDisable            0x00002be9     0xc  Code  Gb  timer.o [5]
TimerEnable             0x00002bdd     0xc  Code  Gb  timer.o [5]
TimerIntEnable          0x00002c31     0x4  Code  Gb  timer.o [5]
TimerLoadSet            0x00002c21    0x10  Code  Gb  timer.o [5]
TxHandler               0x00006f95     0xe  Code  Gb  usb_dev_serial.o [1]
UARTSend                0x00001eb7    0x12  Code  Gb  main.o [1]
USB0DeviceIntHandler    0x000075d9    0x18  Code  Gb  usbdhandler.o [9]
USBBufferDataAvailable  0x000032a7     0x6  Code  Gb  usbbuffer.o [9]
USBBufferEventCallback  0x000032b3    0x8c  Code  Gb  usbbuffer.o [9]
USBBufferFlush          0x0000327b     0x6  Code  Gb  usbbuffer.o [9]
USBBufferInit           0x00003233    0x16  Code  Gb  usbbuffer.o [9]
USBBufferRead           0x00003281    0x26  Code  Gb  usbbuffer.o [9]
USBBufferSpaceAvailable
                        0x000032ad     0x6  Code  Gb  usbbuffer.o [9]
USBBufferWrite          0x00003249    0x32  Code  Gb  usbbuffer.o [9]
USBDCDCCompositeInit    0x00006989    0x8e  Code  Gb  usbdcdc.o [9]
USBDCDCInit             0x00006a17    0x42  Code  Gb  usbdcdc.o [9]
USBDCDCPacketRead       0x00006ab5    0x7e  Code  Gb  usbdcdc.o [9]
USBDCDCPacketWrite      0x00006a69    0x4c  Code  Gb  usbdcdc.o [9]
USBDCDCRxPacketAvailable
                        0x00006b43    0x32  Code  Gb  usbdcdc.o [9]
USBDCDCSerialStateChange
                        0x00006b7d    0x2e  Code  Gb  usbdcdc.o [9]
USBDCDCTxPacketAvailable
                        0x00006b33    0x10  Code  Gb  usbdcdc.o [9]
USBDCDConfigDescGet     0x00006023    0x54  Code  Gb  usbdcdesc.o [9]
USBDCDConfigDescGetNum  0x00005ff9    0x2a  Code  Gb  usbdcdesc.o [9]
USBDCDConfigDescGetSize
                        0x00005fdb    0x1e  Code  Gb  usbdcdesc.o [9]
USBDCDConfigGetInterface
                        0x00006077    0x4c  Code  Gb  usbdcdesc.o [9]
USBDCDConfigGetInterfaceEndpoint
                        0x000060cb    0x32  Code  Gb  usbdcdesc.o [9]
USBDCDDeviceInfoInit    0x00004d65    0x1a  Code  Gb  usbdenum.o [9]
USBDCDInit              0x00004d7f    0xb8  Code  Gb  usbdenum.o [9]
USBDCDRequestDataEP0    0x00004e37    0x10  Code  Gb  usbdenum.o [9]
USBDCDSendDataEP0       0x00004e47     0xa  Code  Gb  usbdenum.o [9]
USBDCDStallEP0          0x00004e55    0x18  Code  Gb  usbdenum.o [9]
USBDClearFeature        0x00005067    0x72  Code  Lc  usbdenum.o [9]
USBDEP0StateTx          0x00005417    0x66  Code  Lc  usbdenum.o [9]
USBDEP0StateTxConfig    0x0000547d   0x13e  Code  Lc  usbdenum.o [9]
USBDGetConfiguration    0x0000528b    0x22  Code  Lc  usbdenum.o [9]
USBDGetDescriptor       0x0000515d   0x128  Code  Lc  usbdenum.o [9]
USBDGetInterface        0x00005343    0x24  Code  Lc  usbdenum.o [9]
USBDGetStatus           0x00005017    0x50  Code  Lc  usbdenum.o [9]
USBDReadAndDispatchRequest
                        0x00004eb7    0x56  Code  Lc  usbdenum.o [9]
USBDSetAddress          0x00005143    0x1a  Code  Lc  usbdenum.o [9]
USBDSetConfiguration    0x000052bd    0x7e  Code  Lc  usbdenum.o [9]
USBDSetDescriptor       0x00005285     0x6  Code  Lc  usbdenum.o [9]
USBDSetFeature          0x000050e3    0x60  Code  Lc  usbdenum.o [9]
USBDSetInterface        0x0000537f    0x88  Code  Lc  usbdenum.o [9]
USBDSyncFrame           0x00005407     0x4  Code  Lc  usbdenum.o [9]
USBDescGet              0x00006467    0x2e  Code  Gb  usbdesc.o [9]
USBDescGetNum           0x00006441    0x26  Code  Gb  usbdesc.o [9]
USBDevAddrSet           0x00005867     0x4  Code  Gb  usb.o [5]
USBDevConnect           0x0000584f     0xc  Code  Gb  usb.o [5]
USBDevDisconnect        0x0000585b     0xc  Code  Gb  usb.o [5]
USBDevEndpointConfigSet
                        0x0000586b    0x74  Code  Gb  usb.o [5]
USBDevEndpointDataAck   0x00005a0d    0x20  Code  Gb  usb.o [5]
USBDevEndpointStall     0x000057df    0x30  Code  Gb  usb.o [5]
USBDevEndpointStallClear
                        0x0000580f    0x40  Code  Gb  usb.o [5]
USBDevEndpointStatusClear
                        0x00005791    0x4e  Code  Gb  usb.o [5]
USBDevMode              0x00005ab1     0x2  Code  Gb  usb.o [5]
USBDeviceConfig         0x0000615f   0x136  Code  Gb  usbdconfig.o [9]
USBDeviceConfigAlternate
                        0x000062a1    0x7e  Code  Gb  usbdconfig.o [9]
USBDeviceEnumHandler    0x00004f11    0xca  Code  Gb  usbdenum.o [9]
USBDeviceEnumResetHandler
                        0x00004fdb    0x3c  Code  Gb  usbdenum.o [9]
USBDeviceIntHandlerInternal
                        0x000055bb    0xc8  Code  Gb  usbdenum.o [9]
USBDeviceResumeTickHandler
                        0x00004e6d    0x4a  Code  Gb  usbdenum.o [9]
USBEndpointDMAChannel   0x00005a97    0x1a  Code  Gb  usb.o [5]
USBEndpointDMAConfigSet
                        0x00005921    0x48  Code  Gb  usb.o [5]
USBEndpointDMADisable   0x00005989    0x20  Code  Gb  usb.o [5]
USBEndpointDMAEnable    0x00005969    0x20  Code  Gb  usb.o [5]
USBEndpointDataAvail    0x000059a9    0x20  Code  Gb  usb.o [5]
USBEndpointDataGet      0x000059c9    0x44  Code  Gb  usb.o [5]
USBEndpointDataPut      0x00005a2d    0x30  Code  Gb  usb.o [5]
USBEndpointDataSend     0x00005a63    0x2c  Code  Gb  usb.o [5]
USBEndpointPacketCountSet
                        0x00005ab9     0xe  Code  Gb  usb.o [5]
USBEndpointStatus       0x0000577d     0xe  Code  Gb  usb.o [5]
USBFIFOAddrGet          0x00005a8f     0x8  Code  Gb  usb.o [5]
USBFIFOConfigSet        0x000058df    0x3c  Code  Gb  usb.o [5]
USBHostResume           0x000056eb    0x14  Code  Gb  usb.o [5]
USBIndexWrite           0x000056d1    0x1a  Code  Lc  usb.o [5]
USBIntEnableControl     0x000056ff    0x26  Code  Gb  usb.o [5]
USBIntEnableEndpoint    0x00005755    0x1a  Code  Gb  usb.o [5]
USBIntStatusControl     0x00005725    0x30  Code  Gb  usb.o [5]
USBIntStatusEndpoint    0x0000576f     0x6  Code  Gb  usb.o [5]
USBLibDMAInit           0x00005e75    0x84  Code  Gb  usbdma.o [9]
USBRingBufAdvanceRead   0x000044a3    0x1e  Code  Gb  usbringbuf.o [9]
USBRingBufAdvanceWrite  0x000044c1    0x36  Code  Gb  usbringbuf.o [9]
USBRingBufContigFree    0x00004455    0x1c  Code  Gb  usbringbuf.o [9]
USBRingBufContigUsed    0x00004443    0x12  Code  Gb  usbringbuf.o [9]
USBRingBufFlush         0x00004407    0x1a  Code  Gb  usbringbuf.o [9]
USBRingBufFree          0x00004435     0xe  Code  Gb  usbringbuf.o [9]
USBRingBufInit          0x00004521     0xc  Code  Gb  usbringbuf.o [9]
USBRingBufRead          0x00004487    0x1c  Code  Gb  usbringbuf.o [9]
USBRingBufReadOne       0x00004471    0x16  Code  Gb  usbringbuf.o [9]
USBRingBufUsed          0x00004421    0x14  Code  Gb  usbringbuf.o [9]
USBRingBufWrite         0x00004505    0x1c  Code  Gb  usbringbuf.o [9]
USBRingBufWriteOne      0x000044f7     0xe  Code  Gb  usbringbuf.o [9]
USBStackModeSet         0x00007151    0x18  Code  Gb  usbmode.o [9]
USBUARTIntHandler       0x00006cd7    0x64  Code  Gb  usb_dev_serial.o [1]
USBUARTPrimeTransmit    0x00006c83    0x54  Code  Lc  usb_dev_serial.o [1]
UpdateIndexAtomic       0x000043db    0x2c  Code  Lc  usbringbuf.o [9]
_GetintSmall            0x000038b9   0x230  Code  Lc  xscanfsmall.o [3]
_GetstrSmall            0x000037f9    0xc0  Code  Lc  xscanfsmall.o [3]
_SScin                  0x00002033    0x1e  Code  Gb  xsscin.o [3]
_ScanfSmall             0x000035fd   0x1f6  Code  Gb  xscanfsmall.o [3]
__aeabi_assert          0x00002257    0x4a  Code  Gb  xassert.o [3]
__aeabi_atexit          0x00001255     0xa  Code  Gb  cxxabi.o [4]
__aeabi_d2f             0x000040d1          Code  Gb  DblToFlt.o [6]
__aeabi_dadd            0x00004235          Code  Gb  DblAdd.o [6]
__aeabi_ddiv            0x00003e89          Code  Gb  DblDiv.o [6]
__aeabi_dmul            0x00003ce5          Code  Gb  DblMul.o [6]
__aeabi_errno_addr      0x00004b2d     0x6  Code  Gb  errno.o [3]
__aeabi_f2d             0x000041e5          Code  Gb  FltToDbl.o [6]
__aeabi_i2d             0x00003cb9          Code  Gb  I32ToDbl.o [6]
__aeabi_memcpy          0x00002469          Code  Gb  ABImemcpy.o [7]
__aeabi_memcpy4         0x00002489          Code  Gb  ABImemcpy.o [7]
__aeabi_memcpy8         0x00002489          Code  Gb  ABImemcpy.o [7]
__aeabi_memset          0x00004375          Code  Gb  ABImemset.o [7]
__aeabi_vec_ctor_nocookie_nodtor
                        0x00001215    0x22  Code  Gb  cxxabi.o [4]
__aeabi_vec_dtor        0x00001237    0x1e  Code  Gb  cxxabi.o [4]
__call_ctors            0x000024e1    0x18  Code  Gb  cppinit.o [3]
__call_dtors            0x00002533     0x2  Code  Gb  cppinit.o [3]
__cexit_call_dtors      0x0000757f          Code  Gb  cexit.o [7]
__cmain                 0x0000755d          Code  Gb  cmain.o [7]
__cstart_call_dtors     0x0000776c          Data  Gb  cstart_call_dtors.o [7]
__cxa_atexit            0x000024f9    0x3a  Code  Gb  cppinit.o [3]
__cxa_finalize          0x00002535    0x38  Code  Gb  cppinit.o [3]
__dso_handle            0x2000496c     0x4  Data  Gb  cppinit.o [3]
__dwrite                0x00004cd7    0x1e  Code  Gb  dwrite.o [8]
__exit                  0x00004781    0x14  Code  Gb  exit.o [8]
__iar_EmptyStepPoint    0x00002255     0x2  Code  Gb  xassert.o [3]
__iar_Errno             0x20004970     0x4  Data  Gb  errno.o [3]
__iar_FDnorm            0x00004cfd    0x26  Code  Gb  xfdnorm.o [6]
__iar_FDscale           0x00004c0d    0xc8  Code  Gb  xfdscale.o [6]
__iar_FExp              0x00004795   0x1ea  Code  Gb  xfexp.o [6]
__iar_Memchr            0x00004b39          Code  Gb  memchr.o [7]
__iar_Memset            0x00004375          Code  Gb  ABImemset.o [7]
__iar_Memset_word       0x0000437d          Code  Gb  ABImemset.o [7]
__iar_ReportAssert      0x00003b63    0x50  Code  Gb  xreportassert.o [3]
__iar_Stolx             0x00004553    0x86  Code  Gb  xstol.o [3]
__iar_Stoul             0x000046f7     0x4  Code  Gb  xstoul.o [3]
__iar_Stoulx            0x000045d9   0x118  Code  Gb  xstoul.o [3]
__iar_Strchr            0x0000453d          Code  Gb  strchr.o [7]
__iar_Strstr            0x000035d1    0x2c  Code  Gb  strstr.o [3]
__iar_close_ttio        0x00004ba1    0x2e  Code  Gb  iarttio.o [8]
__iar_copy_init3        0x0000126b    0x2e  Code  Gb  copy_init3.o [7]
__iar_cstart_call_ctors
                        0x000074f5    0x20  Code  Gb  cmain_call_ctors.o [7]
__iar_dadd              0x00004249          Code  Gb  DblAdd.o [6]
__iar_data_init3        0x000073d5    0x28  Code  Gb  data_init3.o [7]
__iar_dlib_perthread_access
                        0x00004cd5     0x2  Code  Gb  xtls.o [3]
__iar_dsub              0x000049b1          Code  Gb  DblSub.o [6]
__iar_dsubStart         0x000049c3          Code  Gb  DblSub.o [6]
__iar_get_ttio          0x00004bd1    0x38  Code  Gb  iarttio.o [8]
__iar_init_vfp          0x00007541          Code  Gb  fpinit_M.o [6]
__iar_lookup_ttioh      0x00004cf5     0x8  Code  Gb  XShttio.o [3]
__iar_program_start     0x00007533          Code  Gb  cstartup_M.o [7]
__iar_sh_stdout         0x00004d23    0x20  Code  Gb  iarwstd.o [8]
__iar_sh_write          0x00004d43    0x22  Code  Gb  iarwrite.o [8]
__iar_strcmp            0x00002051          Code  Gb  strcmp.o [7]
__iar_ttio_handles      0x200000b4     0x8  Data  Lc  XShttio.o [3]
__iar_ui2d              0x00003ccd          Code  Gb  I32ToDbl.o [6]
__iar_zero_init3        0x00001e83    0x22  Code  Gb  zero_init3.o [7]
__low_level_init        0x00007573     0x4  Code  Gb  low_level_init.o [3]
__sti__routine          0x0000026d    0x18  Code  Lc  interpret.o [1]
__vector_table          0x00000000   0x26c  Data  Gb  startup_ewarm.o [1]
__write                 0x00004b91    0x10  Code  Gb  write.o [8]
_call_main              0x00007569          Code  Gb  cmain.o [7]
_exit                   0x0000757d          Code  Gb  cexit.o [7]
_main                   0x0000756f          Code  Gb  cmain.o [7]
abort                   0x00003bed     0x6  Code  Gb  abort.o [3]
accel::RPMx10k(unsigned int, unsigned int)
                        0x0000434f    0x26  Code  Gb  interpret.o [1]
accel::_RPMx10ktoFreq(unsigned int)
                        0x00004b1d     0xe  Code  Gb  interpret.o [1]
accel::_accelStepMicroSec() const
                        0x000041b1    0x18  Code  Gb  stepper.o [1]
accel::_initUnitCurve(int)
                        0x000026cf    0x7e  Code  Gb  accel.o [1]
accel::_scaleYAxisToClockTicks()
                        0x000027f9    0x38  Code  Gb  accel.o [1]
accel::_scaleYAxisToFrequency()
                        0x0000274d    0xaa  Code  Gb  accel.o [1]
accel::accel()          0x00002579    0x2e  Code  Gb  accel.o [1]
accel::accelMicroSec() const
                        0x000028ad     0x6  Code  Gb  stepper.o [1]
accel::accelMicroSec(unsigned int)
                        0x00002c55    0x28  Code  Gb  stepper.o [1]
accel::assign(const accel&)
                        0x000025bd    0x62  Code  Gb  accel.o [1]
accel::clockTicksToCurveIndex(unsigned int) const
                        0x00003c29    0x18  Code  Gb  stepper.o [1]
accel::clockTicksToFreq(unsigned int) const
                        0x00002b9f    0x18  Code  Gb  stepper.o [1]
accel::clockTicksToMicroSec(unsigned int) const
                        0x00002925    0x26  Code  Gb  stepper.o [1]
accel::curveIndexToClockTicks(unsigned int) const
                        0x000028fd    0x28  Code  Gb  stepper.o [1]
accel::curveIndexToClockTicks(unsigned int) const::string
                        0x000075a8    0x18  Data  Gb  stepper.o [1]
accel::curveIndexToClockTicks(unsigned int) const::string (instance 2)
                        0x000073ac    0x28  Data  Gb  stepper.o [1]
accel::degreesPerMicrostepx10k(unsigned int)
                        0x00004349     0x6  Code  Gb  stepper.o [1]
accel::fmax() const     0x00003c1d     0x6  Code  Gb  accel.o [1]
accel::fmin() const     0x00002965     0x6  Code  Gb  stepper.o [1]
accel::freqCloseToStop(unsigned int) const
                        0x00002bb7    0x12  Code  Gb  stepper.o [1]
accel::freqToClockTicks(unsigned int) const
                        0x0000431d    0x2c  Code  Gb  stepper.o [1]
accel::frequency(unsigned int, unsigned int)
                        0x00002849    0x34  Code  Gb  accel.o [1]
accel::microSecToClockTicks(unsigned int) const
                        0x000041c9    0x1a  Code  Gb  stepper.o [1]
accel::microSecToCurveIndex(unsigned int) const
                        0x000028d5    0x26  Code  Gb  stepper.o [1]
accel::microSecToFreq(unsigned int) const
                        0x0000294d    0x18  Code  Gb  stepper.o [1]
accel::microSecToSteps(unsigned int)
                        0x0000261f    0x58  Code  Gb  accel.o [1]
accel::operator =(const accel&)
                        0x000025a7    0x16  Code  Gb  accel.o [1]
accel::reset(unsigned int)
                        0x000028b3    0x22  Code  Gb  stepper.o [1]
accel::stepsToMicroSec(unsigned int)
                        0x00002677    0x58  Code  Gb  accel.o [1]
accel::totalClockTicks() const
                        0x00003c23     0x6  Code  Gb  accel.o [1]
accel::totalClockTicksToCurrentClockTicks(unsigned int)
                        0x00003c41    0x78  Code  Gb  stepper.o [1]
accel::updateClockPeriod()
                        0x000029db    0x28  Code  Gb  stepper.o [1]
accel::updateClockPeriodDecelerate()
                        0x00002a69    0xe8  Code  Gb  stepper.o [1]
accel::~accel()         0x0000724d     0x2  Code  Gb  interpret.o [1]
bufferInput             0x000004d7   0x20a  Code  Gb  interpret.o [1]
delay                   0x00001ec9    0x1c  Code  Gb  main.o [1]
digits                  0x000046fc    0x28  Data  Lc  xstoul.o [3]
enable                  0x00001ee5     0xe  Code  Gb  main.o [1]
errMsg()                0x000002ff    0x1a  Code  Gb  interpret.o [1]
exit                    0x00007577     0x4  Code  Gb  exit.o [3]
expf                    0x00004161    0x4c  Code  Gb  expf.o [6]
flashLED                0x00001f13     0x2  Code  Gb  main.o [1]
flashio::flashio()      0x00002211     0x2  Code  Gb  flashio.o [1]
flashio::~flashio()     0x0000724b     0x2  Code  Gb  interpret.o [1]
g_bSendingBreak         0x20004978     0x1  Data  Lc  usb_dev_serial.o [1]
g_bUSBConfigured        0x20004979     0x1  Data  Lc  usb_dev_serial.o [1]
g_bUSBTimerInitialized  0x200047dc     0x1  Data  Gb  usbtick.o [9]
g_eOTGModeState         0x20000091     0x1  Data  Gb  usbmode.o [9]
g_iDualMode             0x20000092     0x1  Data  Lc  usbmode.o [9]
g_iUSBMode              0x20000090     0x1  Data  Gb  usbmode.o [9]
g_pCDCCompSerConfigDescriptors
                        0x00006bb0     0x4  Data  Gb  usbdcdc.o [9]
g_pcStatus              0x20004960     0x4  Data  Gb  usb_dev_serial.o [1]
g_pfnTickHandlers       0x200047e0    0x18  Data  Gb  usbtick.o [9]
g_pfnUSBModeCallback    0x2000009c     0x4  Data  Lc  usbmode.o [9]
g_ppCDCSerConfigDescriptors
                        0x00006bac     0x4  Data  Gb  usbdcdc.o [9]
g_ppsDevInfo            0x20004794     0x4  Data  Gb  usbdenum.o [9]
g_ppui8StringDescriptors
                        0x000075c0    0x18  Data  Gb  usb_serial_structs.o [1]
g_psCDCCompSerSections  0x20000080    0x10  Data  Gb  usbdcdc.o [9]
g_psCDCSerSections      0x200000a0     0xc  Data  Gb  usbdcdc.o [9]
g_psDCDInst             0x2000474c    0x48  Data  Gb  usbdenum.o [9]
g_psUSBDMAInst          0x200042d0   0x110  Data  Lc  usbdma.o [9]
g_psUSBDStdRequests     0x0000569c    0x34  Data  Lc  usbdenum.o [9]
g_pui32Dii16Regs        0x000035bc    0x14  Data  Lc  interrupt.o [5]
g_pui32EnRegs           0x000035a8    0x14  Data  Lc  interrupt.o [5]
g_pui32Regs             0x0000350c    0x9c  Data  Lc  interrupt.o [5]
g_pui8CDCSerCommInterface
                        0x0000717c    0x24  Data  Gb  usbdcdc.o [9]
g_pui8CDCSerDataInterface
                        0x000071a8    0x18  Data  Gb  usbdcdc.o [9]
g_pui8CDCSerDescriptor  0x20000060     0xc  Data  Gb  usbdcdc.o [9]
g_pui8CDCSerDeviceDescriptor
                        0x2000006c    0x14  Data  Gb  usbdcdc.o [9]
g_pui8ConfigString      0x00007298    0x38  Data  Gb  usb_serial_structs.o [1]
g_pui8ControlInterfaceString
                        0x00007358    0x2c  Data  Gb  usb_serial_structs.o [1]
g_pui8DataBufferIn      0x2000479c    0x40  Data  Lc  usbdenum.o [9]
g_pui8IADSerDescriptor  0x200000ac     0x8  Data  Gb  usbdcdc.o [9]
g_pui8LangDescriptor    0x00007764     0x4  Data  Gb  usb_serial_structs.o [1]
g_pui8ManufacturerString
                        0x000073fc    0x24  Data  Gb  usb_serial_structs.o [1]
g_pui8ProductString     0x00007420    0x24  Data  Gb  usb_serial_structs.o [1]
g_pui8RxBufferWorkspace
                        0x20004854    0x18  Data  Gb  usb_serial_structs.o [1]
g_pui8SerialNumberString
                        0x00007604    0x14  Data  Gb  usb_serial_structs.o [1]
g_pui8TxBufferWorkspace
                        0x2000486c    0x18  Data  Gb  usb_serial_structs.o [1]
g_pui8USBRxBuffer       0x200044e8   0x100  Data  Gb  usb_serial_structs.o [1]
g_pui8USBTxBuffer       0x200045e8   0x100  Data  Gb  usb_serial_structs.o [1]
g_pvTickInstance        0x200047f8    0x18  Data  Gb  usbtick.o [9]
g_sCDCCompSerConfigHeader
                        0x000071d0     0x8  Data  Gb  usbdcdc.o [9]
g_sCDCDevice            0x20000000    0x60  Data  Gb  usb_serial_structs.o [1]
g_sCDCHandlers          0x00006bb4    0x30  Data  Gb  usbdcdc.o [9]
g_sCDCSerCommInterfaceSection
                        0x000071a0     0x8  Data  Gb  usbdcdc.o [9]
g_sCDCSerConfigHeader   0x000071c8     0x8  Data  Gb  usbdcdc.o [9]
g_sCDCSerConfigSection  0x0000716c     0x8  Data  Gb  usbdcdc.o [9]
g_sCDCSerDataInterfaceSection
                        0x000071c0     0x8  Data  Gb  usbdcdc.o [9]
g_sIADSerConfigSection  0x00007174     0x8  Data  Gb  usbdcdc.o [9]
g_sRxBuffer             0x00007444    0x24  Data  Gb  usb_serial_structs.o [1]
g_sTxBuffer             0x00007468    0x24  Data  Gb  usb_serial_structs.o [1]
g_ui32CurrentUSBTick    0x20004810     0x4  Data  Gb  usbtick.o [9]
g_ui32Flags             0x2000495c     0x4  Data  Gb  usb_dev_serial.o [1]
g_ui32PollRate          0x20000094     0x4  Data  Gb  usbmode.o [9]
g_ui32UARTRxCount       0x20004958     0x4  Data  Gb  usb_dev_serial.o [1]
g_ui32UARTTxCount       0x20004954     0x4  Data  Gb  usb_dev_serial.o [1]
g_ui32USBSOFCount       0x20004964     0x4  Data  Gb  usbtick.o [9]
g_ui32WaitTicks         0x20000098     0x4  Data  Gb  usbmode.o [9]
heapSTRUCT_SIZE         0x0000231e     0x2  Data  Lc  heap_2.o [1]
intToNodeType(int)      0x00000475    0x62  Code  Gb  interpret.o [1]
interpret::_cleanUpEvaluationStack(unsigned int)
                        0x00000bbb    0x34  Code  Gb  interpret.o [1]
interpret::_cleanUpSymbolTable()
                        0x00000bef    0x28  Code  Gb  interpret.o [1]
interpret::_currentProgramNodeLevel() const
                        0x000023c5    0x16  Code  Gb  interpret.o [1]
interpret::_currentProgramNodeType() const
                        0x000022a5    0x16  Code  Gb  interpret.o [1]
interpret::_currentProgramNodeValue() const
                        0x000022bb    0x16  Code  Gb  interpret.o [1]
interpret::_evalValue()
                        0x00002321    0x3c  Code  Gb  interpret.o [1]
interpret::_evalValue()::string
                        0x000074b4    0x20  Data  Gb  interpret.o [1]
interpret::_evalValue()::string (instance 2)
                        0x00007300    0x2c  Data  Gb  interpret.o [1]
interpret::_evalValuePeek() const
                        0x000023db     0xe  Code  Gb  interpret.o [1]
interpret::_findFirstAvailableNodeInSymbolTable()
                        0x00001123    0x7e  Code  Gb  interpret.o [1]
interpret::_findFirstParseTreeEntry(parseTreeEntry const &, unsigned int)
                        0x00000c17    0x74  Code  Gb  interpret.o [1]
interpret::_getLastSymbolTableIndex()
                        0x00002411    0x16  Code  Gb  interpret.o [1]
interpret::_programNodeType(unsigned int) const
                        0x0000242b    0x14  Code  Gb  interpret.o [1]
interpret::_pushTemporarySymbolOnEvaluationStack(unsigned int)
                        0x000010a1    0x82  Code  Gb  interpret.o [1]
interpret::_resetSymbolTableTemporaryBoundary()
                        0x000023bb     0xa  Code  Gb  interpret.o [1]
interpret::_returnSymbolToAvailablePool(unsigned int)
                        0x0000235d    0x26  Code  Gb  interpret.o [1]
interpret::_updateProgramIndex(nodeType, int)
                        0x00000b5d    0x5e  Code  Gb  interpret.o [1]
interpret::appendToProgram(parseTreeEntry const &)
                        0x00000747    0x2e  Code  Gb  interpret.o [1]
interpret::appendToSymbolTable(symbolTableEntry const &)
                        0x00000775    0x2e  Code  Gb  interpret.o [1]
interpret::evaluateOperator(unsigned int)
                        0x00000d3d   0x348  Code  Gb  interpret.o [1]
interpret::getLowWaterMarkForTemporarySymbolSearch() const
                        0x00002463     0x6  Code  Gb  interpret.o [1]
interpret::getStepper()
                        0x00001265     0x6  Code  Gb  interpret.o [1]
interpret::interpret()  0x000006e1    0x66  Code  Gb  interpret.o [1]
interpret::run()        0x000007a3   0x3ba  Code  Gb  interpret.o [1]
interpret::setLowWaterMarkForTemporarySymbolSearch()
                        0x00002205     0xc  Code  Gb  interpret.o [1]
interpret::symbolFromIndex(int)
                        0x00002447    0x1c  Code  Gb  interpret.o [1]
interpret::symbolTableIndexMorph(int)
                        0x00000c8b    0x70  Code  Gb  interpret.o [1]
interpret::~interpret()
                        0x000071d9    0x4c  Code  Gb  interpret.o [1]
interpretRun            0x00000285    0x60  Code  Gb  interpret.o [1]
interpreter             0x20002fb0  0x1320  Data  Gb  interpret.o [1]
interpreterRunBool      0x20004975     0x1  Data  Lc  interpret.o [1]
led::Off()              0x00003b21    0x1c  Code  Gb  interpret.o [1]
led::On()               0x00003b05    0x1c  Code  Gb  interpret.o [1]
led::_enable            0x20004974     0x1  Data  Gb  interpret.o [1]
led::enable()           0x0000474d     0xc  Code  Gb  interpret.o [1]
led::enable(bool)       0x00001679     0xc  Code  Gb  interpret.o [1]
led::led(bool)          0x00002221    0x1e  Code  Gb  interpret.o [1]
led::set(unsigned int)  0x000023a1    0x1a  Code  Gb  interpret.o [1]
led::~led()             0x00007225     0xe  Code  Gb  interpret.o [1]
localAssert             0x00001ea5    0x12  Code  Gb  main.o [1]
main                    0x00006feb   0x106  Code  Gb  usb_dev_serial.o [1]
mainA                   0x00001f5b    0x1a  Code  Gb  main.o [1]
memchr                  0x00004b39          Code  Gb  memchr.o [7]
memcmp                  0x00002f2d          Code  Gb  memcmp.o [7]
memset                  0x000030dd    0x16  Code  Gb  tasks.o [1]
motorStep               0x00001ef3    0x20  Code  Gb  main.o [1]
ndigs                   0x00004724    0x28  Data  Lc  xstoul.o [3]
next_abi_dtor_rec       0x20004968     0x4  Data  Lc  cppinit.o [3]
out                     0x00003b4d    0x16  Code  Lc  xreportassert.o [3]
parseTreeEntry::level() const
                        0x0000243f     0x4  Code  Gb  parseTreeEntry.o [1]
parseTreeEntry::level(unsigned int)
                        0x00002191     0x4  Code  Gb  parseTreeEntry.o [1]
parseTreeEntry::operator =(const parseTreeEntry&)
                        0x00002147    0x4a  Code  Gb  parseTreeEntry.o [1]
parseTreeEntry::parseTreeEntry()
                        0x00002139     0x6  Code  Gb  parseTreeEntry.o [1]
parseTreeEntry::parseTreeEntry(nodeType, int, unsigned int)
                        0x0000213f     0x8  Code  Gb  parseTreeEntry.o [1]
parseTreeEntry::position() const
                        0x00003b01     0x4  Code  Gb  parseTreeEntry.o [1]
parseTreeEntry::position(nodePosition)
                        0x00002195     0x4  Code  Gb  parseTreeEntry.o [1]
parseTreeEntry::type() const
                        0x000022a1     0x4  Code  Gb  parseTreeEntry.o [1]
parseTreeEntry::type(nodeType)
                        0x0000219d     0x4  Code  Gb  parseTreeEntry.o [1]
parseTreeEntry::value() const
                        0x00002443     0x4  Code  Gb  parseTreeEntry.o [1]
parseTreeEntry::value(int)
                        0x00002199     0x4  Code  Gb  parseTreeEntry.o [1]
parseTreeEntry::~parseTreeEntry()
                        0x000021a1     0x2  Code  Gb  interpret.o [1]
postMsg(bool)           0x00000319    0x16  Code  Gb  interpret.o [1]
prvAddCurrentTaskToDelayedList
                        0x00001d2d    0x3e  Code  Lc  tasks.o [1]
prvAllocateTCBAndStack  0x00001d79    0x46  Code  Lc  tasks.o [1]
prvCheckTasksWaitingTermination
                        0x00001cc5    0x5c  Code  Lc  tasks.o [1]
prvDeleteTCB            0x00001df7    0x12  Code  Lc  tasks.o [1]
prvHeapInit             0x00003097    0x2e  Code  Lc  heap_2.o [1]
prvIdleTask             0x00001c11     0x8  Code  Lc  tasks.o [1]
prvInitialiseTCBVariables
                        0x00001c19    0x60  Code  Lc  tasks.o [1]
prvInitialiseTaskLists  0x00001c79    0x46  Code  Lc  tasks.o [1]
prvTaskCheckFreeStackSpace
                        0x00001dbf    0x18  Code  Lc  tasks.o [1]
pui32Stack              0x2000497c   0x400  Data  Lc  startup_ewarm.o [1]
putchar                 0x00004759    0x28  Code  Gb  putchar.o [3]
pvPortMalloc            0x00002f91    0xc2  Code  Gb  heap_2.o [1]
pxCurrentTCB            0x20004920     0x4  Data  Gb  tasks.o [1]
pxDelayedTaskList       0x20004924     0x4  Data  Lc  tasks.o [1]
pxOverflowDelayedTaskList
                        0x20004928     0x4  Data  Lc  tasks.o [1]
pxPortInitialiseStack   0x00002c91    0x22  Code  Gb  port.o [1]
pxReadyTasksLists       0x200046e8    0x64  Data  Lc  tasks.o [1]
sp                      0x2000491c     0x4  Data  Gb  stepper.o [1]
sscanf                  0x00002115    0x24  Code  Gb  sscanf.o [3]
stepper::RPM(unsigned int, unsigned int)
                        0x00001659    0x20  Code  Gb  interpret.o [1]
stepper::RPMx10k(unsigned int, unsigned int)
                        0x00002c7d    0x14  Code  Gb  interpret.o [1]
stepper::_isAccelerating() const
                        0x000029a9    0x32  Code  Gb  stepper.o [1]
stepper::_isConstantVelocity() const
                        0x00002a21    0x32  Code  Gb  stepper.o [1]
stepper::_isConstantVelocityStart() const
                        0x00002b83    0x16  Code  Gb  stepper.o [1]
stepper::_isDecelerating() const
                        0x00002b51    0x32  Code  Gb  stepper.o [1]
stepper::_isStartOfDeceleration() const
                        0x00002a53    0x16  Code  Gb  stepper.o [1]
stepper::_timer() const
                        0x00002b99     0x6  Code  Gb  stepper.o [1]
stepper::_timer(unsigned long)
                        0x00002a05    0x1c  Code  Gb  stepper.o [1]
stepper::_timerStart(bool)
                        0x00001583    0x4a  Code  Gb  stepper.o [1]
stepper::accelerationTimeMicrosecs(unsigned int)
                        0x00001649    0x10  Code  Gb  interpret.o [1]
stepper::degreesPerMicrostepx10k(unsigned int)
                        0x00002c43    0x10  Code  Gb  stepper.o [1]
stepper::directionPositive(bool)
                        0x0000287d    0x30  Code  Gb  stepper.o [1]
stepper::enable()       0x00002bc9    0x14  Code  Gb  stepper.o [1]
stepper::isr()          0x0000147f   0x104  Code  Gb  stepper.o [1]
stepper::microstepSet(microsteps)
                        0x000015f5    0x54  Code  Gb  stepper.o [1]
stepper::moveAbsolute(int)
                        0x0000132f   0x150  Code  Gb  stepper.o [1]
stepper::moveRelative(int)
                        0x0000238d    0x14  Code  Gb  interpret.o [1]
stepper::step()         0x0000296d    0x3c  Code  Gb  stepper.o [1]
stepper::stepper()      0x000012c1    0x2e  Code  Gb  stepper.o [1]
stepper::~stepper()     0x00007233    0x16  Code  Gb  interpret.o [1]
stepperISR              0x00001299    0x28  Code  Gb  stepper.o [1]
stepper_init            0x000012ef    0x40  Code  Gb  stepper.o [1]
stmtNestingLevel        0x20004900     0x4  Data  Lc  interpret.o [1]
stmtPosition            0x20004814    0x20  Data  Lc  interpret.o [1]
stmtType                0x20004834    0x20  Data  Lc  interpret.o [1]
stmtValue               0x20004904     0x4  Data  Lc  interpret.o [1]
strchr                  0x0000453d          Code  Gb  strchr.o [7]
strcmp                  0x00002051          Code  Gb  strcmp.o [7]
stringToNodePosition(char const *)
                        0x0000032f    0x2c  Code  Gb  interpret.o [1]
stringToNodeType(char const *)
                        0x0000035b   0x114  Code  Gb  interpret.o [1]
strlen                  0x00001e4d          Code  Gb  strlen.o [7]
strstr(char const *, char const *)
                        0x00002105    0x10  Code  Gb  interpret.o [1]
successMsg()            0x000002e5    0x1a  Code  Gb  interpret.o [1]
symbFcnLink             0x20004910     0x4  Data  Lc  interpret.o [1]
symbType                0x20004908     0x4  Data  Lc  interpret.o [1]
symbValue               0x2000490c     0x4  Data  Lc  interpret.o [1]
symbolTableEntry::dumpEntry()
                        0x000021f5     0x2  Code  Gb  symbolTableEntry.o [1]
symbolTableEntry::fcnLink() const
                        0x00002389     0x4  Code  Gb  symbolTableEntry.o [1]
symbolTableEntry::fcnLink(int)
                        0x000021ff     0x4  Code  Gb  symbolTableEntry.o [1]
symbolTableEntry::operator =(const symbolTableEntry&)
                        0x000021bb    0x3a  Code  Gb  symbolTableEntry.o [1]
symbolTableEntry::symbolTableEntry()
                        0x000021a3     0xe  Code  Gb  symbolTableEntry.o [1]
symbolTableEntry::symbolTableEntry(nodeType, int)
                        0x000021b1     0xa  Code  Gb  symbolTableEntry.o [1]
symbolTableEntry::type() const
                        0x00002427     0x4  Code  Gb  symbolTableEntry.o [1]
symbolTableEntry::type(nodeType)
                        0x000021f7     0x4  Code  Gb  symbolTableEntry.o [1]
symbolTableEntry::value() const
                        0x0000230b     0x4  Code  Gb  symbolTableEntry.o [1]
symbolTableEntry::value(int)
                        0x000021fb     0x4  Code  Gb  symbolTableEntry.o [1]
symbolTableEntry::~symbolTableEntry()
                        0x00002203     0x2  Code  Gb  interpret.o [1]
tinyQueue<int>::empty() const
                        0x0000223f    0x16  Code  Gb  interpret.o [1]
tinyQueue<int>::front() const
                        0x00002315     0xa  Code  Gb  interpret.o [1]
tinyQueue<int>::peekAtIndex(unsigned int) const
                        0x00002305     0x6  Code  Gb  interpret.o [1]
tinyQueue<int>::pop_front()
                        0x000023e9    0x28  Code  Gb  interpret.o [1]
tinyQueue<int>::push_front(int)
                        0x000022d1    0x34  Code  Gb  interpret.o [1]
tinyQueue<int>::size() const
                        0x00003b3d    0x10  Code  Gb  interpret.o [1]
tinyQueue<int>::spaceAvail() const
                        0x00003bf3    0x2a  Code  Gb  interpret.o [1]
tinyQueue<int>::stackFrameIndex() const
                        0x00002383     0x6  Code  Gb  interpret.o [1]
tinyQueue<int>::stackFrameIndex(unsigned int)
                        0x0000230f     0x6  Code  Gb  interpret.o [1]
tinyQueue<int>::tinyQueue()
                        0x00002213     0xe  Code  Gb  interpret.o [1]
tinyQueue<int>::~tinyQueue()
                        0x00007249     0x2  Code  Gb  interpret.o [1]
tinyQueue<unsigned char>::clear()
                        0x000020f7     0xc  Code  Gb  interpret.o [1]
tinyQueue<unsigned char>::getBuffer()
                        0x00002103     0x2  Code  Gb  interpret.o [1]
tinyQueue<unsigned char>::push(unsigned char)
                        0x0000209d    0x30  Code  Gb  interpret.o [1]
tinyQueue<unsigned char>::spaceAvail() const
                        0x000020cd    0x2a  Code  Gb  interpret.o [1]
tinyQueue<unsigned char>::tinyQueue(int)
                        0x00002093     0xa  Code  Gb  interpret.o [1]
tinyQueue<unsigned char>::~tinyQueue()
                        0x000024df     0x2  Code  Gb  interpret.o [1]
uDMAChannelAttributeDisable
                        0x00006345    0x26  Code  Gb  udma.o [5]
uDMAChannelControlSet   0x0000636b    0x18  Code  Gb  udma.o [5]
uDMAChannelDisable      0x00006335    0x10  Code  Gb  udma.o [5]
uDMAChannelEnable       0x00006325    0x10  Code  Gb  udma.o [5]
uDMAChannelModeGet      0x00006401    0x28  Code  Gb  udma.o [5]
uDMAChannelTransferSet  0x00006383    0x7e  Code  Gb  udma.o [5]
uDMAUSBArbSizeSet       0x00005e09    0x60  Code  Lc  usbdma.o [9]
uDMAUSBChannelAllocate  0x00005cbf    0xa6  Code  Lc  usbdma.o [9]
uDMAUSBChannelDisable   0x00005ba7    0x46  Code  Lc  usbdma.o [9]
uDMAUSBChannelEnable    0x00005b55    0x52  Code  Lc  usbdma.o [9]
uDMAUSBChannelIntDisable
                        0x00005bfb     0x2  Code  Lc  usbdma.o [9]
uDMAUSBChannelIntEnable
                        0x00005bf9     0x2  Code  Lc  usbdma.o [9]
uDMAUSBChannelRelease   0x00005d65    0x5a  Code  Lc  usbdma.o [9]
uDMAUSBChannelStatus    0x00005ac9    0x24  Code  Lc  usbdma.o [9]
uDMAUSBIntStatus        0x00005aed    0x2a  Code  Lc  usbdma.o [9]
uDMAUSBTransfer         0x00005bfd    0xa6  Code  Lc  usbdma.o [9]
uDMAUSBUnitSizeSet      0x00005dbf    0x4a  Code  Lc  usbdma.o [9]
ucHeap                  0x200000d0  0x2ee0  Data  Lc  heap_2.o [1]
ucMaxSysCallPriority    0x20004977     0x1  Data  Lc  port.o [1]
ulMaxPRIGROUPValue      0x20004918     0x4  Data  Lc  port.o [1]
ulPortSetInterruptMask  0x00002ed7          Code  Gb  portasm.o [1]
uxCriticalNesting       0x200000c8     0x4  Data  Lc  port.o [1]
uxCurrentNumberOfTasks  0x20004930     0x4  Data  Lc  tasks.o [1]
uxListRemove            0x00002e63    0x2a  Code  Gb  list.o [1]
uxPendedTicks           0x20004944     0x4  Data  Lc  tasks.o [1]
uxSchedulerSuspended    0x20004940     0x4  Data  Lc  tasks.o [1]
uxTaskGetStackHighWaterMark
                        0x00001dd7    0x20  Code  Gb  tasks.o [1]
uxTaskNumber            0x20004950     0x4  Data  Lc  tasks.o [1]
uxTasksDeleted          0x2000492c     0x4  Data  Lc  tasks.o [1]
uxTopReadyPriority      0x20004938     0x4  Data  Lc  tasks.o [1]
vApplicationStackOverflowHook
                        0x00002031     0x2  Code  Gb  main.o [1]
vApplicationTickHook    0x0000202f     0x2  Code  Gb  main.o [1]
vIdleTask               0x00001f99    0x28  Code  Lc  main.o [1]
vInterpretTask          0x00002015    0x1a  Code  Lc  main.o [1]
vListInitialise         0x00002de9    0x1e  Code  Gb  list.o [1]
vListInitialiseItem     0x00002e07     0x6  Code  Gb  list.o [1]
vListInsert             0x00002e27    0x3c  Code  Gb  list.o [1]
vListInsertEnd          0x00002e0d    0x1a  Code  Gb  list.o [1]
vPortClearInterruptMask
                        0x00002ee5          Code  Gb  portasm.o [1]
vPortEnableVFP          0x00002f11          Code  Gb  portasm.o [1]
vPortEnterCritical      0x00002d5d    0x1a  Code  Gb  port.o [1]
vPortExitCritical       0x00002d77    0x1c  Code  Gb  port.o [1]
vPortFree               0x00003053    0x44  Code  Gb  heap_2.o [1]
vPortSVCHandler         0x00002eeb          Code  Gb  portasm.o [1]
vPortSetupTimerInterrupt
                        0x00002db3    0x10  Code  Wk  port.o [1]
vPortStartFirstTask     0x00002f03          Code  Gb  portasm.o [1]
vPortYield              0x00002d4b    0x12  Code  Gb  port.o [1]
vSetupHighFrequencyTimer
                        0x00001f15    0x46  Code  Gb  main.o [1]
vStartIdleTask          0x00001f75    0x22  Code  Gb  main.o [1]
vStartInterpretTask     0x00001fc1    0x24  Code  Gb  main.o [1]
vTaskDelay              0x0000184d    0x3c  Code  Gb  tasks.o [1]
vTaskDelayUntil         0x000017cd    0x80  Code  Gb  tasks.o [1]
vTaskStartScheduler     0x00001889    0x4c  Code  Gb  tasks.o [1]
vTaskSuspendAll         0x000018d5    0x10  Code  Gb  tasks.o [1]
vTaskSwitchContext      0x00001b49    0xc6  Code  Gb  tasks.o [1]
xDelayedTaskList1       0x20004884    0x14  Data  Lc  tasks.o [1]
xDelayedTaskList2       0x20004898    0x14  Data  Lc  tasks.o [1]
xEnd                    0x200048f0     0x8  Data  Lc  heap_2.o [1]
xFreeBytesRemaining     0x200000bc     0x4  Data  Lc  heap_2.o [1]
xNextTaskUnblockTime    0x200000cc     0x4  Data  Lc  tasks.o [1]
xNumOfOverflows         0x2000494c     0x4  Data  Lc  tasks.o [1]
xPendingReadyList       0x200048ac    0x14  Data  Lc  tasks.o [1]
xPortPendSVHandler      0x00002e8d          Code  Gb  portasm.o [1]
xPortStartScheduler     0x00002cb3    0x98  Code  Gb  port.o [1]
xPortSysTickHandler     0x00002d93    0x20  Code  Gb  port.o [1]
xSchedulerRunning       0x2000493c     0x4  Data  Lc  tasks.o [1]
xStart                  0x200048e8     0x8  Data  Lc  heap_2.o [1]
xSuspendedTaskList      0x200048d4    0x14  Data  Lc  tasks.o [1]
xTaskGenericCreate      0x00001685   0x148  Code  Gb  tasks.o [1]
xTaskGetTickCount       0x000019d3    0x16  Code  Gb  tasks.o [1]
xTaskIncrementTick      0x000019e9   0x160  Code  Gb  tasks.o [1]
xTaskResumeAll          0x000018e5    0xee  Code  Gb  tasks.o [1]
xTaskWakeTime           0x200048fc     0x4  Data  Lc  interpret.o [1]
xTasksWaitingTermination
                        0x200048c0    0x14  Data  Lc  tasks.o [1]
xTickCount              0x20004934     0x4  Data  Lc  tasks.o [1]
xYieldPending           0x20004948     0x4  Data  Lc  tasks.o [1]


[1] = C:\dev\docs\scottdesign\motor\Debug\Obj
[2] = command line
[3] = dl7M_tln.a
[4] = dlpp7M_tl_ne.a
[5] = driverlib.a
[6] = m7M_tlv.a
[7] = rt7M_tl.a
[8] = shb_l.a
[9] = usblib.a

  28 746 bytes of readonly  code memory
   2 034 bytes of readonly  data memory
  20 266 bytes of readwrite data memory

Errors: none
Warnings: none
