###############################################################################
#                                                                             #
# IAR ELF Linker V6.40.1.53790/W32 for ARM              17/Oct/2013  16:28:05 #
# Copyright 2007-2012 IAR Systems AB.                                         #
#                                                                             #
#    Output file  =  C:\dev\docs\scottdesign\motor\Debug\Exe\motorTiva.out    #
#    Map file     =  C:\dev\docs\scottdesign\motor\Debug\List\motorTiva.map   #
#    Command line =  C:\dev\docs\scottdesign\motor\Debug\Obj\accel.o          #
#                    C:\dev\docs\scottdesign\motor\Debug\Obj\flashio.o        #
#                    C:\dev\docs\scottdesign\motor\Debug\Obj\heap_2.o         #
#                    C:\dev\docs\scottdesign\motor\Debug\Obj\interpret.o      #
#                    C:\dev\docs\scottdesign\motor\Debug\Obj\list.o           #
#                    C:\dev\docs\scottdesign\motor\Debug\Obj\main.o           #
#                    C:\dev\docs\scottdesign\motor\Debug\Obj\parseTreeEntry.o #
#                     C:\dev\docs\scottdesign\motor\Debug\Obj\port.o          #
#                    C:\dev\docs\scottdesign\motor\Debug\Obj\portasm.o        #
#                    C:\dev\docs\scottdesign\motor\Debug\Obj\queue.o          #
#                    C:\dev\docs\scottdesign\motor\Debug\Obj\startup_ewarm.o  #
#                    C:\dev\docs\scottdesign\motor\Debug\Obj\stepper.o        #
#                    C:\dev\docs\scottdesign\motor\Debug\Obj\symbolTableEntry #
#                    .o C:\dev\docs\scottdesign\motor\Debug\Obj\tasks.o       #
#                    C:\dev\docs\scottdesign\motor\Debug\Obj\uartstdio.o      #
#                    C:\dev\docs\scottdesign\motor\Debug\Obj\usb_dev_serial.o #
#                     C:\dev\docs\scottdesign\motor\Debug\Obj\usb_serial_stru #
#                    cts.o C:\dev\docs\scottdesign\motor\Debug\Obj\ustdlib.o  #
#                    C:\ti\TivaWare_C_Series-1.0\driverlib\ewarm\Exe\driverli #
#                    b.a C:\ti\TivaWare_C_Series-1.0\usblib\ewarm\Exe\usblib. #
#                    a --redirect _Printf=_PrintfTiny --redirect              #
#                    _Scanf=_ScanfSmall -o C:\dev\docs\scottdesign\motor\Debu #
#                    g\Exe\motorTiva.out --map C:\dev\docs\scottdesign\motor\ #
#                    Debug\List\motorTiva.map --config                        #
#                    C:\dev\docs\scottdesign\motor\motorTiva.icf              #
#                    --semihosting --entry __iar_program_start --vfe          #
#                                                                             #
#                                                                             #
###############################################################################

*******************************************************************************
*** RUNTIME MODEL ATTRIBUTES
***

CppFlavor                     = *
__CPP_Language                = EC++
__Heap_Handler                = Basic
__SystemLibrary               = DLib
__dlib_dynamic_initialization = normal


*******************************************************************************
*** PLACEMENT SUMMARY
***

"A1":  place at start of [0x00000000-0x0000ffff] { ro section .intvec };
"P1":  place in [from 0x00000000 to 0x0000ffff] { ro };
"P2":  place in [from 0x20000000 to 0x20005fff] { rw, block HEAP };

  Section             Kind        Address    Size  Object
  -------             ----        -------    ----  ------
"A1":                                       0x26c
  .intvec             const    0x00000000   0x26c  startup_ewarm.o [1]
                             - 0x0000026c   0x26c

"P1":                                      0x7258
  .text               ro code  0x0000026c   0xfa8  interpret.o [1]
  .text               ro code  0x00001214    0x50  cxxabi.o [4]
  .text               ro code  0x00001264     0x6  interpret.o [1]
  .text               ro code  0x0000126a    0x2e  copy_init3.o [7]
  .text               ro code  0x00001298   0x3b0  stepper.o [1]
  .text               ro code  0x00001648    0x10  interpret.o [1]
  .text               ro code  0x00001658    0x20  interpret.o [1]
  .text               ro code  0x00001678     0xc  interpret.o [1]
  .text               ro code  0x00001684   0x7c8  tasks.o [1]
  .text               ro code  0x00001e4c    0x36  strlen.o [7]
  .text               ro code  0x00001e82    0x22  zero_init3.o [7]
  .text               ro code  0x00001ea4   0x18e  main.o [1]
  .text               ro code  0x00002032    0x1e  xsscin.o [3]
  .text               ro code  0x00002050    0x42  strcmp.o [7]
  .text               ro code  0x00002092     0xa  interpret.o [1]
  .text               ro code  0x0000209c    0x30  interpret.o [1]
  .text               ro code  0x000020cc    0x2a  interpret.o [1]
  .text               ro code  0x000020f6     0xc  interpret.o [1]
  .text               ro code  0x00002102     0x2  interpret.o [1]
  .text               ro code  0x00002104    0x10  interpret.o [1]
  .text               ro code  0x00002114    0x24  sscanf.o [3]
  .text               ro code  0x00002138    0x58  parseTreeEntry.o [1]
  .text               ro code  0x00002190     0x4  parseTreeEntry.o [1]
  .text               ro code  0x00002194     0x4  parseTreeEntry.o [1]
  .text               ro code  0x00002198     0x4  parseTreeEntry.o [1]
  .text               ro code  0x0000219c     0x4  parseTreeEntry.o [1]
  .text               ro code  0x000021a0     0x2  interpret.o [1]
  .text               ro code  0x000021a2    0x54  symbolTableEntry.o [1]
  .text               ro code  0x000021f6     0x4  symbolTableEntry.o [1]
  .text               ro code  0x000021fa     0x4  symbolTableEntry.o [1]
  .text               ro code  0x000021fe     0x4  symbolTableEntry.o [1]
  .text               ro code  0x00002202     0x2  interpret.o [1]
  .text               ro code  0x00002204     0xc  interpret.o [1]
  .text               ro code  0x00002210     0x2  flashio.o [1]
  .text               ro code  0x00002212     0xe  interpret.o [1]
  .text               ro code  0x00002220    0x1e  interpret.o [1]
  .text               ro code  0x0000223e    0x16  interpret.o [1]
  .text               ro code  0x00002254    0x4c  xassert.o [3]
  .text               ro code  0x000022a0     0x4  parseTreeEntry.o [1]
  .text               ro code  0x000022a4    0x16  interpret.o [1]
  .text               ro code  0x000022ba    0x16  interpret.o [1]
  .text               ro code  0x000022d0    0x34  interpret.o [1]
  .text               ro code  0x00002304     0x6  interpret.o [1]
  .text               ro code  0x0000230a     0x4  symbolTableEntry.o [1]
  .text               ro code  0x0000230e     0x6  interpret.o [1]
  .text               ro code  0x00002314     0xa  interpret.o [1]
  .rodata             const    0x0000231e     0x2  heap_2.o [1]
  .text               ro code  0x00002320    0x3c  interpret.o [1]
  .text               ro code  0x0000235c    0x26  interpret.o [1]
  .text               ro code  0x00002382     0x6  interpret.o [1]
  .text               ro code  0x00002388     0x4  symbolTableEntry.o [1]
  .text               ro code  0x0000238c    0x14  interpret.o [1]
  .text               ro code  0x000023a0    0x1a  interpret.o [1]
  .text               ro code  0x000023ba     0xa  interpret.o [1]
  .text               ro code  0x000023c4    0x16  interpret.o [1]
  .text               ro code  0x000023da     0xe  interpret.o [1]
  .text               ro code  0x000023e8    0x28  interpret.o [1]
  .text               ro code  0x00002410    0x16  interpret.o [1]
  .text               ro code  0x00002426     0x4  symbolTableEntry.o [1]
  .text               ro code  0x0000242a    0x14  interpret.o [1]
  .text               ro code  0x0000243e     0x4  parseTreeEntry.o [1]
  .text               ro code  0x00002442     0x4  parseTreeEntry.o [1]
  .text               ro code  0x00002446    0x1c  interpret.o [1]
  .text               ro code  0x00002462     0x6  interpret.o [1]
  .text               ro code  0x00002468    0x76  ABImemcpy.o [7]
  .text               ro code  0x000024de     0x2  interpret.o [1]
  .text               ro code  0x000024e0    0x98  cppinit.o [3]
  .text               ro code  0x00002578   0x2c4  accel.o [1]
  .text               ro code  0x0000283c    0x30  stepper.o [1]
  .text               ro code  0x0000286c     0x6  stepper.o [1]
  .text               ro code  0x00002872    0x22  stepper.o [1]
  .text               ro code  0x00002894    0x26  stepper.o [1]
  .text               ro code  0x000028bc    0x28  stepper.o [1]
  .text               ro code  0x000028e4    0x26  stepper.o [1]
  .text               ro code  0x0000290c    0x18  stepper.o [1]
  .text               ro code  0x00002924     0x6  stepper.o [1]
  .text               ro code  0x0000292c    0x3c  stepper.o [1]
  .text               ro code  0x00002968    0x32  stepper.o [1]
  .text               ro code  0x0000299c    0x4c  stepper.o [1]
  .text               ro code  0x000029e8    0x1c  stepper.o [1]
  .text               ro code  0x00002a04    0x32  stepper.o [1]
  .text               ro code  0x00002a36    0x16  stepper.o [1]
  .text               ro code  0x00002a4c    0x4c  stepper.o [1]
  .text               ro code  0x00002a98    0x32  stepper.o [1]
  .text               ro code  0x00002aca    0x16  stepper.o [1]
  .text               ro code  0x00002ae0     0x6  stepper.o [1]
  .text               ro code  0x00002ae6    0x18  stepper.o [1]
  .text               ro code  0x00002afe    0x12  stepper.o [1]
  .text               ro code  0x00002b10    0x14  stepper.o [1]
  .text               ro code  0x00002b24    0x66  timer.o [5]
  .text               ro code  0x00002b8a    0x10  stepper.o [1]
  .text               ro code  0x00002b9c    0x28  stepper.o [1]
  .text               ro code  0x00002bc4    0x14  interpret.o [1]
  .text               ro code  0x00002bd8   0x158  port.o [1]
  .text               ro code  0x00002d30    0xa4  list.o [1]
  CODE                ro code  0x00002dd4    0xa0  portasm.o [1]
  .text               ro code  0x00002e74    0x62  memcmp.o [7]
  .text               ro code  0x00002ed8   0x14c  heap_2.o [1]
  .text               ro code  0x00003024    0x16  tasks.o [1]
  .text               ro code  0x0000303a   0x24c  usbbuffer.o [9]
  .text               ro code  0x00003288     0x6  gpio.o [5]
  .text               ro code  0x00003290    0x74  sysctl.o [5]
  .text               ro code  0x00003304   0x214  interrupt.o [5]
  .text               ro code  0x00003518    0x2c  strstr.o [3]
  .text               ro code  0x00003544   0x504  xscanfsmall.o [3]
  .text               ro code  0x00003a48     0x4  parseTreeEntry.o [1]
  .text               ro code  0x00003a4c    0x1c  interpret.o [1]
  .text               ro code  0x00003a68    0x1c  interpret.o [1]
  .text               ro code  0x00003a84    0x10  interpret.o [1]
  .text               ro code  0x00003a94    0xa0  xreportassert.o [3]
  .text               ro code  0x00003b34     0x6  abort.o [3]
  .text               ro code  0x00003b3a    0x2a  interpret.o [1]
  .text               ro code  0x00003b64     0x6  accel.o [1]
  .text               ro code  0x00003b6a     0x6  accel.o [1]
  .text               ro code  0x00003b70    0x18  stepper.o [1]
  .text               ro code  0x00003b88    0x2c  I32ToDbl.o [6]
  .text               ro code  0x00003bb4   0x1a2  DblMul.o [6]
  .text               ro code  0x00003d58   0x246  DblDiv.o [6]
  .text               ro code  0x00003fa0    0x90  DblToFlt.o [6]
  .text               ro code  0x00004030    0x50  expf.o [6]
  .text               ro code  0x00004080    0x18  stepper.o [1]
  .text               ro code  0x00004098     0x6  stepper.o [1]
  .text               ro code  0x0000409e    0x26  interpret.o [1]
  .text               ro code  0x000040c4    0x66  ABImemset.o [7]
  .text               ro code  0x0000412a   0x152  usbringbuf.o [9]
  .text               ro code  0x0000427c    0x10  cpu.o [5]
  .text               ro code  0x0000428c    0x16  strchr.o [7]
  .text               ro code  0x000042a2    0x86  xstol.o [3]
  .text               ro code  0x00004328   0x174  xstoul.o [3]
  .text               ro code  0x0000449c     0xc  interpret.o [1]
  .text               ro code  0x000044a8    0x28  putchar.o [3]
  .text               ro code  0x000044d0    0x14  exit.o [8]
  .text               ro code  0x000044e4   0x21c  xfexp.o [6]
  .text               ro code  0x00004700    0x24  stepper.o [1]
  .text               ro code  0x00004724     0xe  interpret.o [1]
  .text               ro code  0x00004734     0xc  errno.o [3]
  .text               ro code  0x00004740    0x58  memchr.o [7]
  .text               ro code  0x00004798    0x10  write.o [8]
  .text               ro code  0x000047a8    0x6c  iarttio.o [8]
  .text               ro code  0x00004814    0xc8  xfdscale.o [6]
  .text               ro code  0x000048dc     0x2  xtls.o [3]
  .text               ro code  0x000048de    0x1e  dwrite.o [8]
  .text               ro code  0x000048fc     0x8  XShttio.o [3]
  .text               ro code  0x00004904    0x26  xfdnorm.o [6]
  .text               ro code  0x0000492a    0x20  iarwstd.o [8]
  .text               ro code  0x0000494a    0x22  iarwrite.o [8]
  .text               ro code  0x0000496c   0x96c  usbdenum.o [9]
  .text               ro code  0x000052d8   0x3f6  usb.o [5]
  .text               ro code  0x000056d0   0x478  usbdma.o [9]
  .text               ro code  0x00005b48    0x6c  usbtick.o [9]
  .text               ro code  0x00005bb4   0x150  usbdcdesc.o [9]
  .text               ro code  0x00005d04   0x228  usbdconfig.o [9]
  .text               ro code  0x00005f2c   0x11c  udma.o [5]
  .text               ro code  0x00006048    0x54  usbdesc.o [9]
  .text               ro code  0x0000609c   0x750  usbdcdc.o [9]
  .text               ro code  0x000067ec   0x56c  usb_dev_serial.o [1]
  .text               ro code  0x00006d58    0x1c  usbmode.o [9]
  .rodata             const    0x00006d74    0x6c  usbdcdc.o [9]
  .text               ro code  0x00006de0    0x4c  interpret.o [1]
  .text               ro code  0x00006e2c     0xe  interpret.o [1]
  .text               ro code  0x00006e3a    0x16  interpret.o [1]
  .text               ro code  0x00006e50     0x2  interpret.o [1]
  .text               ro code  0x00006e52     0x2  interpret.o [1]
  .text               ro code  0x00006e54     0x2  interpret.o [1]
  .rodata             const    0x00006e58    0x48  interpret.o [1]
  .rodata             const    0x00006ea0    0x38  usb_serial_structs.o [1]
  .rodata             const    0x00006ed8    0x30  interpret.o [1]
  .rodata             const    0x00006f08    0x2c  interpret.o [1]
  .rodata             const    0x00006f34    0x2c  interpret.o [1]
  .rodata             const    0x00006f60    0x2c  usb_serial_structs.o [1]
  .rodata             const    0x00006f8c    0x28  main.o [1]
  .rodata             const    0x00006fb4    0x28  stepper.o [1]
  .rodata             const    0x00006fdc    0x28  stepper.o [1]
  .rodata             const    0x00007004    0x28  stepper.o [1]
  .text               ro code  0x0000702c    0x28  data_init3.o [7]
  .rodata             const    0x00007054    0x24  usb_serial_structs.o [1]
  .rodata             const    0x00007078    0x24  usb_serial_structs.o [1]
  .rodata             const    0x0000709c    0x24  usb_serial_structs.o [1]
  .rodata             const    0x000070c0    0x24  usb_serial_structs.o [1]
  .iar.init_table     const    0x000070e4    0x28  - Linker created -
  .rodata             const    0x0000710c    0x20  interpret.o [1]
  .rodata             const    0x0000712c    0x20  interpret.o [1]
  .text               ro code  0x0000714c    0x20  cmain_call_ctors.o [7]
  .text               ro code  0x0000716c    0x1e  startup_ewarm.o [1]
  .text               ro code  0x0000718a     0xc  cstartup_M.o [7]
  .text               ro code  0x00007198    0x1a  fpinit_M.o [6]
  .text               ro code  0x000071b4    0x16  cmain.o [7]
  .text               ro code  0x000071ca     0x4  low_level_init.o [3]
  .text               ro code  0x000071ce     0x4  exit.o [3]
  .text               ro code  0x000071d4     0xe  cexit.o [7]
  .rodata             const    0x000071e4    0x1c  interpret.o [1]
  .rodata             const    0x00007200    0x18  stepper.o [1]
  .rodata             const    0x00007218    0x18  stepper.o [1]
  .rodata             const    0x00007230    0x18  stepper.o [1]
  .rodata             const    0x00007248    0x18  usb_serial_structs.o [1]
  .text               ro code  0x00007260    0x18  usbdhandler.o [9]
  .rodata             const    0x00007278    0x14  tasks.o [1]
  .rodata             const    0x0000728c    0x14  usb_serial_structs.o [1]
  .rodata             const    0x000072a0    0x10  interpret.o [1]
  .rodata             const    0x000072b0    0x10  interpret.o [1]
  .rodata             const    0x000072c0    0x10  usb_dev_serial.o [1]
  .rodata             const    0x000072d0     0xc  interpret.o [1]
  .rodata             const    0x000072dc     0xc  interpret.o [1]
  .rodata             const    0x000072e8     0xc  interpret.o [1]
  .rodata             const    0x000072f4     0xc  interpret.o [1]
  .rodata             const    0x00007300     0xc  interpret.o [1]
  .rodata             const    0x0000730c     0xc  interpret.o [1]
  .rodata             const    0x00007318     0xc  interpret.o [1]
  .rodata             const    0x00007324     0xc  interpret.o [1]
  .rodata             const    0x00007330     0xc  interpret.o [1]
  .rodata             const    0x0000733c     0xc  main.o [1]
  .rodata             const    0x00007348     0xc  usb_dev_serial.o [1]
  .rodata             const    0x00007354     0x8  interpret.o [1]
  .rodata             const    0x0000735c     0x8  interpret.o [1]
  .rodata             const    0x00007364     0x8  interpret.o [1]
  .rodata             const    0x0000736c     0x8  interpret.o [1]
  .rodata             const    0x00007374     0x8  interpret.o [1]
  .rodata             const    0x0000737c     0x8  interpret.o [1]
  .rodata             const    0x00007384     0x8  interpret.o [1]
  .rodata             const    0x0000738c     0x8  interpret.o [1]
  .rodata             const    0x00007394     0x8  interpret.o [1]
  .rodata             const    0x0000739c     0x8  interpret.o [1]
  .rodata             const    0x000073a4     0x8  interpret.o [1]
  .rodata             const    0x000073ac     0x8  interpret.o [1]
  .rodata             const    0x000073b4     0x8  interpret.o [1]
  .rodata             const    0x000073bc     0x8  interpret.o [1]
  .rodata             const    0x000073c4     0x8  interpret.o [1]
  .rodata             const    0x000073cc     0x8  interpret.o [1]
  .rodata             const    0x000073d4     0x8  main.o [1]
  .rodata             const    0x000073dc     0x8  main.o [1]
  .rodata             const    0x000073e4     0x8  tasks.o [1]
  .rodata             const    0x000073ec     0x4  usb_serial_structs.o [1]
  SHT$$PREINIT_ARRAY           0x000073f0     0x0  <Block>
  SHT$$INIT_ARRAY              0x000073f0     0x4  <Block>
    .init_array       const    0x000073f0     0x4  interpret.o [1]
  .text               ro code  0x000073f4     0x0  cstart_call_dtors.o [7]
  .rodata             const    0x000073f4     0x0  zero_init3.o [7]
  .rodata             const    0x000073f4     0x0  copy_init3.o [7]
  Initializer bytes   ro data  0x000073f4    0xd0  <for P2 s0>
                             - 0x000074c4  0x7258

"P2", part 1 of 3:                           0xd0
  P2 s0                        0x20000000    0xd0  <Init block>
    .data             inited   0x20000000    0x60  usb_serial_structs.o [1]
    .data             inited   0x20000060    0x20  usbdcdc.o [9]
    .data             inited   0x20000080    0x10  usbdcdc.o [9]
    .data             inited   0x20000090    0x10  usbmode.o [9]
    .data             inited   0x200000a0     0xc  usbdcdc.o [9]
    .data             inited   0x200000ac     0x8  usbdcdc.o [9]
    .data             inited   0x200000b4     0x8  XShttio.o [3]
    .data             inited   0x200000bc     0x4  heap_2.o [1]
    .data             inited   0x200000c0     0x4  interpret.o [1]
    .data             inited   0x200000c4     0x4  interpret.o [1]
    .data             inited   0x200000c8     0x4  port.o [1]
    .data             inited   0x200000cc     0x4  tasks.o [1]
                             - 0x200000d0    0xd0

"P2", part 2 of 3:                         0x482c
  .bss                zero     0x200000d0  0x2ee0  heap_2.o [1]
  .bss                zero     0x20002fb0  0x12a0  interpret.o [1]
  .bss                zero     0x20004250   0x110  usbdma.o [9]
  .bss                zero     0x20004360   0x108  interpret.o [1]
  .bss                zero     0x20004468   0x100  usb_serial_structs.o [1]
  .bss                zero     0x20004568   0x100  usb_serial_structs.o [1]
  .bss                zero     0x20004668    0x64  tasks.o [1]
  .bss                zero     0x200046cc    0x50  usbdenum.o [9]
  .bss                zero     0x2000471c    0x40  usbdenum.o [9]
  .bss                zero     0x2000475c    0x38  usbtick.o [9]
  .bss                zero     0x20004794    0x20  interpret.o [1]
  .bss                zero     0x200047b4    0x20  interpret.o [1]
  .bss                zero     0x200047d4    0x18  usb_serial_structs.o [1]
  .bss                zero     0x200047ec    0x18  usb_serial_structs.o [1]
  .bss                zero     0x20004804    0x14  tasks.o [1]
  .bss                zero     0x20004818    0x14  tasks.o [1]
  .bss                zero     0x2000482c    0x14  tasks.o [1]
  .bss                zero     0x20004840    0x14  tasks.o [1]
  .bss                zero     0x20004854    0x14  tasks.o [1]
  .bss                zero     0x20004868     0x8  heap_2.o [1]
  .bss                zero     0x20004870     0x8  heap_2.o [1]
  .bss                zero     0x20004878     0x4  heap_2.o [1]
  .bss                zero     0x2000487c     0x4  interpret.o [1]
  .bss                zero     0x20004880     0x4  interpret.o [1]
  .bss                zero     0x20004884     0x4  interpret.o [1]
  .bss                zero     0x20004888     0x4  interpret.o [1]
  .bss                zero     0x2000488c     0x4  interpret.o [1]
  .bss                zero     0x20004890     0x4  interpret.o [1]
  .bss                zero     0x20004894     0x4  interpret.o [1]
  .bss                zero     0x20004898     0x4  port.o [1]
  .bss                zero     0x2000489c     0x4  stepper.o [1]
  .bss                zero     0x200048a0     0x4  tasks.o [1]
  .bss                zero     0x200048a4     0x4  tasks.o [1]
  .bss                zero     0x200048a8     0x4  tasks.o [1]
  .bss                zero     0x200048ac     0x4  tasks.o [1]
  .bss                zero     0x200048b0     0x4  tasks.o [1]
  .bss                zero     0x200048b4     0x4  tasks.o [1]
  .bss                zero     0x200048b8     0x4  tasks.o [1]
  .bss                zero     0x200048bc     0x4  tasks.o [1]
  .bss                zero     0x200048c0     0x4  tasks.o [1]
  .bss                zero     0x200048c4     0x4  tasks.o [1]
  .bss                zero     0x200048c8     0x4  tasks.o [1]
  .bss                zero     0x200048cc     0x4  tasks.o [1]
  .bss                zero     0x200048d0     0x4  tasks.o [1]
  .bss                zero     0x200048d4     0x4  usb_dev_serial.o [1]
  .bss                zero     0x200048d8     0x4  usb_dev_serial.o [1]
  .bss                zero     0x200048dc     0x4  usb_dev_serial.o [1]
  .bss                zero     0x200048e0     0x4  usb_dev_serial.o [1]
  .bss                zero     0x200048e4     0x4  usbtick.o [9]
  .bss                zero     0x200048e8     0x4  cppinit.o [3]
  .bss                zero     0x200048ec     0x4  cppinit.o [3]
  __DLIB_PERTHREAD    zero     0x200048f0     0x4  errno.o [3]
  .bss                zero     0x200048f4     0x1  interpret.o [1]
  .bss                zero     0x200048f5     0x1  interpret.o [1]
  .bss                zero     0x200048f6     0x1  interpret.o [1]
  .bss                zero     0x200048f7     0x1  port.o [1]
  .bss                zero     0x200048f8     0x1  usb_dev_serial.o [1]
  .bss                zero     0x200048f9     0x1  usb_dev_serial.o [1]
                             - 0x200048fa  0x482a

"P2", part 3 of 3:                          0x5b0
  .noinit             uninit   0x200048fc   0x400  startup_ewarm.o [1]
  .iar.dynexit                 0x20004cfc   0x1b0  <Block>
    .iar.dynexit      uninit   0x20004cfc     0xc  cppinit.o [3]
    .iar.dynexit      uninit   0x20004d08   0x1a4  <Block tail>
                             - 0x20004eac   0x5b0


*******************************************************************************
*** INIT TABLE
***

          Address     Size
          -------     ----
Zero (__iar_zero_init3)
    1 destination range, total size 0x482a:
          0x200000d0  0x482a

Copy (__iar_copy_init3)
    1 source range, total size 0xd0:
          0x000073f4    0xd0
    1 destination range, total size 0xd0:
          0x20000000    0xd0

Extra (__iar_cstart_call_ctors)



*******************************************************************************
*** MODULE SUMMARY
***

    Module                ro code  ro data  rw data
    ------                -------  -------  -------
C:\dev\docs\scottdesign\motor\Debug\Obj: [1]
    accel.o                   720
    flashio.o                   2
    heap_2.o                  332        6   12 024
    interpret.o             5 034      580    5 135
    list.o                    164
    main.o                    398       68
    parseTreeEntry.o          120
    port.o                    344        4        9
    portasm.o                 160
    startup_ewarm.o            30      620    1 024
    stepper.o               1 826      192        4
    symbolTableEntry.o        108
    tasks.o                 2 014       32      256
    usb_dev_serial.o        1 388       28       18
    usb_serial_structs.o               388      656
    -----------------------------------------------
    Total:                 12 640    1 918   19 126

command line: [2]
    -----------------------------------------------
    Total:

dl7M_tln.a: [3]
    XShttio.o                   8        8        8
    abort.o                     6
    cppinit.o                 152                20
    errno.o                    12                 4
    exit.o                      4
    low_level_init.o            4
    putchar.o                  40
    sscanf.o                   36
    strstr.o                   44
    xassert.o                  76
    xreportassert.o           160
    xscanfsmall.o           1 284
    xsscin.o                   30
    xstol.o                   134
    xstoul.o                  372
    xtls.o                      2
    -----------------------------------------------
    Total:                  2 364        8       32

dlpp7M_tl_ne.a: [4]
    cxxabi.o                   80
    -----------------------------------------------
    Total:                     80

driverlib.a: [5]
    cpu.o                      16
    gpio.o                      6
    interrupt.o               532
    sysctl.o                  116
    timer.o                   102
    udma.o                    284
    usb.o                   1 014
    -----------------------------------------------
    Total:                  2 070

m7M_tlv.a: [6]
    DblDiv.o                  582
    DblMul.o                  418
    DblToFlt.o                144
    I32ToDbl.o                 44
    expf.o                     80
    fpinit_M.o                 26
    xfdnorm.o                  38
    xfdscale.o                200
    xfexp.o                   540
    -----------------------------------------------
    Total:                  2 072

rt7M_tl.a: [7]
    ABImemcpy.o               118
    ABImemset.o               102
    cexit.o                    14
    cmain.o                    22
    cmain_call_ctors.o         32
    copy_init3.o               46
    cstart_call_dtors.o
    cstartup_M.o               12
    data_init3.o               40
    memchr.o                   88
    memcmp.o                   98
    strchr.o                   22
    strcmp.o                   66
    strlen.o                   54
    zero_init3.o               34
    -----------------------------------------------
    Total:                    748

shb_l.a: [8]
    dwrite.o                   30
    exit.o                     20
    iarttio.o                 108
    iarwrite.o                 34
    iarwstd.o                  32
    write.o                    16
    -----------------------------------------------
    Total:                    240

usblib.a: [9]
    usbbuffer.o               588
    usbdcdc.o               1 872      176       68
    usbdcdesc.o               336
    usbdconfig.o              552
    usbdenum.o              2 412               144
    usbdesc.o                  84
    usbdhandler.o              24
    usbdma.o                1 144               272
    usbmode.o                  28       16       16
    usbringbuf.o              338
    usbtick.o                 108                60
    -----------------------------------------------
    Total:                  7 486      192      560

    Gaps                       30        4
    Linker created                      40      420
---------------------------------------------------
    Grand Total:           27 730    2 162   20 138


*******************************************************************************
*** ENTRY LIST
***

Entry                      Address    Size  Type      Object
-----                      -------    ----  ----      ------
.iar.dynexit$$Base      0x20004cfc           --   Gb  - Linker created -
.iar.dynexit$$Limit     0x20004eac           --   Gb  - Linker created -
?main                   0x000071b5          Code  Gb  cmain.o [7]
CDCTickHandler          0x00006501    0x7a  Code  Lc  usbdcdc.o [9]
CPUcpsid                0x0000427d     0x8  Code  Gb  cpu.o [5]
CPUcpsie                0x00004285     0x8  Code  Gb  cpu.o [5]
CheckForSerialStateChange
                        0x000067ed    0x3a  Code  Lc  usb_dev_serial.o [1]
ControlHandler          0x00006ac5    0xd8  Code  Gb  usb_dev_serial.o [1]
DMAUSBIntHandler        0x0000572d    0x30  Code  Lc  usbdma.o [9]
DMAUSBIntStatusClear    0x0000571f     0xe  Code  Lc  usbdma.o [9]
DMAUSBStatus            0x00005a79     0x4  Code  Lc  usbdma.o [9]
DeviceConsumedAllData   0x000060b5    0x18  Code  Lc  usbdcdc.o [9]
DtorRecArray            0x20004cfc     0xc  Data  Lc  cppinit.o [3]
FaultISR                0x00007187     0x2  Code  Lc  startup_ewarm.o [1]
GPIOPinWrite            0x00003289     0x6  Code  Gb  gpio.o [5]
GetEPDescriptorType     0x00005d21    0x46  Code  Lc  usbdconfig.o [9]
GetEndpointFIFOSize     0x00005d05    0x1c  Code  Lc  usbdconfig.o [9]
GetLineCoding           0x000069ef    0xa4  Code  Lc  usb_dev_serial.o [1]
HandleConfigChange      0x00006315    0x2c  Code  Lc  usbdcdc.o [9]
HandleDevice            0x0000638f    0x62  Code  Lc  usbdcdc.o [9]
HandleDisconnect        0x000064bb    0x22  Code  Lc  usbdcdc.o [9]
HandleEP0Data           0x00006341    0x46  Code  Lc  usbdcdc.o [9]
HandleEndpoints         0x000062c3    0x52  Code  Lc  usbdcdc.o [9]
HandleRequests          0x000063f1    0xb8  Code  Lc  usbdcdc.o [9]
HandleResume            0x000064e9     0xc  Code  Lc  usbdcdc.o [9]
HandleRxAvailable       0x000030c9    0xb2  Code  Lc  usbbuffer.o [9]
HandleSuspend           0x000064dd     0xc  Code  Lc  usbdcdc.o [9]
IntDefaultHandler       0x00007189     0x2  Code  Lc  startup_ewarm.o [1]
IntDisable              0x00003397    0x58  Code  Gb  interrupt.o [5]
IntEnable               0x0000333f    0x58  Code  Gb  interrupt.o [5]
IntIsEnabled            0x000033ef    0x5c  Code  Gb  interrupt.o [5]
IntMasterDisable        0x0000330d     0x6  Code  Gb  interrupt.o [5]
IntMasterEnable         0x00003305     0x8  Code  Gb  interrupt.o [5]
IntPrioritySet          0x0000331b    0x24  Code  Gb  interrupt.o [5]
InternalUSBRegisterTickHandler
                        0x00005b65    0x24  Code  Gb  usbtick.o [9]
InternalUSBStartOfFrameTick
                        0x00005b89    0x26  Code  Gb  usbtick.o [9]
InternalUSBTickInit     0x00005b49    0x1c  Code  Gb  usbtick.o [9]
NextConfigDescGet       0x00005bb5    0x2e  Code  Lc  usbdcdesc.o [9]
NmiSR                   0x00007185     0x2  Code  Lc  startup_ewarm.o [1]
ProcessDataFromHost     0x000061c7    0x5e  Code  Gb  usbdcdc.o [9]
ProcessDataToHost       0x00006269    0x52  Code  Gb  usbdcdc.o [9]
ProcessNotificationToHost
                        0x00006233    0x36  Code  Gb  usbdcdc.o [9]
ReadUARTData            0x00006827    0x64  Code  Lc  usb_dev_serial.o [1]
Region$$Table$$Base     0x000070e4           --   Gb  - Linker created -
Region$$Table$$Limit    0x0000710c           --   Gb  - Linker created -
ResetISR                0x0000716d    0x14  Code  Gb  startup_ewarm.o [1]
RxHandler               0x00006bab    0x48  Code  Gb  usb_dev_serial.o [1]
SHT$$INIT_ARRAY$$Base   0x000073f0           --   Gb  - Linker created -
SHT$$INIT_ARRAY$$Limit  0x000073f4           --   Gb  - Linker created -
SHT$$PREINIT_ARRAY$$Base
                        0x000073f0           --   Gb  - Linker created -
SHT$$PREINIT_ARRAY$$Limit
                        0x000073f0           --   Gb  - Linker created -
ScheduleNextTransmission
                        0x0000303b    0x8e  Code  Lc  usbbuffer.o [9]
SendBreak               0x00006a93    0x32  Code  Lc  usb_dev_serial.o [1]
SendBreak               0x000060cd    0x3a  Code  Lc  usbdcdc.o [9]
SendLineCodingChange    0x00006107    0x1e  Code  Lc  usbdcdc.o [9]
SendLineStateChange     0x00006125    0x1e  Code  Lc  usbdcdc.o [9]
SendSerialState         0x00006143    0x84  Code  Lc  usbdcdc.o [9]
SetControlLineState     0x00006943     0x2  Code  Lc  usb_dev_serial.o [1]
SetDeferredOpFlag       0x0000609d    0x18  Code  Lc  usbdcdc.o [9]
SetLineCoding           0x00006945    0xaa  Code  Lc  usb_dev_serial.o [1]
SysCtlPeripheralEnable  0x000032d1     0x8  Code  Gb  sysctl.o [5]
SysCtlPeripheralReset   0x00003291    0x40  Code  Gb  sysctl.o [5]
SysCtlUSBPLLEnable      0x000032ed     0xc  Code  Gb  sysctl.o [5]
TimerConfigure          0x00002b3d    0x26  Code  Gb  timer.o [5]
TimerDisable            0x00002b31     0xc  Code  Gb  timer.o [5]
TimerEnable             0x00002b25     0xc  Code  Gb  timer.o [5]
TimerIntEnable          0x00002b79     0x4  Code  Gb  timer.o [5]
TimerLoadSet            0x00002b69    0x10  Code  Gb  timer.o [5]
TxHandler               0x00006b9d     0xe  Code  Gb  usb_dev_serial.o [1]
UARTSend                0x00001eb7    0x12  Code  Gb  main.o [1]
USB0DeviceIntHandler    0x00007261    0x18  Code  Gb  usbdhandler.o [9]
USBBufferDataAvailable  0x000031ef     0x6  Code  Gb  usbbuffer.o [9]
USBBufferEventCallback  0x000031fb    0x8c  Code  Gb  usbbuffer.o [9]
USBBufferFlush          0x000031c3     0x6  Code  Gb  usbbuffer.o [9]
USBBufferInit           0x0000317b    0x16  Code  Gb  usbbuffer.o [9]
USBBufferRead           0x000031c9    0x26  Code  Gb  usbbuffer.o [9]
USBBufferSpaceAvailable
                        0x000031f5     0x6  Code  Gb  usbbuffer.o [9]
USBBufferWrite          0x00003191    0x32  Code  Gb  usbbuffer.o [9]
USBDCDCCompositeInit    0x00006591    0x8e  Code  Gb  usbdcdc.o [9]
USBDCDCInit             0x0000661f    0x42  Code  Gb  usbdcdc.o [9]
USBDCDCPacketRead       0x000066bd    0x7e  Code  Gb  usbdcdc.o [9]
USBDCDCPacketWrite      0x00006671    0x4c  Code  Gb  usbdcdc.o [9]
USBDCDCRxPacketAvailable
                        0x0000674b    0x32  Code  Gb  usbdcdc.o [9]
USBDCDCSerialStateChange
                        0x00006785    0x2e  Code  Gb  usbdcdc.o [9]
USBDCDCTxPacketAvailable
                        0x0000673b    0x10  Code  Gb  usbdcdc.o [9]
USBDCDConfigDescGet     0x00005c2b    0x54  Code  Gb  usbdcdesc.o [9]
USBDCDConfigDescGetNum  0x00005c01    0x2a  Code  Gb  usbdcdesc.o [9]
USBDCDConfigDescGetSize
                        0x00005be3    0x1e  Code  Gb  usbdcdesc.o [9]
USBDCDConfigGetInterface
                        0x00005c7f    0x4c  Code  Gb  usbdcdesc.o [9]
USBDCDConfigGetInterfaceEndpoint
                        0x00005cd3    0x32  Code  Gb  usbdcdesc.o [9]
USBDCDDeviceInfoInit    0x0000496d    0x1a  Code  Gb  usbdenum.o [9]
USBDCDInit              0x00004987    0xb8  Code  Gb  usbdenum.o [9]
USBDCDRequestDataEP0    0x00004a3f    0x10  Code  Gb  usbdenum.o [9]
USBDCDSendDataEP0       0x00004a4f     0xa  Code  Gb  usbdenum.o [9]
USBDCDStallEP0          0x00004a5d    0x18  Code  Gb  usbdenum.o [9]
USBDClearFeature        0x00004c6f    0x72  Code  Lc  usbdenum.o [9]
USBDEP0StateTx          0x0000501f    0x66  Code  Lc  usbdenum.o [9]
USBDEP0StateTxConfig    0x00005085   0x13e  Code  Lc  usbdenum.o [9]
USBDGetConfiguration    0x00004e93    0x22  Code  Lc  usbdenum.o [9]
USBDGetDescriptor       0x00004d65   0x128  Code  Lc  usbdenum.o [9]
USBDGetInterface        0x00004f4b    0x24  Code  Lc  usbdenum.o [9]
USBDGetStatus           0x00004c1f    0x50  Code  Lc  usbdenum.o [9]
USBDReadAndDispatchRequest
                        0x00004abf    0x56  Code  Lc  usbdenum.o [9]
USBDSetAddress          0x00004d4b    0x1a  Code  Lc  usbdenum.o [9]
USBDSetConfiguration    0x00004ec5    0x7e  Code  Lc  usbdenum.o [9]
USBDSetDescriptor       0x00004e8d     0x6  Code  Lc  usbdenum.o [9]
USBDSetFeature          0x00004ceb    0x60  Code  Lc  usbdenum.o [9]
USBDSetInterface        0x00004f87    0x88  Code  Lc  usbdenum.o [9]
USBDSyncFrame           0x0000500f     0x4  Code  Lc  usbdenum.o [9]
USBDescGet              0x0000606f    0x2e  Code  Gb  usbdesc.o [9]
USBDescGetNum           0x00006049    0x26  Code  Gb  usbdesc.o [9]
USBDevAddrSet           0x0000546f     0x4  Code  Gb  usb.o [5]
USBDevConnect           0x00005457     0xc  Code  Gb  usb.o [5]
USBDevDisconnect        0x00005463     0xc  Code  Gb  usb.o [5]
USBDevEndpointConfigSet
                        0x00005473    0x74  Code  Gb  usb.o [5]
USBDevEndpointDataAck   0x00005615    0x20  Code  Gb  usb.o [5]
USBDevEndpointStall     0x000053e7    0x30  Code  Gb  usb.o [5]
USBDevEndpointStallClear
                        0x00005417    0x40  Code  Gb  usb.o [5]
USBDevEndpointStatusClear
                        0x00005399    0x4e  Code  Gb  usb.o [5]
USBDevMode              0x000056b9     0x2  Code  Gb  usb.o [5]
USBDeviceConfig         0x00005d67   0x136  Code  Gb  usbdconfig.o [9]
USBDeviceConfigAlternate
                        0x00005ea9    0x7e  Code  Gb  usbdconfig.o [9]
USBDeviceEnumHandler    0x00004b19    0xca  Code  Gb  usbdenum.o [9]
USBDeviceEnumResetHandler
                        0x00004be3    0x3c  Code  Gb  usbdenum.o [9]
USBDeviceIntHandlerInternal
                        0x000051c3    0xc8  Code  Gb  usbdenum.o [9]
USBDeviceResumeTickHandler
                        0x00004a75    0x4a  Code  Gb  usbdenum.o [9]
USBEndpointDMAChannel   0x0000569f    0x1a  Code  Gb  usb.o [5]
USBEndpointDMAConfigSet
                        0x00005529    0x48  Code  Gb  usb.o [5]
USBEndpointDMADisable   0x00005591    0x20  Code  Gb  usb.o [5]
USBEndpointDMAEnable    0x00005571    0x20  Code  Gb  usb.o [5]
USBEndpointDataAvail    0x000055b1    0x20  Code  Gb  usb.o [5]
USBEndpointDataGet      0x000055d1    0x44  Code  Gb  usb.o [5]
USBEndpointDataPut      0x00005635    0x30  Code  Gb  usb.o [5]
USBEndpointDataSend     0x0000566b    0x2c  Code  Gb  usb.o [5]
USBEndpointPacketCountSet
                        0x000056c1     0xe  Code  Gb  usb.o [5]
USBEndpointStatus       0x00005385     0xe  Code  Gb  usb.o [5]
USBFIFOAddrGet          0x00005697     0x8  Code  Gb  usb.o [5]
USBFIFOConfigSet        0x000054e7    0x3c  Code  Gb  usb.o [5]
USBHostResume           0x000052f3    0x14  Code  Gb  usb.o [5]
USBIndexWrite           0x000052d9    0x1a  Code  Lc  usb.o [5]
USBIntEnableControl     0x00005307    0x26  Code  Gb  usb.o [5]
USBIntEnableEndpoint    0x0000535d    0x1a  Code  Gb  usb.o [5]
USBIntStatusControl     0x0000532d    0x30  Code  Gb  usb.o [5]
USBIntStatusEndpoint    0x00005377     0x6  Code  Gb  usb.o [5]
USBLibDMAInit           0x00005a7d    0x84  Code  Gb  usbdma.o [9]
USBRingBufAdvanceRead   0x000041f3    0x1e  Code  Gb  usbringbuf.o [9]
USBRingBufAdvanceWrite  0x00004211    0x36  Code  Gb  usbringbuf.o [9]
USBRingBufContigFree    0x000041a5    0x1c  Code  Gb  usbringbuf.o [9]
USBRingBufContigUsed    0x00004193    0x12  Code  Gb  usbringbuf.o [9]
USBRingBufFlush         0x00004157    0x1a  Code  Gb  usbringbuf.o [9]
USBRingBufFree          0x00004185     0xe  Code  Gb  usbringbuf.o [9]
USBRingBufInit          0x00004271     0xc  Code  Gb  usbringbuf.o [9]
USBRingBufRead          0x000041d7    0x1c  Code  Gb  usbringbuf.o [9]
USBRingBufReadOne       0x000041c1    0x16  Code  Gb  usbringbuf.o [9]
USBRingBufUsed          0x00004171    0x14  Code  Gb  usbringbuf.o [9]
USBRingBufWrite         0x00004255    0x1c  Code  Gb  usbringbuf.o [9]
USBRingBufWriteOne      0x00004247     0xe  Code  Gb  usbringbuf.o [9]
USBStackModeSet         0x00006d59    0x18  Code  Gb  usbmode.o [9]
USBUARTIntHandler       0x000068df    0x64  Code  Gb  usb_dev_serial.o [1]
USBUARTPrimeTransmit    0x0000688b    0x54  Code  Lc  usb_dev_serial.o [1]
UpdateIndexAtomic       0x0000412b    0x2c  Code  Lc  usbringbuf.o [9]
_GetintSmall            0x00003801   0x230  Code  Lc  xscanfsmall.o [3]
_GetstrSmall            0x00003741    0xc0  Code  Lc  xscanfsmall.o [3]
_SScin                  0x00002033    0x1e  Code  Gb  xsscin.o [3]
_ScanfSmall             0x00003545   0x1f6  Code  Gb  xscanfsmall.o [3]
__aeabi_assert          0x00002257    0x4a  Code  Gb  xassert.o [3]
__aeabi_atexit          0x00001255     0xa  Code  Gb  cxxabi.o [4]
__aeabi_d2f             0x00003fa1          Code  Gb  DblToFlt.o [6]
__aeabi_ddiv            0x00003d59          Code  Gb  DblDiv.o [6]
__aeabi_dmul            0x00003bb5          Code  Gb  DblMul.o [6]
__aeabi_errno_addr      0x00004735     0x6  Code  Gb  errno.o [3]
__aeabi_i2d             0x00003b89          Code  Gb  I32ToDbl.o [6]
__aeabi_memcpy          0x00002469          Code  Gb  ABImemcpy.o [7]
__aeabi_memcpy4         0x00002489          Code  Gb  ABImemcpy.o [7]
__aeabi_memcpy8         0x00002489          Code  Gb  ABImemcpy.o [7]
__aeabi_memset          0x000040c5          Code  Gb  ABImemset.o [7]
__aeabi_vec_ctor_nocookie_nodtor
                        0x00001215    0x22  Code  Gb  cxxabi.o [4]
__aeabi_vec_dtor        0x00001237    0x1e  Code  Gb  cxxabi.o [4]
__call_ctors            0x000024e1    0x18  Code  Gb  cppinit.o [3]
__call_dtors            0x00002533     0x2  Code  Gb  cppinit.o [3]
__cexit_call_dtors      0x000071d7          Code  Gb  cexit.o [7]
__cmain                 0x000071b5          Code  Gb  cmain.o [7]
__cstart_call_dtors     0x000073f4          Data  Gb  cstart_call_dtors.o [7]
__cxa_atexit            0x000024f9    0x3a  Code  Gb  cppinit.o [3]
__cxa_finalize          0x00002535    0x38  Code  Gb  cppinit.o [3]
__dso_handle            0x200048ec     0x4  Data  Gb  cppinit.o [3]
__dwrite                0x000048df    0x1e  Code  Gb  dwrite.o [8]
__exit                  0x000044d1    0x14  Code  Gb  exit.o [8]
__iar_EmptyStepPoint    0x00002255     0x2  Code  Gb  xassert.o [3]
__iar_Errno             0x200048f0     0x4  Data  Gb  errno.o [3]
__iar_FDnorm            0x00004905    0x26  Code  Gb  xfdnorm.o [6]
__iar_FDscale           0x00004815    0xc8  Code  Gb  xfdscale.o [6]
__iar_FExp              0x000044e5   0x1ea  Code  Gb  xfexp.o [6]
__iar_Memchr            0x00004741          Code  Gb  memchr.o [7]
__iar_Memset            0x000040c5          Code  Gb  ABImemset.o [7]
__iar_Memset_word       0x000040cd          Code  Gb  ABImemset.o [7]
__iar_ReportAssert      0x00003aab    0x50  Code  Gb  xreportassert.o [3]
__iar_Stolx             0x000042a3    0x86  Code  Gb  xstol.o [3]
__iar_Stoul             0x00004447     0x4  Code  Gb  xstoul.o [3]
__iar_Stoulx            0x00004329   0x118  Code  Gb  xstoul.o [3]
__iar_Strchr            0x0000428d          Code  Gb  strchr.o [7]
__iar_Strstr            0x00003519    0x2c  Code  Gb  strstr.o [3]
__iar_close_ttio        0x000047a9    0x2e  Code  Gb  iarttio.o [8]
__iar_copy_init3        0x0000126b    0x2e  Code  Gb  copy_init3.o [7]
__iar_cstart_call_ctors
                        0x0000714d    0x20  Code  Gb  cmain_call_ctors.o [7]
__iar_data_init3        0x0000702d    0x28  Code  Gb  data_init3.o [7]
__iar_dlib_perthread_access
                        0x000048dd     0x2  Code  Gb  xtls.o [3]
__iar_get_ttio          0x000047d9    0x38  Code  Gb  iarttio.o [8]
__iar_init_vfp          0x00007199          Code  Gb  fpinit_M.o [6]
__iar_lookup_ttioh      0x000048fd     0x8  Code  Gb  XShttio.o [3]
__iar_program_start     0x0000718b          Code  Gb  cstartup_M.o [7]
__iar_sh_stdout         0x0000492b    0x20  Code  Gb  iarwstd.o [8]
__iar_sh_write          0x0000494b    0x22  Code  Gb  iarwrite.o [8]
__iar_strcmp            0x00002051          Code  Gb  strcmp.o [7]
__iar_ttio_handles      0x200000b4     0x8  Data  Lc  XShttio.o [3]
__iar_ui2d              0x00003b9d          Code  Gb  I32ToDbl.o [6]
__iar_zero_init3        0x00001e83    0x22  Code  Gb  zero_init3.o [7]
__low_level_init        0x000071cb     0x4  Code  Gb  low_level_init.o [3]
__sti__routine          0x0000026d    0x18  Code  Lc  interpret.o [1]
__vector_table          0x00000000   0x26c  Data  Gb  startup_ewarm.o [1]
__write                 0x00004799    0x10  Code  Gb  write.o [8]
_call_main              0x000071c1          Code  Gb  cmain.o [7]
_exit                   0x000071d5          Code  Gb  cexit.o [7]
_main                   0x000071c7          Code  Gb  cmain.o [7]
abort                   0x00003b35     0x6  Code  Gb  abort.o [3]
accel::RPMx10k(unsigned int, unsigned int)
                        0x0000409f    0x26  Code  Gb  interpret.o [1]
accel::_RPMx10ktoFreq(unsigned int)
                        0x00004725     0xe  Code  Gb  interpret.o [1]
accel::_initUnitCurve(int)
                        0x000026c5    0x7e  Code  Gb  accel.o [1]
accel::_scaleYAxisToClockTicks()
                        0x000027b9    0x38  Code  Gb  accel.o [1]
accel::_scaleYAxisToFrequency()
                        0x00002743    0x72  Code  Gb  accel.o [1]
accel::accel()          0x00002579    0x2e  Code  Gb  accel.o [1]
accel::accelMicroSec() const
                        0x0000286d     0x6  Code  Gb  stepper.o [1]
accel::accelMicroSec(unsigned int)
                        0x00002b9d    0x28  Code  Gb  stepper.o [1]
accel::assign(const accel&)
                        0x000025bd    0x54  Code  Gb  accel.o [1]
accel::clockTicksToCurveIndex(unsigned int) const
                        0x00003b71    0x18  Code  Gb  stepper.o [1]
accel::clockTicksToCurveIndexDecelerate(unsigned int) const
                        0x00004081    0x18  Code  Gb  stepper.o [1]
accel::clockTicksToFreq(unsigned int) const
                        0x00002ae7    0x18  Code  Gb  stepper.o [1]
accel::clockTicksToMicroSec(unsigned int) const
                        0x000028e5    0x26  Code  Gb  stepper.o [1]
accel::curveIndexToClockTicks(unsigned int) const
                        0x000028bd    0x28  Code  Gb  stepper.o [1]
accel::curveIndexToClockTicks(unsigned int) const::string
                        0x00007200    0x18  Data  Gb  stepper.o [1]
accel::curveIndexToClockTicks(unsigned int) const::string (instance 2)
                        0x00006fb4    0x28  Data  Gb  stepper.o [1]
accel::degreesPerMicrostepx10k(unsigned int)
                        0x00004099     0x6  Code  Gb  stepper.o [1]
accel::fmax() const     0x00003b65     0x6  Code  Gb  accel.o [1]
accel::fmin() const     0x00002925     0x6  Code  Gb  stepper.o [1]
accel::freqCloseToStop(unsigned int) const
                        0x00002aff    0x12  Code  Gb  stepper.o [1]
accel::frequency(unsigned int, unsigned int)
                        0x00002809    0x34  Code  Gb  accel.o [1]
accel::microSecToCurveIndex(unsigned int) const
                        0x00002895    0x26  Code  Gb  stepper.o [1]
accel::microSecToCurveIndexDecelerate(unsigned int) const
                        0x00004701    0x24  Code  Gb  stepper.o [1]
accel::microSecToFreq(unsigned int) const
                        0x0000290d    0x18  Code  Gb  stepper.o [1]
accel::microSecToSteps(unsigned int)
                        0x00002611    0x5c  Code  Gb  accel.o [1]
accel::operator =(const accel&)
                        0x000025a7    0x16  Code  Gb  accel.o [1]
accel::reset(unsigned int)
                        0x00002873    0x22  Code  Gb  stepper.o [1]
accel::stepsToMicroSec(unsigned int)
                        0x0000266d    0x58  Code  Gb  accel.o [1]
accel::totalClockTicks() const
                        0x00003b6b     0x6  Code  Gb  accel.o [1]
accel::updateClockPeriod()
                        0x0000299d    0x4c  Code  Gb  stepper.o [1]
accel::updateClockPeriod()::string
                        0x00007218    0x18  Data  Gb  stepper.o [1]
accel::updateClockPeriod()::string (instance 2)
                        0x00006fdc    0x28  Data  Gb  stepper.o [1]
accel::updateClockPeriodDecelerate()
                        0x00002a4d    0x4c  Code  Gb  stepper.o [1]
accel::updateClockPeriodDecelerate()::string
                        0x00007230    0x18  Data  Gb  stepper.o [1]
accel::updateClockPeriodDecelerate()::string (instance 2)
                        0x00007004    0x28  Data  Gb  stepper.o [1]
accel::~accel()         0x00006e55     0x2  Code  Gb  interpret.o [1]
bufferInput             0x000004d7   0x20a  Code  Gb  interpret.o [1]
delay                   0x00001ec9    0x1c  Code  Gb  main.o [1]
digits                  0x0000444c    0x28  Data  Lc  xstoul.o [3]
enable                  0x00001ee5     0xe  Code  Gb  main.o [1]
errMsg()                0x000002ff    0x1a  Code  Gb  interpret.o [1]
exit                    0x000071cf     0x4  Code  Gb  exit.o [3]
expf                    0x00004031    0x4c  Code  Gb  expf.o [6]
flashLED                0x00001f13     0x2  Code  Gb  main.o [1]
flashio::flashio()      0x00002211     0x2  Code  Gb  flashio.o [1]
flashio::~flashio()     0x00006e53     0x2  Code  Gb  interpret.o [1]
g_bSendingBreak         0x200048f8     0x1  Data  Lc  usb_dev_serial.o [1]
g_bUSBConfigured        0x200048f9     0x1  Data  Lc  usb_dev_serial.o [1]
g_bUSBTimerInitialized  0x2000475c     0x1  Data  Gb  usbtick.o [9]
g_eOTGModeState         0x20000091     0x1  Data  Gb  usbmode.o [9]
g_iDualMode             0x20000092     0x1  Data  Lc  usbmode.o [9]
g_iUSBMode              0x20000090     0x1  Data  Gb  usbmode.o [9]
g_pCDCCompSerConfigDescriptors
                        0x000067b8     0x4  Data  Gb  usbdcdc.o [9]
g_pcStatus              0x200048e0     0x4  Data  Gb  usb_dev_serial.o [1]
g_pfnTickHandlers       0x20004760    0x18  Data  Gb  usbtick.o [9]
g_pfnUSBModeCallback    0x2000009c     0x4  Data  Lc  usbmode.o [9]
g_ppCDCSerConfigDescriptors
                        0x000067b4     0x4  Data  Gb  usbdcdc.o [9]
g_ppsDevInfo            0x20004714     0x4  Data  Gb  usbdenum.o [9]
g_ppui8StringDescriptors
                        0x00007248    0x18  Data  Gb  usb_serial_structs.o [1]
g_psCDCCompSerSections  0x20000080    0x10  Data  Gb  usbdcdc.o [9]
g_psCDCSerSections      0x200000a0     0xc  Data  Gb  usbdcdc.o [9]
g_psDCDInst             0x200046cc    0x48  Data  Gb  usbdenum.o [9]
g_psUSBDMAInst          0x20004250   0x110  Data  Lc  usbdma.o [9]
g_psUSBDStdRequests     0x000052a4    0x34  Data  Lc  usbdenum.o [9]
g_pui32Dii16Regs        0x00003504    0x14  Data  Lc  interrupt.o [5]
g_pui32EnRegs           0x000034f0    0x14  Data  Lc  interrupt.o [5]
g_pui32Regs             0x00003454    0x9c  Data  Lc  interrupt.o [5]
g_pui8CDCSerCommInterface
                        0x00006d84    0x24  Data  Gb  usbdcdc.o [9]
g_pui8CDCSerDataInterface
                        0x00006db0    0x18  Data  Gb  usbdcdc.o [9]
g_pui8CDCSerDescriptor  0x20000060     0xc  Data  Gb  usbdcdc.o [9]
g_pui8CDCSerDeviceDescriptor
                        0x2000006c    0x14  Data  Gb  usbdcdc.o [9]
g_pui8ConfigString      0x00006ea0    0x38  Data  Gb  usb_serial_structs.o [1]
g_pui8ControlInterfaceString
                        0x00006f60    0x2c  Data  Gb  usb_serial_structs.o [1]
g_pui8DataBufferIn      0x2000471c    0x40  Data  Lc  usbdenum.o [9]
g_pui8IADSerDescriptor  0x200000ac     0x8  Data  Gb  usbdcdc.o [9]
g_pui8LangDescriptor    0x000073ec     0x4  Data  Gb  usb_serial_structs.o [1]
g_pui8ManufacturerString
                        0x00007054    0x24  Data  Gb  usb_serial_structs.o [1]
g_pui8ProductString     0x00007078    0x24  Data  Gb  usb_serial_structs.o [1]
g_pui8RxBufferWorkspace
                        0x200047d4    0x18  Data  Gb  usb_serial_structs.o [1]
g_pui8SerialNumberString
                        0x0000728c    0x14  Data  Gb  usb_serial_structs.o [1]
g_pui8TxBufferWorkspace
                        0x200047ec    0x18  Data  Gb  usb_serial_structs.o [1]
g_pui8USBRxBuffer       0x20004468   0x100  Data  Gb  usb_serial_structs.o [1]
g_pui8USBTxBuffer       0x20004568   0x100  Data  Gb  usb_serial_structs.o [1]
g_pvTickInstance        0x20004778    0x18  Data  Gb  usbtick.o [9]
g_sCDCCompSerConfigHeader
                        0x00006dd8     0x8  Data  Gb  usbdcdc.o [9]
g_sCDCDevice            0x20000000    0x60  Data  Gb  usb_serial_structs.o [1]
g_sCDCHandlers          0x000067bc    0x30  Data  Gb  usbdcdc.o [9]
g_sCDCSerCommInterfaceSection
                        0x00006da8     0x8  Data  Gb  usbdcdc.o [9]
g_sCDCSerConfigHeader   0x00006dd0     0x8  Data  Gb  usbdcdc.o [9]
g_sCDCSerConfigSection  0x00006d74     0x8  Data  Gb  usbdcdc.o [9]
g_sCDCSerDataInterfaceSection
                        0x00006dc8     0x8  Data  Gb  usbdcdc.o [9]
g_sIADSerConfigSection  0x00006d7c     0x8  Data  Gb  usbdcdc.o [9]
g_sRxBuffer             0x0000709c    0x24  Data  Gb  usb_serial_structs.o [1]
g_sTxBuffer             0x000070c0    0x24  Data  Gb  usb_serial_structs.o [1]
g_ui32CurrentUSBTick    0x20004790     0x4  Data  Gb  usbtick.o [9]
g_ui32Flags             0x200048dc     0x4  Data  Gb  usb_dev_serial.o [1]
g_ui32PollRate          0x20000094     0x4  Data  Gb  usbmode.o [9]
g_ui32UARTRxCount       0x200048d8     0x4  Data  Gb  usb_dev_serial.o [1]
g_ui32UARTTxCount       0x200048d4     0x4  Data  Gb  usb_dev_serial.o [1]
g_ui32USBSOFCount       0x200048e4     0x4  Data  Gb  usbtick.o [9]
g_ui32WaitTicks         0x20000098     0x4  Data  Gb  usbmode.o [9]
heapSTRUCT_SIZE         0x0000231e     0x2  Data  Lc  heap_2.o [1]
intToNodeType(int)      0x00000475    0x62  Code  Gb  interpret.o [1]
interpret::_cleanUpEvaluationStack(unsigned int)
                        0x00000bbb    0x34  Code  Gb  interpret.o [1]
interpret::_cleanUpSymbolTable()
                        0x00000bef    0x28  Code  Gb  interpret.o [1]
interpret::_currentProgramNodeLevel() const
                        0x000023c5    0x16  Code  Gb  interpret.o [1]
interpret::_currentProgramNodeType() const
                        0x000022a5    0x16  Code  Gb  interpret.o [1]
interpret::_currentProgramNodeValue() const
                        0x000022bb    0x16  Code  Gb  interpret.o [1]
interpret::_evalValue()
                        0x00002321    0x3c  Code  Gb  interpret.o [1]
interpret::_evalValue()::string
                        0x0000710c    0x20  Data  Gb  interpret.o [1]
interpret::_evalValue()::string (instance 2)
                        0x00006f08    0x2c  Data  Gb  interpret.o [1]
interpret::_evalValuePeek() const
                        0x000023db     0xe  Code  Gb  interpret.o [1]
interpret::_findFirstAvailableNodeInSymbolTable()
                        0x00001123    0x7e  Code  Gb  interpret.o [1]
interpret::_findFirstParseTreeEntry(parseTreeEntry const &, unsigned int)
                        0x00000c17    0x74  Code  Gb  interpret.o [1]
interpret::_getLastSymbolTableIndex()
                        0x00002411    0x16  Code  Gb  interpret.o [1]
interpret::_programNodeType(unsigned int) const
                        0x0000242b    0x14  Code  Gb  interpret.o [1]
interpret::_pushTemporarySymbolOnEvaluationStack(unsigned int)
                        0x000010a1    0x82  Code  Gb  interpret.o [1]
interpret::_resetSymbolTableTemporaryBoundary()
                        0x000023bb     0xa  Code  Gb  interpret.o [1]
interpret::_returnSymbolToAvailablePool(unsigned int)
                        0x0000235d    0x26  Code  Gb  interpret.o [1]
interpret::_updateProgramIndex(nodeType, int)
                        0x00000b5d    0x5e  Code  Gb  interpret.o [1]
interpret::appendToProgram(parseTreeEntry const &)
                        0x00000747    0x2e  Code  Gb  interpret.o [1]
interpret::appendToSymbolTable(symbolTableEntry const &)
                        0x00000775    0x2e  Code  Gb  interpret.o [1]
interpret::evaluateOperator(unsigned int)
                        0x00000d3d   0x348  Code  Gb  interpret.o [1]
interpret::getLowWaterMarkForTemporarySymbolSearch() const
                        0x00002463     0x6  Code  Gb  interpret.o [1]
interpret::getStepper()
                        0x00001265     0x6  Code  Gb  interpret.o [1]
interpret::interpret()  0x000006e1    0x66  Code  Gb  interpret.o [1]
interpret::run()        0x000007a3   0x3ba  Code  Gb  interpret.o [1]
interpret::setLowWaterMarkForTemporarySymbolSearch()
                        0x00002205     0xc  Code  Gb  interpret.o [1]
interpret::symbolFromIndex(int)
                        0x00002447    0x1c  Code  Gb  interpret.o [1]
interpret::symbolTableIndexMorph(int)
                        0x00000c8b    0x70  Code  Gb  interpret.o [1]
interpret::~interpret()
                        0x00006de1    0x4c  Code  Gb  interpret.o [1]
interpretRun            0x00000285    0x60  Code  Gb  interpret.o [1]
interpreter             0x20002fb0  0x12a0  Data  Gb  interpret.o [1]
interpreterRunBool      0x200048f5     0x1  Data  Lc  interpret.o [1]
led::Off()              0x00003a69    0x1c  Code  Gb  interpret.o [1]
led::On()               0x00003a4d    0x1c  Code  Gb  interpret.o [1]
led::_enable            0x200048f4     0x1  Data  Gb  interpret.o [1]
led::enable()           0x0000449d     0xc  Code  Gb  interpret.o [1]
led::enable(bool)       0x00001679     0xc  Code  Gb  interpret.o [1]
led::led(bool)          0x00002221    0x1e  Code  Gb  interpret.o [1]
led::set(unsigned int)  0x000023a1    0x1a  Code  Gb  interpret.o [1]
led::~led()             0x00006e2d     0xe  Code  Gb  interpret.o [1]
localAssert             0x00001ea5    0x12  Code  Gb  main.o [1]
main                    0x00006bf3   0x106  Code  Gb  usb_dev_serial.o [1]
mainA                   0x00001f5b    0x1a  Code  Gb  main.o [1]
memchr                  0x00004741          Code  Gb  memchr.o [7]
memcmp                  0x00002e75          Code  Gb  memcmp.o [7]
memset                  0x00003025    0x16  Code  Gb  tasks.o [1]
motorStep               0x00001ef3    0x20  Code  Gb  main.o [1]
ndigs                   0x00004474    0x28  Data  Lc  xstoul.o [3]
next_abi_dtor_rec       0x200048e8     0x4  Data  Lc  cppinit.o [3]
out                     0x00003a95    0x16  Code  Lc  xreportassert.o [3]
parseTreeEntry::level() const
                        0x0000243f     0x4  Code  Gb  parseTreeEntry.o [1]
parseTreeEntry::level(unsigned int)
                        0x00002191     0x4  Code  Gb  parseTreeEntry.o [1]
parseTreeEntry::operator =(const parseTreeEntry&)
                        0x00002147    0x4a  Code  Gb  parseTreeEntry.o [1]
parseTreeEntry::parseTreeEntry()
                        0x00002139     0x6  Code  Gb  parseTreeEntry.o [1]
parseTreeEntry::parseTreeEntry(nodeType, int, unsigned int)
                        0x0000213f     0x8  Code  Gb  parseTreeEntry.o [1]
parseTreeEntry::position() const
                        0x00003a49     0x4  Code  Gb  parseTreeEntry.o [1]
parseTreeEntry::position(nodePosition)
                        0x00002195     0x4  Code  Gb  parseTreeEntry.o [1]
parseTreeEntry::type() const
                        0x000022a1     0x4  Code  Gb  parseTreeEntry.o [1]
parseTreeEntry::type(nodeType)
                        0x0000219d     0x4  Code  Gb  parseTreeEntry.o [1]
parseTreeEntry::value() const
                        0x00002443     0x4  Code  Gb  parseTreeEntry.o [1]
parseTreeEntry::value(int)
                        0x00002199     0x4  Code  Gb  parseTreeEntry.o [1]
parseTreeEntry::~parseTreeEntry()
                        0x000021a1     0x2  Code  Gb  interpret.o [1]
postMsg(bool)           0x00000319    0x16  Code  Gb  interpret.o [1]
prvAddCurrentTaskToDelayedList
                        0x00001d2d    0x3e  Code  Lc  tasks.o [1]
prvAllocateTCBAndStack  0x00001d79    0x46  Code  Lc  tasks.o [1]
prvCheckTasksWaitingTermination
                        0x00001cc5    0x5c  Code  Lc  tasks.o [1]
prvDeleteTCB            0x00001df7    0x12  Code  Lc  tasks.o [1]
prvHeapInit             0x00002fdf    0x2e  Code  Lc  heap_2.o [1]
prvIdleTask             0x00001c11     0x8  Code  Lc  tasks.o [1]
prvInitialiseTCBVariables
                        0x00001c19    0x60  Code  Lc  tasks.o [1]
prvInitialiseTaskLists  0x00001c79    0x46  Code  Lc  tasks.o [1]
prvTaskCheckFreeStackSpace
                        0x00001dbf    0x18  Code  Lc  tasks.o [1]
pui32Stack              0x200048fc   0x400  Data  Lc  startup_ewarm.o [1]
putchar                 0x000044a9    0x28  Code  Gb  putchar.o [3]
pvPortMalloc            0x00002ed9    0xc2  Code  Gb  heap_2.o [1]
pxCurrentTCB            0x200048a0     0x4  Data  Gb  tasks.o [1]
pxDelayedTaskList       0x200048a4     0x4  Data  Lc  tasks.o [1]
pxOverflowDelayedTaskList
                        0x200048a8     0x4  Data  Lc  tasks.o [1]
pxPortInitialiseStack   0x00002bd9    0x22  Code  Gb  port.o [1]
pxReadyTasksLists       0x20004668    0x64  Data  Lc  tasks.o [1]
sp                      0x2000489c     0x4  Data  Gb  stepper.o [1]
sscanf                  0x00002115    0x24  Code  Gb  sscanf.o [3]
stepper::RPM(unsigned int, unsigned int)
                        0x00001659    0x20  Code  Gb  interpret.o [1]
stepper::RPMx10k(unsigned int, unsigned int)
                        0x00002bc5    0x14  Code  Gb  interpret.o [1]
stepper::_isAccelerating() const
                        0x00002969    0x32  Code  Gb  stepper.o [1]
stepper::_isConstantVelocity() const
                        0x00002a05    0x32  Code  Gb  stepper.o [1]
stepper::_isConstantVelocityStart() const
                        0x00002acb    0x16  Code  Gb  stepper.o [1]
stepper::_isDecelerating() const
                        0x00002a99    0x32  Code  Gb  stepper.o [1]
stepper::_isStartOfDeceleration() const
                        0x00002a37    0x16  Code  Gb  stepper.o [1]
stepper::_timer() const
                        0x00002ae1     0x6  Code  Gb  stepper.o [1]
stepper::_timer(unsigned long)
                        0x000029e9    0x1c  Code  Gb  stepper.o [1]
stepper::_timerStart(bool)
                        0x00001583    0x4a  Code  Gb  stepper.o [1]
stepper::accelerationTimeMicrosecs(unsigned int)
                        0x00001649    0x10  Code  Gb  interpret.o [1]
stepper::degreesPerMicrostepx10k(unsigned int)
                        0x00002b8b    0x10  Code  Gb  stepper.o [1]
stepper::directionPositive(bool)
                        0x0000283d    0x30  Code  Gb  stepper.o [1]
stepper::enable()       0x00002b11    0x14  Code  Gb  stepper.o [1]
stepper::isr()          0x0000147f   0x104  Code  Gb  stepper.o [1]
stepper::microstepSet(microsteps)
                        0x000015f5    0x54  Code  Gb  stepper.o [1]
stepper::moveAbsolute(int)
                        0x0000132f   0x150  Code  Gb  stepper.o [1]
stepper::moveRelative(int)
                        0x0000238d    0x14  Code  Gb  interpret.o [1]
stepper::step()         0x0000292d    0x3c  Code  Gb  stepper.o [1]
stepper::stepper()      0x000012c1    0x2e  Code  Gb  stepper.o [1]
stepper::~stepper()     0x00006e3b    0x16  Code  Gb  interpret.o [1]
stepperISR              0x00001299    0x28  Code  Gb  stepper.o [1]
stepper_init            0x000012ef    0x40  Code  Gb  stepper.o [1]
stmtNestingLevel        0x20004880     0x4  Data  Lc  interpret.o [1]
stmtPosition            0x20004794    0x20  Data  Lc  interpret.o [1]
stmtType                0x200047b4    0x20  Data  Lc  interpret.o [1]
stmtValue               0x20004884     0x4  Data  Lc  interpret.o [1]
strchr                  0x0000428d          Code  Gb  strchr.o [7]
strcmp                  0x00002051          Code  Gb  strcmp.o [7]
stringToNodePosition(char const *)
                        0x0000032f    0x2c  Code  Gb  interpret.o [1]
stringToNodeType(char const *)
                        0x0000035b   0x114  Code  Gb  interpret.o [1]
strlen                  0x00001e4d          Code  Gb  strlen.o [7]
strstr(char const *, char const *)
                        0x00002105    0x10  Code  Gb  interpret.o [1]
successMsg()            0x000002e5    0x1a  Code  Gb  interpret.o [1]
symbFcnLink             0x20004890     0x4  Data  Lc  interpret.o [1]
symbType                0x20004888     0x4  Data  Lc  interpret.o [1]
symbValue               0x2000488c     0x4  Data  Lc  interpret.o [1]
symbolTableEntry::dumpEntry()
                        0x000021f5     0x2  Code  Gb  symbolTableEntry.o [1]
symbolTableEntry::fcnLink() const
                        0x00002389     0x4  Code  Gb  symbolTableEntry.o [1]
symbolTableEntry::fcnLink(int)
                        0x000021ff     0x4  Code  Gb  symbolTableEntry.o [1]
symbolTableEntry::operator =(const symbolTableEntry&)
                        0x000021bb    0x3a  Code  Gb  symbolTableEntry.o [1]
symbolTableEntry::symbolTableEntry()
                        0x000021a3     0xe  Code  Gb  symbolTableEntry.o [1]
symbolTableEntry::symbolTableEntry(nodeType, int)
                        0x000021b1     0xa  Code  Gb  symbolTableEntry.o [1]
symbolTableEntry::type() const
                        0x00002427     0x4  Code  Gb  symbolTableEntry.o [1]
symbolTableEntry::type(nodeType)
                        0x000021f7     0x4  Code  Gb  symbolTableEntry.o [1]
symbolTableEntry::value() const
                        0x0000230b     0x4  Code  Gb  symbolTableEntry.o [1]
symbolTableEntry::value(int)
                        0x000021fb     0x4  Code  Gb  symbolTableEntry.o [1]
symbolTableEntry::~symbolTableEntry()
                        0x00002203     0x2  Code  Gb  interpret.o [1]
tinyQueue<int>::empty() const
                        0x0000223f    0x16  Code  Gb  interpret.o [1]
tinyQueue<int>::front() const
                        0x00002315     0xa  Code  Gb  interpret.o [1]
tinyQueue<int>::peekAtIndex(unsigned int) const
                        0x00002305     0x6  Code  Gb  interpret.o [1]
tinyQueue<int>::pop_front()
                        0x000023e9    0x28  Code  Gb  interpret.o [1]
tinyQueue<int>::push_front(int)
                        0x000022d1    0x34  Code  Gb  interpret.o [1]
tinyQueue<int>::size() const
                        0x00003a85    0x10  Code  Gb  interpret.o [1]
tinyQueue<int>::spaceAvail() const
                        0x00003b3b    0x2a  Code  Gb  interpret.o [1]
tinyQueue<int>::stackFrameIndex() const
                        0x00002383     0x6  Code  Gb  interpret.o [1]
tinyQueue<int>::stackFrameIndex(unsigned int)
                        0x0000230f     0x6  Code  Gb  interpret.o [1]
tinyQueue<int>::tinyQueue()
                        0x00002213     0xe  Code  Gb  interpret.o [1]
tinyQueue<int>::~tinyQueue()
                        0x00006e51     0x2  Code  Gb  interpret.o [1]
tinyQueue<unsigned char>::clear()
                        0x000020f7     0xc  Code  Gb  interpret.o [1]
tinyQueue<unsigned char>::getBuffer()
                        0x00002103     0x2  Code  Gb  interpret.o [1]
tinyQueue<unsigned char>::push(unsigned char)
                        0x0000209d    0x30  Code  Gb  interpret.o [1]
tinyQueue<unsigned char>::spaceAvail() const
                        0x000020cd    0x2a  Code  Gb  interpret.o [1]
tinyQueue<unsigned char>::tinyQueue(int)
                        0x00002093     0xa  Code  Gb  interpret.o [1]
tinyQueue<unsigned char>::~tinyQueue()
                        0x000024df     0x2  Code  Gb  interpret.o [1]
uDMAChannelAttributeDisable
                        0x00005f4d    0x26  Code  Gb  udma.o [5]
uDMAChannelControlSet   0x00005f73    0x18  Code  Gb  udma.o [5]
uDMAChannelDisable      0x00005f3d    0x10  Code  Gb  udma.o [5]
uDMAChannelEnable       0x00005f2d    0x10  Code  Gb  udma.o [5]
uDMAChannelModeGet      0x00006009    0x28  Code  Gb  udma.o [5]
uDMAChannelTransferSet  0x00005f8b    0x7e  Code  Gb  udma.o [5]
uDMAUSBArbSizeSet       0x00005a11    0x60  Code  Lc  usbdma.o [9]
uDMAUSBChannelAllocate  0x000058c7    0xa6  Code  Lc  usbdma.o [9]
uDMAUSBChannelDisable   0x000057af    0x46  Code  Lc  usbdma.o [9]
uDMAUSBChannelEnable    0x0000575d    0x52  Code  Lc  usbdma.o [9]
uDMAUSBChannelIntDisable
                        0x00005803     0x2  Code  Lc  usbdma.o [9]
uDMAUSBChannelIntEnable
                        0x00005801     0x2  Code  Lc  usbdma.o [9]
uDMAUSBChannelRelease   0x0000596d    0x5a  Code  Lc  usbdma.o [9]
uDMAUSBChannelStatus    0x000056d1    0x24  Code  Lc  usbdma.o [9]
uDMAUSBIntStatus        0x000056f5    0x2a  Code  Lc  usbdma.o [9]
uDMAUSBTransfer         0x00005805    0xa6  Code  Lc  usbdma.o [9]
uDMAUSBUnitSizeSet      0x000059c7    0x4a  Code  Lc  usbdma.o [9]
ucHeap                  0x200000d0  0x2ee0  Data  Lc  heap_2.o [1]
ucMaxSysCallPriority    0x200048f7     0x1  Data  Lc  port.o [1]
ulMaxPRIGROUPValue      0x20004898     0x4  Data  Lc  port.o [1]
ulPortSetInterruptMask  0x00002e1f          Code  Gb  portasm.o [1]
uxCriticalNesting       0x200000c8     0x4  Data  Lc  port.o [1]
uxCurrentNumberOfTasks  0x200048b0     0x4  Data  Lc  tasks.o [1]
uxListRemove            0x00002dab    0x2a  Code  Gb  list.o [1]
uxPendedTicks           0x200048c4     0x4  Data  Lc  tasks.o [1]
uxSchedulerSuspended    0x200048c0     0x4  Data  Lc  tasks.o [1]
uxTaskGetStackHighWaterMark
                        0x00001dd7    0x20  Code  Gb  tasks.o [1]
uxTaskNumber            0x200048d0     0x4  Data  Lc  tasks.o [1]
uxTasksDeleted          0x200048ac     0x4  Data  Lc  tasks.o [1]
uxTopReadyPriority      0x200048b8     0x4  Data  Lc  tasks.o [1]
vApplicationStackOverflowHook
                        0x00002031     0x2  Code  Gb  main.o [1]
vApplicationTickHook    0x0000202f     0x2  Code  Gb  main.o [1]
vIdleTask               0x00001f99    0x28  Code  Lc  main.o [1]
vInterpretTask          0x00002015    0x1a  Code  Lc  main.o [1]
vListInitialise         0x00002d31    0x1e  Code  Gb  list.o [1]
vListInitialiseItem     0x00002d4f     0x6  Code  Gb  list.o [1]
vListInsert             0x00002d6f    0x3c  Code  Gb  list.o [1]
vListInsertEnd          0x00002d55    0x1a  Code  Gb  list.o [1]
vPortClearInterruptMask
                        0x00002e2d          Code  Gb  portasm.o [1]
vPortEnableVFP          0x00002e59          Code  Gb  portasm.o [1]
vPortEnterCritical      0x00002ca5    0x1a  Code  Gb  port.o [1]
vPortExitCritical       0x00002cbf    0x1c  Code  Gb  port.o [1]
vPortFree               0x00002f9b    0x44  Code  Gb  heap_2.o [1]
vPortSVCHandler         0x00002e33          Code  Gb  portasm.o [1]
vPortSetupTimerInterrupt
                        0x00002cfb    0x10  Code  Wk  port.o [1]
vPortStartFirstTask     0x00002e4b          Code  Gb  portasm.o [1]
vPortYield              0x00002c93    0x12  Code  Gb  port.o [1]
vSetupHighFrequencyTimer
                        0x00001f15    0x46  Code  Gb  main.o [1]
vStartIdleTask          0x00001f75    0x22  Code  Gb  main.o [1]
vStartInterpretTask     0x00001fc1    0x24  Code  Gb  main.o [1]
vTaskDelay              0x0000184d    0x3c  Code  Gb  tasks.o [1]
vTaskDelayUntil         0x000017cd    0x80  Code  Gb  tasks.o [1]
vTaskStartScheduler     0x00001889    0x4c  Code  Gb  tasks.o [1]
vTaskSuspendAll         0x000018d5    0x10  Code  Gb  tasks.o [1]
vTaskSwitchContext      0x00001b49    0xc6  Code  Gb  tasks.o [1]
xDelayedTaskList1       0x20004804    0x14  Data  Lc  tasks.o [1]
xDelayedTaskList2       0x20004818    0x14  Data  Lc  tasks.o [1]
xEnd                    0x20004870     0x8  Data  Lc  heap_2.o [1]
xFreeBytesRemaining     0x200000bc     0x4  Data  Lc  heap_2.o [1]
xNextTaskUnblockTime    0x200000cc     0x4  Data  Lc  tasks.o [1]
xNumOfOverflows         0x200048cc     0x4  Data  Lc  tasks.o [1]
xPendingReadyList       0x2000482c    0x14  Data  Lc  tasks.o [1]
xPortPendSVHandler      0x00002dd5          Code  Gb  portasm.o [1]
xPortStartScheduler     0x00002bfb    0x98  Code  Gb  port.o [1]
xPortSysTickHandler     0x00002cdb    0x20  Code  Gb  port.o [1]
xSchedulerRunning       0x200048bc     0x4  Data  Lc  tasks.o [1]
xStart                  0x20004868     0x8  Data  Lc  heap_2.o [1]
xSuspendedTaskList      0x20004854    0x14  Data  Lc  tasks.o [1]
xTaskGenericCreate      0x00001685   0x148  Code  Gb  tasks.o [1]
xTaskGetTickCount       0x000019d3    0x16  Code  Gb  tasks.o [1]
xTaskIncrementTick      0x000019e9   0x160  Code  Gb  tasks.o [1]
xTaskResumeAll          0x000018e5    0xee  Code  Gb  tasks.o [1]
xTaskWakeTime           0x2000487c     0x4  Data  Lc  interpret.o [1]
xTasksWaitingTermination
                        0x20004840    0x14  Data  Lc  tasks.o [1]
xTickCount              0x200048b4     0x4  Data  Lc  tasks.o [1]
xYieldPending           0x200048c8     0x4  Data  Lc  tasks.o [1]


[1] = C:\dev\docs\scottdesign\motor\Debug\Obj
[2] = command line
[3] = dl7M_tln.a
[4] = dlpp7M_tl_ne.a
[5] = driverlib.a
[6] = m7M_tlv.a
[7] = rt7M_tl.a
[8] = shb_l.a
[9] = usblib.a

  27 730 bytes of readonly  code memory
   2 162 bytes of readonly  data memory
  20 138 bytes of readwrite data memory

Errors: none
Warnings: none
