###############################################################################
#                                                                             #
# IAR ELF Linker V6.40.1.53790/W32 for ARM              12/Dec/2013  17:27:08 #
# Copyright 2007-2012 IAR Systems AB.                                         #
#                                                                             #
#    Output file  =  C:\dev\docs\scottdesign\motor\Debug\Exe\motorTiva.out    #
#    Map file     =  C:\dev\docs\scottdesign\motor\Debug\List\motorTiva.map   #
#    Command line =  C:\dev\docs\scottdesign\motor\Debug\Obj\accel.o          #
#                    C:\dev\docs\scottdesign\motor\Debug\Obj\flashio.o        #
#                    C:\dev\docs\scottdesign\motor\Debug\Obj\heap_2.o         #
#                    C:\dev\docs\scottdesign\motor\Debug\Obj\interpret.o      #
#                    C:\dev\docs\scottdesign\motor\Debug\Obj\io.o             #
#                    C:\dev\docs\scottdesign\motor\Debug\Obj\list.o           #
#                    C:\dev\docs\scottdesign\motor\Debug\Obj\main.o           #
#                    C:\dev\docs\scottdesign\motor\Debug\Obj\parseTreeEntry.o #
#                     C:\dev\docs\scottdesign\motor\Debug\Obj\port.o          #
#                    C:\dev\docs\scottdesign\motor\Debug\Obj\portasm.o        #
#                    C:\dev\docs\scottdesign\motor\Debug\Obj\queue.o          #
#                    C:\dev\docs\scottdesign\motor\Debug\Obj\startup_ewarm.o  #
#                    C:\dev\docs\scottdesign\motor\Debug\Obj\stepper.o        #
#                    C:\dev\docs\scottdesign\motor\Debug\Obj\symbolTableEntry #
#                    .o C:\dev\docs\scottdesign\motor\Debug\Obj\tasks.o       #
#                    C:\dev\docs\scottdesign\motor\Debug\Obj\uartstdio.o      #
#                    C:\dev\docs\scottdesign\motor\Debug\Obj\usb_dev_serial.o #
#                     C:\dev\docs\scottdesign\motor\Debug\Obj\usb_serial_stru #
#                    cts.o C:\dev\docs\scottdesign\motor\Debug\Obj\ustdlib.o  #
#                    C:\ti\TivaWare_C_Series-1.0\driverlib\ewarm\Exe\driverli #
#                    b.a C:\ti\TivaWare_C_Series-1.0\usblib\ewarm\Exe\usblib. #
#                    a --redirect _Printf=_PrintfTiny --redirect              #
#                    _Scanf=_ScanfSmall -o C:\dev\docs\scottdesign\motor\Debu #
#                    g\Exe\motorTiva.out --map C:\dev\docs\scottdesign\motor\ #
#                    Debug\List\motorTiva.map --config                        #
#                    C:\dev\docs\scottdesign\motor\motorTiva.icf              #
#                    --semihosting --entry __iar_program_start --vfe          #
#                                                                             #
#                                                                             #
###############################################################################

*******************************************************************************
*** RUNTIME MODEL ATTRIBUTES
***

CppFlavor                     = *
__CPP_Language                = EC++
__Heap_Handler                = Basic
__SystemLibrary               = DLib
__dlib_dynamic_initialization = normal


*******************************************************************************
*** PLACEMENT SUMMARY
***

"A1":  place at start of [0x00000000-0x0000ffff] { ro section .intvec };
"P1":  place in [from 0x00000000 to 0x0000ffff] { ro };
"P2":  place in [from 0x20000000 to 0x20005fff] { rw, block HEAP };

  Section             Kind        Address    Size  Object
  -------             ----        -------    ----  ------
"A1":                                       0x26c
  .intvec             const    0x00000000   0x26c  startup_ewarm.o [1]
                             - 0x0000026c   0x26c

"P1":                                      0x7b6c
  .text               ro code  0x0000026c  0x11fc  interpret.o [1]
  .text               ro code  0x00001468    0x50  cxxabi.o [4]
  .text               ro code  0x000014b8     0x6  interpret.o [1]
  .text               ro code  0x000014be    0x2e  copy_init3.o [7]
  .text               ro code  0x000014ec   0x3b0  stepper.o [1]
  .text               ro code  0x0000189c    0x10  interpret.o [1]
  .text               ro code  0x000018ac    0x20  interpret.o [1]
  .text               ro code  0x000018cc     0xc  interpret.o [1]
  .text               ro code  0x000018d8   0x7c8  tasks.o [1]
  .text               ro code  0x000020a0    0x36  strlen.o [7]
  .text               ro code  0x000020d6    0x22  zero_init3.o [7]
  .text               ro code  0x000020f8   0x17e  main.o [1]
  .text               ro code  0x00002276    0x1e  xsscin.o [3]
  .text               ro code  0x00002294    0x42  strcmp.o [7]
  .text               ro code  0x000022d6     0xa  interpret.o [1]
  .text               ro code  0x000022e0    0x30  interpret.o [1]
  .text               ro code  0x00002310    0x2a  interpret.o [1]
  .text               ro code  0x0000233a     0xc  interpret.o [1]
  .text               ro code  0x00002346     0x2  interpret.o [1]
  .text               ro code  0x00002348    0x10  interpret.o [1]
  .text               ro code  0x00002358    0x24  sscanf.o [3]
  .text               ro code  0x0000237c    0x58  parseTreeEntry.o [1]
  .text               ro code  0x000023d4     0x4  parseTreeEntry.o [1]
  .text               ro code  0x000023d8     0x4  parseTreeEntry.o [1]
  .text               ro code  0x000023dc     0x4  parseTreeEntry.o [1]
  .text               ro code  0x000023e0     0x4  parseTreeEntry.o [1]
  .text               ro code  0x000023e4     0x2  interpret.o [1]
  .text               ro code  0x000023e6    0x54  symbolTableEntry.o [1]
  .text               ro code  0x0000243a     0x4  symbolTableEntry.o [1]
  .text               ro code  0x0000243e     0x4  symbolTableEntry.o [1]
  .text               ro code  0x00002442     0x4  symbolTableEntry.o [1]
  .text               ro code  0x00002446     0x2  interpret.o [1]
  .text               ro code  0x00002448     0xc  interpret.o [1]
  .text               ro code  0x00002454     0x2  flashio.o [1]
  .text               ro code  0x00002456     0xe  interpret.o [1]
  .text               ro code  0x00002464   0x134  io.o [1]
  .text               ro code  0x00002598    0x1e  interpret.o [1]
  .text               ro code  0x000025b6    0x16  interpret.o [1]
  .text               ro code  0x000025cc    0x4c  xassert.o [3]
  .text               ro code  0x00002618     0x4  parseTreeEntry.o [1]
  .text               ro code  0x0000261c    0x16  interpret.o [1]
  .text               ro code  0x00002632    0x16  interpret.o [1]
  .text               ro code  0x00002648    0x34  interpret.o [1]
  .text               ro code  0x0000267c     0x6  interpret.o [1]
  .text               ro code  0x00002682     0x4  symbolTableEntry.o [1]
  .text               ro code  0x00002686     0x6  interpret.o [1]
  .text               ro code  0x0000268c     0xa  interpret.o [1]
  .text               ro code  0x00002696     0xa  xsprout.o [3]
  .text               ro code  0x000026a0    0x3c  interpret.o [1]
  .text               ro code  0x000026dc    0x26  interpret.o [1]
  .text               ro code  0x00002702     0x6  interpret.o [1]
  .text               ro code  0x00002708     0x4  symbolTableEntry.o [1]
  .text               ro code  0x0000270c    0x14  interpret.o [1]
  .text               ro code  0x00002720    0x1a  interpret.o [1]
  .text               ro code  0x0000273a    0x14  interpret.o [1]
  .text               ro code  0x0000274e    0x18  interpret.o [1]
  .text               ro code  0x00002766    0x18  interpret.o [1]
  .text               ro code  0x0000277e     0x6  interpret.o [1]
  .text               ro code  0x00002784    0x34  sprintf.o [3]
  .text               ro code  0x000027b8     0x6  interpret.o [1]
  .text               ro code  0x000027be     0xa  interpret.o [1]
  .text               ro code  0x000027c8     0xa  interpret.o [1]
  .text               ro code  0x000027d2    0x16  interpret.o [1]
  .text               ro code  0x000027e8     0xe  interpret.o [1]
  .text               ro code  0x000027f6    0x28  interpret.o [1]
  .text               ro code  0x0000281e    0x16  interpret.o [1]
  .text               ro code  0x00002834     0x4  symbolTableEntry.o [1]
  .text               ro code  0x00002838    0x14  interpret.o [1]
  .text               ro code  0x0000284c     0x4  parseTreeEntry.o [1]
  .text               ro code  0x00002850     0x4  parseTreeEntry.o [1]
  .text               ro code  0x00002854    0x1c  interpret.o [1]
  .text               ro code  0x00002870     0x6  interpret.o [1]
  .rodata             const    0x00002876     0x2  heap_2.o [1]
  .text               ro code  0x00002878    0x76  ABImemcpy.o [7]
  .text               ro code  0x000028ee     0x2  interpret.o [1]
  .text               ro code  0x000028f0    0x98  cppinit.o [3]
  .text               ro code  0x00002988   0x304  accel.o [1]
  .text               ro code  0x00002c8c    0x30  stepper.o [1]
  .text               ro code  0x00002cbc     0x6  stepper.o [1]
  .text               ro code  0x00002cc2    0x22  stepper.o [1]
  .text               ro code  0x00002ce4    0x26  stepper.o [1]
  .text               ro code  0x00002d0c    0x28  stepper.o [1]
  .text               ro code  0x00002d34    0x26  stepper.o [1]
  .text               ro code  0x00002d5c    0x18  stepper.o [1]
  .text               ro code  0x00002d74     0x6  stepper.o [1]
  .text               ro code  0x00002d7c    0x3c  stepper.o [1]
  .text               ro code  0x00002db8    0x32  stepper.o [1]
  .text               ro code  0x00002dea    0x28  stepper.o [1]
  .text               ro code  0x00002e14    0x1c  stepper.o [1]
  .text               ro code  0x00002e30    0x32  stepper.o [1]
  .text               ro code  0x00002e62    0x16  stepper.o [1]
  .text               ro code  0x00002e78    0xe8  stepper.o [1]
  .text               ro code  0x00002f60    0x32  stepper.o [1]
  .text               ro code  0x00002f92    0x16  stepper.o [1]
  .text               ro code  0x00002fa8     0x6  stepper.o [1]
  .text               ro code  0x00002fae    0x18  stepper.o [1]
  .text               ro code  0x00002fc6    0x12  stepper.o [1]
  .text               ro code  0x00002fd8    0x14  stepper.o [1]
  .text               ro code  0x00002fec    0x66  timer.o [5]
  .text               ro code  0x00003052    0x10  stepper.o [1]
  .text               ro code  0x00003064    0x28  stepper.o [1]
  .text               ro code  0x0000308c   0x158  port.o [1]
  .text               ro code  0x000031e4    0xa4  list.o [1]
  CODE                ro code  0x00003288    0xa0  portasm.o [1]
  .text               ro code  0x00003328    0x62  memcmp.o [7]
  .text               ro code  0x0000338c   0x14c  heap_2.o [1]
  .text               ro code  0x000034d8    0x16  tasks.o [1]
  .text               ro code  0x000034ee   0x24c  usbbuffer.o [9]
  .text               ro code  0x0000373c     0xc  gpio.o [5]
  .text               ro code  0x00003748    0x84  sysctl.o [5]
  .text               ro code  0x000037cc   0x214  interrupt.o [5]
  .text               ro code  0x000039e0    0x2c  strstr.o [3]
  .text               ro code  0x00003a0c   0x504  xscanfsmall.o [3]
  .text               ro code  0x00003f10     0x4  parseTreeEntry.o [1]
  .text               ro code  0x00003f14    0x30  I32ToDbl.o [6]
  .text               ro code  0x00003f44    0xe8  DblAdd.o [6]
  .text               ro code  0x0000402c    0x4c  DblToI32.o [6]
  .text               ro code  0x00004078    0x1c  interpret.o [1]
  .text               ro code  0x00004094    0x1c  interpret.o [1]
  .text               ro code  0x000040b0    0x10  interpret.o [1]
  .text               ro code  0x000040c0    0xa0  xreportassert.o [3]
  .text               ro code  0x00004160     0x6  abort.o [3]
  .text               ro code  0x00004166    0x2a  interpret.o [1]
  .text               ro code  0x00004190    0x26  interpret.o [1]
  .text               ro code  0x000041b6     0xc  interpret.o [1]
  .text               ro code  0x000041c2   0x11a  xprintftiny.o [3]
  .text               ro code  0x000042dc     0x6  accel.o [1]
  .text               ro code  0x000042e2     0x6  accel.o [1]
  .text               ro code  0x000042e8    0x18  stepper.o [1]
  .text               ro code  0x00004300    0x78  stepper.o [1]
  .text               ro code  0x00004378   0x1a2  DblMul.o [6]
  .text               ro code  0x0000451c   0x246  DblDiv.o [6]
  .text               ro code  0x00004764    0x90  DblToFlt.o [6]
  .text               ro code  0x000047f4    0x50  expf.o [6]
  .text               ro code  0x00004844    0x18  stepper.o [1]
  .text               ro code  0x0000485c    0x1a  stepper.o [1]
  .text               ro code  0x00004878    0x4e  FltToDbl.o [6]
  .text               ro code  0x000048c8    0x2c  stepper.o [1]
  .text               ro code  0x000048f4     0x6  stepper.o [1]
  .text               ro code  0x000048fc    0x66  ABImemset.o [7]
  .text               ro code  0x00004962   0x152  usbringbuf.o [9]
  .text               ro code  0x00004ab4    0x10  cpu.o [5]
  .text               ro code  0x00004ac4    0x16  strchr.o [7]
  .text               ro code  0x00004ada    0x86  xstol.o [3]
  .text               ro code  0x00004b60   0x174  xstoul.o [3]
  .text               ro code  0x00004cd4   0x16c  DblSub.o [6]
  .text               ro code  0x00004e40     0xc  interpret.o [1]
  .text               ro code  0x00004e4c    0x28  putchar.o [3]
  .text               ro code  0x00004e74    0x14  exit.o [8]
  .text               ro code  0x00004e88     0xe  interpret.o [1]
  .text               ro code  0x00004e96     0x6  interpret.o [1]
  .text               ro code  0x00004e9c   0x21c  xfexp.o [6]
  .text               ro code  0x000050b8     0xc  errno.o [3]
  .text               ro code  0x000050c4    0x58  memchr.o [7]
  .text               ro code  0x0000511c    0x10  write.o [8]
  .text               ro code  0x0000512c    0x6c  iarttio.o [8]
  .text               ro code  0x00005198    0xc8  xfdscale.o [6]
  .text               ro code  0x00005260     0x2  xtls.o [3]
  .text               ro code  0x00005262    0x1e  dwrite.o [8]
  .text               ro code  0x00005280     0x8  XShttio.o [3]
  .text               ro code  0x00005288    0x26  xfdnorm.o [6]
  .text               ro code  0x000052ae    0x20  iarwstd.o [8]
  .text               ro code  0x000052ce    0x22  iarwrite.o [8]
  .text               ro code  0x000052f0   0x96c  usbdenum.o [9]
  .text               ro code  0x00005c5c   0x3f6  usb.o [5]
  .text               ro code  0x00006054   0x478  usbdma.o [9]
  .text               ro code  0x000064cc    0x6c  usbtick.o [9]
  .text               ro code  0x00006538   0x150  usbdcdesc.o [9]
  .text               ro code  0x00006688   0x228  usbdconfig.o [9]
  .text               ro code  0x000068b0   0x11c  udma.o [5]
  .text               ro code  0x000069cc    0x54  usbdesc.o [9]
  .text               ro code  0x00006a20   0x750  usbdcdc.o [9]
  .text               ro code  0x00007170   0x56c  usb_dev_serial.o [1]
  .text               ro code  0x000076dc    0x1c  usbmode.o [9]
  .rodata             const    0x000076f8    0x6c  usbdcdc.o [9]
  .text               ro code  0x00007764    0x54  interpret.o [1]
  .text               ro code  0x000077b8     0xe  interpret.o [1]
  .text               ro code  0x000077c6     0x2  interpret.o [1]
  .text               ro code  0x000077c8    0x16  interpret.o [1]
  .text               ro code  0x000077de     0x2  interpret.o [1]
  .text               ro code  0x000077e0     0x2  interpret.o [1]
  .text               ro code  0x000077e2     0x2  interpret.o [1]
  .rodata             const    0x000077e4    0x48  interpret.o [1]
  .rodata             const    0x0000782c    0x38  usb_serial_structs.o [1]
  .rodata             const    0x00007864    0x30  interpret.o [1]
  .rodata             const    0x00007894    0x2c  interpret.o [1]
  .rodata             const    0x000078c0    0x2c  interpret.o [1]
  .rodata             const    0x000078ec    0x2c  usb_serial_structs.o [1]
  .rodata             const    0x00007918    0x28  main.o [1]
  .rodata             const    0x00007940    0x28  stepper.o [1]
  .text               ro code  0x00007968    0x28  data_init3.o [7]
  .rodata             const    0x00007990    0x24  usb_serial_structs.o [1]
  .rodata             const    0x000079b4    0x24  usb_serial_structs.o [1]
  .rodata             const    0x000079d8    0x24  usb_serial_structs.o [1]
  .rodata             const    0x000079fc    0x24  usb_serial_structs.o [1]
  .iar.init_table     const    0x00007a20    0x28  - Linker created -
  .rodata             const    0x00007a48    0x20  interpret.o [1]
  .rodata             const    0x00007a68    0x20  interpret.o [1]
  .text               ro code  0x00007a88    0x20  cmain_call_ctors.o [7]
  .text               ro code  0x00007aa8    0x1e  startup_ewarm.o [1]
  .text               ro code  0x00007ac6     0xc  cstartup_M.o [7]
  .text               ro code  0x00007ad4    0x1a  fpinit_M.o [6]
  .text               ro code  0x00007af0    0x16  cmain.o [7]
  .text               ro code  0x00007b06     0x4  low_level_init.o [3]
  .text               ro code  0x00007b0a     0x4  exit.o [3]
  .text               ro code  0x00007b10     0xe  cexit.o [7]
  .rodata             const    0x00007b20    0x1c  interpret.o [1]
  .rodata             const    0x00007b3c    0x18  stepper.o [1]
  .rodata             const    0x00007b54    0x18  usb_serial_structs.o [1]
  .text               ro code  0x00007b6c    0x18  usbdhandler.o [9]
  .rodata             const    0x00007b84    0x14  tasks.o [1]
  .rodata             const    0x00007b98    0x14  usb_serial_structs.o [1]
  .rodata             const    0x00007bac    0x10  interpret.o [1]
  .rodata             const    0x00007bbc    0x10  interpret.o [1]
  .rodata             const    0x00007bcc    0x10  usb_dev_serial.o [1]
  .rodata             const    0x00007bdc     0xc  interpret.o [1]
  .rodata             const    0x00007be8     0xc  interpret.o [1]
  .rodata             const    0x00007bf4     0xc  interpret.o [1]
  .rodata             const    0x00007c00     0xc  interpret.o [1]
  .rodata             const    0x00007c0c     0xc  interpret.o [1]
  .rodata             const    0x00007c18     0xc  interpret.o [1]
  .rodata             const    0x00007c24     0xc  interpret.o [1]
  .rodata             const    0x00007c30     0xc  interpret.o [1]
  .rodata             const    0x00007c3c     0xc  interpret.o [1]
  .rodata             const    0x00007c48     0xc  main.o [1]
  .rodata             const    0x00007c54     0xc  usb_dev_serial.o [1]
  .rodata             const    0x00007c60     0x8  interpret.o [1]
  .rodata             const    0x00007c68     0x8  interpret.o [1]
  .rodata             const    0x00007c70     0x8  interpret.o [1]
  .rodata             const    0x00007c78     0x8  interpret.o [1]
  .rodata             const    0x00007c80     0x8  interpret.o [1]
  .rodata             const    0x00007c88     0x8  interpret.o [1]
  .rodata             const    0x00007c90     0x8  interpret.o [1]
  .rodata             const    0x00007c98     0x8  interpret.o [1]
  .rodata             const    0x00007ca0     0x8  interpret.o [1]
  .rodata             const    0x00007ca8     0x8  interpret.o [1]
  .rodata             const    0x00007cb0     0x8  interpret.o [1]
  .rodata             const    0x00007cb8     0x8  interpret.o [1]
  .rodata             const    0x00007cc0     0x8  interpret.o [1]
  .rodata             const    0x00007cc8     0x8  interpret.o [1]
  .rodata             const    0x00007cd0     0x8  interpret.o [1]
  .rodata             const    0x00007cd8     0x8  interpret.o [1]
  .rodata             const    0x00007ce0     0x8  interpret.o [1]
  .rodata             const    0x00007ce8     0x8  main.o [1]
  .rodata             const    0x00007cf0     0x8  main.o [1]
  .rodata             const    0x00007cf8     0x8  tasks.o [1]
  .rodata             const    0x00007d00     0x4  usb_serial_structs.o [1]
  SHT$$PREINIT_ARRAY           0x00007d04     0x0  <Block>
  SHT$$INIT_ARRAY              0x00007d04     0x4  <Block>
    .init_array       const    0x00007d04     0x4  interpret.o [1]
  .text               ro code  0x00007d08     0x0  cstart_call_dtors.o [7]
  .rodata             const    0x00007d08     0x0  zero_init3.o [7]
  .rodata             const    0x00007d08     0x0  copy_init3.o [7]
  Initializer bytes   ro data  0x00007d08    0xd0  <for P2 s0>
                             - 0x00007dd8  0x7b6c

"P2", part 1 of 3:                           0xd0
  P2 s0                        0x20000000    0xd0  <Init block>
    .data             inited   0x20000000    0x60  usb_serial_structs.o [1]
    .data             inited   0x20000060    0x20  usbdcdc.o [9]
    .data             inited   0x20000080    0x10  usbdcdc.o [9]
    .data             inited   0x20000090    0x10  usbmode.o [9]
    .data             inited   0x200000a0     0xc  usbdcdc.o [9]
    .data             inited   0x200000ac     0x8  usbdcdc.o [9]
    .data             inited   0x200000b4     0x8  XShttio.o [3]
    .data             inited   0x200000bc     0x4  heap_2.o [1]
    .data             inited   0x200000c0     0x4  interpret.o [1]
    .data             inited   0x200000c4     0x4  interpret.o [1]
    .data             inited   0x200000c8     0x4  port.o [1]
    .data             inited   0x200000cc     0x4  tasks.o [1]
                             - 0x200000d0    0xd0

"P2", part 2 of 3:                         0x48f0
  .bss                zero     0x200000d0  0x2ee0  heap_2.o [1]
  .bss                zero     0x20002fb0  0x1338  interpret.o [1]
  .bss                zero     0x200042e8   0x110  usbdma.o [9]
  .bss                zero     0x200043f8   0x108  interpret.o [1]
  .bss                zero     0x20004500   0x100  usb_serial_structs.o [1]
  .bss                zero     0x20004600   0x100  usb_serial_structs.o [1]
  .bss                zero     0x20004700    0x64  tasks.o [1]
  .bss                zero     0x20004764    0x50  usbdenum.o [9]
  .bss                zero     0x200047b4    0x40  usbdenum.o [9]
  .bss                zero     0x200047f4    0x38  usbtick.o [9]
  .bss                zero     0x2000482c    0x20  interpret.o [1]
  .bss                zero     0x2000484c    0x20  interpret.o [1]
  .bss                zero     0x2000486c    0x20  interpret.o [1]
  .bss                zero     0x2000488c    0x18  usb_serial_structs.o [1]
  .bss                zero     0x200048a4    0x18  usb_serial_structs.o [1]
  .bss                zero     0x200048bc    0x14  tasks.o [1]
  .bss                zero     0x200048d0    0x14  tasks.o [1]
  .bss                zero     0x200048e4    0x14  tasks.o [1]
  .bss                zero     0x200048f8    0x14  tasks.o [1]
  .bss                zero     0x2000490c    0x14  tasks.o [1]
  .bss                zero     0x20004920     0x8  heap_2.o [1]
  .bss                zero     0x20004928     0x8  heap_2.o [1]
  .bss                zero     0x20004930     0x4  heap_2.o [1]
  .bss                zero     0x20004934     0x4  interpret.o [1]
  .bss                zero     0x20004938     0x4  interpret.o [1]
  .bss                zero     0x2000493c     0x4  interpret.o [1]
  .bss                zero     0x20004940     0x4  interpret.o [1]
  .bss                zero     0x20004944     0x4  interpret.o [1]
  .bss                zero     0x20004948     0x4  interpret.o [1]
  .bss                zero     0x2000494c     0x4  interpret.o [1]
  .bss                zero     0x20004950     0x4  interpret.o [1]
  .bss                zero     0x20004954     0x4  interpret.o [1]
  .bss                zero     0x20004958     0x4  interpret.o [1]
  .bss                zero     0x2000495c     0x4  port.o [1]
  .bss                zero     0x20004960     0x4  stepper.o [1]
  .bss                zero     0x20004964     0x4  tasks.o [1]
  .bss                zero     0x20004968     0x4  tasks.o [1]
  .bss                zero     0x2000496c     0x4  tasks.o [1]
  .bss                zero     0x20004970     0x4  tasks.o [1]
  .bss                zero     0x20004974     0x4  tasks.o [1]
  .bss                zero     0x20004978     0x4  tasks.o [1]
  .bss                zero     0x2000497c     0x4  tasks.o [1]
  .bss                zero     0x20004980     0x4  tasks.o [1]
  .bss                zero     0x20004984     0x4  tasks.o [1]
  .bss                zero     0x20004988     0x4  tasks.o [1]
  .bss                zero     0x2000498c     0x4  tasks.o [1]
  .bss                zero     0x20004990     0x4  tasks.o [1]
  .bss                zero     0x20004994     0x4  tasks.o [1]
  .bss                zero     0x20004998     0x4  usb_dev_serial.o [1]
  .bss                zero     0x2000499c     0x4  usb_dev_serial.o [1]
  .bss                zero     0x200049a0     0x4  usb_dev_serial.o [1]
  .bss                zero     0x200049a4     0x4  usb_dev_serial.o [1]
  .bss                zero     0x200049a8     0x4  usbtick.o [9]
  .bss                zero     0x200049ac     0x4  cppinit.o [3]
  .bss                zero     0x200049b0     0x4  cppinit.o [3]
  __DLIB_PERTHREAD    zero     0x200049b4     0x4  errno.o [3]
  .bss                zero     0x200049b8     0x1  interpret.o [1]
  .bss                zero     0x200049b9     0x1  interpret.o [1]
  .bss                zero     0x200049ba     0x1  interpret.o [1]
  .bss                zero     0x200049bb     0x1  port.o [1]
  .bss                zero     0x200049bc     0x1  usb_dev_serial.o [1]
  .bss                zero     0x200049bd     0x1  usb_dev_serial.o [1]
                             - 0x200049be  0x48ee

"P2", part 3 of 3:                          0x5b0
  .noinit             uninit   0x200049c0   0x400  startup_ewarm.o [1]
  .iar.dynexit                 0x20004dc0   0x1b0  <Block>
    .iar.dynexit      uninit   0x20004dc0     0xc  cppinit.o [3]
    .iar.dynexit      uninit   0x20004dcc   0x1a4  <Block tail>
                             - 0x20004f70   0x5b0


*******************************************************************************
*** INIT TABLE
***

          Address     Size
          -------     ----
Zero (__iar_zero_init3)
    1 destination range, total size 0x48ee:
          0x200000d0  0x48ee

Copy (__iar_copy_init3)
    1 source range, total size 0xd0:
          0x00007d08    0xd0
    1 destination range, total size 0xd0:
          0x20000000    0xd0

Extra (__iar_cstart_call_ctors)



*******************************************************************************
*** MODULE SUMMARY
***

    Module                ro code  ro data  rw data
    ------                -------  -------  -------
C:\dev\docs\scottdesign\motor\Debug\Obj: [1]
    accel.o                   784
    flashio.o                   2
    heap_2.o                  332        6   12 024
    interpret.o             5 728      588    5 331
    io.o                      308
    list.o                    164
    main.o                    382       68
    parseTreeEntry.o          120
    port.o                    344        4        9
    portasm.o                 160
    startup_ewarm.o            30      620    1 024
    stepper.o               2 100       64        4
    symbolTableEntry.o        108
    tasks.o                 2 014       32      256
    usb_dev_serial.o        1 388       28       18
    usb_serial_structs.o               388      656
    -----------------------------------------------
    Total:                 13 964    1 798   19 322

command line: [2]
    -----------------------------------------------
    Total:

dl7M_tln.a: [3]
    XShttio.o                   8        8        8
    abort.o                     6
    cppinit.o                 152                20
    errno.o                    12                 4
    exit.o                      4
    low_level_init.o            4
    putchar.o                  40
    sprintf.o                  52
    sscanf.o                   36
    strstr.o                   44
    xassert.o                  76
    xprintftiny.o             282
    xreportassert.o           160
    xscanfsmall.o           1 284
    xsprout.o                  10
    xsscin.o                   30
    xstol.o                   134
    xstoul.o                  372
    xtls.o                      2
    -----------------------------------------------
    Total:                  2 708        8       32

dlpp7M_tl_ne.a: [4]
    cxxabi.o                   80
    -----------------------------------------------
    Total:                     80

driverlib.a: [5]
    cpu.o                      16
    gpio.o                     12
    interrupt.o               532
    sysctl.o                  132
    timer.o                   102
    udma.o                    284
    usb.o                   1 014
    -----------------------------------------------
    Total:                  2 092

m7M_tlv.a: [6]
    DblAdd.o                  232
    DblDiv.o                  582
    DblMul.o                  418
    DblSub.o                  364
    DblToFlt.o                144
    DblToI32.o                 76
    FltToDbl.o                 78
    I32ToDbl.o                 48
    expf.o                     80
    fpinit_M.o                 26
    xfdnorm.o                  38
    xfdscale.o                200
    xfexp.o                   540
    -----------------------------------------------
    Total:                  2 826

rt7M_tl.a: [7]
    ABImemcpy.o               118
    ABImemset.o               102
    cexit.o                    14
    cmain.o                    22
    cmain_call_ctors.o         32
    copy_init3.o               46
    cstart_call_dtors.o
    cstartup_M.o               12
    data_init3.o               40
    memchr.o                   88
    memcmp.o                   98
    strchr.o                   22
    strcmp.o                   66
    strlen.o                   54
    zero_init3.o               34
    -----------------------------------------------
    Total:                    748

shb_l.a: [8]
    dwrite.o                   30
    exit.o                     20
    iarttio.o                 108
    iarwrite.o                 34
    iarwstd.o                  32
    write.o                    16
    -----------------------------------------------
    Total:                    240

usblib.a: [9]
    usbbuffer.o               588
    usbdcdc.o               1 872      176       68
    usbdcdesc.o               336
    usbdconfig.o              552
    usbdenum.o              2 412               144
    usbdesc.o                  84
    usbdhandler.o              24
    usbdma.o                1 144               272
    usbmode.o                  28       16       16
    usbringbuf.o              338
    usbtick.o                 108                60
    -----------------------------------------------
    Total:                  7 486      192      560

    Gaps                       32        2
    Linker created                      40      420
---------------------------------------------------
    Grand Total:           30 176    2 040   20 334


*******************************************************************************
*** ENTRY LIST
***

Entry                      Address    Size  Type      Object
-----                      -------    ----  ----      ------
.iar.dynexit$$Base      0x20004dc0           --   Gb  - Linker created -
.iar.dynexit$$Limit     0x20004f70           --   Gb  - Linker created -
?main                   0x00007af1          Code  Gb  cmain.o [7]
CDCTickHandler          0x00006e85    0x7a  Code  Lc  usbdcdc.o [9]
CPUcpsid                0x00004ab5     0x8  Code  Gb  cpu.o [5]
CPUcpsie                0x00004abd     0x8  Code  Gb  cpu.o [5]
CheckForSerialStateChange
                        0x00007171    0x3a  Code  Lc  usb_dev_serial.o [1]
ControlHandler          0x00007449    0xd8  Code  Gb  usb_dev_serial.o [1]
DMAUSBIntHandler        0x000060b1    0x30  Code  Lc  usbdma.o [9]
DMAUSBIntStatusClear    0x000060a3     0xe  Code  Lc  usbdma.o [9]
DMAUSBStatus            0x000063fd     0x4  Code  Lc  usbdma.o [9]
DeviceConsumedAllData   0x00006a39    0x18  Code  Lc  usbdcdc.o [9]
DtorRecArray            0x20004dc0     0xc  Data  Lc  cppinit.o [3]
FaultISR                0x00007ac3     0x2  Code  Lc  startup_ewarm.o [1]
GPIOPinRead             0x0000373d     0x6  Code  Gb  gpio.o [5]
GPIOPinWrite            0x00003743     0x6  Code  Gb  gpio.o [5]
GetEPDescriptorType     0x000066a5    0x46  Code  Lc  usbdconfig.o [9]
GetEndpointFIFOSize     0x00006689    0x1c  Code  Lc  usbdconfig.o [9]
GetLineCoding           0x00007373    0xa4  Code  Lc  usb_dev_serial.o [1]
HandleConfigChange      0x00006c99    0x2c  Code  Lc  usbdcdc.o [9]
HandleDevice            0x00006d13    0x62  Code  Lc  usbdcdc.o [9]
HandleDisconnect        0x00006e3f    0x22  Code  Lc  usbdcdc.o [9]
HandleEP0Data           0x00006cc5    0x46  Code  Lc  usbdcdc.o [9]
HandleEndpoints         0x00006c47    0x52  Code  Lc  usbdcdc.o [9]
HandleRequests          0x00006d75    0xb8  Code  Lc  usbdcdc.o [9]
HandleResume            0x00006e6d     0xc  Code  Lc  usbdcdc.o [9]
HandleRxAvailable       0x0000357d    0xb2  Code  Lc  usbbuffer.o [9]
HandleSuspend           0x00006e61     0xc  Code  Lc  usbdcdc.o [9]
IntDefaultHandler       0x00007ac5     0x2  Code  Lc  startup_ewarm.o [1]
IntDisable              0x0000385f    0x58  Code  Gb  interrupt.o [5]
IntEnable               0x00003807    0x58  Code  Gb  interrupt.o [5]
IntIsEnabled            0x000038b7    0x5c  Code  Gb  interrupt.o [5]
IntMasterDisable        0x000037d5     0x6  Code  Gb  interrupt.o [5]
IntMasterEnable         0x000037cd     0x8  Code  Gb  interrupt.o [5]
IntPrioritySet          0x000037e3    0x24  Code  Gb  interrupt.o [5]
InternalUSBRegisterTickHandler
                        0x000064e9    0x24  Code  Gb  usbtick.o [9]
InternalUSBStartOfFrameTick
                        0x0000650d    0x26  Code  Gb  usbtick.o [9]
InternalUSBTickInit     0x000064cd    0x1c  Code  Gb  usbtick.o [9]
NextConfigDescGet       0x00006539    0x2e  Code  Lc  usbdcdesc.o [9]
NmiSR                   0x00007ac1     0x2  Code  Lc  startup_ewarm.o [1]
ProcessDataFromHost     0x00006b4b    0x5e  Code  Gb  usbdcdc.o [9]
ProcessDataToHost       0x00006bed    0x52  Code  Gb  usbdcdc.o [9]
ProcessNotificationToHost
                        0x00006bb7    0x36  Code  Gb  usbdcdc.o [9]
ReadUARTData            0x000071ab    0x64  Code  Lc  usb_dev_serial.o [1]
Region$$Table$$Base     0x00007a20           --   Gb  - Linker created -
Region$$Table$$Limit    0x00007a48           --   Gb  - Linker created -
ResetISR                0x00007aa9    0x14  Code  Gb  startup_ewarm.o [1]
RxHandler               0x0000752f    0x48  Code  Gb  usb_dev_serial.o [1]
SHT$$INIT_ARRAY$$Base   0x00007d04           --   Gb  - Linker created -
SHT$$INIT_ARRAY$$Limit  0x00007d08           --   Gb  - Linker created -
SHT$$PREINIT_ARRAY$$Base
                        0x00007d04           --   Gb  - Linker created -
SHT$$PREINIT_ARRAY$$Limit
                        0x00007d04           --   Gb  - Linker created -
ScheduleNextTransmission
                        0x000034ef    0x8e  Code  Lc  usbbuffer.o [9]
SendBreak               0x00007417    0x32  Code  Lc  usb_dev_serial.o [1]
SendBreak               0x00006a51    0x3a  Code  Lc  usbdcdc.o [9]
SendLineCodingChange    0x00006a8b    0x1e  Code  Lc  usbdcdc.o [9]
SendLineStateChange     0x00006aa9    0x1e  Code  Lc  usbdcdc.o [9]
SendSerialState         0x00006ac7    0x84  Code  Lc  usbdcdc.o [9]
SetControlLineState     0x000072c7     0x2  Code  Lc  usb_dev_serial.o [1]
SetDeferredOpFlag       0x00006a21    0x18  Code  Lc  usbdcdc.o [9]
SetLineCoding           0x000072c9    0xaa  Code  Lc  usb_dev_serial.o [1]
SysCtlPeripheralEnable  0x00003789     0x8  Code  Gb  sysctl.o [5]
SysCtlPeripheralReset   0x00003749    0x40  Code  Gb  sysctl.o [5]
SysCtlReset             0x000037a5     0x8  Code  Gb  sysctl.o [5]
SysCtlUSBPLLEnable      0x000037ad     0xc  Code  Gb  sysctl.o [5]
TimerConfigure          0x00003005    0x26  Code  Gb  timer.o [5]
TimerDisable            0x00002ff9     0xc  Code  Gb  timer.o [5]
TimerEnable             0x00002fed     0xc  Code  Gb  timer.o [5]
TimerIntEnable          0x00003041     0x4  Code  Gb  timer.o [5]
TimerLoadSet            0x00003031    0x10  Code  Gb  timer.o [5]
TxHandler               0x00007521     0xe  Code  Gb  usb_dev_serial.o [1]
UARTSend                0x0000210b    0x12  Code  Gb  main.o [1]
USB0DeviceIntHandler    0x00007b6d    0x18  Code  Gb  usbdhandler.o [9]
USBBufferDataAvailable  0x000036a3     0x6  Code  Gb  usbbuffer.o [9]
USBBufferEventCallback  0x000036af    0x8c  Code  Gb  usbbuffer.o [9]
USBBufferFlush          0x00003677     0x6  Code  Gb  usbbuffer.o [9]
USBBufferInit           0x0000362f    0x16  Code  Gb  usbbuffer.o [9]
USBBufferRead           0x0000367d    0x26  Code  Gb  usbbuffer.o [9]
USBBufferSpaceAvailable
                        0x000036a9     0x6  Code  Gb  usbbuffer.o [9]
USBBufferWrite          0x00003645    0x32  Code  Gb  usbbuffer.o [9]
USBDCDCCompositeInit    0x00006f15    0x8e  Code  Gb  usbdcdc.o [9]
USBDCDCInit             0x00006fa3    0x42  Code  Gb  usbdcdc.o [9]
USBDCDCPacketRead       0x00007041    0x7e  Code  Gb  usbdcdc.o [9]
USBDCDCPacketWrite      0x00006ff5    0x4c  Code  Gb  usbdcdc.o [9]
USBDCDCRxPacketAvailable
                        0x000070cf    0x32  Code  Gb  usbdcdc.o [9]
USBDCDCSerialStateChange
                        0x00007109    0x2e  Code  Gb  usbdcdc.o [9]
USBDCDCTxPacketAvailable
                        0x000070bf    0x10  Code  Gb  usbdcdc.o [9]
USBDCDConfigDescGet     0x000065af    0x54  Code  Gb  usbdcdesc.o [9]
USBDCDConfigDescGetNum  0x00006585    0x2a  Code  Gb  usbdcdesc.o [9]
USBDCDConfigDescGetSize
                        0x00006567    0x1e  Code  Gb  usbdcdesc.o [9]
USBDCDConfigGetInterface
                        0x00006603    0x4c  Code  Gb  usbdcdesc.o [9]
USBDCDConfigGetInterfaceEndpoint
                        0x00006657    0x32  Code  Gb  usbdcdesc.o [9]
USBDCDDeviceInfoInit    0x000052f1    0x1a  Code  Gb  usbdenum.o [9]
USBDCDInit              0x0000530b    0xb8  Code  Gb  usbdenum.o [9]
USBDCDRequestDataEP0    0x000053c3    0x10  Code  Gb  usbdenum.o [9]
USBDCDSendDataEP0       0x000053d3     0xa  Code  Gb  usbdenum.o [9]
USBDCDStallEP0          0x000053e1    0x18  Code  Gb  usbdenum.o [9]
USBDClearFeature        0x000055f3    0x72  Code  Lc  usbdenum.o [9]
USBDEP0StateTx          0x000059a3    0x66  Code  Lc  usbdenum.o [9]
USBDEP0StateTxConfig    0x00005a09   0x13e  Code  Lc  usbdenum.o [9]
USBDGetConfiguration    0x00005817    0x22  Code  Lc  usbdenum.o [9]
USBDGetDescriptor       0x000056e9   0x128  Code  Lc  usbdenum.o [9]
USBDGetInterface        0x000058cf    0x24  Code  Lc  usbdenum.o [9]
USBDGetStatus           0x000055a3    0x50  Code  Lc  usbdenum.o [9]
USBDReadAndDispatchRequest
                        0x00005443    0x56  Code  Lc  usbdenum.o [9]
USBDSetAddress          0x000056cf    0x1a  Code  Lc  usbdenum.o [9]
USBDSetConfiguration    0x00005849    0x7e  Code  Lc  usbdenum.o [9]
USBDSetDescriptor       0x00005811     0x6  Code  Lc  usbdenum.o [9]
USBDSetFeature          0x0000566f    0x60  Code  Lc  usbdenum.o [9]
USBDSetInterface        0x0000590b    0x88  Code  Lc  usbdenum.o [9]
USBDSyncFrame           0x00005993     0x4  Code  Lc  usbdenum.o [9]
USBDescGet              0x000069f3    0x2e  Code  Gb  usbdesc.o [9]
USBDescGetNum           0x000069cd    0x26  Code  Gb  usbdesc.o [9]
USBDevAddrSet           0x00005df3     0x4  Code  Gb  usb.o [5]
USBDevConnect           0x00005ddb     0xc  Code  Gb  usb.o [5]
USBDevDisconnect        0x00005de7     0xc  Code  Gb  usb.o [5]
USBDevEndpointConfigSet
                        0x00005df7    0x74  Code  Gb  usb.o [5]
USBDevEndpointDataAck   0x00005f99    0x20  Code  Gb  usb.o [5]
USBDevEndpointStall     0x00005d6b    0x30  Code  Gb  usb.o [5]
USBDevEndpointStallClear
                        0x00005d9b    0x40  Code  Gb  usb.o [5]
USBDevEndpointStatusClear
                        0x00005d1d    0x4e  Code  Gb  usb.o [5]
USBDevMode              0x0000603d     0x2  Code  Gb  usb.o [5]
USBDeviceConfig         0x000066eb   0x136  Code  Gb  usbdconfig.o [9]
USBDeviceConfigAlternate
                        0x0000682d    0x7e  Code  Gb  usbdconfig.o [9]
USBDeviceEnumHandler    0x0000549d    0xca  Code  Gb  usbdenum.o [9]
USBDeviceEnumResetHandler
                        0x00005567    0x3c  Code  Gb  usbdenum.o [9]
USBDeviceIntHandlerInternal
                        0x00005b47    0xc8  Code  Gb  usbdenum.o [9]
USBDeviceResumeTickHandler
                        0x000053f9    0x4a  Code  Gb  usbdenum.o [9]
USBEndpointDMAChannel   0x00006023    0x1a  Code  Gb  usb.o [5]
USBEndpointDMAConfigSet
                        0x00005ead    0x48  Code  Gb  usb.o [5]
USBEndpointDMADisable   0x00005f15    0x20  Code  Gb  usb.o [5]
USBEndpointDMAEnable    0x00005ef5    0x20  Code  Gb  usb.o [5]
USBEndpointDataAvail    0x00005f35    0x20  Code  Gb  usb.o [5]
USBEndpointDataGet      0x00005f55    0x44  Code  Gb  usb.o [5]
USBEndpointDataPut      0x00005fb9    0x30  Code  Gb  usb.o [5]
USBEndpointDataSend     0x00005fef    0x2c  Code  Gb  usb.o [5]
USBEndpointPacketCountSet
                        0x00006045     0xe  Code  Gb  usb.o [5]
USBEndpointStatus       0x00005d09     0xe  Code  Gb  usb.o [5]
USBFIFOAddrGet          0x0000601b     0x8  Code  Gb  usb.o [5]
USBFIFOConfigSet        0x00005e6b    0x3c  Code  Gb  usb.o [5]
USBHostResume           0x00005c77    0x14  Code  Gb  usb.o [5]
USBIndexWrite           0x00005c5d    0x1a  Code  Lc  usb.o [5]
USBIntEnableControl     0x00005c8b    0x26  Code  Gb  usb.o [5]
USBIntEnableEndpoint    0x00005ce1    0x1a  Code  Gb  usb.o [5]
USBIntStatusControl     0x00005cb1    0x30  Code  Gb  usb.o [5]
USBIntStatusEndpoint    0x00005cfb     0x6  Code  Gb  usb.o [5]
USBLibDMAInit           0x00006401    0x84  Code  Gb  usbdma.o [9]
USBRingBufAdvanceRead   0x00004a2b    0x1e  Code  Gb  usbringbuf.o [9]
USBRingBufAdvanceWrite  0x00004a49    0x36  Code  Gb  usbringbuf.o [9]
USBRingBufContigFree    0x000049dd    0x1c  Code  Gb  usbringbuf.o [9]
USBRingBufContigUsed    0x000049cb    0x12  Code  Gb  usbringbuf.o [9]
USBRingBufFlush         0x0000498f    0x1a  Code  Gb  usbringbuf.o [9]
USBRingBufFree          0x000049bd     0xe  Code  Gb  usbringbuf.o [9]
USBRingBufInit          0x00004aa9     0xc  Code  Gb  usbringbuf.o [9]
USBRingBufRead          0x00004a0f    0x1c  Code  Gb  usbringbuf.o [9]
USBRingBufReadOne       0x000049f9    0x16  Code  Gb  usbringbuf.o [9]
USBRingBufUsed          0x000049a9    0x14  Code  Gb  usbringbuf.o [9]
USBRingBufWrite         0x00004a8d    0x1c  Code  Gb  usbringbuf.o [9]
USBRingBufWriteOne      0x00004a7f     0xe  Code  Gb  usbringbuf.o [9]
USBStackModeSet         0x000076dd    0x18  Code  Gb  usbmode.o [9]
USBUARTIntHandler       0x00007263    0x64  Code  Gb  usb_dev_serial.o [1]
USBUARTPrimeTransmit    0x0000720f    0x54  Code  Lc  usb_dev_serial.o [1]
UpdateIndexAtomic       0x00004963    0x2c  Code  Lc  usbringbuf.o [9]
_GetintSmall            0x00003cc9   0x230  Code  Lc  xscanfsmall.o [3]
_GetstrSmall            0x00003c09    0xc0  Code  Lc  xscanfsmall.o [3]
_PrintfTiny             0x000041c3   0x11a  Code  Gb  xprintftiny.o [3]
_SProut                 0x00002697     0xa  Code  Gb  xsprout.o [3]
_SScin                  0x00002277    0x1e  Code  Gb  xsscin.o [3]
_ScanfSmall             0x00003a0d   0x1f6  Code  Gb  xscanfsmall.o [3]
__aeabi_assert          0x000025cf    0x4a  Code  Gb  xassert.o [3]
__aeabi_atexit          0x000014a9     0xa  Code  Gb  cxxabi.o [4]
__aeabi_d2f             0x00004765          Code  Gb  DblToFlt.o [6]
__aeabi_d2iz            0x0000402d          Code  Gb  DblToI32.o [6]
__aeabi_dadd            0x00003f45          Code  Gb  DblAdd.o [6]
__aeabi_ddiv            0x0000451d          Code  Gb  DblDiv.o [6]
__aeabi_dmul            0x00004379          Code  Gb  DblMul.o [6]
__aeabi_errno_addr      0x000050b9     0x6  Code  Gb  errno.o [3]
__aeabi_f2d             0x00004879          Code  Gb  FltToDbl.o [6]
__aeabi_i2d             0x00003f15          Code  Gb  I32ToDbl.o [6]
__aeabi_memcpy          0x00002879          Code  Gb  ABImemcpy.o [7]
__aeabi_memcpy4         0x00002899          Code  Gb  ABImemcpy.o [7]
__aeabi_memcpy8         0x00002899          Code  Gb  ABImemcpy.o [7]
__aeabi_memset          0x000048fd          Code  Gb  ABImemset.o [7]
__aeabi_ui2d            0x00003f29          Code  Gb  I32ToDbl.o [6]
__aeabi_vec_ctor_nocookie_nodtor
                        0x00001469    0x22  Code  Gb  cxxabi.o [4]
__aeabi_vec_dtor        0x0000148b    0x1e  Code  Gb  cxxabi.o [4]
__call_ctors            0x000028f1    0x18  Code  Gb  cppinit.o [3]
__call_dtors            0x00002943     0x2  Code  Gb  cppinit.o [3]
__cexit_call_dtors      0x00007b13          Code  Gb  cexit.o [7]
__cmain                 0x00007af1          Code  Gb  cmain.o [7]
__cstart_call_dtors     0x00007d08          Data  Gb  cstart_call_dtors.o [7]
__cxa_atexit            0x00002909    0x3a  Code  Gb  cppinit.o [3]
__cxa_finalize          0x00002945    0x38  Code  Gb  cppinit.o [3]
__dso_handle            0x200049b0     0x4  Data  Gb  cppinit.o [3]
__dwrite                0x00005263    0x1e  Code  Gb  dwrite.o [8]
__exit                  0x00004e75    0x14  Code  Gb  exit.o [8]
__iar_EmptyStepPoint    0x000025cd     0x2  Code  Gb  xassert.o [3]
__iar_Errno             0x200049b4     0x4  Data  Gb  errno.o [3]
__iar_FDnorm            0x00005289    0x26  Code  Gb  xfdnorm.o [6]
__iar_FDscale           0x00005199    0xc8  Code  Gb  xfdscale.o [6]
__iar_FExp              0x00004e9d   0x1ea  Code  Gb  xfexp.o [6]
__iar_Memchr            0x000050c5          Code  Gb  memchr.o [7]
__iar_Memset            0x000048fd          Code  Gb  ABImemset.o [7]
__iar_Memset_word       0x00004905          Code  Gb  ABImemset.o [7]
__iar_ReportAssert      0x000040d7    0x50  Code  Gb  xreportassert.o [3]
__iar_Stolx             0x00004adb    0x86  Code  Gb  xstol.o [3]
__iar_Stoul             0x00004c7f     0x4  Code  Gb  xstoul.o [3]
__iar_Stoulx            0x00004b61   0x118  Code  Gb  xstoul.o [3]
__iar_Strchr            0x00004ac5          Code  Gb  strchr.o [7]
__iar_Strstr            0x000039e1    0x2c  Code  Gb  strstr.o [3]
__iar_close_ttio        0x0000512d    0x2e  Code  Gb  iarttio.o [8]
__iar_copy_init3        0x000014bf    0x2e  Code  Gb  copy_init3.o [7]
__iar_cstart_call_ctors
                        0x00007a89    0x20  Code  Gb  cmain_call_ctors.o [7]
__iar_d2uiz             0x00004059          Code  Gb  DblToI32.o [6]
__iar_dadd              0x00003f59          Code  Gb  DblAdd.o [6]
__iar_data_init3        0x00007969    0x28  Code  Gb  data_init3.o [7]
__iar_dlib_perthread_access
                        0x00005261     0x2  Code  Gb  xtls.o [3]
__iar_dsub              0x00004cd5          Code  Gb  DblSub.o [6]
__iar_dsubStart         0x00004ce7          Code  Gb  DblSub.o [6]
__iar_get_ttio          0x0000515d    0x38  Code  Gb  iarttio.o [8]
__iar_init_vfp          0x00007ad5          Code  Gb  fpinit_M.o [6]
__iar_lookup_ttioh      0x00005281     0x8  Code  Gb  XShttio.o [3]
__iar_program_start     0x00007ac7          Code  Gb  cstartup_M.o [7]
__iar_sh_stdout         0x000052af    0x20  Code  Gb  iarwstd.o [8]
__iar_sh_write          0x000052cf    0x22  Code  Gb  iarwrite.o [8]
__iar_strcmp            0x00002295          Code  Gb  strcmp.o [7]
__iar_ttio_handles      0x200000b4     0x8  Data  Lc  XShttio.o [3]
__iar_ui2d              0x00003f2d          Code  Gb  I32ToDbl.o [6]
__iar_zero_init3        0x000020d7    0x22  Code  Gb  zero_init3.o [7]
__low_level_init        0x00007b07     0x4  Code  Gb  low_level_init.o [3]
__sti__routine          0x0000026d    0x18  Code  Lc  interpret.o [1]
__vector_table          0x00000000   0x26c  Data  Gb  startup_ewarm.o [1]
__write                 0x0000511d    0x10  Code  Gb  write.o [8]
_call_main              0x00007afd          Code  Gb  cmain.o [7]
_exit                   0x00007b11          Code  Gb  cexit.o [7]
_main                   0x00007b03          Code  Gb  cmain.o [7]
abort                   0x00004161     0x6  Code  Gb  abort.o [3]
accel::RPMx10k(unsigned int, unsigned int)
                        0x00004191    0x26  Code  Gb  interpret.o [1]
accel::_RPMx10ktoFreq(unsigned int)
                        0x00004e89     0xe  Code  Gb  interpret.o [1]
accel::_accelStepMicroSec() const
                        0x00004845    0x18  Code  Gb  stepper.o [1]
accel::_initUnitCurve(int)
                        0x00002adf    0x7e  Code  Gb  accel.o [1]
accel::_scaleYAxisToClockTicks()
                        0x00002c09    0x38  Code  Gb  accel.o [1]
accel::_scaleYAxisToFrequency()
                        0x00002b5d    0xaa  Code  Gb  accel.o [1]
accel::accel()          0x00002989    0x2e  Code  Gb  accel.o [1]
accel::accelMicroSec() const
                        0x00002cbd     0x6  Code  Gb  stepper.o [1]
accel::accelMicroSec(unsigned int)
                        0x00003065    0x28  Code  Gb  stepper.o [1]
accel::assign(const accel&)
                        0x000029cd    0x62  Code  Gb  accel.o [1]
accel::clockTicksToCurveIndex(unsigned int) const
                        0x000042e9    0x18  Code  Gb  stepper.o [1]
accel::clockTicksToFreq(unsigned int) const
                        0x00002faf    0x18  Code  Gb  stepper.o [1]
accel::clockTicksToMicroSec(unsigned int) const
                        0x00002d35    0x26  Code  Gb  stepper.o [1]
accel::curveIndexToClockTicks(unsigned int) const
                        0x00002d0d    0x28  Code  Gb  stepper.o [1]
accel::curveIndexToClockTicks(unsigned int) const::string
                        0x00007b3c    0x18  Data  Gb  stepper.o [1]
accel::curveIndexToClockTicks(unsigned int) const::string (instance 2)
                        0x00007940    0x28  Data  Gb  stepper.o [1]
accel::degreesPerMicrostepx10k() const
                        0x00004e97     0x6  Code  Gb  interpret.o [1]
accel::degreesPerMicrostepx10k(unsigned int)
                        0x000048f5     0x6  Code  Gb  stepper.o [1]
accel::fmax() const     0x000042dd     0x6  Code  Gb  accel.o [1]
accel::fmin() const     0x00002d75     0x6  Code  Gb  stepper.o [1]
accel::freqCloseToStop(unsigned int) const
                        0x00002fc7    0x12  Code  Gb  stepper.o [1]
accel::freqToClockTicks(unsigned int) const
                        0x000048c9    0x2c  Code  Gb  stepper.o [1]
accel::frequency(unsigned int, unsigned int)
                        0x00002c59    0x34  Code  Gb  accel.o [1]
accel::microSecToClockTicks(unsigned int) const
                        0x0000485d    0x1a  Code  Gb  stepper.o [1]
accel::microSecToCurveIndex(unsigned int) const
                        0x00002ce5    0x26  Code  Gb  stepper.o [1]
accel::microSecToFreq(unsigned int) const
                        0x00002d5d    0x18  Code  Gb  stepper.o [1]
accel::microSecToSteps(unsigned int)
                        0x00002a2f    0x58  Code  Gb  accel.o [1]
accel::operator =(const accel&)
                        0x000029b7    0x16  Code  Gb  accel.o [1]
accel::reset(unsigned int)
                        0x00002cc3    0x22  Code  Gb  stepper.o [1]
accel::stepsToMicroSec(unsigned int)
                        0x00002a87    0x58  Code  Gb  accel.o [1]
accel::totalClockTicks() const
                        0x000042e3     0x6  Code  Gb  accel.o [1]
accel::totalClockTicksToCurrentClockTicks(unsigned int)
                        0x00004301    0x78  Code  Gb  stepper.o [1]
accel::updateClockPeriod()
                        0x00002deb    0x28  Code  Gb  stepper.o [1]
accel::updateClockPeriodDecelerate()
                        0x00002e79    0xe8  Code  Gb  stepper.o [1]
accel::~accel()         0x000077e3     0x2  Code  Gb  interpret.o [1]
bufferInput             0x000004d7   0x20a  Code  Gb  interpret.o [1]
delay                   0x0000211d    0x1c  Code  Gb  main.o [1]
digits                  0x00004c84    0x28  Data  Lc  xstoul.o [3]
enable                  0x00002139     0xe  Code  Gb  main.o [1]
errMsg()                0x000002ff    0x1a  Code  Gb  interpret.o [1]
exit                    0x00007b0b     0x4  Code  Gb  exit.o [3]
expf                    0x000047f5    0x4c  Code  Gb  expf.o [6]
flashLED                0x00002167     0x2  Code  Gb  main.o [1]
flashio::flashio()      0x00002455     0x2  Code  Gb  flashio.o [1]
flashio::~flashio()     0x000077e1     0x2  Code  Gb  interpret.o [1]
g_bSendingBreak         0x200049bc     0x1  Data  Lc  usb_dev_serial.o [1]
g_bUSBConfigured        0x200049bd     0x1  Data  Lc  usb_dev_serial.o [1]
g_bUSBTimerInitialized  0x200047f4     0x1  Data  Gb  usbtick.o [9]
g_eOTGModeState         0x20000091     0x1  Data  Gb  usbmode.o [9]
g_iDualMode             0x20000092     0x1  Data  Lc  usbmode.o [9]
g_iUSBMode              0x20000090     0x1  Data  Gb  usbmode.o [9]
g_pCDCCompSerConfigDescriptors
                        0x0000713c     0x4  Data  Gb  usbdcdc.o [9]
g_pcStatus              0x200049a4     0x4  Data  Gb  usb_dev_serial.o [1]
g_pfnTickHandlers       0x200047f8    0x18  Data  Gb  usbtick.o [9]
g_pfnUSBModeCallback    0x2000009c     0x4  Data  Lc  usbmode.o [9]
g_ppCDCSerConfigDescriptors
                        0x00007138     0x4  Data  Gb  usbdcdc.o [9]
g_ppsDevInfo            0x200047ac     0x4  Data  Gb  usbdenum.o [9]
g_ppui8StringDescriptors
                        0x00007b54    0x18  Data  Gb  usb_serial_structs.o [1]
g_psCDCCompSerSections  0x20000080    0x10  Data  Gb  usbdcdc.o [9]
g_psCDCSerSections      0x200000a0     0xc  Data  Gb  usbdcdc.o [9]
g_psDCDInst             0x20004764    0x48  Data  Gb  usbdenum.o [9]
g_psUSBDMAInst          0x200042e8   0x110  Data  Lc  usbdma.o [9]
g_psUSBDStdRequests     0x00005c28    0x34  Data  Lc  usbdenum.o [9]
g_pui32Dii16Regs        0x000039cc    0x14  Data  Lc  interrupt.o [5]
g_pui32EnRegs           0x000039b8    0x14  Data  Lc  interrupt.o [5]
g_pui32Regs             0x0000391c    0x9c  Data  Lc  interrupt.o [5]
g_pui8CDCSerCommInterface
                        0x00007708    0x24  Data  Gb  usbdcdc.o [9]
g_pui8CDCSerDataInterface
                        0x00007734    0x18  Data  Gb  usbdcdc.o [9]
g_pui8CDCSerDescriptor  0x20000060     0xc  Data  Gb  usbdcdc.o [9]
g_pui8CDCSerDeviceDescriptor
                        0x2000006c    0x14  Data  Gb  usbdcdc.o [9]
g_pui8ConfigString      0x0000782c    0x38  Data  Gb  usb_serial_structs.o [1]
g_pui8ControlInterfaceString
                        0x000078ec    0x2c  Data  Gb  usb_serial_structs.o [1]
g_pui8DataBufferIn      0x200047b4    0x40  Data  Lc  usbdenum.o [9]
g_pui8IADSerDescriptor  0x200000ac     0x8  Data  Gb  usbdcdc.o [9]
g_pui8LangDescriptor    0x00007d00     0x4  Data  Gb  usb_serial_structs.o [1]
g_pui8ManufacturerString
                        0x00007990    0x24  Data  Gb  usb_serial_structs.o [1]
g_pui8ProductString     0x000079b4    0x24  Data  Gb  usb_serial_structs.o [1]
g_pui8RxBufferWorkspace
                        0x2000488c    0x18  Data  Gb  usb_serial_structs.o [1]
g_pui8SerialNumberString
                        0x00007b98    0x14  Data  Gb  usb_serial_structs.o [1]
g_pui8TxBufferWorkspace
                        0x200048a4    0x18  Data  Gb  usb_serial_structs.o [1]
g_pui8USBRxBuffer       0x20004500   0x100  Data  Gb  usb_serial_structs.o [1]
g_pui8USBTxBuffer       0x20004600   0x100  Data  Gb  usb_serial_structs.o [1]
g_pvTickInstance        0x20004810    0x18  Data  Gb  usbtick.o [9]
g_sCDCCompSerConfigHeader
                        0x0000775c     0x8  Data  Gb  usbdcdc.o [9]
g_sCDCDevice            0x20000000    0x60  Data  Gb  usb_serial_structs.o [1]
g_sCDCHandlers          0x00007140    0x30  Data  Gb  usbdcdc.o [9]
g_sCDCSerCommInterfaceSection
                        0x0000772c     0x8  Data  Gb  usbdcdc.o [9]
g_sCDCSerConfigHeader   0x00007754     0x8  Data  Gb  usbdcdc.o [9]
g_sCDCSerConfigSection  0x000076f8     0x8  Data  Gb  usbdcdc.o [9]
g_sCDCSerDataInterfaceSection
                        0x0000774c     0x8  Data  Gb  usbdcdc.o [9]
g_sIADSerConfigSection  0x00007700     0x8  Data  Gb  usbdcdc.o [9]
g_sRxBuffer             0x000079d8    0x24  Data  Gb  usb_serial_structs.o [1]
g_sTxBuffer             0x000079fc    0x24  Data  Gb  usb_serial_structs.o [1]
g_ui32CurrentUSBTick    0x20004828     0x4  Data  Gb  usbtick.o [9]
g_ui32Flags             0x200049a0     0x4  Data  Gb  usb_dev_serial.o [1]
g_ui32PollRate          0x20000094     0x4  Data  Gb  usbmode.o [9]
g_ui32UARTRxCount       0x2000499c     0x4  Data  Gb  usb_dev_serial.o [1]
g_ui32UARTTxCount       0x20004998     0x4  Data  Gb  usb_dev_serial.o [1]
g_ui32USBSOFCount       0x200049a8     0x4  Data  Gb  usbtick.o [9]
g_ui32WaitTicks         0x20000098     0x4  Data  Gb  usbmode.o [9]
heapSTRUCT_SIZE         0x00002876     0x2  Data  Lc  heap_2.o [1]
intToNodeType(int)      0x00000475    0x62  Code  Gb  interpret.o [1]
interpret::_cleanUpEvaluationStack(unsigned int)
                        0x00000e05    0x34  Code  Gb  interpret.o [1]
interpret::_cleanUpSymbolTable()
                        0x00000e39    0x28  Code  Gb  interpret.o [1]
interpret::_currentProgramNodeLevel() const
                        0x000027d3    0x16  Code  Gb  interpret.o [1]
interpret::_currentProgramNodeType() const
                        0x0000261d    0x16  Code  Gb  interpret.o [1]
interpret::_currentProgramNodeValue() const
                        0x00002633    0x16  Code  Gb  interpret.o [1]
interpret::_evalValue()
                        0x000026a1    0x3c  Code  Gb  interpret.o [1]
interpret::_evalValue()::string
                        0x00007a48    0x20  Data  Gb  interpret.o [1]
interpret::_evalValue()::string (instance 2)
                        0x00007894    0x2c  Data  Gb  interpret.o [1]
interpret::_evalValuePeek() const
                        0x000027e9     0xe  Code  Gb  interpret.o [1]
interpret::_findFirstAvailableNodeInSymbolTable()
                        0x000013a9    0x7e  Code  Gb  interpret.o [1]
interpret::_findFirstParseTreeEntry(parseTreeEntry const &, unsigned int)
                        0x00000e61    0x74  Code  Gb  interpret.o [1]
interpret::_getLastSymbolTableIndex()
                        0x0000281f    0x16  Code  Gb  interpret.o [1]
interpret::_programNodeType(unsigned int) const
                        0x00002839    0x14  Code  Gb  interpret.o [1]
interpret::_pushTemporarySymbolOnEvaluationStack(unsigned int)
                        0x00001319    0x82  Code  Gb  interpret.o [1]
interpret::_resetSymbolTableTemporaryBoundary()
                        0x000027c9     0xa  Code  Gb  interpret.o [1]
interpret::_returnSymbolToAvailablePool(unsigned int)
                        0x000026dd    0x26  Code  Gb  interpret.o [1]
interpret::_updateProgramIndex(nodeType, int)
                        0x00000d95    0x5e  Code  Gb  interpret.o [1]
interpret::appendToProgram(parseTreeEntry const &)
                        0x00000751    0x2e  Code  Gb  interpret.o [1]
interpret::appendToSymbolTable(symbolTableEntry const &)
                        0x0000077f    0x2e  Code  Gb  interpret.o [1]
interpret::evaluateOperator(unsigned int)
                        0x00000fc1   0x348  Code  Gb  interpret.o [1]
interpret::getLowWaterMarkForTemporarySymbolSearch() const
                        0x00002871     0x6  Code  Gb  interpret.o [1]
interpret::getStepper()
                        0x000014b9     0x6  Code  Gb  interpret.o [1]
interpret::interpret()  0x000006e1    0x70  Code  Gb  interpret.o [1]
interpret::run()        0x000007ad   0x5e8  Code  Gb  interpret.o [1]
interpret::setLowWaterMarkForTemporarySymbolSearch()
                        0x00002449     0xc  Code  Gb  interpret.o [1]
interpret::symbolFromIndex(int)
                        0x00002855    0x1c  Code  Gb  interpret.o [1]
interpret::symbolTableIndexMorph(int)
                        0x00000ed5    0x70  Code  Gb  interpret.o [1]
interpret::~interpret()
                        0x00007765    0x54  Code  Gb  interpret.o [1]
interpretRun            0x00000285    0x60  Code  Gb  interpret.o [1]
interpreter             0x20002fb0  0x1338  Data  Gb  interpret.o [1]
interpreterRunBool      0x200049b9     0x1  Data  Lc  interpret.o [1]
io::getADC(unsigned int)
                        0x000024e3    0x4c  Code  Gb  io.o [1]
io::getInput() const    0x000024a5    0x3e  Code  Gb  io.o [1]
io::getTemperature()    0x0000252f    0x58  Code  Gb  io.o [1]
io::io()                0x00002465     0x2  Code  Gb  io.o [1]
io::reset()             0x000027bf     0xa  Code  Gb  interpret.o [1]
io::setOutput(unsigned int)
                        0x00002467    0x3e  Code  Gb  io.o [1]
io::~io()               0x000077c7     0x2  Code  Gb  interpret.o [1]
led::Off()              0x00004095    0x1c  Code  Gb  interpret.o [1]
led::On()               0x00004079    0x1c  Code  Gb  interpret.o [1]
led::_enable            0x200049b8     0x1  Data  Gb  interpret.o [1]
led::enable()           0x00004e41     0xc  Code  Gb  interpret.o [1]
led::enable(bool)       0x000018cd     0xc  Code  Gb  interpret.o [1]
led::led(bool)          0x00002599    0x1e  Code  Gb  interpret.o [1]
led::set(unsigned int)  0x00002721    0x1a  Code  Gb  interpret.o [1]
led::~led()             0x000077b9     0xe  Code  Gb  interpret.o [1]
localAssert             0x000020f9    0x12  Code  Gb  main.o [1]
main                    0x00007577   0x106  Code  Gb  usb_dev_serial.o [1]
mainA                   0x000021a1    0x1a  Code  Gb  main.o [1]
memchr                  0x000050c5          Code  Gb  memchr.o [7]
memcmp                  0x00003329          Code  Gb  memcmp.o [7]
memset                  0x000034d9    0x16  Code  Gb  tasks.o [1]
motorStep               0x00002147    0x20  Code  Gb  main.o [1]
ndigs                   0x00004cac    0x28  Data  Lc  xstoul.o [3]
next_abi_dtor_rec       0x200049ac     0x4  Data  Lc  cppinit.o [3]
out                     0x000040c1    0x16  Code  Lc  xreportassert.o [3]
parseTreeEntry::level() const
                        0x0000284d     0x4  Code  Gb  parseTreeEntry.o [1]
parseTreeEntry::level(unsigned int)
                        0x000023d5     0x4  Code  Gb  parseTreeEntry.o [1]
parseTreeEntry::operator =(const parseTreeEntry&)
                        0x0000238b    0x4a  Code  Gb  parseTreeEntry.o [1]
parseTreeEntry::parseTreeEntry()
                        0x0000237d     0x6  Code  Gb  parseTreeEntry.o [1]
parseTreeEntry::parseTreeEntry(nodeType, int, unsigned int)
                        0x00002383     0x8  Code  Gb  parseTreeEntry.o [1]
parseTreeEntry::position() const
                        0x00003f11     0x4  Code  Gb  parseTreeEntry.o [1]
parseTreeEntry::position(nodePosition)
                        0x000023d9     0x4  Code  Gb  parseTreeEntry.o [1]
parseTreeEntry::type() const
                        0x00002619     0x4  Code  Gb  parseTreeEntry.o [1]
parseTreeEntry::type(nodeType)
                        0x000023e1     0x4  Code  Gb  parseTreeEntry.o [1]
parseTreeEntry::value() const
                        0x00002851     0x4  Code  Gb  parseTreeEntry.o [1]
parseTreeEntry::value(int)
                        0x000023dd     0x4  Code  Gb  parseTreeEntry.o [1]
parseTreeEntry::~parseTreeEntry()
                        0x000023e5     0x2  Code  Gb  interpret.o [1]
postMsg(bool)           0x00000319    0x16  Code  Gb  interpret.o [1]
prvAddCurrentTaskToDelayedList
                        0x00001f81    0x3e  Code  Lc  tasks.o [1]
prvAllocateTCBAndStack  0x00001fcd    0x46  Code  Lc  tasks.o [1]
prvCheckTasksWaitingTermination
                        0x00001f19    0x5c  Code  Lc  tasks.o [1]
prvDeleteTCB            0x0000204b    0x12  Code  Lc  tasks.o [1]
prvHeapInit             0x00003493    0x2e  Code  Lc  heap_2.o [1]
prvIdleTask             0x00001e65     0x8  Code  Lc  tasks.o [1]
prvInitialiseTCBVariables
                        0x00001e6d    0x60  Code  Lc  tasks.o [1]
prvInitialiseTaskLists  0x00001ecd    0x46  Code  Lc  tasks.o [1]
prvTaskCheckFreeStackSpace
                        0x00002013    0x18  Code  Lc  tasks.o [1]
pui32Stack              0x200049c0   0x400  Data  Lc  startup_ewarm.o [1]
putchar                 0x00004e4d    0x28  Code  Gb  putchar.o [3]
pvPortMalloc            0x0000338d    0xc2  Code  Gb  heap_2.o [1]
pxCurrentTCB            0x20004964     0x4  Data  Gb  tasks.o [1]
pxDelayedTaskList       0x20004968     0x4  Data  Lc  tasks.o [1]
pxOverflowDelayedTaskList
                        0x2000496c     0x4  Data  Lc  tasks.o [1]
pxPortInitialiseStack   0x0000308d    0x22  Code  Gb  port.o [1]
pxReadyTasksLists       0x20004700    0x64  Data  Lc  tasks.o [1]
sp                      0x20004960     0x4  Data  Gb  stepper.o [1]
sprintf                 0x00002785    0x34  Code  Gb  sprintf.o [3]
sscanf                  0x00002359    0x24  Code  Gb  sscanf.o [3]
stepper::RPM(unsigned int, unsigned int)
                        0x000018ad    0x20  Code  Gb  interpret.o [1]
stepper::RPMx10k(unsigned int, unsigned int)
                        0x0000273b    0x14  Code  Gb  interpret.o [1]
stepper::_isAccelerating() const
                        0x00002db9    0x32  Code  Gb  stepper.o [1]
stepper::_isConstantVelocity() const
                        0x00002e31    0x32  Code  Gb  stepper.o [1]
stepper::_isConstantVelocityStart() const
                        0x00002f93    0x16  Code  Gb  stepper.o [1]
stepper::_isDecelerating() const
                        0x00002f61    0x32  Code  Gb  stepper.o [1]
stepper::_isStartOfDeceleration() const
                        0x00002e63    0x16  Code  Gb  stepper.o [1]
stepper::_timer() const
                        0x00002fa9     0x6  Code  Gb  stepper.o [1]
stepper::_timer(unsigned long)
                        0x00002e15    0x1c  Code  Gb  stepper.o [1]
stepper::_timerStart(bool)
                        0x000017d7    0x4a  Code  Gb  stepper.o [1]
stepper::accelerationTimeMicrosecs(unsigned int)
                        0x0000189d    0x10  Code  Gb  interpret.o [1]
stepper::degreesPerMicrostepx10k() const
                        0x000041b7     0xc  Code  Gb  interpret.o [1]
stepper::degreesPerMicrostepx10k(unsigned int)
                        0x00003053    0x10  Code  Gb  stepper.o [1]
stepper::directionPositive(bool)
                        0x00002c8d    0x30  Code  Gb  stepper.o [1]
stepper::enable()       0x00002fd9    0x14  Code  Gb  stepper.o [1]
stepper::isr()          0x000016d3   0x104  Code  Gb  stepper.o [1]
stepper::microstepSet(microsteps)
                        0x00001849    0x54  Code  Gb  stepper.o [1]
stepper::moveAbsolute(int)
                        0x00001583   0x150  Code  Gb  stepper.o [1]
stepper::moveAbsoluteDegreex10k(int)
                        0x0000274f    0x18  Code  Gb  interpret.o [1]
stepper::moveRelative(int)
                        0x0000270d    0x14  Code  Gb  interpret.o [1]
stepper::moveRelativeDegreex10k(int)
                        0x00002767    0x18  Code  Gb  interpret.o [1]
stepper::positionSteps() const
                        0x000027b9     0x6  Code  Gb  interpret.o [1]
stepper::state() const  0x0000277f     0x6  Code  Gb  interpret.o [1]
stepper::step()         0x00002d7d    0x3c  Code  Gb  stepper.o [1]
stepper::stepper()      0x00001515    0x2e  Code  Gb  stepper.o [1]
stepper::~stepper()     0x000077c9    0x16  Code  Gb  interpret.o [1]
stepperISR              0x000014ed    0x28  Code  Gb  stepper.o [1]
stepper_init            0x00001543    0x40  Code  Gb  stepper.o [1]
stmtNestingLevel        0x20004944     0x4  Data  Lc  interpret.o [1]
stmtPosition            0x2000482c    0x20  Data  Lc  interpret.o [1]
stmtType                0x2000484c    0x20  Data  Lc  interpret.o [1]
stmtValue               0x20004948     0x4  Data  Lc  interpret.o [1]
strchr                  0x00004ac5          Code  Gb  strchr.o [7]
strcmp                  0x00002295          Code  Gb  strcmp.o [7]
stringToNodePosition(char const *)
                        0x0000032f    0x2c  Code  Gb  interpret.o [1]
stringToNodeType(char const *)
                        0x0000035b   0x114  Code  Gb  interpret.o [1]
strlen                  0x000020a1          Code  Gb  strlen.o [7]
strstr(char const *, char const *)
                        0x00002349    0x10  Code  Gb  interpret.o [1]
successMsg()            0x000002e5    0x1a  Code  Gb  interpret.o [1]
symbFcnLink             0x20004954     0x4  Data  Lc  interpret.o [1]
symbType                0x2000494c     0x4  Data  Lc  interpret.o [1]
symbValue               0x20004950     0x4  Data  Lc  interpret.o [1]
symbolTableEntry::dumpEntry()
                        0x00002439     0x2  Code  Gb  symbolTableEntry.o [1]
symbolTableEntry::fcnLink() const
                        0x00002709     0x4  Code  Gb  symbolTableEntry.o [1]
symbolTableEntry::fcnLink(int)
                        0x00002443     0x4  Code  Gb  symbolTableEntry.o [1]
symbolTableEntry::operator =(const symbolTableEntry&)
                        0x000023ff    0x3a  Code  Gb  symbolTableEntry.o [1]
symbolTableEntry::symbolTableEntry()
                        0x000023e7     0xe  Code  Gb  symbolTableEntry.o [1]
symbolTableEntry::symbolTableEntry(nodeType, int)
                        0x000023f5     0xa  Code  Gb  symbolTableEntry.o [1]
symbolTableEntry::type() const
                        0x00002835     0x4  Code  Gb  symbolTableEntry.o [1]
symbolTableEntry::type(nodeType)
                        0x0000243b     0x4  Code  Gb  symbolTableEntry.o [1]
symbolTableEntry::value() const
                        0x00002683     0x4  Code  Gb  symbolTableEntry.o [1]
symbolTableEntry::value(int)
                        0x0000243f     0x4  Code  Gb  symbolTableEntry.o [1]
symbolTableEntry::~symbolTableEntry()
                        0x00002447     0x2  Code  Gb  interpret.o [1]
tempBuf                 0x2000486c    0x20  Data  Lc  interpret.o [1]
tickCount               0x20004940     0x4  Data  Lc  interpret.o [1]
tinyQueue<int>::empty() const
                        0x000025b7    0x16  Code  Gb  interpret.o [1]
tinyQueue<int>::front() const
                        0x0000268d     0xa  Code  Gb  interpret.o [1]
tinyQueue<int>::peekAtIndex(unsigned int) const
                        0x0000267d     0x6  Code  Gb  interpret.o [1]
tinyQueue<int>::pop_front()
                        0x000027f7    0x28  Code  Gb  interpret.o [1]
tinyQueue<int>::push_front(int)
                        0x00002649    0x34  Code  Gb  interpret.o [1]
tinyQueue<int>::size() const
                        0x000040b1    0x10  Code  Gb  interpret.o [1]
tinyQueue<int>::spaceAvail() const
                        0x00004167    0x2a  Code  Gb  interpret.o [1]
tinyQueue<int>::stackFrameIndex() const
                        0x00002703     0x6  Code  Gb  interpret.o [1]
tinyQueue<int>::stackFrameIndex(unsigned int)
                        0x00002687     0x6  Code  Gb  interpret.o [1]
tinyQueue<int>::tinyQueue()
                        0x00002457     0xe  Code  Gb  interpret.o [1]
tinyQueue<int>::~tinyQueue()
                        0x000077df     0x2  Code  Gb  interpret.o [1]
tinyQueue<unsigned char>::clear()
                        0x0000233b     0xc  Code  Gb  interpret.o [1]
tinyQueue<unsigned char>::getBuffer()
                        0x00002347     0x2  Code  Gb  interpret.o [1]
tinyQueue<unsigned char>::push(unsigned char)
                        0x000022e1    0x30  Code  Gb  interpret.o [1]
tinyQueue<unsigned char>::spaceAvail() const
                        0x00002311    0x2a  Code  Gb  interpret.o [1]
tinyQueue<unsigned char>::tinyQueue(int)
                        0x000022d7     0xa  Code  Gb  interpret.o [1]
tinyQueue<unsigned char>::~tinyQueue()
                        0x000028ef     0x2  Code  Gb  interpret.o [1]
uDMAChannelAttributeDisable
                        0x000068d1    0x26  Code  Gb  udma.o [5]
uDMAChannelControlSet   0x000068f7    0x18  Code  Gb  udma.o [5]
uDMAChannelDisable      0x000068c1    0x10  Code  Gb  udma.o [5]
uDMAChannelEnable       0x000068b1    0x10  Code  Gb  udma.o [5]
uDMAChannelModeGet      0x0000698d    0x28  Code  Gb  udma.o [5]
uDMAChannelTransferSet  0x0000690f    0x7e  Code  Gb  udma.o [5]
uDMAUSBArbSizeSet       0x00006395    0x60  Code  Lc  usbdma.o [9]
uDMAUSBChannelAllocate  0x0000624b    0xa6  Code  Lc  usbdma.o [9]
uDMAUSBChannelDisable   0x00006133    0x46  Code  Lc  usbdma.o [9]
uDMAUSBChannelEnable    0x000060e1    0x52  Code  Lc  usbdma.o [9]
uDMAUSBChannelIntDisable
                        0x00006187     0x2  Code  Lc  usbdma.o [9]
uDMAUSBChannelIntEnable
                        0x00006185     0x2  Code  Lc  usbdma.o [9]
uDMAUSBChannelRelease   0x000062f1    0x5a  Code  Lc  usbdma.o [9]
uDMAUSBChannelStatus    0x00006055    0x24  Code  Lc  usbdma.o [9]
uDMAUSBIntStatus        0x00006079    0x2a  Code  Lc  usbdma.o [9]
uDMAUSBTransfer         0x00006189    0xa6  Code  Lc  usbdma.o [9]
uDMAUSBUnitSizeSet      0x0000634b    0x4a  Code  Lc  usbdma.o [9]
ucHeap                  0x200000d0  0x2ee0  Data  Lc  heap_2.o [1]
ucMaxSysCallPriority    0x200049bb     0x1  Data  Lc  port.o [1]
ulMaxPRIGROUPValue      0x2000495c     0x4  Data  Lc  port.o [1]
ulPortSetInterruptMask  0x000032d3          Code  Gb  portasm.o [1]
uxCriticalNesting       0x200000c8     0x4  Data  Lc  port.o [1]
uxCurrentNumberOfTasks  0x20004974     0x4  Data  Lc  tasks.o [1]
uxListRemove            0x0000325f    0x2a  Code  Gb  list.o [1]
uxPendedTicks           0x20004988     0x4  Data  Lc  tasks.o [1]
uxSchedulerSuspended    0x20004984     0x4  Data  Lc  tasks.o [1]
uxTaskGetStackHighWaterMark
                        0x0000202b    0x20  Code  Gb  tasks.o [1]
uxTaskNumber            0x20004994     0x4  Data  Lc  tasks.o [1]
uxTasksDeleted          0x20004970     0x4  Data  Lc  tasks.o [1]
uxTopReadyPriority      0x2000497c     0x4  Data  Lc  tasks.o [1]
vApplicationStackOverflowHook
                        0x00002275     0x2  Code  Gb  main.o [1]
vApplicationTickHook    0x00002273     0x2  Code  Gb  main.o [1]
vIdleTask               0x000021e1    0x28  Code  Lc  main.o [1]
vInterpretTask          0x00002259    0x1a  Code  Lc  main.o [1]
vListInitialise         0x000031e5    0x1e  Code  Gb  list.o [1]
vListInitialiseItem     0x00003203     0x6  Code  Gb  list.o [1]
vListInsert             0x00003223    0x3c  Code  Gb  list.o [1]
vListInsertEnd          0x00003209    0x1a  Code  Gb  list.o [1]
vPortClearInterruptMask
                        0x000032e1          Code  Gb  portasm.o [1]
vPortEnableVFP          0x0000330d          Code  Gb  portasm.o [1]
vPortEnterCritical      0x00003159    0x1a  Code  Gb  port.o [1]
vPortExitCritical       0x00003173    0x1c  Code  Gb  port.o [1]
vPortFree               0x0000344f    0x44  Code  Gb  heap_2.o [1]
vPortSVCHandler         0x000032e7          Code  Gb  portasm.o [1]
vPortSetupTimerInterrupt
                        0x000031af    0x10  Code  Wk  port.o [1]
vPortStartFirstTask     0x000032ff          Code  Gb  portasm.o [1]
vPortYield              0x00003147    0x12  Code  Gb  port.o [1]
vSetupHighFrequencyTimer
                        0x00002169    0x38  Code  Gb  main.o [1]
vStartIdleTask          0x000021bb    0x22  Code  Gb  main.o [1]
vStartInterpretTask     0x00002209    0x24  Code  Gb  main.o [1]
vTaskDelay              0x00001aa1    0x3c  Code  Gb  tasks.o [1]
vTaskDelayUntil         0x00001a21    0x80  Code  Gb  tasks.o [1]
vTaskStartScheduler     0x00001add    0x4c  Code  Gb  tasks.o [1]
vTaskSuspendAll         0x00001b29    0x10  Code  Gb  tasks.o [1]
vTaskSwitchContext      0x00001d9d    0xc6  Code  Gb  tasks.o [1]
xDelayedTaskList1       0x200048bc    0x14  Data  Lc  tasks.o [1]
xDelayedTaskList2       0x200048d0    0x14  Data  Lc  tasks.o [1]
xEnd                    0x20004928     0x8  Data  Lc  heap_2.o [1]
xFreeBytesRemaining     0x200000bc     0x4  Data  Lc  heap_2.o [1]
xNextTaskUnblockTime    0x200000cc     0x4  Data  Lc  tasks.o [1]
xNumOfOverflows         0x20004990     0x4  Data  Lc  tasks.o [1]
xPendingReadyList       0x200048e4    0x14  Data  Lc  tasks.o [1]
xPortPendSVHandler      0x00003289          Code  Gb  portasm.o [1]
xPortStartScheduler     0x000030af    0x98  Code  Gb  port.o [1]
xPortSysTickHandler     0x0000318f    0x20  Code  Gb  port.o [1]
xSchedulerRunning       0x20004980     0x4  Data  Lc  tasks.o [1]
xStart                  0x20004920     0x8  Data  Lc  heap_2.o [1]
xSuspendedTaskList      0x2000490c    0x14  Data  Lc  tasks.o [1]
xTaskGenericCreate      0x000018d9   0x148  Code  Gb  tasks.o [1]
xTaskGetTickCount       0x00001c27    0x16  Code  Gb  tasks.o [1]
xTaskIdleWaitCurrentTime
                        0x2000493c     0x4  Data  Lc  interpret.o [1]
xTaskIdleWaitStartTime  0x20004938     0x4  Data  Lc  interpret.o [1]
xTaskIncrementTick      0x00001c3d   0x160  Code  Gb  tasks.o [1]
xTaskResumeAll          0x00001b39    0xee  Code  Gb  tasks.o [1]
xTaskWakeTime           0x20004934     0x4  Data  Lc  interpret.o [1]
xTasksWaitingTermination
                        0x200048f8    0x14  Data  Lc  tasks.o [1]
xTickCount              0x20004978     0x4  Data  Lc  tasks.o [1]
xYieldPending           0x2000498c     0x4  Data  Lc  tasks.o [1]


[1] = C:\dev\docs\scottdesign\motor\Debug\Obj
[2] = command line
[3] = dl7M_tln.a
[4] = dlpp7M_tl_ne.a
[5] = driverlib.a
[6] = m7M_tlv.a
[7] = rt7M_tl.a
[8] = shb_l.a
[9] = usblib.a

  30 176 bytes of readonly  code memory
   2 040 bytes of readonly  data memory
  20 334 bytes of readwrite data memory

Errors: none
Warnings: none
