###############################################################################
#                                                                             #
# IAR ELF Linker V6.40.1.53790/W32 for ARM              03/Oct/2013  15:04:41 #
# Copyright 2007-2012 IAR Systems AB.                                         #
#                                                                             #
#    Output file  =  C:\dev\docs\scottdesign\motor\Debug\Exe\motorTiva.out    #
#    Map file     =  C:\dev\docs\scottdesign\motor\Debug\List\motorTiva.map   #
#    Command line =  C:\dev\docs\scottdesign\motor\Debug\Obj\accel.o          #
#                    C:\dev\docs\scottdesign\motor\Debug\Obj\flashio.o        #
#                    C:\dev\docs\scottdesign\motor\Debug\Obj\heap_2.o         #
#                    C:\dev\docs\scottdesign\motor\Debug\Obj\interpret.o      #
#                    C:\dev\docs\scottdesign\motor\Debug\Obj\list.o           #
#                    C:\dev\docs\scottdesign\motor\Debug\Obj\main.o           #
#                    C:\dev\docs\scottdesign\motor\Debug\Obj\parseTreeEntry.o #
#                     C:\dev\docs\scottdesign\motor\Debug\Obj\port.o          #
#                    C:\dev\docs\scottdesign\motor\Debug\Obj\portasm.o        #
#                    C:\dev\docs\scottdesign\motor\Debug\Obj\queue.o          #
#                    C:\dev\docs\scottdesign\motor\Debug\Obj\startup_ewarm.o  #
#                    C:\dev\docs\scottdesign\motor\Debug\Obj\stepper.o        #
#                    C:\dev\docs\scottdesign\motor\Debug\Obj\symbolTableEntry #
#                    .o C:\dev\docs\scottdesign\motor\Debug\Obj\tasks.o       #
#                    C:\dev\docs\scottdesign\motor\Debug\Obj\uartstdio.o      #
#                    C:\dev\docs\scottdesign\motor\Debug\Obj\usb_dev_serial.o #
#                     C:\dev\docs\scottdesign\motor\Debug\Obj\usb_serial_stru #
#                    cts.o C:\dev\docs\scottdesign\motor\Debug\Obj\ustdlib.o  #
#                    C:\ti\TivaWare_C_Series-1.0\driverlib\ewarm\Exe\driverli #
#                    b.a C:\ti\TivaWare_C_Series-1.0\usblib\ewarm\Exe\usblib. #
#                    a --redirect _Printf=_PrintfTiny --redirect              #
#                    _Scanf=_ScanfSmall -o C:\dev\docs\scottdesign\motor\Debu #
#                    g\Exe\motorTiva.out --map C:\dev\docs\scottdesign\motor\ #
#                    Debug\List\motorTiva.map --config                        #
#                    C:\dev\docs\scottdesign\motor\motorTiva.icf              #
#                    --semihosting --entry __iar_program_start --vfe          #
#                                                                             #
#                                                                             #
###############################################################################

*******************************************************************************
*** RUNTIME MODEL ATTRIBUTES
***

CppFlavor                     = *
__CPP_Language                = EC++
__Heap_Handler                = Basic
__SystemLibrary               = DLib
__dlib_dynamic_initialization = normal


*******************************************************************************
*** PLACEMENT SUMMARY
***

"A1":  place at start of [0x00000000-0x0000ffff] { ro section .intvec };
"P1":  place in [from 0x00000000 to 0x0000ffff] { ro };
"P2":  place in [from 0x20000000 to 0x20005fff] { rw, block HEAP };

  Section             Kind        Address    Size  Object
  -------             ----        -------    ----  ------
"A1":                                       0x26c
  .intvec             const    0x00000000   0x26c  startup_ewarm.o [1]
                             - 0x0000026c   0x26c

"P1":                                      0x7080
  .text               ro code  0x0000026c   0xfb2  interpret.o [1]
  .text               ro code  0x0000121e    0x50  cxxabi.o [4]
  .text               ro code  0x0000126e     0x6  interpret.o [1]
  .text               ro code  0x00001274     0xc  interpret.o [1]
  .text               ro code  0x00001280   0x7c8  tasks.o [1]
  .text               ro code  0x00001a48    0x36  strlen.o [7]
  .text               ro code  0x00001a7e    0x2e  copy_init3.o [7]
  .text               ro code  0x00001aac   0x18e  main.o [1]
  .text               ro code  0x00001c3a    0x22  zero_init3.o [7]
  .text               ro code  0x00001c5c    0x42  strcmp.o [7]
  .text               ro code  0x00001c9e     0xa  interpret.o [1]
  .text               ro code  0x00001ca8    0x30  interpret.o [1]
  .text               ro code  0x00001cd8    0x2a  interpret.o [1]
  .text               ro code  0x00001d02     0xc  interpret.o [1]
  .text               ro code  0x00001d0e     0x2  interpret.o [1]
  .text               ro code  0x00001d10    0x10  interpret.o [1]
  .text               ro code  0x00001d20    0x24  sscanf.o [3]
  .text               ro code  0x00001d44    0x58  parseTreeEntry.o [1]
  .text               ro code  0x00001d9c     0x4  parseTreeEntry.o [1]
  .text               ro code  0x00001da0     0x4  parseTreeEntry.o [1]
  .text               ro code  0x00001da4     0x4  parseTreeEntry.o [1]
  .text               ro code  0x00001da8     0x4  parseTreeEntry.o [1]
  .text               ro code  0x00001dac     0x2  interpret.o [1]
  .text               ro code  0x00001dae    0x54  symbolTableEntry.o [1]
  .text               ro code  0x00001e02     0x4  symbolTableEntry.o [1]
  .text               ro code  0x00001e06     0x4  symbolTableEntry.o [1]
  .text               ro code  0x00001e0a     0x4  symbolTableEntry.o [1]
  .text               ro code  0x00001e0e     0x2  interpret.o [1]
  .text               ro code  0x00001e10     0xc  interpret.o [1]
  .text               ro code  0x00001e1c    0x80  flashio.o [1]
  .text               ro code  0x00001e9c     0xe  interpret.o [1]
  .text               ro code  0x00001eaa    0x1e  xsscin.o [3]
  .text               ro code  0x00001ec8   0x46c  stepper.o [1]
  .text               ro code  0x00002334    0x1e  interpret.o [1]
  .text               ro code  0x00002352    0x16  interpret.o [1]
  .text               ro code  0x00002368    0x4c  xassert.o [3]
  .text               ro code  0x000023b4     0x4  parseTreeEntry.o [1]
  .text               ro code  0x000023b8    0x16  interpret.o [1]
  .text               ro code  0x000023ce    0x16  interpret.o [1]
  .text               ro code  0x000023e4    0x34  interpret.o [1]
  .text               ro code  0x00002418     0x6  interpret.o [1]
  .text               ro code  0x0000241e     0x4  symbolTableEntry.o [1]
  .text               ro code  0x00002422     0x6  interpret.o [1]
  .text               ro code  0x00002428     0xa  interpret.o [1]
  .rodata             const    0x00002432     0x2  heap_2.o [1]
  .text               ro code  0x00002434    0x3c  interpret.o [1]
  .text               ro code  0x00002470    0x26  interpret.o [1]
  .text               ro code  0x00002496     0x6  interpret.o [1]
  .text               ro code  0x0000249c     0x4  symbolTableEntry.o [1]
  .text               ro code  0x000024a0    0x1a  interpret.o [1]
  .text               ro code  0x000024ba     0xa  interpret.o [1]
  .text               ro code  0x000024c4    0x16  interpret.o [1]
  .text               ro code  0x000024da     0xe  interpret.o [1]
  .text               ro code  0x000024e8    0x28  interpret.o [1]
  .text               ro code  0x00002510    0x16  interpret.o [1]
  .text               ro code  0x00002526     0x4  symbolTableEntry.o [1]
  .text               ro code  0x0000252a    0x14  interpret.o [1]
  .text               ro code  0x0000253e     0x4  parseTreeEntry.o [1]
  .text               ro code  0x00002542     0x4  parseTreeEntry.o [1]
  .text               ro code  0x00002546    0x1c  interpret.o [1]
  .text               ro code  0x00002562     0x6  interpret.o [1]
  .text               ro code  0x00002568    0x76  ABImemcpy.o [7]
  .text               ro code  0x000025de     0x2  interpret.o [1]
  .text               ro code  0x000025e0    0x98  cppinit.o [3]
  .text               ro code  0x00002678   0x158  port.o [1]
  .text               ro code  0x000027d0    0xa4  list.o [1]
  CODE                ro code  0x00002874    0xa0  portasm.o [1]
  .text               ro code  0x00002914    0x62  memcmp.o [7]
  .text               ro code  0x00002978   0x14c  heap_2.o [1]
  .text               ro code  0x00002ac4    0x16  tasks.o [1]
  .text               ro code  0x00002ada   0x24c  usbbuffer.o [9]
  .text               ro code  0x00002d28     0x6  gpio.o [5]
  .text               ro code  0x00002d30    0x74  sysctl.o [5]
  .text               ro code  0x00002da4    0x66  timer.o [5]
  .text               ro code  0x00002e0c   0x214  interrupt.o [5]
  .text               ro code  0x00003020    0x2c  strstr.o [3]
  .text               ro code  0x0000304c   0x504  xscanfsmall.o [3]
  .text               ro code  0x00003550     0x4  parseTreeEntry.o [1]
  .text               ro code  0x00003554   0x24a  accel.o [1]
  .text               ro code  0x000037a0    0x30  stepper.o [1]
  .text               ro code  0x000037d0     0x6  stepper.o [1]
  .text               ro code  0x000037d6    0x22  stepper.o [1]
  .text               ro code  0x000037f8    0x26  stepper.o [1]
  .text               ro code  0x0000381e     0xa  stepper.o [1]
  .text               ro code  0x00003828    0x1a  stepper.o [1]
  .text               ro code  0x00003842     0x6  stepper.o [1]
  .text               ro code  0x00003848     0x6  stepper.o [1]
  .text               ro code  0x0000384e    0x16  stepper.o [1]
  .text               ro code  0x00003864    0x3c  stepper.o [1]
  .text               ro code  0x000038a0    0x30  stepper.o [1]
  .text               ro code  0x000038d0    0x1c  stepper.o [1]
  .text               ro code  0x000038ec    0x30  stepper.o [1]
  .text               ro code  0x0000391c     0x6  stepper.o [1]
  .text               ro code  0x00003922    0x2a  stepper.o [1]
  .text               ro code  0x0000394c    0x12  stepper.o [1]
  .text               ro code  0x0000395e    0x12  stepper.o [1]
  .text               ro code  0x00003970    0x1c  interpret.o [1]
  .text               ro code  0x0000398c    0x1c  interpret.o [1]
  .text               ro code  0x000039a8    0x10  interpret.o [1]
  .text               ro code  0x000039b8    0xa0  xreportassert.o [3]
  .text               ro code  0x00003a58     0x6  abort.o [3]
  .text               ro code  0x00003a5e    0x2a  interpret.o [1]
  .text               ro code  0x00003a88    0x66  ABImemset.o [7]
  .text               ro code  0x00003aee   0x152  usbringbuf.o [9]
  .text               ro code  0x00003c40    0x10  cpu.o [5]
  .text               ro code  0x00003c50    0x16  strchr.o [7]
  .text               ro code  0x00003c66    0x86  xstol.o [3]
  .text               ro code  0x00003cec   0x174  xstoul.o [3]
  .text               ro code  0x00003e60    0x18  stepper.o [1]
  .text               ro code  0x00003e78     0x6  stepper.o [1]
  .text               ro code  0x00003e80    0x2c  I32ToDbl.o [6]
  .text               ro code  0x00003eac   0x1a2  DblMul.o [6]
  .text               ro code  0x00004050   0x246  DblDiv.o [6]
  .text               ro code  0x00004298    0x90  DblToFlt.o [6]
  .text               ro code  0x00004328    0x50  expf.o [6]
  .text               ro code  0x00004378    0x18  stepper.o [1]
  .text               ro code  0x00004390     0xc  interpret.o [1]
  .text               ro code  0x0000439c    0x28  putchar.o [3]
  .text               ro code  0x000043c4    0x14  exit.o [8]
  .text               ro code  0x000043d8     0xc  errno.o [3]
  .text               ro code  0x000043e4    0x58  memchr.o [7]
  .text               ro code  0x0000443c   0x21c  xfexp.o [6]
  .text               ro code  0x00004658    0x2a  stepper.o [1]
  .text               ro code  0x00004682    0x10  write.o [8]
  .text               ro code  0x00004694    0x6c  iarttio.o [8]
  .text               ro code  0x00004700     0x2  xtls.o [3]
  .text               ro code  0x00004704    0xc8  xfdscale.o [6]
  .text               ro code  0x000047cc    0x1e  dwrite.o [8]
  .text               ro code  0x000047ec     0x8  XShttio.o [3]
  .text               ro code  0x000047f4    0x26  xfdnorm.o [6]
  .text               ro code  0x0000481a    0x20  iarwstd.o [8]
  .text               ro code  0x0000483a    0x22  iarwrite.o [8]
  .text               ro code  0x0000485c   0x96c  usbdenum.o [9]
  .text               ro code  0x000051c8   0x3f6  usb.o [5]
  .text               ro code  0x000055c0   0x478  usbdma.o [9]
  .text               ro code  0x00005a38    0x6c  usbtick.o [9]
  .text               ro code  0x00005aa4   0x150  usbdcdesc.o [9]
  .text               ro code  0x00005bf4   0x228  usbdconfig.o [9]
  .text               ro code  0x00005e1c   0x11c  udma.o [5]
  .text               ro code  0x00005f38    0x54  usbdesc.o [9]
  .text               ro code  0x00005f8c   0x750  usbdcdc.o [9]
  .text               ro code  0x000066dc   0x56c  usb_dev_serial.o [1]
  .text               ro code  0x00006c48    0x1c  usbmode.o [9]
  .rodata             const    0x00006c64    0x6c  usbdcdc.o [9]
  .text               ro code  0x00006cd0    0x4c  interpret.o [1]
  .text               ro code  0x00006d1c     0xe  interpret.o [1]
  .text               ro code  0x00006d2a     0xe  interpret.o [1]
  .text               ro code  0x00006d38     0x2  interpret.o [1]
  .text               ro code  0x00006d3a     0x2  interpret.o [1]
  .text               ro code  0x00006d3c     0x2  interpret.o [1]
  .rodata             const    0x00006d40    0x48  interpret.o [1]
  .rodata             const    0x00006d88    0x38  usb_serial_structs.o [1]
  .rodata             const    0x00006dc0    0x30  interpret.o [1]
  .rodata             const    0x00006df0    0x2c  interpret.o [1]
  .rodata             const    0x00006e1c    0x2c  interpret.o [1]
  .rodata             const    0x00006e48    0x2c  usb_serial_structs.o [1]
  .rodata             const    0x00006e74    0x28  main.o [1]
  .text               ro code  0x00006e9c    0x28  data_init3.o [7]
  .rodata             const    0x00006ec4    0x24  usb_serial_structs.o [1]
  .rodata             const    0x00006ee8    0x24  usb_serial_structs.o [1]
  .rodata             const    0x00006f0c    0x24  usb_serial_structs.o [1]
  .rodata             const    0x00006f30    0x24  usb_serial_structs.o [1]
  .iar.init_table     const    0x00006f54    0x28  - Linker created -
  .rodata             const    0x00006f7c    0x20  interpret.o [1]
  .rodata             const    0x00006f9c    0x20  interpret.o [1]
  .text               ro code  0x00006fbc    0x20  cmain_call_ctors.o [7]
  .text               ro code  0x00006fdc    0x1e  startup_ewarm.o [1]
  .text               ro code  0x00006ffa     0xc  cstartup_M.o [7]
  .text               ro code  0x00007008    0x1a  fpinit_M.o [6]
  .text               ro code  0x00007024    0x16  cmain.o [7]
  .text               ro code  0x0000703a     0x4  low_level_init.o [3]
  .text               ro code  0x0000703e     0x4  exit.o [3]
  .text               ro code  0x00007044     0xe  cexit.o [7]
  .rodata             const    0x00007054    0x1c  interpret.o [1]
  .rodata             const    0x00007070    0x18  usb_serial_structs.o [1]
  .text               ro code  0x00007088    0x18  usbdhandler.o [9]
  .rodata             const    0x000070a0    0x14  tasks.o [1]
  .rodata             const    0x000070b4    0x14  usb_serial_structs.o [1]
  .rodata             const    0x000070c8    0x10  interpret.o [1]
  .rodata             const    0x000070d8    0x10  interpret.o [1]
  .rodata             const    0x000070e8    0x10  usb_dev_serial.o [1]
  .rodata             const    0x000070f8     0xc  interpret.o [1]
  .rodata             const    0x00007104     0xc  interpret.o [1]
  .rodata             const    0x00007110     0xc  interpret.o [1]
  .rodata             const    0x0000711c     0xc  interpret.o [1]
  .rodata             const    0x00007128     0xc  interpret.o [1]
  .rodata             const    0x00007134     0xc  interpret.o [1]
  .rodata             const    0x00007140     0xc  interpret.o [1]
  .rodata             const    0x0000714c     0xc  interpret.o [1]
  .rodata             const    0x00007158     0xc  interpret.o [1]
  .rodata             const    0x00007164     0xc  main.o [1]
  .rodata             const    0x00007170     0xc  usb_dev_serial.o [1]
  .rodata             const    0x0000717c     0x8  interpret.o [1]
  .rodata             const    0x00007184     0x8  interpret.o [1]
  .rodata             const    0x0000718c     0x8  interpret.o [1]
  .rodata             const    0x00007194     0x8  interpret.o [1]
  .rodata             const    0x0000719c     0x8  interpret.o [1]
  .rodata             const    0x000071a4     0x8  interpret.o [1]
  .rodata             const    0x000071ac     0x8  interpret.o [1]
  .rodata             const    0x000071b4     0x8  interpret.o [1]
  .rodata             const    0x000071bc     0x8  interpret.o [1]
  .rodata             const    0x000071c4     0x8  interpret.o [1]
  .rodata             const    0x000071cc     0x8  interpret.o [1]
  .rodata             const    0x000071d4     0x8  interpret.o [1]
  .rodata             const    0x000071dc     0x8  interpret.o [1]
  .rodata             const    0x000071e4     0x8  interpret.o [1]
  .rodata             const    0x000071ec     0x8  interpret.o [1]
  .rodata             const    0x000071f4     0x8  interpret.o [1]
  .rodata             const    0x000071fc     0x8  main.o [1]
  .rodata             const    0x00007204     0x8  main.o [1]
  .rodata             const    0x0000720c     0x8  tasks.o [1]
  .rodata             const    0x00007214     0x4  usb_serial_structs.o [1]
  SHT$$PREINIT_ARRAY           0x00007218     0x0  <Block>
  SHT$$INIT_ARRAY              0x00007218     0x4  <Block>
    .init_array       const    0x00007218     0x4  interpret.o [1]
  .text               ro code  0x0000721c     0x0  cstart_call_dtors.o [7]
  .rodata             const    0x0000721c     0x0  zero_init3.o [7]
  .rodata             const    0x0000721c     0x0  copy_init3.o [7]
  Initializer bytes   ro data  0x0000721c    0xd0  <for P2 s0>
                             - 0x000072ec  0x7080

"P2", part 1 of 3:                           0xd0
  P2 s0                        0x20000000    0xd0  <Init block>
    .data             inited   0x20000000    0x60  usb_serial_structs.o [1]
    .data             inited   0x20000060    0x20  usbdcdc.o [9]
    .data             inited   0x20000080    0x10  usbdcdc.o [9]
    .data             inited   0x20000090    0x10  usbmode.o [9]
    .data             inited   0x200000a0     0xc  usbdcdc.o [9]
    .data             inited   0x200000ac     0x8  usbdcdc.o [9]
    .data             inited   0x200000b4     0x8  XShttio.o [3]
    .data             inited   0x200000bc     0x4  heap_2.o [1]
    .data             inited   0x200000c0     0x4  interpret.o [1]
    .data             inited   0x200000c4     0x4  interpret.o [1]
    .data             inited   0x200000c8     0x4  port.o [1]
    .data             inited   0x200000cc     0x4  tasks.o [1]
                             - 0x200000d0    0xd0

"P2", part 2 of 3:                         0x4a4c
  .bss                zero     0x200000d0  0x2ee0  heap_2.o [1]
  .bss                zero     0x20002fb0  0x14c0  interpret.o [1]
  .bss                zero     0x20004470   0x110  usbdma.o [9]
  .bss                zero     0x20004580   0x108  interpret.o [1]
  .bss                zero     0x20004688   0x100  usb_serial_structs.o [1]
  .bss                zero     0x20004788   0x100  usb_serial_structs.o [1]
  .bss                zero     0x20004888    0x64  tasks.o [1]
  .bss                zero     0x200048ec    0x50  usbdenum.o [9]
  .bss                zero     0x2000493c    0x40  usbdenum.o [9]
  .bss                zero     0x2000497c    0x38  usbtick.o [9]
  .bss                zero     0x200049b4    0x20  interpret.o [1]
  .bss                zero     0x200049d4    0x20  interpret.o [1]
  .bss                zero     0x200049f4    0x18  usb_serial_structs.o [1]
  .bss                zero     0x20004a0c    0x18  usb_serial_structs.o [1]
  .bss                zero     0x20004a24    0x14  tasks.o [1]
  .bss                zero     0x20004a38    0x14  tasks.o [1]
  .bss                zero     0x20004a4c    0x14  tasks.o [1]
  .bss                zero     0x20004a60    0x14  tasks.o [1]
  .bss                zero     0x20004a74    0x14  tasks.o [1]
  .bss                zero     0x20004a88     0x8  heap_2.o [1]
  .bss                zero     0x20004a90     0x8  heap_2.o [1]
  .bss                zero     0x20004a98     0x4  heap_2.o [1]
  .bss                zero     0x20004a9c     0x4  interpret.o [1]
  .bss                zero     0x20004aa0     0x4  interpret.o [1]
  .bss                zero     0x20004aa4     0x4  interpret.o [1]
  .bss                zero     0x20004aa8     0x4  interpret.o [1]
  .bss                zero     0x20004aac     0x4  interpret.o [1]
  .bss                zero     0x20004ab0     0x4  interpret.o [1]
  .bss                zero     0x20004ab4     0x4  interpret.o [1]
  .bss                zero     0x20004ab8     0x4  port.o [1]
  .bss                zero     0x20004abc     0x4  stepper.o [1]
  .bss                zero     0x20004ac0     0x4  tasks.o [1]
  .bss                zero     0x20004ac4     0x4  tasks.o [1]
  .bss                zero     0x20004ac8     0x4  tasks.o [1]
  .bss                zero     0x20004acc     0x4  tasks.o [1]
  .bss                zero     0x20004ad0     0x4  tasks.o [1]
  .bss                zero     0x20004ad4     0x4  tasks.o [1]
  .bss                zero     0x20004ad8     0x4  tasks.o [1]
  .bss                zero     0x20004adc     0x4  tasks.o [1]
  .bss                zero     0x20004ae0     0x4  tasks.o [1]
  .bss                zero     0x20004ae4     0x4  tasks.o [1]
  .bss                zero     0x20004ae8     0x4  tasks.o [1]
  .bss                zero     0x20004aec     0x4  tasks.o [1]
  .bss                zero     0x20004af0     0x4  tasks.o [1]
  .bss                zero     0x20004af4     0x4  usb_dev_serial.o [1]
  .bss                zero     0x20004af8     0x4  usb_dev_serial.o [1]
  .bss                zero     0x20004afc     0x4  usb_dev_serial.o [1]
  .bss                zero     0x20004b00     0x4  usb_dev_serial.o [1]
  .bss                zero     0x20004b04     0x4  usbtick.o [9]
  .bss                zero     0x20004b08     0x4  cppinit.o [3]
  .bss                zero     0x20004b0c     0x4  cppinit.o [3]
  __DLIB_PERTHREAD    zero     0x20004b10     0x4  errno.o [3]
  .bss                zero     0x20004b14     0x1  interpret.o [1]
  .bss                zero     0x20004b15     0x1  interpret.o [1]
  .bss                zero     0x20004b16     0x1  interpret.o [1]
  .bss                zero     0x20004b17     0x1  port.o [1]
  .bss                zero     0x20004b18     0x1  usb_dev_serial.o [1]
  .bss                zero     0x20004b19     0x1  usb_dev_serial.o [1]
                             - 0x20004b1a  0x4a4a

"P2", part 3 of 3:                          0x5b0
  .noinit             uninit   0x20004b1c   0x400  startup_ewarm.o [1]
  .iar.dynexit                 0x20004f1c   0x1b0  <Block>
    .iar.dynexit      uninit   0x20004f1c     0xc  cppinit.o [3]
    .iar.dynexit      uninit   0x20004f28   0x1a4  <Block tail>
                             - 0x200050cc   0x5b0


*******************************************************************************
*** INIT TABLE
***

          Address     Size
          -------     ----
Zero (__iar_zero_init3)
    1 destination range, total size 0x4a4a:
          0x200000d0  0x4a4a

Copy (__iar_copy_init3)
    1 source range, total size 0xd0:
          0x0000721c    0xd0
    1 destination range, total size 0xd0:
          0x20000000    0xd0

Extra (__iar_cstart_call_ctors)



*******************************************************************************
*** MODULE SUMMARY
***

    Module                ro code  ro data  rw data
    ------                -------  -------  -------
C:\dev\docs\scottdesign\motor\Debug\Obj: [1]
    accel.o                   586
    flashio.o                 128
    heap_2.o                  332        6   12 024
    interpret.o             4 896      580    5 679
    list.o                    164
    main.o                    398       68
    parseTreeEntry.o          120
    port.o                    344        4        9
    portasm.o                 160
    startup_ewarm.o            30      620    1 024
    stepper.o               1 692                 4
    symbolTableEntry.o        108
    tasks.o                 2 014       32      256
    usb_dev_serial.o        1 388       28       18
    usb_serial_structs.o               388      656
    -----------------------------------------------
    Total:                 12 360    1 726   19 670

command line: [2]
    -----------------------------------------------
    Total:

dl7M_tln.a: [3]
    XShttio.o                   8        8        8
    abort.o                     6
    cppinit.o                 152                20
    errno.o                    12                 4
    exit.o                      4
    low_level_init.o            4
    putchar.o                  40
    sscanf.o                   36
    strstr.o                   44
    xassert.o                  76
    xreportassert.o           160
    xscanfsmall.o           1 284
    xsscin.o                   30
    xstol.o                   134
    xstoul.o                  372
    xtls.o                      2
    -----------------------------------------------
    Total:                  2 364        8       32

dlpp7M_tl_ne.a: [4]
    cxxabi.o                   80
    -----------------------------------------------
    Total:                     80

driverlib.a: [5]
    cpu.o                      16
    gpio.o                      6
    interrupt.o               532
    sysctl.o                  116
    timer.o                   102
    udma.o                    284
    usb.o                   1 014
    -----------------------------------------------
    Total:                  2 070

m7M_tlv.a: [6]
    DblDiv.o                  582
    DblMul.o                  418
    DblToFlt.o                144
    I32ToDbl.o                 44
    expf.o                     80
    fpinit_M.o                 26
    xfdnorm.o                  38
    xfdscale.o                200
    xfexp.o                   540
    -----------------------------------------------
    Total:                  2 072

rt7M_tl.a: [7]
    ABImemcpy.o               118
    ABImemset.o               102
    cexit.o                    14
    cmain.o                    22
    cmain_call_ctors.o         32
    copy_init3.o               46
    cstart_call_dtors.o
    cstartup_M.o               12
    data_init3.o               40
    memchr.o                   88
    memcmp.o                   98
    strchr.o                   22
    strcmp.o                   66
    strlen.o                   54
    zero_init3.o               34
    -----------------------------------------------
    Total:                    748

shb_l.a: [8]
    dwrite.o                   30
    exit.o                     20
    iarttio.o                 108
    iarwrite.o                 34
    iarwstd.o                  32
    write.o                    16
    -----------------------------------------------
    Total:                    240

usblib.a: [9]
    usbbuffer.o               588
    usbdcdc.o               1 872      176       68
    usbdcdesc.o               336
    usbdconfig.o              552
    usbdenum.o              2 412               144
    usbdesc.o                  84
    usbdhandler.o              24
    usbdma.o                1 144               272
    usbmode.o                  28       16       16
    usbringbuf.o              338
    usbtick.o                 108                60
    -----------------------------------------------
    Total:                  7 486      192      560

    Gaps                       30        4
    Linker created                      40      420
---------------------------------------------------
    Grand Total:           27 450    1 970   20 682


*******************************************************************************
*** ENTRY LIST
***

Entry                      Address    Size  Type      Object
-----                      -------    ----  ----      ------
.iar.dynexit$$Base      0x20004f1c           --   Gb  - Linker created -
.iar.dynexit$$Limit     0x200050cc           --   Gb  - Linker created -
?main                   0x00007025          Code  Gb  cmain.o [7]
CDCTickHandler          0x000063f1    0x7a  Code  Lc  usbdcdc.o [9]
CPUcpsid                0x00003c41     0x8  Code  Gb  cpu.o [5]
CPUcpsie                0x00003c49     0x8  Code  Gb  cpu.o [5]
CheckForSerialStateChange
                        0x000066dd    0x3a  Code  Lc  usb_dev_serial.o [1]
ControlHandler          0x000069b5    0xd8  Code  Gb  usb_dev_serial.o [1]
DMAUSBIntHandler        0x0000561d    0x30  Code  Lc  usbdma.o [9]
DMAUSBIntStatusClear    0x0000560f     0xe  Code  Lc  usbdma.o [9]
DMAUSBStatus            0x00005969     0x4  Code  Lc  usbdma.o [9]
DeviceConsumedAllData   0x00005fa5    0x18  Code  Lc  usbdcdc.o [9]
DtorRecArray            0x20004f1c     0xc  Data  Lc  cppinit.o [3]
FaultISR                0x00006ff7     0x2  Code  Lc  startup_ewarm.o [1]
GPIOPinWrite            0x00002d29     0x6  Code  Gb  gpio.o [5]
GetEPDescriptorType     0x00005c11    0x46  Code  Lc  usbdconfig.o [9]
GetEndpointFIFOSize     0x00005bf5    0x1c  Code  Lc  usbdconfig.o [9]
GetLineCoding           0x000068df    0xa4  Code  Lc  usb_dev_serial.o [1]
HandleConfigChange      0x00006205    0x2c  Code  Lc  usbdcdc.o [9]
HandleDevice            0x0000627f    0x62  Code  Lc  usbdcdc.o [9]
HandleDisconnect        0x000063ab    0x22  Code  Lc  usbdcdc.o [9]
HandleEP0Data           0x00006231    0x46  Code  Lc  usbdcdc.o [9]
HandleEndpoints         0x000061b3    0x52  Code  Lc  usbdcdc.o [9]
HandleRequests          0x000062e1    0xb8  Code  Lc  usbdcdc.o [9]
HandleResume            0x000063d9     0xc  Code  Lc  usbdcdc.o [9]
HandleRxAvailable       0x00002b69    0xb2  Code  Lc  usbbuffer.o [9]
HandleSuspend           0x000063cd     0xc  Code  Lc  usbdcdc.o [9]
IntDefaultHandler       0x00006ff9     0x2  Code  Lc  startup_ewarm.o [1]
IntDisable              0x00002e9f    0x58  Code  Gb  interrupt.o [5]
IntEnable               0x00002e47    0x58  Code  Gb  interrupt.o [5]
IntIsEnabled            0x00002ef7    0x5c  Code  Gb  interrupt.o [5]
IntMasterDisable        0x00002e15     0x6  Code  Gb  interrupt.o [5]
IntMasterEnable         0x00002e0d     0x8  Code  Gb  interrupt.o [5]
IntPrioritySet          0x00002e23    0x24  Code  Gb  interrupt.o [5]
InternalUSBRegisterTickHandler
                        0x00005a55    0x24  Code  Gb  usbtick.o [9]
InternalUSBStartOfFrameTick
                        0x00005a79    0x26  Code  Gb  usbtick.o [9]
InternalUSBTickInit     0x00005a39    0x1c  Code  Gb  usbtick.o [9]
NextConfigDescGet       0x00005aa5    0x2e  Code  Lc  usbdcdesc.o [9]
NmiSR                   0x00006ff5     0x2  Code  Lc  startup_ewarm.o [1]
ProcessDataFromHost     0x000060b7    0x5e  Code  Gb  usbdcdc.o [9]
ProcessDataToHost       0x00006159    0x52  Code  Gb  usbdcdc.o [9]
ProcessNotificationToHost
                        0x00006123    0x36  Code  Gb  usbdcdc.o [9]
ReadUARTData            0x00006717    0x64  Code  Lc  usb_dev_serial.o [1]
Region$$Table$$Base     0x00006f54           --   Gb  - Linker created -
Region$$Table$$Limit    0x00006f7c           --   Gb  - Linker created -
ResetISR                0x00006fdd    0x14  Code  Gb  startup_ewarm.o [1]
RxHandler               0x00006a9b    0x48  Code  Gb  usb_dev_serial.o [1]
SHT$$INIT_ARRAY$$Base   0x00007218           --   Gb  - Linker created -
SHT$$INIT_ARRAY$$Limit  0x0000721c           --   Gb  - Linker created -
SHT$$PREINIT_ARRAY$$Base
                        0x00007218           --   Gb  - Linker created -
SHT$$PREINIT_ARRAY$$Limit
                        0x00007218           --   Gb  - Linker created -
ScheduleNextTransmission
                        0x00002adb    0x8e  Code  Lc  usbbuffer.o [9]
SendBreak               0x00006983    0x32  Code  Lc  usb_dev_serial.o [1]
SendBreak               0x00005fbd    0x3a  Code  Lc  usbdcdc.o [9]
SendLineCodingChange    0x00005ff7    0x1e  Code  Lc  usbdcdc.o [9]
SendLineStateChange     0x00006015    0x1e  Code  Lc  usbdcdc.o [9]
SendSerialState         0x00006033    0x84  Code  Lc  usbdcdc.o [9]
SetControlLineState     0x00006833     0x2  Code  Lc  usb_dev_serial.o [1]
SetDeferredOpFlag       0x00005f8d    0x18  Code  Lc  usbdcdc.o [9]
SetLineCoding           0x00006835    0xaa  Code  Lc  usb_dev_serial.o [1]
SysCtlPeripheralEnable  0x00002d71     0x8  Code  Gb  sysctl.o [5]
SysCtlPeripheralReset   0x00002d31    0x40  Code  Gb  sysctl.o [5]
SysCtlUSBPLLEnable      0x00002d8d     0xc  Code  Gb  sysctl.o [5]
TimerConfigure          0x00002dbd    0x26  Code  Gb  timer.o [5]
TimerDisable            0x00002db1     0xc  Code  Gb  timer.o [5]
TimerEnable             0x00002da5     0xc  Code  Gb  timer.o [5]
TimerIntEnable          0x00002df9     0x4  Code  Gb  timer.o [5]
TimerLoadSet            0x00002de9    0x10  Code  Gb  timer.o [5]
TxHandler               0x00006a8d     0xe  Code  Gb  usb_dev_serial.o [1]
UARTSend                0x00001abf    0x12  Code  Gb  main.o [1]
USB0DeviceIntHandler    0x00007089    0x18  Code  Gb  usbdhandler.o [9]
USBBufferDataAvailable  0x00002c8f     0x6  Code  Gb  usbbuffer.o [9]
USBBufferEventCallback  0x00002c9b    0x8c  Code  Gb  usbbuffer.o [9]
USBBufferFlush          0x00002c63     0x6  Code  Gb  usbbuffer.o [9]
USBBufferInit           0x00002c1b    0x16  Code  Gb  usbbuffer.o [9]
USBBufferRead           0x00002c69    0x26  Code  Gb  usbbuffer.o [9]
USBBufferSpaceAvailable
                        0x00002c95     0x6  Code  Gb  usbbuffer.o [9]
USBBufferWrite          0x00002c31    0x32  Code  Gb  usbbuffer.o [9]
USBDCDCCompositeInit    0x00006481    0x8e  Code  Gb  usbdcdc.o [9]
USBDCDCInit             0x0000650f    0x42  Code  Gb  usbdcdc.o [9]
USBDCDCPacketRead       0x000065ad    0x7e  Code  Gb  usbdcdc.o [9]
USBDCDCPacketWrite      0x00006561    0x4c  Code  Gb  usbdcdc.o [9]
USBDCDCRxPacketAvailable
                        0x0000663b    0x32  Code  Gb  usbdcdc.o [9]
USBDCDCSerialStateChange
                        0x00006675    0x2e  Code  Gb  usbdcdc.o [9]
USBDCDCTxPacketAvailable
                        0x0000662b    0x10  Code  Gb  usbdcdc.o [9]
USBDCDConfigDescGet     0x00005b1b    0x54  Code  Gb  usbdcdesc.o [9]
USBDCDConfigDescGetNum  0x00005af1    0x2a  Code  Gb  usbdcdesc.o [9]
USBDCDConfigDescGetSize
                        0x00005ad3    0x1e  Code  Gb  usbdcdesc.o [9]
USBDCDConfigGetInterface
                        0x00005b6f    0x4c  Code  Gb  usbdcdesc.o [9]
USBDCDConfigGetInterfaceEndpoint
                        0x00005bc3    0x32  Code  Gb  usbdcdesc.o [9]
USBDCDDeviceInfoInit    0x0000485d    0x1a  Code  Gb  usbdenum.o [9]
USBDCDInit              0x00004877    0xb8  Code  Gb  usbdenum.o [9]
USBDCDRequestDataEP0    0x0000492f    0x10  Code  Gb  usbdenum.o [9]
USBDCDSendDataEP0       0x0000493f     0xa  Code  Gb  usbdenum.o [9]
USBDCDStallEP0          0x0000494d    0x18  Code  Gb  usbdenum.o [9]
USBDClearFeature        0x00004b5f    0x72  Code  Lc  usbdenum.o [9]
USBDEP0StateTx          0x00004f0f    0x66  Code  Lc  usbdenum.o [9]
USBDEP0StateTxConfig    0x00004f75   0x13e  Code  Lc  usbdenum.o [9]
USBDGetConfiguration    0x00004d83    0x22  Code  Lc  usbdenum.o [9]
USBDGetDescriptor       0x00004c55   0x128  Code  Lc  usbdenum.o [9]
USBDGetInterface        0x00004e3b    0x24  Code  Lc  usbdenum.o [9]
USBDGetStatus           0x00004b0f    0x50  Code  Lc  usbdenum.o [9]
USBDReadAndDispatchRequest
                        0x000049af    0x56  Code  Lc  usbdenum.o [9]
USBDSetAddress          0x00004c3b    0x1a  Code  Lc  usbdenum.o [9]
USBDSetConfiguration    0x00004db5    0x7e  Code  Lc  usbdenum.o [9]
USBDSetDescriptor       0x00004d7d     0x6  Code  Lc  usbdenum.o [9]
USBDSetFeature          0x00004bdb    0x60  Code  Lc  usbdenum.o [9]
USBDSetInterface        0x00004e77    0x88  Code  Lc  usbdenum.o [9]
USBDSyncFrame           0x00004eff     0x4  Code  Lc  usbdenum.o [9]
USBDescGet              0x00005f5f    0x2e  Code  Gb  usbdesc.o [9]
USBDescGetNum           0x00005f39    0x26  Code  Gb  usbdesc.o [9]
USBDevAddrSet           0x0000535f     0x4  Code  Gb  usb.o [5]
USBDevConnect           0x00005347     0xc  Code  Gb  usb.o [5]
USBDevDisconnect        0x00005353     0xc  Code  Gb  usb.o [5]
USBDevEndpointConfigSet
                        0x00005363    0x74  Code  Gb  usb.o [5]
USBDevEndpointDataAck   0x00005505    0x20  Code  Gb  usb.o [5]
USBDevEndpointStall     0x000052d7    0x30  Code  Gb  usb.o [5]
USBDevEndpointStallClear
                        0x00005307    0x40  Code  Gb  usb.o [5]
USBDevEndpointStatusClear
                        0x00005289    0x4e  Code  Gb  usb.o [5]
USBDevMode              0x000055a9     0x2  Code  Gb  usb.o [5]
USBDeviceConfig         0x00005c57   0x136  Code  Gb  usbdconfig.o [9]
USBDeviceConfigAlternate
                        0x00005d99    0x7e  Code  Gb  usbdconfig.o [9]
USBDeviceEnumHandler    0x00004a09    0xca  Code  Gb  usbdenum.o [9]
USBDeviceEnumResetHandler
                        0x00004ad3    0x3c  Code  Gb  usbdenum.o [9]
USBDeviceIntHandlerInternal
                        0x000050b3    0xc8  Code  Gb  usbdenum.o [9]
USBDeviceResumeTickHandler
                        0x00004965    0x4a  Code  Gb  usbdenum.o [9]
USBEndpointDMAChannel   0x0000558f    0x1a  Code  Gb  usb.o [5]
USBEndpointDMAConfigSet
                        0x00005419    0x48  Code  Gb  usb.o [5]
USBEndpointDMADisable   0x00005481    0x20  Code  Gb  usb.o [5]
USBEndpointDMAEnable    0x00005461    0x20  Code  Gb  usb.o [5]
USBEndpointDataAvail    0x000054a1    0x20  Code  Gb  usb.o [5]
USBEndpointDataGet      0x000054c1    0x44  Code  Gb  usb.o [5]
USBEndpointDataPut      0x00005525    0x30  Code  Gb  usb.o [5]
USBEndpointDataSend     0x0000555b    0x2c  Code  Gb  usb.o [5]
USBEndpointPacketCountSet
                        0x000055b1     0xe  Code  Gb  usb.o [5]
USBEndpointStatus       0x00005275     0xe  Code  Gb  usb.o [5]
USBFIFOAddrGet          0x00005587     0x8  Code  Gb  usb.o [5]
USBFIFOConfigSet        0x000053d7    0x3c  Code  Gb  usb.o [5]
USBHostResume           0x000051e3    0x14  Code  Gb  usb.o [5]
USBIndexWrite           0x000051c9    0x1a  Code  Lc  usb.o [5]
USBIntEnableControl     0x000051f7    0x26  Code  Gb  usb.o [5]
USBIntEnableEndpoint    0x0000524d    0x1a  Code  Gb  usb.o [5]
USBIntStatusControl     0x0000521d    0x30  Code  Gb  usb.o [5]
USBIntStatusEndpoint    0x00005267     0x6  Code  Gb  usb.o [5]
USBLibDMAInit           0x0000596d    0x84  Code  Gb  usbdma.o [9]
USBRingBufAdvanceRead   0x00003bb7    0x1e  Code  Gb  usbringbuf.o [9]
USBRingBufAdvanceWrite  0x00003bd5    0x36  Code  Gb  usbringbuf.o [9]
USBRingBufContigFree    0x00003b69    0x1c  Code  Gb  usbringbuf.o [9]
USBRingBufContigUsed    0x00003b57    0x12  Code  Gb  usbringbuf.o [9]
USBRingBufFlush         0x00003b1b    0x1a  Code  Gb  usbringbuf.o [9]
USBRingBufFree          0x00003b49     0xe  Code  Gb  usbringbuf.o [9]
USBRingBufInit          0x00003c35     0xc  Code  Gb  usbringbuf.o [9]
USBRingBufRead          0x00003b9b    0x1c  Code  Gb  usbringbuf.o [9]
USBRingBufReadOne       0x00003b85    0x16  Code  Gb  usbringbuf.o [9]
USBRingBufUsed          0x00003b35    0x14  Code  Gb  usbringbuf.o [9]
USBRingBufWrite         0x00003c19    0x1c  Code  Gb  usbringbuf.o [9]
USBRingBufWriteOne      0x00003c0b     0xe  Code  Gb  usbringbuf.o [9]
USBStackModeSet         0x00006c49    0x18  Code  Gb  usbmode.o [9]
USBUARTIntHandler       0x000067cf    0x64  Code  Gb  usb_dev_serial.o [1]
USBUARTPrimeTransmit    0x0000677b    0x54  Code  Lc  usb_dev_serial.o [1]
UpdateIndexAtomic       0x00003aef    0x2c  Code  Lc  usbringbuf.o [9]
_GetintSmall            0x00003309   0x230  Code  Lc  xscanfsmall.o [3]
_GetstrSmall            0x00003249    0xc0  Code  Lc  xscanfsmall.o [3]
_SScin                  0x00001eab    0x1e  Code  Gb  xsscin.o [3]
_ScanfSmall             0x0000304d   0x1f6  Code  Gb  xscanfsmall.o [3]
__aeabi_assert          0x0000236b    0x4a  Code  Gb  xassert.o [3]
__aeabi_atexit          0x0000125f     0xa  Code  Gb  cxxabi.o [4]
__aeabi_d2f             0x00004299          Code  Gb  DblToFlt.o [6]
__aeabi_ddiv            0x00004051          Code  Gb  DblDiv.o [6]
__aeabi_dmul            0x00003ead          Code  Gb  DblMul.o [6]
__aeabi_errno_addr      0x000043d9     0x6  Code  Gb  errno.o [3]
__aeabi_i2d             0x00003e81          Code  Gb  I32ToDbl.o [6]
__aeabi_memcpy          0x00002569          Code  Gb  ABImemcpy.o [7]
__aeabi_memcpy4         0x00002589          Code  Gb  ABImemcpy.o [7]
__aeabi_memcpy8         0x00002589          Code  Gb  ABImemcpy.o [7]
__aeabi_memset          0x00003a89          Code  Gb  ABImemset.o [7]
__aeabi_vec_ctor_nocookie_nodtor
                        0x0000121f    0x22  Code  Gb  cxxabi.o [4]
__aeabi_vec_dtor        0x00001241    0x1e  Code  Gb  cxxabi.o [4]
__call_ctors            0x000025e1    0x18  Code  Gb  cppinit.o [3]
__call_dtors            0x00002633     0x2  Code  Gb  cppinit.o [3]
__cexit_call_dtors      0x00007047          Code  Gb  cexit.o [7]
__cmain                 0x00007025          Code  Gb  cmain.o [7]
__cstart_call_dtors     0x0000721c          Data  Gb  cstart_call_dtors.o [7]
__cxa_atexit            0x000025f9    0x3a  Code  Gb  cppinit.o [3]
__cxa_finalize          0x00002635    0x38  Code  Gb  cppinit.o [3]
__dso_handle            0x20004b0c     0x4  Data  Gb  cppinit.o [3]
__dwrite                0x000047cd    0x1e  Code  Gb  dwrite.o [8]
__exit                  0x000043c5    0x14  Code  Gb  exit.o [8]
__iar_EmptyStepPoint    0x00002369     0x2  Code  Gb  xassert.o [3]
__iar_Errno             0x20004b10     0x4  Data  Gb  errno.o [3]
__iar_FDnorm            0x000047f5    0x26  Code  Gb  xfdnorm.o [6]
__iar_FDscale           0x00004705    0xc8  Code  Gb  xfdscale.o [6]
__iar_FExp              0x0000443d   0x1ea  Code  Gb  xfexp.o [6]
__iar_Memchr            0x000043e5          Code  Gb  memchr.o [7]
__iar_Memset            0x00003a89          Code  Gb  ABImemset.o [7]
__iar_Memset_word       0x00003a91          Code  Gb  ABImemset.o [7]
__iar_ReportAssert      0x000039cf    0x50  Code  Gb  xreportassert.o [3]
__iar_Stolx             0x00003c67    0x86  Code  Gb  xstol.o [3]
__iar_Stoul             0x00003e0b     0x4  Code  Gb  xstoul.o [3]
__iar_Stoulx            0x00003ced   0x118  Code  Gb  xstoul.o [3]
__iar_Strchr            0x00003c51          Code  Gb  strchr.o [7]
__iar_Strstr            0x00003021    0x2c  Code  Gb  strstr.o [3]
__iar_close_ttio        0x00004695    0x2e  Code  Gb  iarttio.o [8]
__iar_copy_init3        0x00001a7f    0x2e  Code  Gb  copy_init3.o [7]
__iar_cstart_call_ctors
                        0x00006fbd    0x20  Code  Gb  cmain_call_ctors.o [7]
__iar_data_init3        0x00006e9d    0x28  Code  Gb  data_init3.o [7]
__iar_dlib_perthread_access
                        0x00004701     0x2  Code  Gb  xtls.o [3]
__iar_get_ttio          0x000046c5    0x38  Code  Gb  iarttio.o [8]
__iar_init_vfp          0x00007009          Code  Gb  fpinit_M.o [6]
__iar_lookup_ttioh      0x000047ed     0x8  Code  Gb  XShttio.o [3]
__iar_program_start     0x00006ffb          Code  Gb  cstartup_M.o [7]
__iar_sh_stdout         0x0000481b    0x20  Code  Gb  iarwstd.o [8]
__iar_sh_write          0x0000483b    0x22  Code  Gb  iarwrite.o [8]
__iar_strcmp            0x00001c5d          Code  Gb  strcmp.o [7]
__iar_ttio_handles      0x200000b4     0x8  Data  Lc  XShttio.o [3]
__iar_ui2d              0x00003e95          Code  Gb  I32ToDbl.o [6]
__iar_zero_init3        0x00001c3b    0x22  Code  Gb  zero_init3.o [7]
__low_level_init        0x0000703b     0x4  Code  Gb  low_level_init.o [3]
__sti__routine          0x0000026d    0x18  Code  Lc  interpret.o [1]
__vector_table          0x00000000   0x26c  Data  Gb  startup_ewarm.o [1]
__write                 0x00004683    0x10  Code  Gb  write.o [8]
_call_main              0x00007031          Code  Gb  cmain.o [7]
_exit                   0x00007045          Code  Gb  cexit.o [7]
_main                   0x00007037          Code  Gb  cmain.o [7]
abort                   0x00003a59     0x6  Code  Gb  abort.o [3]
accel::_initUnitCurve(int)
                        0x00003645    0x7e  Code  Gb  accel.o [1]
accel::_scaleYAxisToClockTicks()
                        0x0000372f    0x3c  Code  Gb  accel.o [1]
accel::_scaleYAxisToFrequency()
                        0x000036d9    0x56  Code  Gb  accel.o [1]
accel::accel()          0x00003555    0x48  Code  Gb  accel.o [1]
accel::accelTime()      0x000037d1     0x6  Code  Gb  stepper.o [1]
accel::accelTime(unsigned int)
                        0x00003e79     0x6  Code  Gb  stepper.o [1]
accel::clockTicksToCurveIndex(unsigned int)
                        0x00003e61    0x18  Code  Gb  stepper.o [1]
accel::clockTicksToCurveIndexReverse(unsigned int)
                        0x00004379    0x18  Code  Gb  stepper.o [1]
accel::clockTicksToMicroSec(unsigned int)
                        0x00003829    0x1a  Code  Gb  stepper.o [1]
accel::curveIndexToClockTicks(unsigned int)
                        0x0000381f     0xa  Code  Gb  stepper.o [1]
accel::fmax()           0x00003849     0x6  Code  Gb  stepper.o [1]
accel::fmin()           0x00003843     0x6  Code  Gb  stepper.o [1]
accel::freqCloseToStop(unsigned int)
                        0x0000394d    0x12  Code  Gb  stepper.o [1]
accel::freqFromClockTicks(unsigned int)
                        0x00003923    0x2a  Code  Gb  stepper.o [1]
accel::freqFromTime(unsigned int)
                        0x0000384f    0x16  Code  Gb  stepper.o [1]
accel::frequency(unsigned int, unsigned int)
                        0x0000376b    0x34  Code  Gb  accel.o [1]
accel::initAccelTime(unsigned int)
                        0x000037d7    0x22  Code  Gb  stepper.o [1]
accel::microSecToCurveIndex(unsigned int)
                        0x000037f9    0x26  Code  Gb  stepper.o [1]
accel::microSecToCurveIndexReverse(unsigned int)
                        0x00004659    0x2a  Code  Gb  stepper.o [1]
accel::stepsToTime(unsigned int)
                        0x000035e7    0x5e  Code  Gb  accel.o [1]
accel::timeToSteps(unsigned int)
                        0x0000359d    0x4a  Code  Gb  accel.o [1]
accel::updateClockPeriod()
                        0x000038a1    0x30  Code  Gb  stepper.o [1]
accel::updateClockPeriodReverse()
                        0x000038ed    0x30  Code  Gb  stepper.o [1]
accel::~accel()         0x00006d3d     0x2  Code  Gb  interpret.o [1]
bufferInput             0x000004b7   0x20a  Code  Gb  interpret.o [1]
delay                   0x00001ad1    0x1c  Code  Gb  main.o [1]
digits                  0x00003e10    0x28  Data  Lc  xstoul.o [3]
enable                  0x00001aed     0xe  Code  Gb  main.o [1]
errMsg()                0x000002df    0x1a  Code  Gb  interpret.o [1]
exit                    0x0000703f     0x4  Code  Gb  exit.o [3]
expf                    0x00004329    0x4c  Code  Gb  expf.o [6]
flashLED                0x00001b1b     0x2  Code  Gb  main.o [1]
flashio::flashio()      0x00001e1d     0x2  Code  Gb  flashio.o [1]
flashio::saveData(unsigned int *, unsigned long)
                        0x00001e1f    0x78  Code  Gb  flashio.o [1]
flashio::~flashio()     0x00006d3b     0x2  Code  Gb  interpret.o [1]
g_bSendingBreak         0x20004b18     0x1  Data  Lc  usb_dev_serial.o [1]
g_bUSBConfigured        0x20004b19     0x1  Data  Lc  usb_dev_serial.o [1]
g_bUSBTimerInitialized  0x2000497c     0x1  Data  Gb  usbtick.o [9]
g_eOTGModeState         0x20000091     0x1  Data  Gb  usbmode.o [9]
g_iDualMode             0x20000092     0x1  Data  Lc  usbmode.o [9]
g_iUSBMode              0x20000090     0x1  Data  Gb  usbmode.o [9]
g_pCDCCompSerConfigDescriptors
                        0x000066a8     0x4  Data  Gb  usbdcdc.o [9]
g_pcStatus              0x20004b00     0x4  Data  Gb  usb_dev_serial.o [1]
g_pfnTickHandlers       0x20004980    0x18  Data  Gb  usbtick.o [9]
g_pfnUSBModeCallback    0x2000009c     0x4  Data  Lc  usbmode.o [9]
g_ppCDCSerConfigDescriptors
                        0x000066a4     0x4  Data  Gb  usbdcdc.o [9]
g_ppsDevInfo            0x20004934     0x4  Data  Gb  usbdenum.o [9]
g_ppui8StringDescriptors
                        0x00007070    0x18  Data  Gb  usb_serial_structs.o [1]
g_psCDCCompSerSections  0x20000080    0x10  Data  Gb  usbdcdc.o [9]
g_psCDCSerSections      0x200000a0     0xc  Data  Gb  usbdcdc.o [9]
g_psDCDInst             0x200048ec    0x48  Data  Gb  usbdenum.o [9]
g_psUSBDMAInst          0x20004470   0x110  Data  Lc  usbdma.o [9]
g_psUSBDStdRequests     0x00005194    0x34  Data  Lc  usbdenum.o [9]
g_pui32Dii16Regs        0x0000300c    0x14  Data  Lc  interrupt.o [5]
g_pui32EnRegs           0x00002ff8    0x14  Data  Lc  interrupt.o [5]
g_pui32Regs             0x00002f5c    0x9c  Data  Lc  interrupt.o [5]
g_pui8CDCSerCommInterface
                        0x00006c74    0x24  Data  Gb  usbdcdc.o [9]
g_pui8CDCSerDataInterface
                        0x00006ca0    0x18  Data  Gb  usbdcdc.o [9]
g_pui8CDCSerDescriptor  0x20000060     0xc  Data  Gb  usbdcdc.o [9]
g_pui8CDCSerDeviceDescriptor
                        0x2000006c    0x14  Data  Gb  usbdcdc.o [9]
g_pui8ConfigString      0x00006d88    0x38  Data  Gb  usb_serial_structs.o [1]
g_pui8ControlInterfaceString
                        0x00006e48    0x2c  Data  Gb  usb_serial_structs.o [1]
g_pui8DataBufferIn      0x2000493c    0x40  Data  Lc  usbdenum.o [9]
g_pui8IADSerDescriptor  0x200000ac     0x8  Data  Gb  usbdcdc.o [9]
g_pui8LangDescriptor    0x00007214     0x4  Data  Gb  usb_serial_structs.o [1]
g_pui8ManufacturerString
                        0x00006ec4    0x24  Data  Gb  usb_serial_structs.o [1]
g_pui8ProductString     0x00006ee8    0x24  Data  Gb  usb_serial_structs.o [1]
g_pui8RxBufferWorkspace
                        0x200049f4    0x18  Data  Gb  usb_serial_structs.o [1]
g_pui8SerialNumberString
                        0x000070b4    0x14  Data  Gb  usb_serial_structs.o [1]
g_pui8TxBufferWorkspace
                        0x20004a0c    0x18  Data  Gb  usb_serial_structs.o [1]
g_pui8USBRxBuffer       0x20004688   0x100  Data  Gb  usb_serial_structs.o [1]
g_pui8USBTxBuffer       0x20004788   0x100  Data  Gb  usb_serial_structs.o [1]
g_pvTickInstance        0x20004998    0x18  Data  Gb  usbtick.o [9]
g_sCDCCompSerConfigHeader
                        0x00006cc8     0x8  Data  Gb  usbdcdc.o [9]
g_sCDCDevice            0x20000000    0x60  Data  Gb  usb_serial_structs.o [1]
g_sCDCHandlers          0x000066ac    0x30  Data  Gb  usbdcdc.o [9]
g_sCDCSerCommInterfaceSection
                        0x00006c98     0x8  Data  Gb  usbdcdc.o [9]
g_sCDCSerConfigHeader   0x00006cc0     0x8  Data  Gb  usbdcdc.o [9]
g_sCDCSerConfigSection  0x00006c64     0x8  Data  Gb  usbdcdc.o [9]
g_sCDCSerDataInterfaceSection
                        0x00006cb8     0x8  Data  Gb  usbdcdc.o [9]
g_sIADSerConfigSection  0x00006c6c     0x8  Data  Gb  usbdcdc.o [9]
g_sRxBuffer             0x00006f0c    0x24  Data  Gb  usb_serial_structs.o [1]
g_sTxBuffer             0x00006f30    0x24  Data  Gb  usb_serial_structs.o [1]
g_ui32CurrentUSBTick    0x200049b0     0x4  Data  Gb  usbtick.o [9]
g_ui32Flags             0x20004afc     0x4  Data  Gb  usb_dev_serial.o [1]
g_ui32PollRate          0x20000094     0x4  Data  Gb  usbmode.o [9]
g_ui32UARTRxCount       0x20004af8     0x4  Data  Gb  usb_dev_serial.o [1]
g_ui32UARTTxCount       0x20004af4     0x4  Data  Gb  usb_dev_serial.o [1]
g_ui32USBSOFCount       0x20004b04     0x4  Data  Gb  usbtick.o [9]
g_ui32WaitTicks         0x20000098     0x4  Data  Gb  usbmode.o [9]
heapSTRUCT_SIZE         0x00002432     0x2  Data  Lc  heap_2.o [1]
intToNodeType(int)      0x00000455    0x62  Code  Gb  interpret.o [1]
interpret::_cleanUpEvaluationStack(unsigned int)
                        0x00000b9b    0x34  Code  Gb  interpret.o [1]
interpret::_cleanUpSymbolTable()
                        0x00000bcf    0x28  Code  Gb  interpret.o [1]
interpret::_currentProgramNodeLevel() const
                        0x000024c5    0x16  Code  Gb  interpret.o [1]
interpret::_currentProgramNodeType() const
                        0x000023b9    0x16  Code  Gb  interpret.o [1]
interpret::_currentProgramNodeValue() const
                        0x000023cf    0x16  Code  Gb  interpret.o [1]
interpret::_evalValue()
                        0x00002435    0x3c  Code  Gb  interpret.o [1]
interpret::_evalValue()::string
                        0x00006f7c    0x20  Data  Gb  interpret.o [1]
interpret::_evalValue()::string (instance 2)
                        0x00006df0    0x2c  Data  Gb  interpret.o [1]
interpret::_evalValuePeek() const
                        0x000024db     0xe  Code  Gb  interpret.o [1]
interpret::_findFirstAvailableNodeInSymbolTable()
                        0x000010ff    0x7e  Code  Gb  interpret.o [1]
interpret::_findFirstParseTreeEntry(parseTreeEntry const &, unsigned int)
                        0x00000bf7    0x74  Code  Gb  interpret.o [1]
interpret::_getLastSymbolTableIndex()
                        0x00002511    0x16  Code  Gb  interpret.o [1]
interpret::_programNodeType(unsigned int) const
                        0x0000252b    0x14  Code  Gb  interpret.o [1]
interpret::_pushTemporarySymbolOnEvaluationStack(unsigned int)
                        0x0000107d    0x82  Code  Gb  interpret.o [1]
interpret::_resetSymbolTableTemporaryBoundary()
                        0x000024bb     0xa  Code  Gb  interpret.o [1]
interpret::_returnSymbolToAvailablePool(unsigned int)
                        0x00002471    0x26  Code  Gb  interpret.o [1]
interpret::_updateProgramIndex(nodeType, int)
                        0x00000b3d    0x5e  Code  Gb  interpret.o [1]
interpret::appendToProgram(parseTreeEntry const &)
                        0x00000727    0x2e  Code  Gb  interpret.o [1]
interpret::appendToSymbolTable(symbolTableEntry const &)
                        0x00000755    0x2e  Code  Gb  interpret.o [1]
interpret::evaluateOperator(unsigned int)
                        0x00000d19   0x348  Code  Gb  interpret.o [1]
interpret::getLowWaterMarkForTemporarySymbolSearch() const
                        0x00002563     0x6  Code  Gb  interpret.o [1]
interpret::getStepper()
                        0x0000126f     0x6  Code  Gb  interpret.o [1]
interpret::interpret()  0x000006c1    0x66  Code  Gb  interpret.o [1]
interpret::run()        0x00000783   0x3ba  Code  Gb  interpret.o [1]
interpret::saveProgram()
                        0x000011f1    0x2e  Code  Gb  interpret.o [1]
interpret::setLowWaterMarkForTemporarySymbolSearch()
                        0x00001e11     0xc  Code  Gb  interpret.o [1]
interpret::symbolFromIndex(int)
                        0x00002547    0x1c  Code  Gb  interpret.o [1]
interpret::symbolTableIndexMorph(int)
                        0x00000c6b    0x70  Code  Gb  interpret.o [1]
interpret::~interpret()
                        0x00006cd1    0x4c  Code  Gb  interpret.o [1]
interpretRun            0x00000285    0x40  Code  Gb  interpret.o [1]
interpreter             0x20002fb0  0x14c0  Data  Gb  interpret.o [1]
interpreterRunBool      0x20004b15     0x1  Data  Lc  interpret.o [1]
led::Off()              0x0000398d    0x1c  Code  Gb  interpret.o [1]
led::On()               0x00003971    0x1c  Code  Gb  interpret.o [1]
led::_enable            0x20004b14     0x1  Data  Gb  interpret.o [1]
led::enable()           0x00004391     0xc  Code  Gb  interpret.o [1]
led::enable(bool)       0x00001275     0xc  Code  Gb  interpret.o [1]
led::led(bool)          0x00002335    0x1e  Code  Gb  interpret.o [1]
led::set(unsigned int)  0x000024a1    0x1a  Code  Gb  interpret.o [1]
led::~led()             0x00006d1d     0xe  Code  Gb  interpret.o [1]
localAssert             0x00001aad    0x12  Code  Gb  main.o [1]
main                    0x00006ae3   0x106  Code  Gb  usb_dev_serial.o [1]
mainA                   0x00001b63    0x1a  Code  Gb  main.o [1]
memchr                  0x000043e5          Code  Gb  memchr.o [7]
memcmp                  0x00002915          Code  Gb  memcmp.o [7]
memset                  0x00002ac5    0x16  Code  Gb  tasks.o [1]
motorStep               0x00001afb    0x20  Code  Gb  main.o [1]
ndigs                   0x00003e38    0x28  Data  Lc  xstoul.o [3]
next_abi_dtor_rec       0x20004b08     0x4  Data  Lc  cppinit.o [3]
out                     0x000039b9    0x16  Code  Lc  xreportassert.o [3]
parseTreeEntry::level() const
                        0x0000253f     0x4  Code  Gb  parseTreeEntry.o [1]
parseTreeEntry::level(unsigned int)
                        0x00001d9d     0x4  Code  Gb  parseTreeEntry.o [1]
parseTreeEntry::operator =(const parseTreeEntry&)
                        0x00001d53    0x4a  Code  Gb  parseTreeEntry.o [1]
parseTreeEntry::parseTreeEntry()
                        0x00001d45     0x6  Code  Gb  parseTreeEntry.o [1]
parseTreeEntry::parseTreeEntry(nodeType, int, unsigned int)
                        0x00001d4b     0x8  Code  Gb  parseTreeEntry.o [1]
parseTreeEntry::position() const
                        0x00003551     0x4  Code  Gb  parseTreeEntry.o [1]
parseTreeEntry::position(nodePosition)
                        0x00001da1     0x4  Code  Gb  parseTreeEntry.o [1]
parseTreeEntry::type() const
                        0x000023b5     0x4  Code  Gb  parseTreeEntry.o [1]
parseTreeEntry::type(nodeType)
                        0x00001da9     0x4  Code  Gb  parseTreeEntry.o [1]
parseTreeEntry::value() const
                        0x00002543     0x4  Code  Gb  parseTreeEntry.o [1]
parseTreeEntry::value(int)
                        0x00001da5     0x4  Code  Gb  parseTreeEntry.o [1]
parseTreeEntry::~parseTreeEntry()
                        0x00001dad     0x2  Code  Gb  interpret.o [1]
postMsg(bool)           0x000002f9    0x16  Code  Gb  interpret.o [1]
prvAddCurrentTaskToDelayedList
                        0x00001929    0x3e  Code  Lc  tasks.o [1]
prvAllocateTCBAndStack  0x00001975    0x46  Code  Lc  tasks.o [1]
prvCheckTasksWaitingTermination
                        0x000018c1    0x5c  Code  Lc  tasks.o [1]
prvDeleteTCB            0x000019f3    0x12  Code  Lc  tasks.o [1]
prvHeapInit             0x00002a7f    0x2e  Code  Lc  heap_2.o [1]
prvIdleTask             0x0000180d     0x8  Code  Lc  tasks.o [1]
prvInitialiseTCBVariables
                        0x00001815    0x60  Code  Lc  tasks.o [1]
prvInitialiseTaskLists  0x00001875    0x46  Code  Lc  tasks.o [1]
prvTaskCheckFreeStackSpace
                        0x000019bb    0x18  Code  Lc  tasks.o [1]
pui32Stack              0x20004b1c   0x400  Data  Lc  startup_ewarm.o [1]
putchar                 0x0000439d    0x28  Code  Gb  putchar.o [3]
pvPortMalloc            0x00002979    0xc2  Code  Gb  heap_2.o [1]
pxCurrentTCB            0x20004ac0     0x4  Data  Gb  tasks.o [1]
pxDelayedTaskList       0x20004ac4     0x4  Data  Lc  tasks.o [1]
pxOverflowDelayedTaskList
                        0x20004ac8     0x4  Data  Lc  tasks.o [1]
pxPortInitialiseStack   0x00002679    0x22  Code  Gb  port.o [1]
pxReadyTasksLists       0x20004888    0x64  Data  Lc  tasks.o [1]
sp                      0x20004abc     0x4  Data  Gb  stepper.o [1]
sscanf                  0x00001d21    0x24  Code  Gb  sscanf.o [3]
stepper::_timer()       0x0000391d     0x6  Code  Gb  stepper.o [1]
stepper::_timer(unsigned long)
                        0x000038d1    0x1c  Code  Gb  stepper.o [1]
stepper::_timerStart(bool)
                        0x000022c1    0x4e  Code  Gb  stepper.o [1]
stepper::directionPositive(bool)
                        0x000037a1    0x30  Code  Gb  stepper.o [1]
stepper::enable()       0x0000395f    0x12  Code  Gb  stepper.o [1]
stepper::isr()          0x000020c1   0x200  Code  Gb  stepper.o [1]
stepper::moveAbsolute(int)
                        0x00001f57   0x156  Code  Gb  stepper.o [1]
stepper::moveRelative(int)
                        0x000020ad    0x14  Code  Gb  stepper.o [1]
stepper::step()         0x00003865    0x3c  Code  Gb  stepper.o [1]
stepper::stepper()      0x00001ef1    0x26  Code  Gb  stepper.o [1]
stepper::~stepper()     0x00006d2b     0xe  Code  Gb  interpret.o [1]
stepperISR              0x00001ec9    0x28  Code  Gb  stepper.o [1]
stepper_init            0x00001f17    0x40  Code  Gb  stepper.o [1]
stmtNestingLevel        0x20004aa0     0x4  Data  Lc  interpret.o [1]
stmtPosition            0x200049b4    0x20  Data  Lc  interpret.o [1]
stmtType                0x200049d4    0x20  Data  Lc  interpret.o [1]
stmtValue               0x20004aa4     0x4  Data  Lc  interpret.o [1]
strchr                  0x00003c51          Code  Gb  strchr.o [7]
strcmp                  0x00001c5d          Code  Gb  strcmp.o [7]
stringToNodePosition(char const *)
                        0x0000030f    0x2c  Code  Gb  interpret.o [1]
stringToNodeType(char const *)
                        0x0000033b   0x114  Code  Gb  interpret.o [1]
strlen                  0x00001a49          Code  Gb  strlen.o [7]
strstr(char const *, char const *)
                        0x00001d11    0x10  Code  Gb  interpret.o [1]
successMsg()            0x000002c5    0x1a  Code  Gb  interpret.o [1]
symbFcnLink             0x20004ab0     0x4  Data  Lc  interpret.o [1]
symbType                0x20004aa8     0x4  Data  Lc  interpret.o [1]
symbValue               0x20004aac     0x4  Data  Lc  interpret.o [1]
symbolTableEntry::dumpEntry()
                        0x00001e01     0x2  Code  Gb  symbolTableEntry.o [1]
symbolTableEntry::fcnLink() const
                        0x0000249d     0x4  Code  Gb  symbolTableEntry.o [1]
symbolTableEntry::fcnLink(int)
                        0x00001e0b     0x4  Code  Gb  symbolTableEntry.o [1]
symbolTableEntry::operator =(const symbolTableEntry&)
                        0x00001dc7    0x3a  Code  Gb  symbolTableEntry.o [1]
symbolTableEntry::symbolTableEntry()
                        0x00001daf     0xe  Code  Gb  symbolTableEntry.o [1]
symbolTableEntry::symbolTableEntry(nodeType, int)
                        0x00001dbd     0xa  Code  Gb  symbolTableEntry.o [1]
symbolTableEntry::type() const
                        0x00002527     0x4  Code  Gb  symbolTableEntry.o [1]
symbolTableEntry::type(nodeType)
                        0x00001e03     0x4  Code  Gb  symbolTableEntry.o [1]
symbolTableEntry::value() const
                        0x0000241f     0x4  Code  Gb  symbolTableEntry.o [1]
symbolTableEntry::value(int)
                        0x00001e07     0x4  Code  Gb  symbolTableEntry.o [1]
symbolTableEntry::~symbolTableEntry()
                        0x00001e0f     0x2  Code  Gb  interpret.o [1]
tinyQueue<int>::empty() const
                        0x00002353    0x16  Code  Gb  interpret.o [1]
tinyQueue<int>::front() const
                        0x00002429     0xa  Code  Gb  interpret.o [1]
tinyQueue<int>::peekAtIndex(unsigned int) const
                        0x00002419     0x6  Code  Gb  interpret.o [1]
tinyQueue<int>::pop_front()
                        0x000024e9    0x28  Code  Gb  interpret.o [1]
tinyQueue<int>::push_front(int)
                        0x000023e5    0x34  Code  Gb  interpret.o [1]
tinyQueue<int>::size() const
                        0x000039a9    0x10  Code  Gb  interpret.o [1]
tinyQueue<int>::spaceAvail() const
                        0x00003a5f    0x2a  Code  Gb  interpret.o [1]
tinyQueue<int>::stackFrameIndex() const
                        0x00002497     0x6  Code  Gb  interpret.o [1]
tinyQueue<int>::stackFrameIndex(unsigned int)
                        0x00002423     0x6  Code  Gb  interpret.o [1]
tinyQueue<int>::tinyQueue()
                        0x00001e9d     0xe  Code  Gb  interpret.o [1]
tinyQueue<int>::~tinyQueue()
                        0x00006d39     0x2  Code  Gb  interpret.o [1]
tinyQueue<unsigned char>::clear()
                        0x00001d03     0xc  Code  Gb  interpret.o [1]
tinyQueue<unsigned char>::getBuffer()
                        0x00001d0f     0x2  Code  Gb  interpret.o [1]
tinyQueue<unsigned char>::push(unsigned char)
                        0x00001ca9    0x30  Code  Gb  interpret.o [1]
tinyQueue<unsigned char>::spaceAvail() const
                        0x00001cd9    0x2a  Code  Gb  interpret.o [1]
tinyQueue<unsigned char>::tinyQueue(int)
                        0x00001c9f     0xa  Code  Gb  interpret.o [1]
tinyQueue<unsigned char>::~tinyQueue()
                        0x000025df     0x2  Code  Gb  interpret.o [1]
uDMAChannelAttributeDisable
                        0x00005e3d    0x26  Code  Gb  udma.o [5]
uDMAChannelControlSet   0x00005e63    0x18  Code  Gb  udma.o [5]
uDMAChannelDisable      0x00005e2d    0x10  Code  Gb  udma.o [5]
uDMAChannelEnable       0x00005e1d    0x10  Code  Gb  udma.o [5]
uDMAChannelModeGet      0x00005ef9    0x28  Code  Gb  udma.o [5]
uDMAChannelTransferSet  0x00005e7b    0x7e  Code  Gb  udma.o [5]
uDMAUSBArbSizeSet       0x00005901    0x60  Code  Lc  usbdma.o [9]
uDMAUSBChannelAllocate  0x000057b7    0xa6  Code  Lc  usbdma.o [9]
uDMAUSBChannelDisable   0x0000569f    0x46  Code  Lc  usbdma.o [9]
uDMAUSBChannelEnable    0x0000564d    0x52  Code  Lc  usbdma.o [9]
uDMAUSBChannelIntDisable
                        0x000056f3     0x2  Code  Lc  usbdma.o [9]
uDMAUSBChannelIntEnable
                        0x000056f1     0x2  Code  Lc  usbdma.o [9]
uDMAUSBChannelRelease   0x0000585d    0x5a  Code  Lc  usbdma.o [9]
uDMAUSBChannelStatus    0x000055c1    0x24  Code  Lc  usbdma.o [9]
uDMAUSBIntStatus        0x000055e5    0x2a  Code  Lc  usbdma.o [9]
uDMAUSBTransfer         0x000056f5    0xa6  Code  Lc  usbdma.o [9]
uDMAUSBUnitSizeSet      0x000058b7    0x4a  Code  Lc  usbdma.o [9]
ucHeap                  0x200000d0  0x2ee0  Data  Lc  heap_2.o [1]
ucMaxSysCallPriority    0x20004b17     0x1  Data  Lc  port.o [1]
ulMaxPRIGROUPValue      0x20004ab8     0x4  Data  Lc  port.o [1]
ulPortSetInterruptMask  0x000028bf          Code  Gb  portasm.o [1]
uxCriticalNesting       0x200000c8     0x4  Data  Lc  port.o [1]
uxCurrentNumberOfTasks  0x20004ad0     0x4  Data  Lc  tasks.o [1]
uxListRemove            0x0000284b    0x2a  Code  Gb  list.o [1]
uxPendedTicks           0x20004ae4     0x4  Data  Lc  tasks.o [1]
uxSchedulerSuspended    0x20004ae0     0x4  Data  Lc  tasks.o [1]
uxTaskGetStackHighWaterMark
                        0x000019d3    0x20  Code  Gb  tasks.o [1]
uxTaskNumber            0x20004af0     0x4  Data  Lc  tasks.o [1]
uxTasksDeleted          0x20004acc     0x4  Data  Lc  tasks.o [1]
uxTopReadyPriority      0x20004ad8     0x4  Data  Lc  tasks.o [1]
vApplicationStackOverflowHook
                        0x00001c39     0x2  Code  Gb  main.o [1]
vApplicationTickHook    0x00001c37     0x2  Code  Gb  main.o [1]
vIdleTask               0x00001ba1    0x28  Code  Lc  main.o [1]
vInterpretTask          0x00001c1d    0x1a  Code  Lc  main.o [1]
vListInitialise         0x000027d1    0x1e  Code  Gb  list.o [1]
vListInitialiseItem     0x000027ef     0x6  Code  Gb  list.o [1]
vListInsert             0x0000280f    0x3c  Code  Gb  list.o [1]
vListInsertEnd          0x000027f5    0x1a  Code  Gb  list.o [1]
vPortClearInterruptMask
                        0x000028cd          Code  Gb  portasm.o [1]
vPortEnableVFP          0x000028f9          Code  Gb  portasm.o [1]
vPortEnterCritical      0x00002745    0x1a  Code  Gb  port.o [1]
vPortExitCritical       0x0000275f    0x1c  Code  Gb  port.o [1]
vPortFree               0x00002a3b    0x44  Code  Gb  heap_2.o [1]
vPortSVCHandler         0x000028d3          Code  Gb  portasm.o [1]
vPortSetupTimerInterrupt
                        0x0000279b    0x10  Code  Wk  port.o [1]
vPortStartFirstTask     0x000028eb          Code  Gb  portasm.o [1]
vPortYield              0x00002733    0x12  Code  Gb  port.o [1]
vSetupHighFrequencyTimer
                        0x00001b1d    0x46  Code  Gb  main.o [1]
vStartIdleTask          0x00001b7d    0x22  Code  Gb  main.o [1]
vStartInterpretTask     0x00001bc9    0x24  Code  Gb  main.o [1]
vTaskDelay              0x00001449    0x3c  Code  Gb  tasks.o [1]
vTaskDelayUntil         0x000013c9    0x80  Code  Gb  tasks.o [1]
vTaskStartScheduler     0x00001485    0x4c  Code  Gb  tasks.o [1]
vTaskSuspendAll         0x000014d1    0x10  Code  Gb  tasks.o [1]
vTaskSwitchContext      0x00001745    0xc6  Code  Gb  tasks.o [1]
xDelayedTaskList1       0x20004a24    0x14  Data  Lc  tasks.o [1]
xDelayedTaskList2       0x20004a38    0x14  Data  Lc  tasks.o [1]
xEnd                    0x20004a90     0x8  Data  Lc  heap_2.o [1]
xFreeBytesRemaining     0x200000bc     0x4  Data  Lc  heap_2.o [1]
xNextTaskUnblockTime    0x200000cc     0x4  Data  Lc  tasks.o [1]
xNumOfOverflows         0x20004aec     0x4  Data  Lc  tasks.o [1]
xPendingReadyList       0x20004a4c    0x14  Data  Lc  tasks.o [1]
xPortPendSVHandler      0x00002875          Code  Gb  portasm.o [1]
xPortStartScheduler     0x0000269b    0x98  Code  Gb  port.o [1]
xPortSysTickHandler     0x0000277b    0x20  Code  Gb  port.o [1]
xSchedulerRunning       0x20004adc     0x4  Data  Lc  tasks.o [1]
xStart                  0x20004a88     0x8  Data  Lc  heap_2.o [1]
xSuspendedTaskList      0x20004a74    0x14  Data  Lc  tasks.o [1]
xTaskGenericCreate      0x00001281   0x148  Code  Gb  tasks.o [1]
xTaskGetTickCount       0x000015cf    0x16  Code  Gb  tasks.o [1]
xTaskIncrementTick      0x000015e5   0x160  Code  Gb  tasks.o [1]
xTaskResumeAll          0x000014e1    0xee  Code  Gb  tasks.o [1]
xTaskWakeTime           0x20004a9c     0x4  Data  Lc  interpret.o [1]
xTasksWaitingTermination
                        0x20004a60    0x14  Data  Lc  tasks.o [1]
xTickCount              0x20004ad4     0x4  Data  Lc  tasks.o [1]
xYieldPending           0x20004ae8     0x4  Data  Lc  tasks.o [1]


[1] = C:\dev\docs\scottdesign\motor\Debug\Obj
[2] = command line
[3] = dl7M_tln.a
[4] = dlpp7M_tl_ne.a
[5] = driverlib.a
[6] = m7M_tlv.a
[7] = rt7M_tl.a
[8] = shb_l.a
[9] = usblib.a

  27 450 bytes of readonly  code memory
   1 970 bytes of readonly  data memory
  20 682 bytes of readwrite data memory

Errors: none
Warnings: none
