###############################################################################
#                                                                             #
# IAR ELF Linker V6.40.1.53790/W32 for ARM              28/Sep/2013  11:57:18 #
# Copyright 2007-2012 IAR Systems AB.                                         #
#                                                                             #
#    Output file  =  C:\dev\docs\scottdesign\motor\Debug\Exe\motorTiva.out    #
#    Map file     =  C:\dev\docs\scottdesign\motor\Debug\List\motorTiva.map   #
#    Command line =  C:\dev\docs\scottdesign\motor\Debug\Obj\accel.o          #
#                    C:\dev\docs\scottdesign\motor\Debug\Obj\flashio.o        #
#                    C:\dev\docs\scottdesign\motor\Debug\Obj\heap_2.o         #
#                    C:\dev\docs\scottdesign\motor\Debug\Obj\interpret.o      #
#                    C:\dev\docs\scottdesign\motor\Debug\Obj\list.o           #
#                    C:\dev\docs\scottdesign\motor\Debug\Obj\main.o           #
#                    C:\dev\docs\scottdesign\motor\Debug\Obj\parseTreeEntry.o #
#                     C:\dev\docs\scottdesign\motor\Debug\Obj\port.o          #
#                    C:\dev\docs\scottdesign\motor\Debug\Obj\portasm.o        #
#                    C:\dev\docs\scottdesign\motor\Debug\Obj\queue.o          #
#                    C:\dev\docs\scottdesign\motor\Debug\Obj\startup_ewarm.o  #
#                    C:\dev\docs\scottdesign\motor\Debug\Obj\stepper.o        #
#                    C:\dev\docs\scottdesign\motor\Debug\Obj\symbolTableEntry #
#                    .o C:\dev\docs\scottdesign\motor\Debug\Obj\tasks.o       #
#                    C:\dev\docs\scottdesign\motor\Debug\Obj\uartstdio.o      #
#                    C:\dev\docs\scottdesign\motor\Debug\Obj\usb_dev_serial.o #
#                     C:\dev\docs\scottdesign\motor\Debug\Obj\usb_serial_stru #
#                    cts.o C:\dev\docs\scottdesign\motor\Debug\Obj\ustdlib.o  #
#                    C:\ti\TivaWare_C_Series-1.0\driverlib\ewarm\Exe\driverli #
#                    b.a C:\ti\TivaWare_C_Series-1.0\usblib\ewarm\Exe\usblib. #
#                    a --redirect _Printf=_PrintfTiny --redirect              #
#                    _Scanf=_ScanfSmall -o C:\dev\docs\scottdesign\motor\Debu #
#                    g\Exe\motorTiva.out --map C:\dev\docs\scottdesign\motor\ #
#                    Debug\List\motorTiva.map --config                        #
#                    C:\dev\docs\scottdesign\motor\motorTiva.icf              #
#                    --semihosting --entry __iar_program_start --vfe          #
#                                                                             #
#                                                                             #
###############################################################################

*******************************************************************************
*** RUNTIME MODEL ATTRIBUTES
***

CppFlavor                     = *
__CPP_Language                = EC++
__Heap_Handler                = Basic
__SystemLibrary               = DLib
__dlib_dynamic_initialization = normal


*******************************************************************************
*** PLACEMENT SUMMARY
***

"A1":  place at start of [0x00000000-0x0000ffff] { ro section .intvec };
"P1":  place in [from 0x00000000 to 0x0000ffff] { ro };
"P2":  place in [from 0x20000000 to 0x20005fff] { rw, block HEAP };

  Section             Kind        Address    Size  Object
  -------             ----        -------    ----  ------
"A1":                                       0x26c
  .intvec             const    0x00000000   0x26c  startup_ewarm.o [1]
                             - 0x0000026c   0x26c

"P1":                                      0x4ce4
  .text               ro code  0x0000026c   0x96c  usbdenum.o [9]
  .text               ro code  0x00000bd8    0x74  sysctl.o [5]
  .text               ro code  0x00000c4c   0x3f6  usb.o [5]
  .text               ro code  0x00001042    0x2e  copy_init3.o [7]
  .text               ro code  0x00001070   0x478  usbdma.o [9]
  .text               ro code  0x000014e8    0x6c  usbtick.o [9]
  .text               ro code  0x00001554   0x214  interrupt.o [5]
  .text               ro code  0x00001768   0x150  usbdcdesc.o [9]
  .text               ro code  0x000018b8   0x228  usbdconfig.o [9]
  .text               ro code  0x00001ae0    0x76  ABImemcpy.o [7]
  .text               ro code  0x00001b56    0x22  zero_init3.o [7]
  .text               ro code  0x00001b78   0x11c  udma.o [5]
  .text               ro code  0x00001c94    0x10  cpu.o [5]
  .text               ro code  0x00001ca4    0x54  usbdesc.o [9]
  .text               ro code  0x00001cf8   0x750  usbdcdc.o [9]
  .text               ro code  0x00002448   0x6a4  tasks.o [1]
  .text               ro code  0x00002aec    0xf0  port.o [1]
  .text               ro code  0x00002bdc    0xa4  list.o [1]
  CODE                ro code  0x00002c80    0xa0  portasm.o [1]
  .text               ro code  0x00002d20   0x160  main.o [1]
  .text               ro code  0x00002e80    0x62  memcmp.o [7]
  .text               ro code  0x00002ee2     0xe  symbolTableEntry.o [1]
  .text               ro code  0x00002ef0   0x14c  heap_2.o [1]
  .text               ro code  0x0000303c    0x16  tasks.o [1]
  .text               ro code  0x00003052     0x6  parseTreeEntry.o [1]
  .text               ro code  0x00003058     0x6  gpio.o [5]
  .rodata             const    0x0000305e     0x2  heap_2.o [1]
  .text               ro code  0x00003060    0x66  timer.o [5]
  .text               ro code  0x000030c6     0x2  interpret.o [1]
  .text               ro code  0x000030c8    0x10  uart.o [5]
  .text               ro code  0x000030d8    0x66  ABImemset.o [7]
  .text               ro code  0x0000313e     0x2  interpret.o [1]
  .text               ro code  0x00003140   0x5e8  usb_dev_serial.o [1]
  .text               ro code  0x00003728   0x24c  usbbuffer.o [9]
  .text               ro code  0x00003974    0x1c  usbmode.o [9]
  .text               ro code  0x00003990   0x152  usbringbuf.o [9]
  .text               ro code  0x00003ae4   0x2a8  stepper.o [1]
  .text               ro code  0x00003d8c   0x1a2  accel.o [1]
  .text               ro code  0x00003f30    0x3c  stepper.o [1]
  .text               ro code  0x00003f6c    0x30  stepper.o [1]
  .text               ro code  0x00003f9c    0x1c  stepper.o [1]
  .text               ro code  0x00003fb8     0x6  stepper.o [1]
  .text               ro code  0x00003fbe    0x22  stepper.o [1]
  .text               ro code  0x00003fe0    0x30  stepper.o [1]
  .text               ro code  0x00004010     0x6  stepper.o [1]
  .text               ro code  0x00004016    0x2a  stepper.o [1]
  .text               ro code  0x00004040    0x12  stepper.o [1]
  .text               ro code  0x00004052    0x12  stepper.o [1]
  .text               ro code  0x00004064    0x2c  I32ToDbl.o [6]
  .text               ro code  0x00004090   0x1a2  DblMul.o [6]
  .text               ro code  0x00004234   0x246  DblDiv.o [6]
  .text               ro code  0x0000447c    0x90  DblToFlt.o [6]
  .text               ro code  0x0000450c    0x50  expf.o [6]
  .text               ro code  0x0000455c    0x18  stepper.o [1]
  .text               ro code  0x00004574     0xa  stepper.o [1]
  .text               ro code  0x0000457e     0x6  stepper.o [1]
  .text               ro code  0x00004584    0x18  stepper.o [1]
  .text               ro code  0x0000459c    0x1a  stepper.o [1]
  .text               ro code  0x000045b8   0x21c  xfexp.o [6]
  .text               ro code  0x000047d4    0x26  stepper.o [1]
  .text               ro code  0x000047fa    0x2a  stepper.o [1]
  .text               ro code  0x00004824     0xc  errno.o [3]
  .text               ro code  0x00004830    0xc8  xfdscale.o [6]
  .text               ro code  0x000048f8     0x2  xtls.o [3]
  .text               ro code  0x000048fa    0x26  xfdnorm.o [6]
  .text               ro code  0x00004920    0x98  cppinit.o [3]
  .text               ro code  0x000049b8    0x8c  interpret.o [1]
  .text               ro code  0x00004a44    0x50  cxxabi.o [4]
  .text               ro code  0x00004a94     0xe  interpret.o [1]
  .text               ro code  0x00004aa2    0x1e  interpret.o [1]
  .text               ro code  0x00004ac0    0x1c  interpret.o [1]
  .text               ro code  0x00004adc    0x1c  interpret.o [1]
  .text               ro code  0x00004af8     0xc  interpret.o [1]
  .rodata             const    0x00004b04    0x6c  usbdcdc.o [9]
  .text               ro code  0x00004b70    0x44  interpret.o [1]
  .text               ro code  0x00004bb4     0xe  interpret.o [1]
  .text               ro code  0x00004bc2     0xe  interpret.o [1]
  .text               ro code  0x00004bd0     0x2  interpret.o [1]
  .text               ro code  0x00004bd2     0x2  interpret.o [1]
  .rodata             const    0x00004bd4    0x38  usb_serial_structs.o [1]
  .text               ro code  0x00004c0c    0x30  iarttio.o [8]
  .text               ro code  0x00004c3c     0x8  XShttio.o [3]
  .rodata             const    0x00004c44    0x2c  usb_serial_structs.o [1]
  .text               ro code  0x00004c70    0x28  data_init3.o [7]
  .rodata             const    0x00004c98    0x24  usb_serial_structs.o [1]
  .rodata             const    0x00004cbc    0x24  usb_serial_structs.o [1]
  .rodata             const    0x00004ce0    0x24  usb_serial_structs.o [1]
  .rodata             const    0x00004d04    0x24  usb_serial_structs.o [1]
  .iar.init_table     const    0x00004d28    0x28  - Linker created -
  .text               ro code  0x00004d50    0x20  cmain_call_ctors.o [7]
  .text               ro code  0x00004d70    0x1e  startup_ewarm.o [1]
  .text               ro code  0x00004d8e     0xc  cstartup_M.o [7]
  .text               ro code  0x00004d9c    0x1a  fpinit_M.o [6]
  .text               ro code  0x00004db8    0x16  cmain.o [7]
  .text               ro code  0x00004dce     0x4  low_level_init.o [3]
  .text               ro code  0x00004dd2     0x4  exit.o [3]
  .text               ro code  0x00004dd8     0xe  cexit.o [7]
  .text               ro code  0x00004de8    0x14  exit.o [8]
  .rodata             const    0x00004dfc    0x18  usb_serial_structs.o [1]
  .text               ro code  0x00004e14    0x18  usbdhandler.o [9]
  .rodata             const    0x00004e2c    0x14  tasks.o [1]
  .rodata             const    0x00004e40    0x14  usb_serial_structs.o [1]
  .rodata             const    0x00004e54    0x10  usb_dev_serial.o [1]
  .rodata             const    0x00004e64     0xc  usb_dev_serial.o [1]
  .rodata             const    0x00004e70     0x8  main.o [1]
  .rodata             const    0x00004e78     0x8  tasks.o [1]
  .rodata             const    0x00004e80     0x4  usb_serial_structs.o [1]
  SHT$$PREINIT_ARRAY           0x00004e84     0x0  <Block>
  SHT$$INIT_ARRAY              0x00004e84     0x4  <Block>
    .init_array       const    0x00004e84     0x4  interpret.o [1]
  .text               ro code  0x00004e88     0x0  cstart_call_dtors.o [7]
  .rodata             const    0x00004e88     0x0  zero_init3.o [7]
  .rodata             const    0x00004e88     0x0  copy_init3.o [7]
  Initializer bytes   ro data  0x00004e88    0xc8  <for P2 s0>
                             - 0x00004f50  0x4ce4

"P2", part 1 of 3:                           0xc8
  P2 s0                        0x20000000    0xc8  <Init block>
    .data             inited   0x20000000    0x60  usb_serial_structs.o [1]
    .data             inited   0x20000060    0x20  usbdcdc.o [9]
    .data             inited   0x20000080    0x10  usbdcdc.o [9]
    .data             inited   0x20000090    0x10  usbmode.o [9]
    .data             inited   0x200000a0     0xc  usbdcdc.o [9]
    .data             inited   0x200000ac     0x8  usbdcdc.o [9]
    .data             inited   0x200000b4     0x8  XShttio.o [3]
    .data             inited   0x200000bc     0x4  heap_2.o [1]
    .data             inited   0x200000c0     0x4  port.o [1]
    .data             inited   0x200000c4     0x4  tasks.o [1]
                             - 0x200000c8    0xc8

"P2", part 2 of 3:                         0x50b0
  .bss                zero     0x200000c8  0x36b0  heap_2.o [1]
  .bss                zero     0x20003778  0x14c0  interpret.o [1]
  .bss                zero     0x20004c38   0x110  usbdma.o [9]
  .bss                zero     0x20004d48   0x100  usb_serial_structs.o [1]
  .bss                zero     0x20004e48   0x100  usb_serial_structs.o [1]
  .bss                zero     0x20004f48    0x64  tasks.o [1]
  .bss                zero     0x20004fac    0x50  usbdenum.o [9]
  .bss                zero     0x20004ffc    0x40  usbdenum.o [9]
  .bss                zero     0x2000503c    0x38  usbtick.o [9]
  .bss                zero     0x20005074    0x18  usb_serial_structs.o [1]
  .bss                zero     0x2000508c    0x18  usb_serial_structs.o [1]
  .bss                zero     0x200050a4    0x14  tasks.o [1]
  .bss                zero     0x200050b8    0x14  tasks.o [1]
  .bss                zero     0x200050cc    0x14  tasks.o [1]
  .bss                zero     0x200050e0    0x14  tasks.o [1]
  .bss                zero     0x200050f4    0x14  tasks.o [1]
  .bss                zero     0x20005108     0x8  heap_2.o [1]
  .bss                zero     0x20005110     0x8  heap_2.o [1]
  .bss                zero     0x20005118     0x4  heap_2.o [1]
  .bss                zero     0x2000511c     0x4  stepper.o [1]
  .bss                zero     0x20005120     0x4  tasks.o [1]
  .bss                zero     0x20005124     0x4  tasks.o [1]
  .bss                zero     0x20005128     0x4  tasks.o [1]
  .bss                zero     0x2000512c     0x4  tasks.o [1]
  .bss                zero     0x20005130     0x4  tasks.o [1]
  .bss                zero     0x20005134     0x4  tasks.o [1]
  .bss                zero     0x20005138     0x4  tasks.o [1]
  .bss                zero     0x2000513c     0x4  tasks.o [1]
  .bss                zero     0x20005140     0x4  tasks.o [1]
  .bss                zero     0x20005144     0x4  tasks.o [1]
  .bss                zero     0x20005148     0x4  tasks.o [1]
  .bss                zero     0x2000514c     0x4  tasks.o [1]
  .bss                zero     0x20005150     0x4  tasks.o [1]
  .bss                zero     0x20005154     0x4  usb_dev_serial.o [1]
  .bss                zero     0x20005158     0x4  usb_dev_serial.o [1]
  .bss                zero     0x2000515c     0x4  usb_dev_serial.o [1]
  .bss                zero     0x20005160     0x4  usb_dev_serial.o [1]
  .bss                zero     0x20005164     0x4  usbtick.o [9]
  .bss                zero     0x20005168     0x4  cppinit.o [3]
  .bss                zero     0x2000516c     0x4  cppinit.o [3]
  __DLIB_PERTHREAD    zero     0x20005170     0x4  errno.o [3]
  .bss                zero     0x20005174     0x1  interpret.o [1]
  .bss                zero     0x20005175     0x1  usb_dev_serial.o [1]
  .bss                zero     0x20005176     0x1  usb_dev_serial.o [1]
                             - 0x20005177  0x50af

"P2", part 3 of 3:                          0x58c
  .noinit             uninit   0x20005178   0x400  startup_ewarm.o [1]
  .iar.dynexit                 0x20005578   0x18c  <Block>
    .iar.dynexit      uninit   0x20005578     0xc  cppinit.o [3]
    .iar.dynexit      uninit   0x20005584   0x180  <Block tail>
                             - 0x20005704   0x58c


*******************************************************************************
*** INIT TABLE
***

          Address     Size
          -------     ----
Zero (__iar_zero_init3)
    1 destination range, total size 0x50af:
          0x200000c8  0x50af

Copy (__iar_copy_init3)
    1 source range, total size 0xc8:
          0x00004e88    0xc8
    1 destination range, total size 0xc8:
          0x20000000    0xc8

Extra (__iar_cstart_call_ctors)



*******************************************************************************
*** MODULE SUMMARY
***

    Module                ro code  ro data  rw data
    ------                -------  -------  -------
C:\dev\docs\scottdesign\motor\Debug\Obj: [1]
    accel.o                   418
    heap_2.o                  332        6   14 024
    interpret.o               356        4    5 313
    list.o                    164
    main.o                    352        8
    parseTreeEntry.o            6
    port.o                    240        4        4
    portasm.o                 160
    startup_ewarm.o            30      620    1 024
    stepper.o               1 158                 4
    symbolTableEntry.o         14
    tasks.o                 1 722       32      256
    usb_dev_serial.o        1 512       28       18
    usb_serial_structs.o               388      656
    -----------------------------------------------
    Total:                  6 464    1 090   21 299

command line: [2]
    -----------------------------------------------
    Total:

dl7M_tln.a: [3]
    XShttio.o                   8        8        8
    cppinit.o                 152                20
    errno.o                    12                 4
    exit.o                      4
    low_level_init.o            4
    xtls.o                      2
    -----------------------------------------------
    Total:                    182        8       32

dlpp7M_tl_ne.a: [4]
    cxxabi.o                   80
    -----------------------------------------------
    Total:                     80

driverlib.a: [5]
    cpu.o                      16
    gpio.o                      6
    interrupt.o               532
    sysctl.o                  116
    timer.o                   102
    uart.o                     16
    udma.o                    284
    usb.o                   1 014
    -----------------------------------------------
    Total:                  2 086

m7M_tlv.a: [6]
    DblDiv.o                  582
    DblMul.o                  418
    DblToFlt.o                144
    I32ToDbl.o                 44
    expf.o                     80
    fpinit_M.o                 26
    xfdnorm.o                  38
    xfdscale.o                200
    xfexp.o                   540
    -----------------------------------------------
    Total:                  2 072

rt7M_tl.a: [7]
    ABImemcpy.o               118
    ABImemset.o               102
    cexit.o                    14
    cmain.o                    22
    cmain_call_ctors.o         32
    copy_init3.o               46
    cstart_call_dtors.o
    cstartup_M.o               12
    data_init3.o               40
    memcmp.o                   98
    zero_init3.o               34
    -----------------------------------------------
    Total:                    518

shb_l.a: [8]
    exit.o                     20
    iarttio.o                  48
    -----------------------------------------------
    Total:                     68

usblib.a: [9]
    usbbuffer.o               588
    usbdcdc.o               1 872      176       68
    usbdcdesc.o               336
    usbdconfig.o              552
    usbdenum.o              2 412               144
    usbdesc.o                  84
    usbdhandler.o              24
    usbdma.o                1 144               272
    usbmode.o                  28       16       16
    usbringbuf.o              338
    usbtick.o                 108                60
    -----------------------------------------------
    Total:                  7 486      192      560

    Gaps                       18
    Linker created                      40      384
---------------------------------------------------
    Grand Total:           18 974    1 330   22 275


*******************************************************************************
*** ENTRY LIST
***

Entry                      Address    Size  Type      Object
-----                      -------    ----  ----      ------
.iar.dynexit$$Base      0x20005578           --   Gb  - Linker created -
.iar.dynexit$$Limit     0x20005704           --   Gb  - Linker created -
?main                   0x00004db9          Code  Gb  cmain.o [7]
CDCTickHandler          0x0000215d    0x7a  Code  Lc  usbdcdc.o [9]
CPUcpsid                0x00001c95     0x8  Code  Gb  cpu.o [5]
CPUcpsie                0x00001c9d     0x8  Code  Gb  cpu.o [5]
CheckForSerialStateChange
                        0x00003141    0x3a  Code  Lc  usb_dev_serial.o [1]
ControlHandler          0x00003425    0xd8  Code  Gb  usb_dev_serial.o [1]
DMAUSBIntHandler        0x000010cd    0x30  Code  Lc  usbdma.o [9]
DMAUSBIntStatusClear    0x000010bf     0xe  Code  Lc  usbdma.o [9]
DMAUSBStatus            0x00001419     0x4  Code  Lc  usbdma.o [9]
DeviceConsumedAllData   0x00001d11    0x18  Code  Lc  usbdcdc.o [9]
DtorRecArray            0x20005578     0xc  Data  Lc  cppinit.o [3]
FaultISR                0x00004d8b     0x2  Code  Lc  startup_ewarm.o [1]
GPIOPinWrite            0x00003059     0x6  Code  Gb  gpio.o [5]
GetEPDescriptorType     0x000018d5    0x46  Code  Lc  usbdconfig.o [9]
GetEndpointFIFOSize     0x000018b9    0x1c  Code  Lc  usbdconfig.o [9]
GetLineCoding           0x0000334b    0xa8  Code  Lc  usb_dev_serial.o [1]
HandleConfigChange      0x00001f71    0x2c  Code  Lc  usbdcdc.o [9]
HandleDevice            0x00001feb    0x62  Code  Lc  usbdcdc.o [9]
HandleDisconnect        0x00002117    0x22  Code  Lc  usbdcdc.o [9]
HandleEP0Data           0x00001f9d    0x46  Code  Lc  usbdcdc.o [9]
HandleEndpoints         0x00001f1f    0x52  Code  Lc  usbdcdc.o [9]
HandleRequests          0x0000204d    0xb8  Code  Lc  usbdcdc.o [9]
HandleResume            0x00002145     0xc  Code  Lc  usbdcdc.o [9]
HandleRxAvailable       0x000037b7    0xb2  Code  Lc  usbbuffer.o [9]
HandleSuspend           0x00002139     0xc  Code  Lc  usbdcdc.o [9]
IntDefaultHandler       0x00004d8d     0x2  Code  Lc  startup_ewarm.o [1]
IntDisable              0x000015e7    0x58  Code  Gb  interrupt.o [5]
IntEnable               0x0000158f    0x58  Code  Gb  interrupt.o [5]
IntIsEnabled            0x0000163f    0x5c  Code  Gb  interrupt.o [5]
IntMasterDisable        0x0000155d     0x6  Code  Gb  interrupt.o [5]
IntMasterEnable         0x00001555     0x8  Code  Gb  interrupt.o [5]
IntPrioritySet          0x0000156b    0x24  Code  Gb  interrupt.o [5]
InternalUSBRegisterTickHandler
                        0x00001505    0x24  Code  Gb  usbtick.o [9]
InternalUSBStartOfFrameTick
                        0x00001529    0x26  Code  Gb  usbtick.o [9]
InternalUSBTickInit     0x000014e9    0x1c  Code  Gb  usbtick.o [9]
LEDOff                  0x00002d6b     0xe  Code  Gb  main.o [1]
LEDOn                   0x00002d5d     0xe  Code  Gb  main.o [1]
NextConfigDescGet       0x00001769    0x2e  Code  Lc  usbdcdesc.o [9]
NmiSR                   0x00004d89     0x2  Code  Lc  startup_ewarm.o [1]
ProcessDataFromHost     0x00001e23    0x5e  Code  Gb  usbdcdc.o [9]
ProcessDataToHost       0x00001ec5    0x52  Code  Gb  usbdcdc.o [9]
ProcessNotificationToHost
                        0x00001e8f    0x36  Code  Gb  usbdcdc.o [9]
ReadUARTData            0x0000317b    0x6c  Code  Lc  usb_dev_serial.o [1]
Region$$Table$$Base     0x00004d28           --   Gb  - Linker created -
Region$$Table$$Limit    0x00004d50           --   Gb  - Linker created -
ResetISR                0x00004d71    0x14  Code  Gb  startup_ewarm.o [1]
RxHandler               0x0000350b    0x48  Code  Gb  usb_dev_serial.o [1]
SHT$$INIT_ARRAY$$Base   0x00004e84           --   Gb  - Linker created -
SHT$$INIT_ARRAY$$Limit  0x00004e88           --   Gb  - Linker created -
SHT$$PREINIT_ARRAY$$Base
                        0x00004e84           --   Gb  - Linker created -
SHT$$PREINIT_ARRAY$$Limit
                        0x00004e84           --   Gb  - Linker created -
ScheduleNextTransmission
                        0x00003729    0x8e  Code  Lc  usbbuffer.o [9]
SendBreak               0x000033f3    0x32  Code  Lc  usb_dev_serial.o [1]
SendBreak               0x00001d29    0x3a  Code  Lc  usbdcdc.o [9]
SendLineCodingChange    0x00001d63    0x1e  Code  Lc  usbdcdc.o [9]
SendLineStateChange     0x00001d81    0x1e  Code  Lc  usbdcdc.o [9]
SendSerialState         0x00001d9f    0x84  Code  Lc  usbdcdc.o [9]
SetControlLineState     0x0000329f     0x2  Code  Lc  usb_dev_serial.o [1]
SetDeferredOpFlag       0x00001cf9    0x18  Code  Lc  usbdcdc.o [9]
SetLineCoding           0x000032a1    0xaa  Code  Lc  usb_dev_serial.o [1]
SysCtlPeripheralEnable  0x00000c19     0x8  Code  Gb  sysctl.o [5]
SysCtlPeripheralReset   0x00000bd9    0x40  Code  Gb  sysctl.o [5]
SysCtlUSBPLLEnable      0x00000c35     0xc  Code  Gb  sysctl.o [5]
TimerConfigure          0x00003079    0x26  Code  Gb  timer.o [5]
TimerDisable            0x0000306d     0xc  Code  Gb  timer.o [5]
TimerEnable             0x00003061     0xc  Code  Gb  timer.o [5]
TimerIntEnable          0x000030b5     0x4  Code  Gb  timer.o [5]
TimerLoadSet            0x000030a5    0x10  Code  Gb  timer.o [5]
TxHandler               0x000034fd     0xe  Code  Gb  usb_dev_serial.o [1]
UARTCharsAvail          0x000030c9     0x6  Code  Gb  uart.o [5]
UARTSend                0x00002d21    0x20  Code  Gb  main.o [1]
USB0DeviceIntHandler    0x00004e15    0x18  Code  Gb  usbdhandler.o [9]
USBBufferDataAvailable  0x000038dd     0x6  Code  Gb  usbbuffer.o [9]
USBBufferEventCallback  0x000038e9    0x8c  Code  Gb  usbbuffer.o [9]
USBBufferFlush          0x000038b1     0x6  Code  Gb  usbbuffer.o [9]
USBBufferInit           0x00003869    0x16  Code  Gb  usbbuffer.o [9]
USBBufferRead           0x000038b7    0x26  Code  Gb  usbbuffer.o [9]
USBBufferSpaceAvailable
                        0x000038e3     0x6  Code  Gb  usbbuffer.o [9]
USBBufferWrite          0x0000387f    0x32  Code  Gb  usbbuffer.o [9]
USBDCDCCompositeInit    0x000021ed    0x8e  Code  Gb  usbdcdc.o [9]
USBDCDCInit             0x0000227b    0x42  Code  Gb  usbdcdc.o [9]
USBDCDCPacketRead       0x00002319    0x7e  Code  Gb  usbdcdc.o [9]
USBDCDCPacketWrite      0x000022cd    0x4c  Code  Gb  usbdcdc.o [9]
USBDCDCRxPacketAvailable
                        0x000023a7    0x32  Code  Gb  usbdcdc.o [9]
USBDCDCSerialStateChange
                        0x000023e1    0x2e  Code  Gb  usbdcdc.o [9]
USBDCDCTxPacketAvailable
                        0x00002397    0x10  Code  Gb  usbdcdc.o [9]
USBDCDConfigDescGet     0x000017df    0x54  Code  Gb  usbdcdesc.o [9]
USBDCDConfigDescGetNum  0x000017b5    0x2a  Code  Gb  usbdcdesc.o [9]
USBDCDConfigDescGetSize
                        0x00001797    0x1e  Code  Gb  usbdcdesc.o [9]
USBDCDConfigGetInterface
                        0x00001833    0x4c  Code  Gb  usbdcdesc.o [9]
USBDCDConfigGetInterfaceEndpoint
                        0x00001887    0x32  Code  Gb  usbdcdesc.o [9]
USBDCDDeviceInfoInit    0x0000026d    0x1a  Code  Gb  usbdenum.o [9]
USBDCDInit              0x00000287    0xb8  Code  Gb  usbdenum.o [9]
USBDCDRequestDataEP0    0x0000033f    0x10  Code  Gb  usbdenum.o [9]
USBDCDSendDataEP0       0x0000034f     0xa  Code  Gb  usbdenum.o [9]
USBDCDStallEP0          0x0000035d    0x18  Code  Gb  usbdenum.o [9]
USBDClearFeature        0x0000056f    0x72  Code  Lc  usbdenum.o [9]
USBDEP0StateTx          0x0000091f    0x66  Code  Lc  usbdenum.o [9]
USBDEP0StateTxConfig    0x00000985   0x13e  Code  Lc  usbdenum.o [9]
USBDGetConfiguration    0x00000793    0x22  Code  Lc  usbdenum.o [9]
USBDGetDescriptor       0x00000665   0x128  Code  Lc  usbdenum.o [9]
USBDGetInterface        0x0000084b    0x24  Code  Lc  usbdenum.o [9]
USBDGetStatus           0x0000051f    0x50  Code  Lc  usbdenum.o [9]
USBDReadAndDispatchRequest
                        0x000003bf    0x56  Code  Lc  usbdenum.o [9]
USBDSetAddress          0x0000064b    0x1a  Code  Lc  usbdenum.o [9]
USBDSetConfiguration    0x000007c5    0x7e  Code  Lc  usbdenum.o [9]
USBDSetDescriptor       0x0000078d     0x6  Code  Lc  usbdenum.o [9]
USBDSetFeature          0x000005eb    0x60  Code  Lc  usbdenum.o [9]
USBDSetInterface        0x00000887    0x88  Code  Lc  usbdenum.o [9]
USBDSyncFrame           0x0000090f     0x4  Code  Lc  usbdenum.o [9]
USBDescGet              0x00001ccb    0x2e  Code  Gb  usbdesc.o [9]
USBDescGetNum           0x00001ca5    0x26  Code  Gb  usbdesc.o [9]
USBDevAddrSet           0x00000de3     0x4  Code  Gb  usb.o [5]
USBDevConnect           0x00000dcb     0xc  Code  Gb  usb.o [5]
USBDevDisconnect        0x00000dd7     0xc  Code  Gb  usb.o [5]
USBDevEndpointConfigSet
                        0x00000de7    0x74  Code  Gb  usb.o [5]
USBDevEndpointDataAck   0x00000f89    0x20  Code  Gb  usb.o [5]
USBDevEndpointStall     0x00000d5b    0x30  Code  Gb  usb.o [5]
USBDevEndpointStallClear
                        0x00000d8b    0x40  Code  Gb  usb.o [5]
USBDevEndpointStatusClear
                        0x00000d0d    0x4e  Code  Gb  usb.o [5]
USBDevMode              0x0000102d     0x2  Code  Gb  usb.o [5]
USBDeviceConfig         0x0000191b   0x136  Code  Gb  usbdconfig.o [9]
USBDeviceConfigAlternate
                        0x00001a5d    0x7e  Code  Gb  usbdconfig.o [9]
USBDeviceEnumHandler    0x00000419    0xca  Code  Gb  usbdenum.o [9]
USBDeviceEnumResetHandler
                        0x000004e3    0x3c  Code  Gb  usbdenum.o [9]
USBDeviceIntHandlerInternal
                        0x00000ac3    0xc8  Code  Gb  usbdenum.o [9]
USBDeviceResumeTickHandler
                        0x00000375    0x4a  Code  Gb  usbdenum.o [9]
USBEndpointDMAChannel   0x00001013    0x1a  Code  Gb  usb.o [5]
USBEndpointDMAConfigSet
                        0x00000e9d    0x48  Code  Gb  usb.o [5]
USBEndpointDMADisable   0x00000f05    0x20  Code  Gb  usb.o [5]
USBEndpointDMAEnable    0x00000ee5    0x20  Code  Gb  usb.o [5]
USBEndpointDataAvail    0x00000f25    0x20  Code  Gb  usb.o [5]
USBEndpointDataGet      0x00000f45    0x44  Code  Gb  usb.o [5]
USBEndpointDataPut      0x00000fa9    0x30  Code  Gb  usb.o [5]
USBEndpointDataSend     0x00000fdf    0x2c  Code  Gb  usb.o [5]
USBEndpointPacketCountSet
                        0x00001035     0xe  Code  Gb  usb.o [5]
USBEndpointStatus       0x00000cf9     0xe  Code  Gb  usb.o [5]
USBFIFOAddrGet          0x0000100b     0x8  Code  Gb  usb.o [5]
USBFIFOConfigSet        0x00000e5b    0x3c  Code  Gb  usb.o [5]
USBHostResume           0x00000c67    0x14  Code  Gb  usb.o [5]
USBIndexWrite           0x00000c4d    0x1a  Code  Lc  usb.o [5]
USBIntEnableControl     0x00000c7b    0x26  Code  Gb  usb.o [5]
USBIntEnableEndpoint    0x00000cd1    0x1a  Code  Gb  usb.o [5]
USBIntStatusControl     0x00000ca1    0x30  Code  Gb  usb.o [5]
USBIntStatusEndpoint    0x00000ceb     0x6  Code  Gb  usb.o [5]
USBLibDMAInit           0x0000141d    0x84  Code  Gb  usbdma.o [9]
USBRingBufAdvanceRead   0x00003a59    0x1e  Code  Gb  usbringbuf.o [9]
USBRingBufAdvanceWrite  0x00003a77    0x36  Code  Gb  usbringbuf.o [9]
USBRingBufContigFree    0x00003a0b    0x1c  Code  Gb  usbringbuf.o [9]
USBRingBufContigUsed    0x000039f9    0x12  Code  Gb  usbringbuf.o [9]
USBRingBufFlush         0x000039bd    0x1a  Code  Gb  usbringbuf.o [9]
USBRingBufFree          0x000039eb     0xe  Code  Gb  usbringbuf.o [9]
USBRingBufInit          0x00003ad7     0xc  Code  Gb  usbringbuf.o [9]
USBRingBufRead          0x00003a3d    0x1c  Code  Gb  usbringbuf.o [9]
USBRingBufReadOne       0x00003a27    0x16  Code  Gb  usbringbuf.o [9]
USBRingBufUsed          0x000039d7    0x14  Code  Gb  usbringbuf.o [9]
USBRingBufWrite         0x00003abb    0x1c  Code  Gb  usbringbuf.o [9]
USBRingBufWriteOne      0x00003aad     0xe  Code  Gb  usbringbuf.o [9]
USBStackModeSet         0x00003975    0x18  Code  Gb  usbmode.o [9]
USBUARTIntHandler       0x0000323b    0x64  Code  Gb  usb_dev_serial.o [1]
USBUARTPrimeTransmit    0x000031e7    0x54  Code  Lc  usb_dev_serial.o [1]
UpdateIndexAtomic       0x00003991    0x2c  Code  Lc  usbringbuf.o [9]
__aeabi_atexit          0x00004a85     0xa  Code  Gb  cxxabi.o [4]
__aeabi_d2f             0x0000447d          Code  Gb  DblToFlt.o [6]
__aeabi_ddiv            0x00004235          Code  Gb  DblDiv.o [6]
__aeabi_dmul            0x00004091          Code  Gb  DblMul.o [6]
__aeabi_errno_addr      0x00004825     0x6  Code  Gb  errno.o [3]
__aeabi_i2d             0x00004065          Code  Gb  I32ToDbl.o [6]
__aeabi_memcpy          0x00001ae1          Code  Gb  ABImemcpy.o [7]
__aeabi_memcpy4         0x00001b01          Code  Gb  ABImemcpy.o [7]
__aeabi_memcpy8         0x00001b01          Code  Gb  ABImemcpy.o [7]
__aeabi_memset          0x000030d9          Code  Gb  ABImemset.o [7]
__aeabi_vec_ctor_nocookie_nodtor
                        0x00004a45    0x22  Code  Gb  cxxabi.o [4]
__aeabi_vec_dtor        0x00004a67    0x1e  Code  Gb  cxxabi.o [4]
__call_ctors            0x00004921    0x18  Code  Gb  cppinit.o [3]
__call_dtors            0x00004973     0x2  Code  Gb  cppinit.o [3]
__cexit_call_dtors      0x00004ddb          Code  Gb  cexit.o [7]
__cmain                 0x00004db9          Code  Gb  cmain.o [7]
__cstart_call_dtors     0x00004e88          Data  Gb  cstart_call_dtors.o [7]
__cxa_atexit            0x00004939    0x3a  Code  Gb  cppinit.o [3]
__cxa_finalize          0x00004975    0x38  Code  Gb  cppinit.o [3]
__dso_handle            0x2000516c     0x4  Data  Gb  cppinit.o [3]
__exit                  0x00004de9    0x14  Code  Gb  exit.o [8]
__iar_Errno             0x20005170     0x4  Data  Gb  errno.o [3]
__iar_FDnorm            0x000048fb    0x26  Code  Gb  xfdnorm.o [6]
__iar_FDscale           0x00004831    0xc8  Code  Gb  xfdscale.o [6]
__iar_FExp              0x000045b9   0x1ea  Code  Gb  xfexp.o [6]
__iar_Memset            0x000030d9          Code  Gb  ABImemset.o [7]
__iar_Memset_word       0x000030e1          Code  Gb  ABImemset.o [7]
__iar_close_ttio        0x00004c0d    0x2e  Code  Gb  iarttio.o [8]
__iar_copy_init3        0x00001043    0x2e  Code  Gb  copy_init3.o [7]
__iar_cstart_call_ctors
                        0x00004d51    0x20  Code  Gb  cmain_call_ctors.o [7]
__iar_data_init3        0x00004c71    0x28  Code  Gb  data_init3.o [7]
__iar_dlib_perthread_access
                        0x000048f9     0x2  Code  Gb  xtls.o [3]
__iar_init_vfp          0x00004d9d          Code  Gb  fpinit_M.o [6]
__iar_lookup_ttioh      0x00004c3d     0x8  Code  Gb  XShttio.o [3]
__iar_program_start     0x00004d8f          Code  Gb  cstartup_M.o [7]
__iar_ttio_handles      0x200000b4     0x8  Data  Lc  XShttio.o [3]
__iar_ui2d              0x00004079          Code  Gb  I32ToDbl.o [6]
__iar_zero_init3        0x00001b57    0x22  Code  Gb  zero_init3.o [7]
__low_level_init        0x00004dcf     0x4  Code  Gb  low_level_init.o [3]
__sti__routine          0x000049b9    0x18  Code  Lc  interpret.o [1]
__vector_table          0x00000000   0x26c  Data  Gb  startup_ewarm.o [1]
_call_main              0x00004dc5          Code  Gb  cmain.o [7]
_exit                   0x00004dd9          Code  Gb  cexit.o [7]
_main                   0x00004dcb          Code  Gb  cmain.o [7]
accel::_initUnitCurve(int)
                        0x00003dd7    0x7e  Code  Gb  accel.o [1]
accel::_scaleYAxisToClockTicks()
                        0x00003ebf    0x3c  Code  Gb  accel.o [1]
accel::_scaleYAxisToFrequency()
                        0x00003e69    0x56  Code  Gb  accel.o [1]
accel::accel()          0x00003d8d    0x4a  Code  Gb  accel.o [1]
accel::accelTime()      0x00003fb9     0x6  Code  Gb  stepper.o [1]
accel::accelTime(unsigned int)
                        0x0000457f     0x6  Code  Gb  stepper.o [1]
accel::clockTicksToCurveIndex(unsigned int)
                        0x0000455d    0x18  Code  Gb  stepper.o [1]
accel::clockTicksToCurveIndexReverse(unsigned int)
                        0x00004585    0x18  Code  Gb  stepper.o [1]
accel::clockTicksToMicroSec(unsigned int)
                        0x0000459d    0x1a  Code  Gb  stepper.o [1]
accel::curveIndexToClockTicks(unsigned int)
                        0x00004575     0xa  Code  Gb  stepper.o [1]
accel::freqCloseToStop(unsigned int)
                        0x00004041    0x12  Code  Gb  stepper.o [1]
accel::freqFromClockTicks(unsigned int)
                        0x00004017    0x2a  Code  Gb  stepper.o [1]
accel::frequency(unsigned int, unsigned int)
                        0x00003efb    0x34  Code  Gb  accel.o [1]
accel::initAccelTime(unsigned int)
                        0x00003fbf    0x22  Code  Gb  stepper.o [1]
accel::microSecToCurveIndex(unsigned int)
                        0x000047d5    0x26  Code  Gb  stepper.o [1]
accel::microSecToCurveIndexReverse(unsigned int)
                        0x000047fb    0x2a  Code  Gb  stepper.o [1]
accel::updateClockPeriod()
                        0x00003f6d    0x30  Code  Gb  stepper.o [1]
accel::updateClockPeriodReverse()
                        0x00003fe1    0x30  Code  Gb  stepper.o [1]
accel::~accel()         0x00004bd3     0x2  Code  Gb  interpret.o [1]
delay                   0x00002d41    0x1c  Code  Gb  main.o [1]
exit                    0x00004dd3     0x4  Code  Gb  exit.o [3]
expf                    0x0000450d    0x4c  Code  Gb  expf.o [6]
flashLED                0x00002d79    0x14  Code  Gb  main.o [1]
g_bSendingBreak         0x20005175     0x1  Data  Lc  usb_dev_serial.o [1]
g_bUSBConfigured        0x20005176     0x1  Data  Lc  usb_dev_serial.o [1]
g_bUSBTimerInitialized  0x2000503c     0x1  Data  Gb  usbtick.o [9]
g_eOTGModeState         0x20000091     0x1  Data  Gb  usbmode.o [9]
g_iDualMode             0x20000092     0x1  Data  Lc  usbmode.o [9]
g_iUSBMode              0x20000090     0x1  Data  Gb  usbmode.o [9]
g_pCDCCompSerConfigDescriptors
                        0x00002414     0x4  Data  Gb  usbdcdc.o [9]
g_pcStatus              0x20005160     0x4  Data  Gb  usb_dev_serial.o [1]
g_pfnTickHandlers       0x20005040    0x18  Data  Gb  usbtick.o [9]
g_pfnUSBModeCallback    0x2000009c     0x4  Data  Lc  usbmode.o [9]
g_ppCDCSerConfigDescriptors
                        0x00002410     0x4  Data  Gb  usbdcdc.o [9]
g_ppsDevInfo            0x20004ff4     0x4  Data  Gb  usbdenum.o [9]
g_ppui8StringDescriptors
                        0x00004dfc    0x18  Data  Gb  usb_serial_structs.o [1]
g_psCDCCompSerSections  0x20000080    0x10  Data  Gb  usbdcdc.o [9]
g_psCDCSerSections      0x200000a0     0xc  Data  Gb  usbdcdc.o [9]
g_psDCDInst             0x20004fac    0x48  Data  Gb  usbdenum.o [9]
g_psUSBDMAInst          0x20004c38   0x110  Data  Lc  usbdma.o [9]
g_psUSBDStdRequests     0x00000ba4    0x34  Data  Lc  usbdenum.o [9]
g_pui32Dii16Regs        0x00001754    0x14  Data  Lc  interrupt.o [5]
g_pui32EnRegs           0x00001740    0x14  Data  Lc  interrupt.o [5]
g_pui32Regs             0x000016a4    0x9c  Data  Lc  interrupt.o [5]
g_pui8CDCSerCommInterface
                        0x00004b14    0x24  Data  Gb  usbdcdc.o [9]
g_pui8CDCSerDataInterface
                        0x00004b40    0x18  Data  Gb  usbdcdc.o [9]
g_pui8CDCSerDescriptor  0x20000060     0xc  Data  Gb  usbdcdc.o [9]
g_pui8CDCSerDeviceDescriptor
                        0x2000006c    0x14  Data  Gb  usbdcdc.o [9]
g_pui8ConfigString      0x00004bd4    0x38  Data  Gb  usb_serial_structs.o [1]
g_pui8ControlInterfaceString
                        0x00004c44    0x2c  Data  Gb  usb_serial_structs.o [1]
g_pui8DataBufferIn      0x20004ffc    0x40  Data  Lc  usbdenum.o [9]
g_pui8IADSerDescriptor  0x200000ac     0x8  Data  Gb  usbdcdc.o [9]
g_pui8LangDescriptor    0x00004e80     0x4  Data  Gb  usb_serial_structs.o [1]
g_pui8ManufacturerString
                        0x00004c98    0x24  Data  Gb  usb_serial_structs.o [1]
g_pui8ProductString     0x00004cbc    0x24  Data  Gb  usb_serial_structs.o [1]
g_pui8RxBufferWorkspace
                        0x20005074    0x18  Data  Gb  usb_serial_structs.o [1]
g_pui8SerialNumberString
                        0x00004e40    0x14  Data  Gb  usb_serial_structs.o [1]
g_pui8TxBufferWorkspace
                        0x2000508c    0x18  Data  Gb  usb_serial_structs.o [1]
g_pui8USBRxBuffer       0x20004d48   0x100  Data  Gb  usb_serial_structs.o [1]
g_pui8USBTxBuffer       0x20004e48   0x100  Data  Gb  usb_serial_structs.o [1]
g_pvTickInstance        0x20005058    0x18  Data  Gb  usbtick.o [9]
g_sCDCCompSerConfigHeader
                        0x00004b68     0x8  Data  Gb  usbdcdc.o [9]
g_sCDCDevice            0x20000000    0x60  Data  Gb  usb_serial_structs.o [1]
g_sCDCHandlers          0x00002418    0x30  Data  Gb  usbdcdc.o [9]
g_sCDCSerCommInterfaceSection
                        0x00004b38     0x8  Data  Gb  usbdcdc.o [9]
g_sCDCSerConfigHeader   0x00004b60     0x8  Data  Gb  usbdcdc.o [9]
g_sCDCSerConfigSection  0x00004b04     0x8  Data  Gb  usbdcdc.o [9]
g_sCDCSerDataInterfaceSection
                        0x00004b58     0x8  Data  Gb  usbdcdc.o [9]
g_sIADSerConfigSection  0x00004b0c     0x8  Data  Gb  usbdcdc.o [9]
g_sRxBuffer             0x00004ce0    0x24  Data  Gb  usb_serial_structs.o [1]
g_sTxBuffer             0x00004d04    0x24  Data  Gb  usb_serial_structs.o [1]
g_ui32CurrentUSBTick    0x20005070     0x4  Data  Gb  usbtick.o [9]
g_ui32Flags             0x2000515c     0x4  Data  Gb  usb_dev_serial.o [1]
g_ui32PollRate          0x20000094     0x4  Data  Gb  usbmode.o [9]
g_ui32UARTRxCount       0x20005158     0x4  Data  Gb  usb_dev_serial.o [1]
g_ui32UARTTxCount       0x20005154     0x4  Data  Gb  usb_dev_serial.o [1]
g_ui32USBSOFCount       0x20005164     0x4  Data  Gb  usbtick.o [9]
g_ui32WaitTicks         0x20000098     0x4  Data  Gb  usbmode.o [9]
heapSTRUCT_SIZE         0x0000305e     0x2  Data  Lc  heap_2.o [1]
interpret::interpret()  0x000049d1    0x60  Code  Gb  interpret.o [1]
interpret::~interpret()
                        0x00004b71    0x44  Code  Gb  interpret.o [1]
interpreter             0x20003778  0x14c0  Data  Gb  interpret.o [1]
led::Off()              0x00004add    0x1c  Code  Gb  interpret.o [1]
led::On()               0x00004ac1    0x1c  Code  Gb  interpret.o [1]
led::_enable            0x20005174     0x1  Data  Gb  interpret.o [1]
led::enable()           0x00004af9     0xc  Code  Gb  interpret.o [1]
led::led(bool)          0x00004aa3    0x1e  Code  Gb  interpret.o [1]
led::~led()             0x00004bb5     0xe  Code  Gb  interpret.o [1]
main                    0x00003553   0x176  Code  Gb  usb_dev_serial.o [1]
mainA                   0x00002dd3    0x34  Code  Gb  main.o [1]
memcmp                  0x00002e81          Code  Gb  memcmp.o [7]
memset                  0x0000303d    0x16  Code  Gb  tasks.o [1]
next_abi_dtor_rec       0x20005168     0x4  Data  Lc  cppinit.o [3]
parseTreeEntry::parseTreeEntry()
                        0x00003053     0x6  Code  Gb  parseTreeEntry.o [1]
parseTreeEntry::~parseTreeEntry()
                        0x000030c7     0x2  Code  Gb  interpret.o [1]
prvAddCurrentTaskToDelayedList
                        0x000029f7    0x3e  Code  Lc  tasks.o [1]
prvAllocateTCBAndStack  0x00002a45    0x46  Code  Lc  tasks.o [1]
prvCheckTasksWaitingTermination
                        0x0000299b    0x5c  Code  Lc  tasks.o [1]
prvDeleteTCB            0x00002a95    0x12  Code  Lc  tasks.o [1]
prvHeapInit             0x00002ff7    0x2e  Code  Lc  heap_2.o [1]
prvIdleTask             0x000028ed     0x8  Code  Lc  tasks.o [1]
prvInitialiseTCBVariables
                        0x000028f5    0x60  Code  Lc  tasks.o [1]
prvInitialiseTaskLists  0x00002955    0x46  Code  Lc  tasks.o [1]
pui32Stack              0x20005178   0x400  Data  Lc  startup_ewarm.o [1]
pvPortMalloc            0x00002ef1    0xc2  Code  Gb  heap_2.o [1]
pxCurrentTCB            0x20005120     0x4  Data  Gb  tasks.o [1]
pxDelayedTaskList       0x20005124     0x4  Data  Lc  tasks.o [1]
pxOverflowDelayedTaskList
                        0x20005128     0x4  Data  Lc  tasks.o [1]
pxPortInitialiseStack   0x00002aed    0x22  Code  Gb  port.o [1]
pxReadyTasksLists       0x20004f48    0x64  Data  Lc  tasks.o [1]
sp                      0x2000511c     0x4  Data  Gb  stepper.o [1]
stepper::_timer()       0x00004011     0x6  Code  Gb  stepper.o [1]
stepper::_timer(unsigned long)
                        0x00003f9d    0x1c  Code  Gb  stepper.o [1]
stepper::_timerStart(bool)
                        0x00003d33    0x4e  Code  Gb  stepper.o [1]
stepper::enable()       0x00004053    0x12  Code  Gb  stepper.o [1]
stepper::isr()          0x00003b33   0x200  Code  Gb  stepper.o [1]
stepper::step()         0x00003f31    0x3c  Code  Gb  stepper.o [1]
stepper::stepper()      0x00003b0d    0x26  Code  Gb  stepper.o [1]
stepper::~stepper()     0x00004bc3     0xe  Code  Gb  interpret.o [1]
stepperISR              0x00003ae5    0x28  Code  Gb  stepper.o [1]
symbolTableEntry::symbolTableEntry()
                        0x00002ee3     0xe  Code  Gb  symbolTableEntry.o [1]
symbolTableEntry::~symbolTableEntry()
                        0x0000313f     0x2  Code  Gb  interpret.o [1]
tinyQueue<int>::tinyQueue()
                        0x00004a95     0xe  Code  Gb  interpret.o [1]
tinyQueue<int>::~tinyQueue()
                        0x00004bd1     0x2  Code  Gb  interpret.o [1]
uDMAChannelAttributeDisable
                        0x00001b99    0x26  Code  Gb  udma.o [5]
uDMAChannelControlSet   0x00001bbf    0x18  Code  Gb  udma.o [5]
uDMAChannelDisable      0x00001b89    0x10  Code  Gb  udma.o [5]
uDMAChannelEnable       0x00001b79    0x10  Code  Gb  udma.o [5]
uDMAChannelModeGet      0x00001c55    0x28  Code  Gb  udma.o [5]
uDMAChannelTransferSet  0x00001bd7    0x7e  Code  Gb  udma.o [5]
uDMAUSBArbSizeSet       0x000013b1    0x60  Code  Lc  usbdma.o [9]
uDMAUSBChannelAllocate  0x00001267    0xa6  Code  Lc  usbdma.o [9]
uDMAUSBChannelDisable   0x0000114f    0x46  Code  Lc  usbdma.o [9]
uDMAUSBChannelEnable    0x000010fd    0x52  Code  Lc  usbdma.o [9]
uDMAUSBChannelIntDisable
                        0x000011a3     0x2  Code  Lc  usbdma.o [9]
uDMAUSBChannelIntEnable
                        0x000011a1     0x2  Code  Lc  usbdma.o [9]
uDMAUSBChannelRelease   0x0000130d    0x5a  Code  Lc  usbdma.o [9]
uDMAUSBChannelStatus    0x00001071    0x24  Code  Lc  usbdma.o [9]
uDMAUSBIntStatus        0x00001095    0x2a  Code  Lc  usbdma.o [9]
uDMAUSBTransfer         0x000011a5    0xa6  Code  Lc  usbdma.o [9]
uDMAUSBUnitSizeSet      0x00001367    0x4a  Code  Lc  usbdma.o [9]
ucHeap                  0x200000c8  0x36b0  Data  Lc  heap_2.o [1]
ulPortSetInterruptMask  0x00002ccb          Code  Gb  portasm.o [1]
uxCriticalNesting       0x200000c0     0x4  Data  Lc  port.o [1]
uxCurrentNumberOfTasks  0x20005130     0x4  Data  Lc  tasks.o [1]
uxListRemove            0x00002c57    0x2a  Code  Gb  list.o [1]
uxPendedTicks           0x20005144     0x4  Data  Lc  tasks.o [1]
uxSchedulerSuspended    0x20005140     0x4  Data  Lc  tasks.o [1]
uxTaskNumber            0x20005150     0x4  Data  Lc  tasks.o [1]
uxTasksDeleted          0x2000512c     0x4  Data  Lc  tasks.o [1]
uxTopReadyPriority      0x20005138     0x4  Data  Lc  tasks.o [1]
vApplicationStackOverflowHook
                        0x00002e7f     0x2  Code  Gb  main.o [1]
vApplicationTickHook    0x00002e7d     0x2  Code  Gb  main.o [1]
vIdleTask               0x00002e2d    0x28  Code  Lc  main.o [1]
vListInitialise         0x00002bdd    0x1e  Code  Gb  list.o [1]
vListInitialiseItem     0x00002bfb     0x6  Code  Gb  list.o [1]
vListInsert             0x00002c1b    0x3c  Code  Gb  list.o [1]
vListInsertEnd          0x00002c01    0x1a  Code  Gb  list.o [1]
vPortClearInterruptMask
                        0x00002cd9          Code  Gb  portasm.o [1]
vPortEnableVFP          0x00002d05          Code  Gb  portasm.o [1]
vPortEnterCritical      0x00002b5d    0x1a  Code  Gb  port.o [1]
vPortExitCritical       0x00002b77    0x1c  Code  Gb  port.o [1]
vPortFree               0x00002fb3    0x44  Code  Gb  heap_2.o [1]
vPortSVCHandler         0x00002cdf          Code  Gb  portasm.o [1]
vPortSetupTimerInterrupt
                        0x00002bb3    0x10  Code  Wk  port.o [1]
vPortStartFirstTask     0x00002cf7          Code  Gb  portasm.o [1]
vPortYield              0x00002b4b    0x12  Code  Gb  port.o [1]
vSetupHighFrequencyTimer
                        0x00002d8d    0x46  Code  Gb  main.o [1]
vStartIdleTask          0x00002e07    0x22  Code  Gb  main.o [1]
vTaskDelay              0x00002579    0x3c  Code  Gb  tasks.o [1]
vTaskStartScheduler     0x000025b5    0x42  Code  Gb  tasks.o [1]
vTaskSuspendAll         0x000025f7    0x10  Code  Gb  tasks.o [1]
vTaskSwitchContext      0x00002831    0xba  Code  Gb  tasks.o [1]
xDelayedTaskList1       0x200050a4    0x14  Data  Lc  tasks.o [1]
xDelayedTaskList2       0x200050b8    0x14  Data  Lc  tasks.o [1]
xEnd                    0x20005110     0x8  Data  Lc  heap_2.o [1]
xFreeBytesRemaining     0x200000bc     0x4  Data  Lc  heap_2.o [1]
xNextTaskUnblockTime    0x200000c4     0x4  Data  Lc  tasks.o [1]
xNumOfOverflows         0x2000514c     0x4  Data  Lc  tasks.o [1]
xPendingReadyList       0x200050cc    0x14  Data  Lc  tasks.o [1]
xPortPendSVHandler      0x00002c81          Code  Gb  portasm.o [1]
xPortStartScheduler     0x00002b0f    0x3c  Code  Gb  port.o [1]
xPortSysTickHandler     0x00002b93    0x20  Code  Gb  port.o [1]
xSchedulerRunning       0x2000513c     0x4  Data  Lc  tasks.o [1]
xStart                  0x20005108     0x8  Data  Lc  heap_2.o [1]
xSuspendedTaskList      0x200050f4    0x14  Data  Lc  tasks.o [1]
xTaskGenericCreate      0x00002449   0x130  Code  Gb  tasks.o [1]
xTaskIncrementTick      0x000026e7   0x14a  Code  Gb  tasks.o [1]
xTaskResumeAll          0x00002607    0xe0  Code  Gb  tasks.o [1]
xTasksWaitingTermination
                        0x200050e0    0x14  Data  Lc  tasks.o [1]
xTickCount              0x20005134     0x4  Data  Lc  tasks.o [1]
xYieldPending           0x20005148     0x4  Data  Lc  tasks.o [1]


[1] = C:\dev\docs\scottdesign\motor\Debug\Obj
[2] = command line
[3] = dl7M_tln.a
[4] = dlpp7M_tl_ne.a
[5] = driverlib.a
[6] = m7M_tlv.a
[7] = rt7M_tl.a
[8] = shb_l.a
[9] = usblib.a

  18 974 bytes of readonly  code memory
   1 330 bytes of readonly  data memory
  22 275 bytes of readwrite data memory

Errors: none
Warnings: none
